Zone start = 0, end = 0, Excite zone = 0, Node zone = 120, intra zone = 1 %, extra zone = 0 % 
npts = 30, Excite node elem. = 0, Node elem. = 1, Myelin elem. = 1, intra elem. = 23, external elem. = 4, total elem = 23
v_InitObject: Node = 570, Myelin = 120, extracell = 0
 =======================================================================
 Moving frames 0 / 690 ( 0 % ) are removed
 =======================================================================
Zone start = 0, end = 0, Excite zone = 0, Node zone = 120, intra zone = 1 %, extra zone = 0 % 
npts = 30, Excite node elem. = 0, Node elem. = 1, Myelin elem. = 1, intra elem. = 24, external elem. = 4, total elem = 24
v_InitObject: Node = 600, Myelin = 120, extracell = 0
 =======================================================================
 Moving frames 0 / 720 ( 0 % ) are removed
 =======================================================================
Max Anistrength_1  = 12.9582, Anistrength_2 = 12.9582, Min Anistrength 1 = 1, Anistrength 2 = 1
MMFActivation = 720 /  720 ( 100 % ) 
Zone start = 0, end = 0, Excite zone = 0, Node zone = 120, intra zone = 1 %, extra zone = 0 % 
npts = 30, Excite node elem. = 0, Node elem. = 1, Myelin elem. = 1, intra elem. = 24, external elem. = 4, total elem = 24
v_InitObject: Node = 600, Myelin = 120, extracell = 0
 =======================================================================
 Moving frames 0 / 720 ( 0 % ) are removed
 =======================================================================
Max Anistrength_1  = 12.9582, Anistrength_2 = 12.9582, Min Anistrength 1 = 1, Anistrength 2 = 1
MMFActivation = 720 /  720 ( 100 % ) 
Zone start = 0, end = 0, Excite zone = 0, Node zone = 120, intra zone = 1 %, extra zone = 0 % 
npts = 30, Excite node elem. = 0, Node elem. = 1, Myelin elem. = 1, intra elem. = 24, external elem. = 4, total elem = 24
v_InitObject: Node = 600, Myelin = 120, extracell = 0
 =======================================================================
 Moving frames 0 / 720 ( 0 % ) are removed
 =======================================================================
Max Anistrength_1  = 12.9582, Anistrength_2 = 12.9582, Min Anistrength 1 = 1, Anistrength 2 = 1
MMFActivation = 720 /  720 ( 100 % ) 
Max Anistrength_1  = 12.9582, Anistrength_2 = 12.9582, Min Anistrength 1 = 1, Anistrength 2 = 1
MMFActivation = 690 /  690 ( 100 % ) 
Zone start = 0, end = 0, Excite zone = 0, Node zone = 240, intra zone = 1 %, extra zone = 0 % 
npts = 30, Excite node elem. = 0, Node elem. = 2, Myelin elem. = 1, intra elem. = 23, external elem. = 8, total elem = 23
v_InitObject: Node = 450, Myelin = 240, extracell = 0
 =======================================================================
 Moving frames 0 / 690 ( 0 % ) are removed
 =======================================================================
Max Anistrength_1  = 12.9582, Anistrength_2 = 12.9582, Min Anistrength 1 = 1, Anistrength 2 = 1
Zone start = 0, end = 0, Excite zone = 0, Node zone = 240, intra zone = 1 %, extra zone = 0 % 
npts = 30, Excite node elem. = 0, Node elem. = 2, Myelin elem. = 1, intra elem. = 23, external elem. = 8, total elem = 23
v_InitObject: Node = 450, Myelin = 240, extracell = 0
 =======================================================================
 Moving frames 0 / 690 ( 0 % ) are removed
 =======================================================================
Max Anistrength_1  = 12.9582, Anistrength_2 = 12.9582, Min Anistrength 1 = 1, Anistrength 2 = 1
Zone start = 0, end = 0, Excite zone = 0, Node zone = 180, intra zone = 1 %, extra zone = 0 % 
npts = 30, Excite node elem. = 0, Node elem. = 1, Myelin elem. = 1, intra elem. = 23, external elem. = 6, total elem = 25
v_InitObject: Node = 510, Myelin = 180, extracell = 0
 =======================================================================
 Moving frames 0 / 690 ( 0 % ) are removed
 =======================================================================
Max Anistrength_1  = 12.9582, Anistrength_2 = 12.9582, Min Anistrength 1 = 1, Anistrength 2 = 1
MMFActivation = 690 /  690 ( 100 % ) 
Zone start = 0, end = 239, Excite zone = 240, Node zone = 300, intra zone = 1 %, extra zone = 0 % 
npts = 30, Excite node elem. = 2, Node elem. = 2, Myelin elem. = 1, intra elem. = 24, external elem. = 10, total elem = 26
v_InitObject: Node = 420, Myelin = 300, extracell = 0
 =======================================================================
 Moving frames 0 / 720 ( 0 % ) are removed
 =======================================================================
Max Anistrength_1  = 12.9582, Anistrength_2 = 12.9582, Min Anistrength 1 = 1, Anistrength 2 = 1
MMFActivation = 690 /  690 ( 100 % ) 
MMFActivation = 720 /  720 ( 100 % ) 
MMFActivation = 690 /  690 ( 100 % ) 
*** 1st Moving frames are NOT in unit length, Avg mag. = 11.785 *** 
*** 2nd Moving frames are NOT in unit length, Avg mag. = 11.785 *** 
*** Moving frames are Orthogonal
*** 1st Moving frames are NOT in unit length, Avg mag. = 11.8362 *** 
*** 2nd Moving frames are NOT in unit length, Avg mag. = 11.8362 *** 
*** Moving frames are Orthogonal
*** MF 0 = ( 0 , 11.785 , 0 ) 
*** MF 1 = ( 11.785 , 0 , 0 ) 
*** 1st Moving frames are NOT in unit length, Avg mag. = 11.8362 *** 
*** 2nd Moving frames are NOT in unit length, Avg mag. = 11.8362 *** 
*** Moving frames are Orthogonal
*** 1st Moving frames are NOT in unit length, Avg mag. = 11.8362 *** 
*** 2nd Moving frames are NOT in unit length, Avg mag. = 11.8362 *** 
*** Moving frames are Orthogonal
*** MF 0 = ( 0 , 11.8362 , 0 ) 
*** MF 1 = ( 11.8362 , 0 , 0 ) 
*** MF 2 = ( 0 , 0 , 1 ) 
*** MF 2 = ( 0 , 0 , 1 ) 
*** MF 0 = ( 0 , 11.8362 , 0 ) 
*** MF 1 = ( 11.8362 , 0 , 0 ) 
*** MF 2 = ( 0 , 0 , 1 ) 
*** MF 0 = ( 0 , 11.8362 , 0 ) 
*** MF 1 = ( 11.8362 , 0 , 0 ) 
*** MF 2 = ( 0 , 0 , 1 ) 
*** 1st Moving frames are NOT in unit length, Avg mag. = 11.1522 *** 
*** 2nd Moving frames are NOT in unit length, Avg mag. = 11.1522 *** 
*** Moving frames are Orthogonal
*** 1st Moving frames are NOT in unit length, Avg mag. = 10.4813 *** 
*** 2nd Moving frames are NOT in unit length, Avg mag. = 10.4813 *** 
*** Moving frames are Orthogonal
*** MF 0 = ( 0 , 11.1522 , 0 ) 
*** MF 1 = ( 11.1522 , 0 , 0 ) 
*** MF 2 = ( 0 , 0 , 1 ) 
*** 1st Moving frames are NOT in unit length, Avg mag. = 9.918 *** 
*** 2nd Moving frames are NOT in unit length, Avg mag. = 9.918 *** 
*** Moving frames are Orthogonal
*** 1st Moving frames are NOT in unit length, Avg mag. = 10.4813 *** 
*** 2nd Moving frames are NOT in unit length, Avg mag. = 10.4813 *** 
*** Moving frames are Orthogonal
*** MF 0 = ( 0 , 10.4813 , 0 ) 
*** MF 1 = ( 10.4813 , 0 , 0 ) 
*** MF 2 = ( 0 , 0 , 1 ) 
*** MF 0 = ( 0 , 10.4813 , 0 ) 
*** MF 1 = ( 10.4813 , 0 , 0 ) 
*** MF 0 = ( 0 , 9.918 , 0 ) 
*** MF 1 = ( 9.918 , 0 , 0 ) 
*** MF 2 = ( 0 , 0 , 1 ) 
*** MF 2 = ( 0 , 0 , 1 ) 
*** 1st Moving frames are in unit length ***
*** 2nd Moving frames are in unit length ***
*** Moving frames are Orthogonal
*** 1st Moving frames are in unit length ***
*** 2nd Moving frames are in unit length ***
*** Moving frames are Orthogonal
*** 1st Moving frames are in unit length ***
*** 2nd Moving frames are in unit length ***
*** Moving frames are Orthogonal
*** MF 0 = ( 0.732102 , 0.681195 , 0 ) 
*** MF 1 = ( 0.681195 , 0.732102 , 0 ) 
*** MF 2 = ( 0 , 0 , 1 ) 
*** 1st Moving frames are in unit length ***
*** 2nd Moving frames are in unit length ***
*** Moving frames are Orthogonal
*** MF 0 = ( 0.707107 , 0.707107 , 0 ) 
*** MF 1 = ( 0.707107 , 0.707107 , 0 ) 
*** MF 0 = ( 0.719853 , 0.694126 , 0 ) 
*** MF 1 = ( 0.694126 , 0.719853 , 0 ) 
*** MF 2 = ( 0 , 0 , 1 ) 
*** MF 2 = ( 0 , 0 , 1 ) 
*** MF 0 = ( 0.748235 , 0.663434 , 0 ) 
*** MF 1 = ( 0.663434 , 0.748235 , 0 ) 
*** MF 2 = ( 0 , 0 , 1 ) 
*** 1st Moving frames are NOT in unit length, Avg mag. = 1.41421 *** 
*** 2nd Moving frames are NOT in unit length, Avg mag. = 1.41421 *** 
*** Moving frames are Orthogonal
*** 1st Moving frames are in unit length ***
*** 2nd Moving frames are in unit length ***
*** Moving frames are Orthogonal
*** MF 0 = ( 1.03535 , 0.963355 , 0 ) 
*** MF 1 = ( 0.963355 , 1.03535 , 0 ) 
*** MF 2 = ( 0 , 0 , 1 ) 
*** 1st Moving frames are NOT in unit length, Avg mag. = 1.41421 *** 
*** 2nd Moving frames are NOT in unit length, Avg mag. = 1.41421 *** 
*** Moving frames are Orthogonal
*** 1st Moving frames are NOT in unit length, Avg mag. = 1.41421 *** 
*** 2nd Moving frames are NOT in unit length, Avg mag. = 1.41421 *** 
*** Moving frames are Orthogonal
*** 1st Moving frames are in unit length ***
*** 2nd Moving frames are in unit length ***
*** Moving frames are Orthogonal
*** MF 0 = ( 1.01803 , 0.981643 , 0 ) 
*** MF 1 = ( 0.981643 , 1.01803 , 0 ) 
*** MF 2 = ( 0 , 0 , 1 ) 
*** MF 0 = ( 1 , 1 , 0 ) 
*** MF 1 = ( 1 , 1 , 0 ) 
*** MF 2 = ( 0 , 0 , 1 ) 
*** MF 0 = ( 0.698391 , 0.715716 , 0 ) 
*** MF 1 = ( 0.715716 , 0.698391 , 0 ) 
*** MF 2 = ( 0 , 0 , 1 ) 
*** 1st Moving frames are NOT in unit length, Avg mag. = 1.41421 *** 
*** 2nd Moving frames are NOT in unit length, Avg mag. = 1.41421 *** 
*** Moving frames are Orthogonal
*** MF 0 = ( 1.05816 , 0.938237 , 0 ) 
*** MF 1 = ( 0.938237 , 1.05816 , 0 ) 
*** MF 2 = ( 0 , 0 , 1 ) 
*** 1st Moving frames are NOT in unit length, Avg mag. = 1.41421 *** 
*** 2nd Moving frames are NOT in unit length, Avg mag. = 1.41421 *** 
*** Moving frames are Orthogonal
*** MF 0 = ( 1.03535 , 0.963355 , 0 ) 
*** MF 1 = ( 0.963355 , 1.03535 , 0 ) 
*** MF 2 = ( 0 , 0 , 1 ) 
*** 1st Moving frames are NOT in unit length, Avg mag. = 1.41421 *** 
*** 2nd Moving frames are NOT in unit length, Avg mag. = 1.41421 *** 
*** Moving frames are Orthogonal
*** 1st Moving frames are NOT in unit length, Avg mag. = 1.41421 *** 
*** 2nd Moving frames are NOT in unit length, Avg mag. = 1.41421 *** 
*** Moving frames are Orthogonal
*** MF 0 = ( 1.01803 , 0.981643 , 0 ) 
*** MF 1 = ( 0.981643 , 1.01803 , 0 ) 
*** 1st Moving frames are in unit length ***
*** 2nd Moving frames are in unit length ***
*** Moving frames are Orthogonal
*** 1st Moving frames are in unit length ***
*** 2nd Moving frames are in unit length ***
*** Moving frames are Orthogonal
*** MF 0 = ( 0.735336 , 0.677703 , 0 ) 
*** 1st Moving frames are NOT in unit length, Avg mag. = 1.41421 *** 
*** 2nd Moving frames are NOT in unit length, Avg mag. = 1.41421 *** 
*** Moving frames are Orthogonal
*** MF 2 = ( 0 , 0 , 1 ) 
*** MF 0 = ( 1 , 1 , 0 ) 
*** MF 1 = ( 1 , 1 , 0 ) 
*** MF 2 = ( 0 , 0 , 1 ) 
*** MF 1 = ( 0.677703 , 0.735336 , 0 ) 
*** MF 2 = ( 0 , 0 , 1 ) 
*** MF 0 = ( 1.05816 , 0.938237 , 0 ) 
*** MF 1 = ( 0.938237 , 1.05816 , 0 ) 
*** MF 2 = ( 0 , 0 , 1 ) 
*** MF 0 = ( 0.683687 , 0.729776 , 0 ) 
*** MF 1 = ( 0.729776 , 0.683687 , 0 ) 
*** MF 0 = ( 0.633083 , 0.774084 , 0 ) 
*** MF 1 = ( 0.774084 , 0.633083 , 0 ) 
*** MF 2 = ( 0 , 0 , 1 ) 
*** MF 2 = ( 0 , 0 , 1 ) 
k = 0, m_varcoeff = ( 0 , 11.785 , 0 , 1.68577e-12 , 152.617 ) 
k = 0, m_varcoeff = ( 0 , 11.8362 , 0 , 1.7811e-12 , 153.285 ) 
k = 0, m_varcoeff = ( 0 , 11.8362 , 0 , 1.67291e-12 , 153.285 ) 
k = 0, m_varcoeff = ( 0 , 11.8362 , 0 , 1.67524e-12 , 153.285 ) 
k = 1, m_varcoeff = ( 11.785 , 0 , 0 , 5.09213e-12 , 152.617 ) 
k = 1, m_varcoeff = ( 11.8362 , 0 , 0 , 5.06947e-12 , 153.285 ) 
k = 1, m_varcoeff = ( 11.8362 , 0 , 0 , 5.0927e-12 , 153.285 ) 
k = 1, m_varcoeff = ( 11.8362 , 0 , 0 , 5.13265e-12 , 153.285 ) 
k = 2, m_varcoeff = ( 0 , 0 , 1 , 0 , 1 ) 
 ::::: 2D Varcoeff is Successfully Created ::::: 

k = 2, m_varcoeff = ( 0 , 0 , 1 , 0 , 1 ) 
 ::::: 2D Varcoeff is Successfully Created ::::: 

k = 2, m_varcoeff = ( 0 , 0 , 1 , 0 , 1 ) 
 ::::: 2D Varcoeff is Successfully Created ::::: 

k = 2, m_varcoeff = ( 0 , 0 , 1 , 0 , 1 ) 
 ::::: 2D Varcoeff is Successfully Created ::::: 

k = 0, m_varcoeff = ( 1.03535 , 0.963355 , 0 , 2.10516e-07 , 2 ) 
*** 1st Moving frames are NOT in unit length, Avg mag. = 1.41421 *** 
*** 2nd Moving frames are NOT in unit length, Avg mag. = 1.41421 *** 
*** Moving frames are Orthogonal
*** MF 0 = ( 0.987675 , 1.01218 , 0 ) 
k = 0, m_varcoeff = ( 1.01803 , 0.981643 , 0 , 2.06051e-06 , 2 ) 
*** MF 1 = ( 1.01218 , 0.987675 , 0 ) 
*** MF 2 = ( 0 , 0 , 1 ) 
k = 0, m_varcoeff = ( 1 , 1 , 0 , 1.14017e-09 , 2 ) 
*** 1st Moving frames are NOT in unit length, Avg mag. = 1.41421 *** 
*** 2nd Moving frames are NOT in unit length, Avg mag. = 1.41421 *** 
*** Moving frames are Orthogonal
k = 0, m_varcoeff = ( 1.05816 , 0.938237 , 0 , 2.91401e-06 , 2 ) 
*** 1st Moving frames are NOT in unit length, Avg mag. = 1.41421 *** 
*** 2nd Moving frames are NOT in unit length, Avg mag. = 1.41421 *** 
*** Moving frames are Orthogonal
k = 1, m_varcoeff = ( 0.963355 , 1.03535 , 0 , 6.01382e-07 , 2 ) 
*** MF 0 = ( 0.987675 , 1.01218 , 0 ) 
*** MF 1 = ( 1.01218 , 0.987675 , 0 ) 
k = 1, m_varcoeff = ( 1 , 1 , 0 , 1.84455e-09 , 2 ) 
k = 1, m_varcoeff = ( 0.981643 , 1.01803 , 0 , 5.8872e-06 , 2 ) 
*** MF 0 = ( 1.03992 , 0.958417 , 0 ) 
*** MF 1 = ( 0.958417 , 1.03992 , 0 ) 
*** MF 2 = ( 0 , 0 , 1 ) 
*** MF 2 = ( 0 , 0 , 1 ) 
*** 1st Moving frames are NOT in unit length, Avg mag. = 1.41421 *** 
*** 2nd Moving frames are NOT in unit length, Avg mag. = 1.41421 *** 
*** Moving frames are Orthogonal
k = 1, m_varcoeff = ( 0.938237 , 1.05816 , 0 , 8.32576e-06 , 2 ) 
k = 2, m_varcoeff = ( 0 , 0 , 1 , 0 , 1 ) 
 ::::: 2D Varcoeff is Successfully Created ::::: 

*** 1st Moving frames are NOT in unit length, Avg mag. = 1.41421 *** 
*** 2nd Moving frames are NOT in unit length, Avg mag. = 1.41421 *** 
*** Moving frames are Orthogonal
*** 1st Moving frames are NOT in unit length, Avg mag. = 1.41421 *** 
*** 2nd Moving frames are NOT in unit length, Avg mag. = 1.41421 *** 
*** Moving frames are Orthogonal
*** MF 0 = ( 0.966879 , 1.03206 , 0 ) 
*** MF 1 = ( 1.03206 , 0.966879 , 0 ) 
*** MF 2 = ( 0 , 0 , 1 ) 
*** MF 0 = ( 0.895315 , 1.09472 , 0 ) 
*** MF 1 = ( 1.09472 , 0.895315 , 0 ) 
*** MF 2 = ( 0 , 0 , 1 ) 
k = 2, m_varcoeff = ( 0 , 0 , 1 , 0 , 1 ) 
 ::::: 2D Varcoeff is Successfully Created ::::: 

k = 2, m_varcoeff = ( 0 , 0 , 1 , 0 , 1 ) 
 ::::: 2D Varcoeff is Successfully Created ::::: 

*** MF 0 = ( 1.03992 , 0.958417 , 0 ) 
*** MF 1 = ( 0.958417 , 1.03992 , 0 ) 
*** MF 2 = ( 0 , 0 , 1 ) 
k = 2, m_varcoeff = ( 0 , 0 , 1 , 0 , 1 ) 
 ::::: 2D Varcoeff is Successfully Created ::::: 

*** 1st Moving frames are NOT in unit length, Avg mag. = 1.41421 *** 
*** 2nd Moving frames are NOT in unit length, Avg mag. = 1.41421 *** 
*** Moving frames are Orthogonal
*** 1st Moving frames are NOT in unit length, Avg mag. = 1.41421 *** 
*** 2nd Moving frames are NOT in unit length, Avg mag. = 1.41421 *** 
*** Moving frames are Orthogonal
*** MF 0 = ( 0.966879 , 1.03206 , 0 ) 
*** MF 1 = ( 1.03206 , 0.966879 , 0 ) 
*** MF 0 = ( 0.895315 , 1.09472 , 0 ) 
*** MF 1 = ( 1.09472 , 0.895315 , 0 ) 
*** MF 2 = ( 0 , 0 , 1 ) 
*** MF 2 = ( 0 , 0 , 1 ) 
k = 0, m_varcoeff = ( 0 , 11.1522 , 0 , 1.63777e-12 , 144.361 ) 
k = 1, m_varcoeff = ( 11.1522 , 0 , 0 , 4.78292e-12 , 144.361 ) 
k = 0, m_varcoeff = ( 0 , 10.4813 , 0 , 1.51388e-12 , 135.604 ) 
k = 0, m_varcoeff = ( 0 , 10.4813 , 0 , 1.62587e-12 , 135.604 ) 
k = 0, m_varcoeff = ( 0 , 9.918 , 0 , 1.51839e-12 , 128.248 ) 
k = 2, m_varcoeff = ( 0 , 0 , 1 , 0 , 1 ) 
 ::::: 2D Varcoeff is Successfully Created ::::: 

k = 1, m_varcoeff = ( 10.4813 , 0 , 0 , 4.54702e-12 , 135.604 ) 
k = 1, m_varcoeff = ( 10.4813 , 0 , 0 , 4.34785e-12 , 135.604 ) 
k = 0, m_varcoeff = ( 0.987675 , 1.01218 , 0 , 1.48836e-07 , 2 ) 
k = 1, m_varcoeff = ( 9.918 , 0 , 0 , 4.23956e-12 , 128.248 ) 
k = 2, m_varcoeff = ( 0 , 0 , 1 , 0 , 1 ) 
 ::::: 2D Varcoeff is Successfully Created ::::: 

k = 1, m_varcoeff = ( 1.01218 , 0.987675 , 0 , 4.25241e-07 , 2 ) 
k = 2, m_varcoeff = ( 0 , 0 , 1 , 0 , 1 ) 
 ::::: 2D Varcoeff is Successfully Created ::::: 

k = 2, m_varcoeff = ( 0 , 0 , 1 , 0 , 1 ) 
 ::::: 2D Varcoeff is Successfully Created ::::: 

k = 0, m_varcoeff = ( 1.03992 , 0.958417 , 0 , 2.57788e-06 , 2 ) 
k = 0, m_varcoeff = ( 0.895315 , 1.09472 , 0 , 2.10486e-06 , 2 ) 
k = 2, m_varcoeff = ( 0 , 0 , 1 , 0 , 1 ) 
 ::::: 2D Varcoeff is Successfully Created ::::: 

k = 0, m_varcoeff = ( 0.966879 , 1.03206 , 0 , 1.45702e-07 , 2 ) 
k = 1, m_varcoeff = ( 0.958417 , 1.03992 , 0 , 7.36541e-06 , 2 ) 
k = 1, m_varcoeff = ( 1.09472 , 0.895315 , 0 , 6.01382e-06 , 2 ) 
=======================================================================
	        EquationType: MMFNeuralEP
	        Session Name: Fiber2DEphapticLineL2
	        Spatial Dim.: 3
	  Max SEM Exp. Order: 5
	      Num. Processes: 8
	      Expansion Dim.: 2
	     Projection Type: Continuous Galerkin
k = 1, m_varcoeff = ( 1.03206 , 0.966879 , 0 , 4.16288e-07 , 2 ) 
k = 2, m_varcoeff = ( 0 , 0 , 1 , 0 , 1 ) 
 ::::: 2D Varcoeff is Successfully Created ::::: 

	 Advect. advancement: explicit
	Diffuse. advancement: implicit
	           Time Step: 1e-07
	        No. of Steps: 10000000
	 Checkpoints (steps): 1000000
	    Integration Type: IMEX
	             Surface: Line
	           DerivType: Euclidean
	              MMFdir: TangentY
	        NeuralEPType: NeuralEP2Dbi
	      ExtCurrentType: WithPhie
	       GlobalSysSoln: XxtMultiLevelStaticCond
	          Fiber Type: MonoBCDirichlet
	        Fiber Length: 0.01
	         Node Length: 0.01
	       Myelin Length: 0.2
	               Nnode: 10
	         Temperature: 24
	            diameter: 0.01
	             Helmtau: 1
	                  nq: 690
	                npts: 30
=======================================================================
k = 2, m_varcoeff = ( 0 , 0 , 1 , 0 , 1 ) 
 ::::: 2D Varcoeff is Successfully Created ::::: 

k = 2, m_varcoeff = ( 0 , 0 , 1 , 0 , 1 ) 
 ::::: 2D Varcoeff is Successfully Created ::::: 

Initial Conditions:
  - Field um: 0
  - Field ue: 0
Initial Conditions:
  - Field um: 0
  - Field ue: 0
Writing: "Fiber2DEphapticLineL2_initial.chk"
 (0.0005545s, XML)
Steps: 1000000  Time: 0.1         
Writing: "Fiber2DEphapticLineL2_phie_1.chk"
phi_m, max: 2.127193 at y = 0.471928

phi_e, max: 4564.244966 at y = 0.650000


phi_m, max: 0.002938 at y = 1.485168

phi_e, max: 4564.589634 at y = 1.490000


phi_m, max: 0.002950 at y = 2.120000

phi_e, max: 4564.621335 at y = 2.120000


phi_m, max: 0.002938 at y = 1.695168

phi_e, max: 4564.607332 at y = 1.700000


phi_m, max: 0.002938 at y = 1.275168

phi_e, max: 4564.564790 at y = 1.280000


 (0.0013738s, XML)

Time: 0.100000
CPU Time: 43.966707 min.
phi_m, max: 293.058974 at y = 0.223633

phi_e, max: 4494.890248 at y = 0.440000


phi_m, max: 0.002898 at y = 0.858825

phi_e, max: 4564.493063 at y = 0.860000


phi_m, max: 293.059012 at y = 0.223633

phi_e, max: 1003.423982 at y = 0.226426


Writing: "Fiber2DEphapticLineL2_1.chk"
 (0.000595577s, XML)
Steps: 2000000  Time: 0.2         
Writing: "Fiber2DEphapticLineL2_phie_2.chk"
phi_m, max: 0.002938 at y = 1.275168

phi_e, max: 4564.564790 at y = 1.280000
phi_m, max: 0.011027 at y = 1.060000

phi_e, max: 1639.007108 at y = 1.060000


phi_m, max: 2.127193 at y = 0.471928

phi_e, max: 4564.244966 at y = 0.650000
phi_m, max: 285.060451 at y = 0.471928

phi_e, max: 2008.115918 at y = 0.640000


phi_m, max: 0.002938 at y = 1.485168

phi_e, max: 4564.589634 at y = 1.490000
phi_m, max: 0.002961 at y = 1.485168

phi_e, max: 1638.939949 at y = 1.480000


phi_m, max: 0.002950 at y = 2.120000

phi_e, max: 4564.621335 at y = 2.120000
phi_m, max: 0.002973 at y = 2.120000

phi_e, max: 1638.910824 at y = 1.900000


phi_m, max: 0.002938 at y = 1.695168

phi_e, max: 4564.607332 at y = 1.700000
phi_m, max: 0.002961 at y = 1.695168

phi_e, max: 1638.921789 at y = 1.690000


 (0.00137554s, XML)

Time: 0.100000
CPU Time: 43.966707 min.
phi_m, max: 293.058974 at y = 0.223633

phi_e, max: 4494.890248 at y = 0.440000

Time: 0.200000
CPU Time: 43.619293 min.
phi_m, max: 293.158057 at y = 0.437458

phi_e, max: 2587.260187 at y = 0.439413


phi_m, max: 0.002898 at y = 0.858825

phi_e, max: 4564.493063 at y = 0.860000
phi_m, max: 5.761530 at y = 0.764286

phi_e, max: 1642.100661 at y = 0.850000


phi_m, max: 293.059012 at y = 0.223633

phi_e, max: 1003.423982 at y = 0.226426
phi_m, max: 279.140192 at y = 0.230000

phi_e, max: 1722.940787 at y = 0.230000


Writing: "Fiber2DEphapticLineL2_2.chk"
 (0.000624541s, XML)
Steps: 3000000  Time: 0.3         
Writing: "Fiber2DEphapticLineL2_phie_3.chk"
phi_m, max: 0.002938 at y = 1.275168

phi_e, max: 4564.564790 at y = 1.280000
phi_m, max: 0.011027 at y = 1.060000

phi_e, max: 1639.007108 at y = 1.060000
phi_m, max: 29.557088 at y = 1.060000

phi_e, max: 6842.162564 at y = 1.060000


phi_m, max: 2.127193 at y = 0.471928

phi_e, max: 4564.244966 at y = 0.650000
phi_m, max: 285.060451 at y = 0.471928

phi_e, max: 2008.115918 at y = 0.640000
phi_m, max: 291.475311 at y = 0.649413

phi_e, max: 7492.053453 at y = 0.650000


phi_m, max: 0.002938 at y = 1.485168

phi_e, max: 4564.589634 at y = 1.490000
phi_m, max: 0.002961 at y = 1.485168

phi_e, max: 1638.939949 at y = 1.480000
phi_m, max: 0.002925 at y = 1.486787

phi_e, max: 6822.505082 at y = 1.480000


phi_m, max: 0.002950 at y = 2.120000

phi_e, max: 4564.621335 at y = 2.120000
phi_m, max: 0.002973 at y = 2.120000

phi_e, max: 1638.910824 at y = 1.900000
phi_m, max: 0.002951 at y = 2.120000

phi_e, max: 6822.476005 at y = 1.900000


 (0.0013503s, XML)

Time: 0.100000
CPU Time: 43.966707 min.
phi_m, max: 293.058974 at y = 0.223633

phi_e, max: 4494.890248 at y = 0.440000

Time: 0.200000
CPU Time: 43.619293 min.
phi_m, max: 293.158057 at y = 0.437458

phi_e, max: 2587.260187 at y = 0.439413

Time: 0.300000
CPU Time: 43.728512 min.
phi_m, max: 271.137514 at y = 0.497143

phi_e, max: 5716.986118 at y = 0.440000


phi_m, max: 0.002938 at y = 1.695168

phi_e, max: 4564.607332 at y = 1.700000
phi_m, max: 0.002961 at y = 1.695168

phi_e, max: 1638.921789 at y = 1.690000
phi_m, max: 0.002939 at y = 1.695168

phi_e, max: 6822.486887 at y = 1.690000


Writing: "Fiber2DEphapticLineL2_3.chk"
phi_m, max: 0.002898 at y = 0.858825

phi_e, max: 4564.493063 at y = 0.860000
phi_m, max: 5.761530 at y = 0.764286

phi_e, max: 1642.100661 at y = 0.850000
phi_m, max: 292.255218 at y = 0.850587

phi_e, max: 8385.525119 at y = 0.852542


phi_m, max: 293.059012 at y = 0.223633

phi_e, max: 1003.423982 at y = 0.226426
phi_m, max: 279.140192 at y = 0.230000

phi_e, max: 1722.940787 at y = 0.230000
phi_m, max: 239.016261 at y = 0.230000

phi_e, max: 3263.326817 at y = 0.230000


 (0.000606046s, XML)
Steps: 4000000  Time: 0.4         
Writing: "Fiber2DEphapticLineL2_phie_4.chk"
phi_m, max: 293.059012 at y = 0.223633

phi_e, max: 1003.423982 at y = 0.226426
phi_m, max: 279.140192 at y = 0.230000

phi_e, max: 1722.940787 at y = 0.230000
phi_m, max: 239.016261 at y = 0.230000

phi_e, max: 3263.326817 at y = 0.230000
phi_m, max: 189.332649 at y = 0.230000

phi_e, max: 3466.194323 at y = 0.230000


phi_m, max: 0.002898 at y = 0.858825

phi_e, max: 4564.493063 at y = 0.860000
phi_m, max: 5.761530 at y = 0.764286

phi_e, max: 1642.100661 at y = 0.850000
phi_m, max: 292.255218 at y = 0.850587

phi_e, max: 8385.525119 at y = 0.852542
phi_m, max: 288.328388 at y = 1.060000

phi_e, max: 10210.269026 at y = 0.860000


phi_m, max: 0.002938 at y = 1.695168

phi_e, max: 4564.607332 at y = 1.700000
phi_m, max: 0.002961 at y = 1.695168

phi_e, max: 1638.921789 at y = 1.690000
phi_m, max: 0.002939 at y = 1.695168

phi_e, max: 6822.486887 at y = 1.690000
phi_m, max: 0.002878 at y = 1.698825

phi_e, max: 5344.010260 at y = 1.690000


phi_m, max: 0.002950 at y = 2.120000

phi_e, max: 4564.621335 at y = 2.120000
phi_m, max: 0.002973 at y = 2.120000

phi_e, max: 1638.910824 at y = 1.900000
phi_m, max: 0.002951 at y = 2.120000

phi_e, max: 6822.476005 at y = 1.900000
phi_m, max: 0.002924 at y = 2.120000

phi_e, max: 5343.997920 at y = 1.900000


phi_m, max: 0.002938 at y = 1.275168

phi_e, max: 4564.564790 at y = 1.280000
phi_m, max: 0.011027 at y = 1.060000

phi_e, max: 1639.007108 at y = 1.060000
phi_m, max: 29.557088 at y = 1.060000

phi_e, max: 6842.162564 at y = 1.060000
phi_m, max: 292.981701 at y = 1.062542

phi_e, max: 11071.887073 at y = 1.065916


phi_m, max: 2.127193 at y = 0.471928

phi_e, max: 4564.244966 at y = 0.650000
phi_m, max: 285.060451 at y = 0.471928

phi_e, max: 2008.115918 at y = 0.640000
phi_m, max: 291.475311 at y = 0.649413

phi_e, max: 7492.053453 at y = 0.650000
phi_m, max: 262.848458 at y = 0.764286

phi_e, max: 8559.582872 at y = 0.650000


phi_m, max: 0.002938 at y = 1.485168

phi_e, max: 4564.589634 at y = 1.490000
phi_m, max: 0.002961 at y = 1.485168

phi_e, max: 1638.939949 at y = 1.480000
phi_m, max: 0.002925 at y = 1.486787

phi_e, max: 6822.505082 at y = 1.480000
phi_m, max: 1.263362 at y = 1.283356

phi_e, max: 5344.552939 at y = 1.480000


 (0.00135333s, XML)

Time: 0.100000
CPU Time: 43.966707 min.
phi_m, max: 293.058974 at y = 0.223633

phi_e, max: 4494.890248 at y = 0.440000

Time: 0.200000
CPU Time: 43.619293 min.
phi_m, max: 293.158057 at y = 0.437458

phi_e, max: 2587.260187 at y = 0.439413

Time: 0.300000
CPU Time: 43.728512 min.
phi_m, max: 271.137514 at y = 0.497143

phi_e, max: 5716.986118 at y = 0.440000

Time: 0.400000
CPU Time: 43.752840 min.
phi_m, max: 228.040580 at y = 0.497143

phi_e, max: 6270.920395 at y = 0.440000


Writing: "Fiber2DEphapticLineL2_4.chk"
 (0.000601638s, XML)
Steps: 5000000  Time: 0.5         
Writing: "Fiber2DEphapticLineL2_phie_5.chk"
phi_m, max: 0.002938 at y = 1.275168

phi_e, max: 4564.564790 at y = 1.280000
phi_m, max: 0.011027 at y = 1.060000

phi_e, max: 1639.007108 at y = 1.060000
phi_m, max: 29.557088 at y = 1.060000

phi_e, max: 6842.162564 at y = 1.060000
phi_m, max: 292.981701 at y = 1.062542

phi_e, max: 11071.887073 at y = 1.065916
phi_m, max: 293.217901 at y = 1.276426

phi_e, max: 15561.578531 at y = 1.279413


phi_m, max: 2.127193 at y = 0.471928

phi_e, max: 4564.244966 at y = 0.650000
phi_m, max: 285.060451 at y = 0.471928

phi_e, max: 2008.115918 at y = 0.640000
phi_m, max: 291.475311 at y = 0.649413

phi_e, max: 7492.053453 at y = 0.650000
phi_m, max: 262.848458 at y = 0.764286

phi_e, max: 8559.582872 at y = 0.650000
phi_m, max: 217.316473 at y = 0.764286

phi_e, max: 10097.727850 at y = 0.650000


 (0.00135266s, XML)

Time: 0.100000
CPU Time: 43.966707 min.
phi_m, max: 293.058974 at y = 0.223633

phi_e, max: 4494.890248 at y = 0.440000

Time: 0.200000
CPU Time: 43.619293 min.
phi_m, max: 293.158057 at y = 0.437458

phi_e, max: 2587.260187 at y = 0.439413

Time: 0.300000
CPU Time: 43.728512 min.
phi_m, max: 271.137514 at y = 0.497143

phi_e, max: 5716.986118 at y = 0.440000

Time: 0.400000
CPU Time: 43.752840 min.
phi_m, max: 228.040580 at y = 0.497143

phi_e, max: 6270.920395 at y = 0.440000

Time: 0.500000
CPU Time: 43.724284 min.
phi_m, max: 177.761355 at y = 0.497143

phi_e, max: 7154.973488 at y = 0.440000


phi_m, max: 0.002938 at y = 1.485168

phi_e, max: 4564.589634 at y = 1.490000
phi_m, max: 0.002961 at y = 1.485168

phi_e, max: 1638.939949 at y = 1.480000
phi_m, max: 0.002925 at y = 1.486787

phi_e, max: 6822.505082 at y = 1.480000
phi_m, max: 1.263362 at y = 1.283356

phi_e, max: 5344.552939 at y = 1.480000
phi_m, max: 283.182042 at y = 1.283356

phi_e, max: 14882.741415 at y = 1.480000


phi_m, max: 293.059012 at y = 0.223633

phi_e, max: 1003.423982 at y = 0.226426
phi_m, max: 279.140192 at y = 0.230000

phi_e, max: 1722.940787 at y = 0.230000
phi_m, max: 239.016261 at y = 0.230000

phi_e, max: 3263.326817 at y = 0.230000
phi_m, max: 189.332649 at y = 0.230000

phi_e, max: 3466.194323 at y = 0.230000
phi_m, max: 139.400496 at y = 0.230000

phi_e, max: 3855.454677 at y = 0.230000


phi_m, max: 0.002898 at y = 0.858825

phi_e, max: 4564.493063 at y = 0.860000
phi_m, max: 5.761530 at y = 0.764286

phi_e, max: 1642.100661 at y = 0.850000
phi_m, max: 292.255218 at y = 0.850587

phi_e, max: 8385.525119 at y = 0.852542
phi_m, max: 288.328388 at y = 1.060000

phi_e, max: 10210.269026 at y = 0.860000
phi_m, max: 255.334575 at y = 1.060000

phi_e, max: 12561.939600 at y = 0.860000


phi_m, max: 0.002938 at y = 1.695168

phi_e, max: 4564.607332 at y = 1.700000
phi_m, max: 0.002961 at y = 1.695168

phi_e, max: 1638.921789 at y = 1.690000
phi_m, max: 0.002939 at y = 1.695168

phi_e, max: 6822.486887 at y = 1.690000
phi_m, max: 0.002878 at y = 1.698825

phi_e, max: 5344.010260 at y = 1.690000
phi_m, max: 6.278760 at y = 1.579071

phi_e, max: 14524.405795 at y = 1.690000


phi_m, max: 0.002950 at y = 2.120000

phi_e, max: 4564.621335 at y = 2.120000
phi_m, max: 0.002973 at y = 2.120000

phi_e, max: 1638.910824 at y = 1.900000
phi_m, max: 0.002951 at y = 2.120000

phi_e, max: 6822.476005 at y = 1.900000
phi_m, max: 0.002924 at y = 2.120000

phi_e, max: 5343.997920 at y = 1.900000
phi_m, max: 0.012549 at y = 1.874785

phi_e, max: 14521.254928 at y = 1.900000


Writing: "Fiber2DEphapticLineL2_5.chk"
 (0.000597731s, XML)
Steps: 6000000  Time: 0.6         
Writing: "Fiber2DEphapticLineL2_phie_6.chk"
phi_m, max: 2.127193 at y = 0.471928

phi_e, max: 4564.244966 at y = 0.650000
phi_m, max: 285.060451 at y = 0.471928

phi_e, max: 2008.115918 at y = 0.640000
phi_m, max: 291.475311 at y = 0.649413

phi_e, max: 7492.053453 at y = 0.650000
phi_m, max: 262.848458 at y = 0.764286

phi_e, max: 8559.582872 at y = 0.650000
phi_m, max: 217.316473 at y = 0.764286

phi_e, max: 10097.727850 at y = 0.650000
phi_m, max: 166.699889 at y = 0.764286

phi_e, max: 12340.556792 at y = 0.650000


phi_m, max: 0.002938 at y = 1.275168

phi_e, max: 4564.564790 at y = 1.280000
phi_m, max: 0.011027 at y = 1.060000

phi_e, max: 1639.007108 at y = 1.060000
phi_m, max: 29.557088 at y = 1.060000

phi_e, max: 6842.162564 at y = 1.060000
phi_m, max: 292.981701 at y = 1.062542

phi_e, max: 11071.887073 at y = 1.065916
phi_m, max: 293.217901 at y = 1.276426

phi_e, max: 15561.578531 at y = 1.279413
phi_m, max: 272.469867 at y = 1.280000

phi_e, max: 21181.668807 at y = 1.280000


 (0.00111437s, XML)

Time: 0.100000
CPU Time: 43.966707 min.
phi_m, max: 293.058974 at y = 0.223633

phi_e, max: 4494.890248 at y = 0.440000

Time: 0.200000
CPU Time: 43.619293 min.
phi_m, max: 293.158057 at y = 0.437458

phi_e, max: 2587.260187 at y = 0.439413

Time: 0.300000
CPU Time: 43.728512 min.
phi_m, max: 271.137514 at y = 0.497143

phi_e, max: 5716.986118 at y = 0.440000

Time: 0.400000
CPU Time: 43.752840 min.
phi_m, max: 228.040580 at y = 0.497143

phi_e, max: 6270.920395 at y = 0.440000

Time: 0.500000
CPU Time: 43.724284 min.
phi_m, max: 177.761355 at y = 0.497143

phi_e, max: 7154.973488 at y = 0.440000

Time: 0.600000
CPU Time: 35.230987 min.
phi_m, max: 128.999744 at y = 0.497143

phi_e, max: 8593.789498 at y = 0.440000


phi_m, max: 0.002898 at y = 0.858825

phi_e, max: 4564.493063 at y = 0.860000
phi_m, max: 5.761530 at y = 0.764286

phi_e, max: 1642.100661 at y = 0.850000
phi_m, max: 292.255218 at y = 0.850587

phi_e, max: 8385.525119 at y = 0.852542
phi_m, max: 288.328388 at y = 1.060000

phi_e, max: 10210.269026 at y = 0.860000
phi_m, max: 255.334575 at y = 1.060000

phi_e, max: 12561.939600 at y = 0.860000
phi_m, max: 207.811817 at y = 1.060000

phi_e, max: 15768.047613 at y = 0.860000


phi_m, max: 0.002938 at y = 1.695168

phi_e, max: 4564.607332 at y = 1.700000
phi_m, max: 0.002961 at y = 1.695168

phi_e, max: 1638.921789 at y = 1.690000
phi_m, max: 0.002939 at y = 1.695168

phi_e, max: 6822.486887 at y = 1.690000
phi_m, max: 0.002878 at y = 1.698825

phi_e, max: 5344.010260 at y = 1.690000
phi_m, max: 6.278760 at y = 1.579071

phi_e, max: 14524.405795 at y = 1.690000
phi_m, max: 293.456136 at y = 1.691624

phi_e, max: 23746.528502 at y = 1.691624


phi_m, max: 0.002938 at y = 1.485168

phi_e, max: 4564.589634 at y = 1.490000
phi_m, max: 0.002961 at y = 1.485168

phi_e, max: 1638.939949 at y = 1.480000
phi_m, max: 0.002925 at y = 1.486787

phi_e, max: 6822.505082 at y = 1.480000
phi_m, max: 1.263362 at y = 1.283356

phi_e, max: 5344.552939 at y = 1.480000
phi_m, max: 283.182042 at y = 1.283356

phi_e, max: 14882.741415 at y = 1.480000
phi_m, max: 291.861693 at y = 1.489413

phi_e, max: 22923.220210 at y = 1.490000


phi_m, max: 293.059012 at y = 0.223633

phi_e, max: 1003.423982 at y = 0.226426
phi_m, max: 279.140192 at y = 0.230000

phi_e, max: 1722.940787 at y = 0.230000
phi_m, max: 239.016261 at y = 0.230000

phi_e, max: 3263.326817 at y = 0.230000
phi_m, max: 189.332649 at y = 0.230000

phi_e, max: 3466.194323 at y = 0.230000
phi_m, max: 139.400496 at y = 0.230000

phi_e, max: 3855.454677 at y = 0.230000
phi_m, max: 95.386077 at y = 0.230000

phi_e, max: 4595.891229 at y = 0.230000


Writing: "Fiber2DEphapticLineL2_6.chk"
phi_m, max: 0.002950 at y = 2.120000

phi_e, max: 4564.621335 at y = 2.120000
phi_m, max: 0.002973 at y = 2.120000

phi_e, max: 1638.910824 at y = 1.900000
phi_m, max: 0.002951 at y = 2.120000

phi_e, max: 6822.476005 at y = 1.900000
phi_m, max: 0.002924 at y = 2.120000

phi_e, max: 5343.997920 at y = 1.900000
phi_m, max: 0.012549 at y = 1.874785

phi_e, max: 14521.254928 at y = 1.900000
phi_m, max: 22.994060 at y = 1.874785

phi_e, max: 22581.756833 at y = 1.900000


 (0.000477586s, XML)
Steps: 7000000  Time: 0.7         
Writing: "Fiber2DEphapticLineL2_phie_7.chk"
phi_m, max: 2.127193 at y = 0.471928

phi_e, max: 4564.244966 at y = 0.650000
phi_m, max: 285.060451 at y = 0.471928

phi_e, max: 2008.115918 at y = 0.640000
phi_m, max: 291.475311 at y = 0.649413

phi_e, max: 7492.053453 at y = 0.650000
phi_m, max: 262.848458 at y = 0.764286

phi_e, max: 8559.582872 at y = 0.650000
phi_m, max: 217.316473 at y = 0.764286

phi_e, max: 10097.727850 at y = 0.650000
phi_m, max: 166.699889 at y = 0.764286

phi_e, max: 12340.556792 at y = 0.650000
phi_m, max: 119.293187 at y = 0.764286

phi_e, max: 11747.906075 at y = 0.650000


 (0.00116461s, XML)

Time: 0.100000
CPU Time: 43.966707 min.
phi_m, max: 293.058974 at y = 0.223633

phi_e, max: 4494.890248 at y = 0.440000

Time: 0.200000
CPU Time: 43.619293 min.
phi_m, max: 293.158057 at y = 0.437458

phi_e, max: 2587.260187 at y = 0.439413

Time: 0.300000
CPU Time: 43.728512 min.
phi_m, max: 271.137514 at y = 0.497143

phi_e, max: 5716.986118 at y = 0.440000

Time: 0.400000
CPU Time: 43.752840 min.
phi_m, max: 228.040580 at y = 0.497143

phi_e, max: 6270.920395 at y = 0.440000

Time: 0.500000
CPU Time: 43.724284 min.
phi_m, max: 177.761355 at y = 0.497143

phi_e, max: 7154.973488 at y = 0.440000

Time: 0.600000
CPU Time: 35.230987 min.
phi_m, max: 128.999744 at y = 0.497143

phi_e, max: 8593.789498 at y = 0.440000

Time: 0.700000
CPU Time: 34.554416 min.
phi_m, max: 85.559832 at y = 0.497143

phi_e, max: 8057.585022 at y = 0.440000


phi_m, max: 0.002950 at y = 2.120000

phi_e, max: 4564.621335 at y = 2.120000
phi_m, max: 0.002973 at y = 2.120000

phi_e, max: 1638.910824 at y = 1.900000
phi_m, max: 0.002951 at y = 2.120000

phi_e, max: 6822.476005 at y = 1.900000
phi_m, max: 0.002924 at y = 2.120000

phi_e, max: 5343.997920 at y = 1.900000
phi_m, max: 0.012549 at y = 1.874785

phi_e, max: 14521.254928 at y = 1.900000
phi_m, max: 22.994060 at y = 1.874785

phi_e, max: 22581.756833 at y = 1.900000
phi_m, max: 292.783547 at y = 1.903213

phi_e, max: 25659.879002 at y = 1.905587


phi_m, max: 0.002938 at y = 1.695168

phi_e, max: 4564.607332 at y = 1.700000
phi_m, max: 0.002961 at y = 1.695168

phi_e, max: 1638.921789 at y = 1.690000
phi_m, max: 0.002939 at y = 1.695168

phi_e, max: 6822.486887 at y = 1.690000
phi_m, max: 0.002878 at y = 1.698825

phi_e, max: 5344.010260 at y = 1.690000
phi_m, max: 6.278760 at y = 1.579071

phi_e, max: 14524.405795 at y = 1.690000
phi_m, max: 293.456136 at y = 1.691624

phi_e, max: 23746.528502 at y = 1.691624
phi_m, max: 288.863849 at y = 1.896644

phi_e, max: 24878.821581 at y = 1.700000


phi_m, max: 0.002938 at y = 1.485168

phi_e, max: 4564.589634 at y = 1.490000
phi_m, max: 0.002961 at y = 1.485168

phi_e, max: 1638.939949 at y = 1.480000
phi_m, max: 0.002925 at y = 1.486787

phi_e, max: 6822.505082 at y = 1.480000
phi_m, max: 1.263362 at y = 1.283356

phi_e, max: 5344.552939 at y = 1.480000
phi_m, max: 283.182042 at y = 1.283356

phi_e, max: 14882.741415 at y = 1.480000
phi_m, max: 291.861693 at y = 1.489413

phi_e, max: 22923.220210 at y = 1.490000
phi_m, max: 264.383590 at y = 1.604286

phi_e, max: 23299.719157 at y = 1.490000


phi_m, max: 293.059012 at y = 0.223633

phi_e, max: 1003.423982 at y = 0.226426
phi_m, max: 279.140192 at y = 0.230000

phi_e, max: 1722.940787 at y = 0.230000
phi_m, max: 239.016261 at y = 0.230000

phi_e, max: 3263.326817 at y = 0.230000
phi_m, max: 189.332649 at y = 0.230000

phi_e, max: 3466.194323 at y = 0.230000
phi_m, max: 139.400496 at y = 0.230000

phi_e, max: 3855.454677 at y = 0.230000
phi_m, max: 95.386077 at y = 0.230000

phi_e, max: 4595.891229 at y = 0.230000
phi_m, max: 43.255717 at y = 0.230000

phi_e, max: 4100.360565 at y = 0.230000


phi_m, max: 0.002898 at y = 0.858825

phi_e, max: 4564.493063 at y = 0.860000
phi_m, max: 5.761530 at y = 0.764286

phi_e, max: 1642.100661 at y = 0.850000
phi_m, max: 292.255218 at y = 0.850587

phi_e, max: 8385.525119 at y = 0.852542
phi_m, max: 288.328388 at y = 1.060000

phi_e, max: 10210.269026 at y = 0.860000
phi_m, max: 255.334575 at y = 1.060000

phi_e, max: 12561.939600 at y = 0.860000
phi_m, max: 207.811817 at y = 1.060000

phi_e, max: 15768.047613 at y = 0.860000
phi_m, max: 157.008970 at y = 1.060000

phi_e, max: 15182.635938 at y = 0.860000


phi_m, max: 0.002938 at y = 1.275168

phi_e, max: 4564.564790 at y = 1.280000
phi_m, max: 0.011027 at y = 1.060000

phi_e, max: 1639.007108 at y = 1.060000
phi_m, max: 29.557088 at y = 1.060000

phi_e, max: 6842.162564 at y = 1.060000
phi_m, max: 292.981701 at y = 1.062542

phi_e, max: 11071.887073 at y = 1.065916
phi_m, max: 293.217901 at y = 1.276426

phi_e, max: 15561.578531 at y = 1.279413
phi_m, max: 272.469867 at y = 1.280000

phi_e, max: 21181.668807 at y = 1.280000
phi_m, max: 229.617795 at y = 1.308571

phi_e, max: 21076.102690 at y = 1.280000


Writing: "Fiber2DEphapticLineL2_7.chk"
 (0.000537959s, XML)
Steps: 8000000  Time: 0.8         
Writing: "Fiber2DEphapticLineL2_phie_8.chk"
phi_m, max: 293.059012 at y = 0.223633

phi_e, max: 1003.423982 at y = 0.226426
phi_m, max: 279.140192 at y = 0.230000

phi_e, max: 1722.940787 at y = 0.230000
phi_m, max: 239.016261 at y = 0.230000

phi_e, max: 3263.326817 at y = 0.230000
phi_m, max: 189.332649 at y = 0.230000

phi_e, max: 3466.194323 at y = 0.230000
phi_m, max: 139.400496 at y = 0.230000

phi_e, max: 3855.454677 at y = 0.230000
phi_m, max: 95.386077 at y = 0.230000

phi_e, max: 4595.891229 at y = 0.230000
phi_m, max: 43.255717 at y = 0.230000

phi_e, max: 4100.360565 at y = 0.230000
phi_m, max: 6.329966 at y = 0.230000

phi_e, max: 3365.986617 at y = 0.230000


phi_m, max: 0.002898 at y = 0.858825

phi_e, max: 4564.493063 at y = 0.860000
phi_m, max: 5.761530 at y = 0.764286

phi_e, max: 1642.100661 at y = 0.850000
phi_m, max: 292.255218 at y = 0.850587

phi_e, max: 8385.525119 at y = 0.852542
phi_m, max: 288.328388 at y = 1.060000

phi_e, max: 10210.269026 at y = 0.860000
phi_m, max: 255.334575 at y = 1.060000

phi_e, max: 12561.939600 at y = 0.860000
phi_m, max: 207.811817 at y = 1.060000

phi_e, max: 15768.047613 at y = 0.860000
phi_m, max: 157.008970 at y = 1.060000

phi_e, max: 15182.635938 at y = 0.860000
phi_m, max: 110.836658 at y = 1.060000

phi_e, max: 13150.273621 at y = 0.860000


phi_m, max: 2.127193 at y = 0.471928

phi_e, max: 4564.244966 at y = 0.650000
phi_m, max: 285.060451 at y = 0.471928

phi_e, max: 2008.115918 at y = 0.640000
phi_m, max: 291.475311 at y = 0.649413

phi_e, max: 7492.053453 at y = 0.650000
phi_m, max: 262.848458 at y = 0.764286

phi_e, max: 8559.582872 at y = 0.650000
phi_m, max: 217.316473 at y = 0.764286

phi_e, max: 10097.727850 at y = 0.650000
phi_m, max: 166.699889 at y = 0.764286

phi_e, max: 12340.556792 at y = 0.650000
phi_m, max: 119.293187 at y = 0.764286

phi_e, max: 11747.906075 at y = 0.650000
phi_m, max: 75.187262 at y = 0.764286

phi_e, max: 9918.476788 at y = 0.650000


 (0.000974688s, XML)

Time: 0.100000
CPU Time: 43.966707 min.
phi_m, max: 293.058974 at y = 0.223633

phi_e, max: 4494.890248 at y = 0.440000

Time: 0.200000
CPU Time: 43.619293 min.
phi_m, max: 293.158057 at y = 0.437458

phi_e, max: 2587.260187 at y = 0.439413

Time: 0.300000
CPU Time: 43.728512 min.
phi_m, max: 271.137514 at y = 0.497143

phi_e, max: 5716.986118 at y = 0.440000

Time: 0.400000
CPU Time: 43.752840 min.
phi_m, max: 228.040580 at y = 0.497143

phi_e, max: 6270.920395 at y = 0.440000

Time: 0.500000
CPU Time: 43.724284 min.
phi_m, max: 177.761355 at y = 0.497143

phi_e, max: 7154.973488 at y = 0.440000

Time: 0.600000
CPU Time: 35.230987 min.
phi_m, max: 128.999744 at y = 0.497143

phi_e, max: 8593.789498 at y = 0.440000

Time: 0.700000
CPU Time: 34.554416 min.
phi_m, max: 85.559832 at y = 0.497143

phi_e, max: 8057.585022 at y = 0.440000

Time: 0.800000
CPU Time: 36.442119 min.
phi_m, max: 31.112313 at y = 0.497143

phi_e, max: 6533.397765 at y = 0.440000


phi_m, max: 0.002950 at y = 2.120000

phi_e, max: 4564.621335 at y = 2.120000
phi_m, max: 0.002973 at y = 2.120000

phi_e, max: 1638.910824 at y = 1.900000
phi_m, max: 0.002951 at y = 2.120000

phi_e, max: 6822.476005 at y = 1.900000
phi_m, max: 0.002924 at y = 2.120000

phi_e, max: 5343.997920 at y = 1.900000
phi_m, max: 0.012549 at y = 1.874785

phi_e, max: 14521.254928 at y = 1.900000
phi_m, max: 22.994060 at y = 1.874785

phi_e, max: 22581.756833 at y = 1.900000
phi_m, max: 292.783547 at y = 1.903213

phi_e, max: 25659.879002 at y = 1.905587
phi_m, max: 293.237749 at y = 2.117458

phi_e, max: 24729.505165 at y = 2.118825


phi_m, max: 0.002938 at y = 1.695168

phi_e, max: 4564.607332 at y = 1.700000
phi_m, max: 0.002961 at y = 1.695168

phi_e, max: 1638.921789 at y = 1.690000
phi_m, max: 0.002939 at y = 1.695168

phi_e, max: 6822.486887 at y = 1.690000
phi_m, max: 0.002878 at y = 1.698825

phi_e, max: 5344.010260 at y = 1.690000
phi_m, max: 6.278760 at y = 1.579071

phi_e, max: 14524.405795 at y = 1.690000
phi_m, max: 293.456136 at y = 1.691624

phi_e, max: 23746.528502 at y = 1.691624
phi_m, max: 288.863849 at y = 1.896644

phi_e, max: 24878.821581 at y = 1.700000
phi_m, max: 256.878937 at y = 1.896644

phi_e, max: 22979.530818 at y = 1.700000


phi_m, max: 0.002938 at y = 1.485168

phi_e, max: 4564.589634 at y = 1.490000
phi_m, max: 0.002961 at y = 1.485168

phi_e, max: 1638.939949 at y = 1.480000
phi_m, max: 0.002925 at y = 1.486787

phi_e, max: 6822.505082 at y = 1.480000
phi_m, max: 1.263362 at y = 1.283356

phi_e, max: 5344.552939 at y = 1.480000
phi_m, max: 283.182042 at y = 1.283356

phi_e, max: 14882.741415 at y = 1.480000
phi_m, max: 291.861693 at y = 1.489413

phi_e, max: 22923.220210 at y = 1.490000
phi_m, max: 264.383590 at y = 1.604286

phi_e, max: 23299.719157 at y = 1.490000
phi_m, max: 219.253327 at y = 1.604286

phi_e, max: 21133.030864 at y = 1.490000


phi_m, max: 0.002938 at y = 1.275168

phi_e, max: 4564.564790 at y = 1.280000
phi_m, max: 0.011027 at y = 1.060000

phi_e, max: 1639.007108 at y = 1.060000
phi_m, max: 29.557088 at y = 1.060000

phi_e, max: 6842.162564 at y = 1.060000
phi_m, max: 292.981701 at y = 1.062542

phi_e, max: 11071.887073 at y = 1.065916
phi_m, max: 293.217901 at y = 1.276426

phi_e, max: 15561.578531 at y = 1.279413
phi_m, max: 272.469867 at y = 1.280000

phi_e, max: 21181.668807 at y = 1.280000
phi_m, max: 229.617795 at y = 1.308571

phi_e, max: 21076.102690 at y = 1.280000
phi_m, max: 179.352661 at y = 1.308571

phi_e, max: 18801.878692 at y = 1.280000


Writing: "Fiber2DEphapticLineL2_8.chk"
 (0.000485s, XML)
Steps: 9000000  Time: 0.9         
Writing: "Fiber2DEphapticLineL2_phie_9.chk"
phi_m, max: 2.127193 at y = 0.471928

phi_e, max: 4564.244966 at y = 0.650000
phi_m, max: 285.060451 at y = 0.471928

phi_e, max: 2008.115918 at y = 0.640000
phi_m, max: 291.475311 at y = 0.649413

phi_e, max: 7492.053453 at y = 0.650000
phi_m, max: 262.848458 at y = 0.764286

phi_e, max: 8559.582872 at y = 0.650000
phi_m, max: 217.316473 at y = 0.764286

phi_e, max: 10097.727850 at y = 0.650000
phi_m, max: 166.699889 at y = 0.764286

phi_e, max: 12340.556792 at y = 0.650000
phi_m, max: 119.293187 at y = 0.764286

phi_e, max: 11747.906075 at y = 0.650000
phi_m, max: 75.187262 at y = 0.764286

phi_e, max: 9918.476788 at y = 0.650000
phi_m, max: 21.170265 at y = 0.764286

phi_e, max: 6942.307951 at y = 0.650000


phi_m, max: 293.059012 at y = 0.223633

phi_e, max: 1003.423982 at y = 0.226426
phi_m, max: 279.140192 at y = 0.230000

phi_e, max: 1722.940787 at y = 0.230000
phi_m, max: 239.016261 at y = 0.230000

phi_e, max: 3263.326817 at y = 0.230000
phi_m, max: 189.332649 at y = 0.230000

phi_e, max: 3466.194323 at y = 0.230000
phi_m, max: 139.400496 at y = 0.230000

phi_e, max: 3855.454677 at y = 0.230000
phi_m, max: 95.386077 at y = 0.230000

phi_e, max: 4595.891229 at y = 0.230000
phi_m, max: 43.255717 at y = 0.230000

phi_e, max: 4100.360565 at y = 0.230000
phi_m, max: 6.329966 at y = 0.230000

phi_e, max: 3365.986617 at y = 0.230000
phi_m, max: 0.576819 at y = 0.019413

phi_e, max: 2428.205571 at y = 0.230000


phi_m, max: 0.002898 at y = 0.858825

phi_e, max: 4564.493063 at y = 0.860000
phi_m, max: 5.761530 at y = 0.764286

phi_e, max: 1642.100661 at y = 0.850000
phi_m, max: 292.255218 at y = 0.850587

phi_e, max: 8385.525119 at y = 0.852542
phi_m, max: 288.328388 at y = 1.060000

phi_e, max: 10210.269026 at y = 0.860000
phi_m, max: 255.334575 at y = 1.060000

phi_e, max: 12561.939600 at y = 0.860000
phi_m, max: 207.811817 at y = 1.060000

phi_e, max: 15768.047613 at y = 0.860000
phi_m, max: 157.008970 at y = 1.060000

phi_e, max: 15182.635938 at y = 0.860000
phi_m, max: 110.836658 at y = 1.060000

phi_e, max: 13150.273621 at y = 0.860000
phi_m, max: 64.584787 at y = 1.060000

phi_e, max: 9418.411579 at y = 0.860000


 (0.00105555s, XML)

Time: 0.100000
CPU Time: 43.966707 min.
phi_m, max: 293.058974 at y = 0.223633

phi_e, max: 4494.890248 at y = 0.440000

Time: 0.200000
CPU Time: 43.619293 min.
phi_m, max: 293.158057 at y = 0.437458

phi_e, max: 2587.260187 at y = 0.439413

Time: 0.300000
CPU Time: 43.728512 min.
phi_m, max: 271.137514 at y = 0.497143

phi_e, max: 5716.986118 at y = 0.440000

Time: 0.400000
CPU Time: 43.752840 min.
phi_m, max: 228.040580 at y = 0.497143

phi_e, max: 6270.920395 at y = 0.440000

Time: 0.500000
CPU Time: 43.724284 min.
phi_m, max: 177.761355 at y = 0.497143

phi_e, max: 7154.973488 at y = 0.440000

Time: 0.600000
CPU Time: 35.230987 min.
phi_m, max: 128.999744 at y = 0.497143

phi_e, max: 8593.789498 at y = 0.440000

Time: 0.700000
CPU Time: 34.554416 min.
phi_m, max: 85.559832 at y = 0.497143

phi_e, max: 8057.585022 at y = 0.440000

Time: 0.800000
CPU Time: 36.442119 min.
phi_m, max: 31.112313 at y = 0.497143

phi_e, max: 6533.397765 at y = 0.440000

Time: 0.900000
CPU Time: 25.942732 min.
phi_m, max: 3.728251 at y = 0.497143

phi_e, max: 4657.724032 at y = 0.440000


phi_m, max: 0.002938 at y = 1.485168

phi_e, max: 4564.589634 at y = 1.490000
phi_m, max: 0.002961 at y = 1.485168

phi_e, max: 1638.939949 at y = 1.480000
phi_m, max: 0.002925 at y = 1.486787

phi_e, max: 6822.505082 at y = 1.480000
phi_m, max: 1.263362 at y = 1.283356

phi_e, max: 5344.552939 at y = 1.480000
phi_m, max: 283.182042 at y = 1.283356

phi_e, max: 14882.741415 at y = 1.480000
phi_m, max: 291.861693 at y = 1.489413

phi_e, max: 22923.220210 at y = 1.490000
phi_m, max: 264.383590 at y = 1.604286

phi_e, max: 23299.719157 at y = 1.490000
phi_m, max: 219.253327 at y = 1.604286

phi_e, max: 21133.030864 at y = 1.490000
phi_m, max: 168.675093 at y = 1.604286

phi_e, max: 16048.347845 at y = 1.490000


phi_m, max: 0.002938 at y = 1.275168

phi_e, max: 4564.564790 at y = 1.280000
phi_m, max: 0.011027 at y = 1.060000

phi_e, max: 1639.007108 at y = 1.060000
phi_m, max: 29.557088 at y = 1.060000

phi_e, max: 6842.162564 at y = 1.060000
phi_m, max: 292.981701 at y = 1.062542

phi_e, max: 11071.887073 at y = 1.065916
phi_m, max: 293.217901 at y = 1.276426

phi_e, max: 15561.578531 at y = 1.279413
phi_m, max: 272.469867 at y = 1.280000

phi_e, max: 21181.668807 at y = 1.280000
phi_m, max: 229.617795 at y = 1.308571

phi_e, max: 21076.102690 at y = 1.280000
phi_m, max: 179.352661 at y = 1.308571

phi_e, max: 18801.878692 at y = 1.280000
phi_m, max: 130.386549 at y = 1.308571

phi_e, max: 14104.535443 at y = 1.280000


phi_m, max: 0.002950 at y = 2.120000

phi_e, max: 4564.621335 at y = 2.120000
phi_m, max: 0.002973 at y = 2.120000

phi_e, max: 1638.910824 at y = 1.900000
phi_m, max: 0.002951 at y = 2.120000

phi_e, max: 6822.476005 at y = 1.900000
phi_m, max: 0.002924 at y = 2.120000

phi_e, max: 5343.997920 at y = 1.900000
phi_m, max: 0.012549 at y = 1.874785

phi_e, max: 14521.254928 at y = 1.900000
phi_m, max: 22.994060 at y = 1.874785

phi_e, max: 22581.756833 at y = 1.900000
phi_m, max: 292.783547 at y = 1.903213

phi_e, max: 25659.879002 at y = 1.905587
phi_m, max: 293.237749 at y = 2.117458

phi_e, max: 24729.505165 at y = 2.118825
phi_m, max: 271.476289 at y = 2.120000

phi_e, max: 19443.664057 at y = 2.120000


phi_m, max: 0.002938 at y = 1.695168

phi_e, max: 4564.607332 at y = 1.700000
phi_m, max: 0.002961 at y = 1.695168

phi_e, max: 1638.921789 at y = 1.690000
phi_m, max: 0.002939 at y = 1.695168

phi_e, max: 6822.486887 at y = 1.690000
phi_m, max: 0.002878 at y = 1.698825

phi_e, max: 5344.010260 at y = 1.690000
phi_m, max: 6.278760 at y = 1.579071

phi_e, max: 14524.405795 at y = 1.690000
phi_m, max: 293.456136 at y = 1.691624

phi_e, max: 23746.528502 at y = 1.691624
phi_m, max: 288.863849 at y = 1.896644

phi_e, max: 24878.821581 at y = 1.700000
phi_m, max: 256.878937 at y = 1.896644

phi_e, max: 22979.530818 at y = 1.700000
phi_m, max: 209.669146 at y = 1.896644

phi_e, max: 17667.033910 at y = 1.700000


Writing: "Fiber2DEphapticLineL2_9.chk"
 (0.000487825s, XML)
Steps: 10000000 Time: 1           
Writing: "Fiber2DEphapticLineL2_phie_10.chk"
phi_m, max: 293.059012 at y = 0.223633

phi_e, max: 1003.423982 at y = 0.226426
phi_m, max: 279.140192 at y = 0.230000

phi_e, max: 1722.940787 at y = 0.230000
phi_m, max: 239.016261 at y = 0.230000

phi_e, max: 3263.326817 at y = 0.230000
phi_m, max: 189.332649 at y = 0.230000

phi_e, max: 3466.194323 at y = 0.230000
phi_m, max: 139.400496 at y = 0.230000

phi_e, max: 3855.454677 at y = 0.230000
phi_m, max: 95.386077 at y = 0.230000

phi_e, max: 4595.891229 at y = 0.230000
phi_m, max: 43.255717 at y = 0.230000

phi_e, max: 4100.360565 at y = 0.230000
phi_m, max: 6.329966 at y = 0.230000

phi_e, max: 3365.986617 at y = 0.230000
phi_m, max: 0.576819 at y = 0.019413

phi_e, max: 2428.205571 at y = 0.230000
phi_m, max: 0.975886 at y = 0.019413

phi_e, max: 1622.363263 at y = 0.230000


 (0.00101249s, XML)

Time: 0.100000
CPU Time: 43.966707 min.
phi_m, max: 293.058974 at y = 0.223633

phi_e, max: 4494.890248 at y = 0.440000

Time: 0.200000
CPU Time: 43.619293 min.
phi_m, max: 293.158057 at y = 0.437458

phi_e, max: 2587.260187 at y = 0.439413

Time: 0.300000
CPU Time: 43.728512 min.
phi_m, max: 271.137514 at y = 0.497143

phi_e, max: 5716.986118 at y = 0.440000

Time: 0.400000
CPU Time: 43.752840 min.
phi_m, max: 228.040580 at y = 0.497143

phi_e, max: 6270.920395 at y = 0.440000

Time: 0.500000
CPU Time: 43.724284 min.
phi_m, max: 177.761355 at y = 0.497143

phi_e, max: 7154.973488 at y = 0.440000

Time: 0.600000
CPU Time: 35.230987 min.
phi_m, max: 128.999744 at y = 0.497143

phi_e, max: 8593.789498 at y = 0.440000

Time: 0.700000
CPU Time: 34.554416 min.
phi_m, max: 85.559832 at y = 0.497143

phi_e, max: 8057.585022 at y = 0.440000

Time: 0.800000
CPU Time: 36.442119 min.
phi_m, max: 31.112313 at y = 0.497143

phi_e, max: 6533.397765 at y = 0.440000

Time: 0.900000
CPU Time: 25.942732 min.
phi_m, max: 3.728251 at y = 0.497143

phi_e, max: 4657.724032 at y = 0.440000

Time: 1.000000
CPU Time: 25.956591 min.
phi_m, max: 0.964219 at y = 0.220000

phi_e, max: 3108.123748 at y = 0.440000


phi_m, max: 0.002898 at y = 0.858825

phi_e, max: 4564.493063 at y = 0.860000
phi_m, max: 5.761530 at y = 0.764286

phi_e, max: 1642.100661 at y = 0.850000
phi_m, max: 292.255218 at y = 0.850587

phi_e, max: 8385.525119 at y = 0.852542
phi_m, max: 288.328388 at y = 1.060000

phi_e, max: 10210.269026 at y = 0.860000
phi_m, max: 255.334575 at y = 1.060000

phi_e, max: 12561.939600 at y = 0.860000
phi_m, max: 207.811817 at y = 1.060000

phi_e, max: 15768.047613 at y = 0.860000
phi_m, max: 157.008970 at y = 1.060000

phi_e, max: 15182.635938 at y = 0.860000
phi_m, max: 110.836658 at y = 1.060000

phi_e, max: 13150.273621 at y = 0.860000
phi_m, max: 64.584787 at y = 1.060000

phi_e, max: 9418.411579 at y = 0.860000
phi_m, max: 14.093307 at y = 1.060000

phi_e, max: 6125.877905 at y = 0.860000


phi_m, max: 2.127193 at y = 0.471928

phi_e, max: 4564.244966 at y = 0.650000
phi_m, max: 285.060451 at y = 0.471928

phi_e, max: 2008.115918 at y = 0.640000
phi_m, max: 291.475311 at y = 0.649413

phi_e, max: 7492.053453 at y = 0.650000
phi_m, max: 262.848458 at y = 0.764286

phi_e, max: 8559.582872 at y = 0.650000
phi_m, max: 217.316473 at y = 0.764286

phi_e, max: 10097.727850 at y = 0.650000
phi_m, max: 166.699889 at y = 0.764286

phi_e, max: 12340.556792 at y = 0.650000
phi_m, max: 119.293187 at y = 0.764286

phi_e, max: 11747.906075 at y = 0.650000
phi_m, max: 75.187262 at y = 0.764286

phi_e, max: 9918.476788 at y = 0.650000
phi_m, max: 21.170265 at y = 0.764286

phi_e, max: 6942.307951 at y = 0.650000
phi_m, max: 2.081574 at y = 0.764286

phi_e, max: 4600.538152 at y = 0.650000


phi_m, max: 0.002950 at y = 2.120000

phi_e, max: 4564.621335 at y = 2.120000
phi_m, max: 0.002973 at y = 2.120000

phi_e, max: 1638.910824 at y = 1.900000
phi_m, max: 0.002951 at y = 2.120000

phi_e, max: 6822.476005 at y = 1.900000
phi_m, max: 0.002924 at y = 2.120000

phi_e, max: 5343.997920 at y = 1.900000
phi_m, max: 0.012549 at y = 1.874785

phi_e, max: 14521.254928 at y = 1.900000
phi_m, max: 22.994060 at y = 1.874785

phi_e, max: 22581.756833 at y = 1.900000
phi_m, max: 292.783547 at y = 1.903213

phi_e, max: 25659.879002 at y = 1.905587
phi_m, max: 293.237749 at y = 2.117458

phi_e, max: 24729.505165 at y = 2.118825
phi_m, max: 271.476289 at y = 2.120000

phi_e, max: 19443.664057 at y = 2.120000
phi_m, max: 227.266639 at y = 2.120000

phi_e, max: 14056.089572 at y = 2.120000


Writing: "Fiber2DEphapticLineL2_10.chk"
phi_m, max: 0.002938 at y = 1.695168

phi_e, max: 4564.607332 at y = 1.700000
phi_m, max: 0.002961 at y = 1.695168

phi_e, max: 1638.921789 at y = 1.690000
phi_m, max: 0.002939 at y = 1.695168

phi_e, max: 6822.486887 at y = 1.690000
phi_m, max: 0.002878 at y = 1.698825

phi_e, max: 5344.010260 at y = 1.690000
phi_m, max: 6.278760 at y = 1.579071

phi_e, max: 14524.405795 at y = 1.690000
phi_m, max: 293.456136 at y = 1.691624

phi_e, max: 23746.528502 at y = 1.691624
phi_m, max: 288.863849 at y = 1.896644

phi_e, max: 24878.821581 at y = 1.700000
phi_m, max: 256.878937 at y = 1.896644

phi_e, max: 22979.530818 at y = 1.700000
phi_m, max: 209.669146 at y = 1.896644

phi_e, max: 17667.033910 at y = 1.700000
phi_m, max: 158.853127 at y = 1.896644

phi_e, max: 12461.071316 at y = 1.700000


phi_m, max: 0.002938 at y = 1.485168

phi_e, max: 4564.589634 at y = 1.490000
phi_m, max: 0.002961 at y = 1.485168

phi_e, max: 1638.939949 at y = 1.480000
phi_m, max: 0.002925 at y = 1.486787

phi_e, max: 6822.505082 at y = 1.480000
phi_m, max: 1.263362 at y = 1.283356

phi_e, max: 5344.552939 at y = 1.480000
phi_m, max: 283.182042 at y = 1.283356

phi_e, max: 14882.741415 at y = 1.480000
phi_m, max: 291.861693 at y = 1.489413

phi_e, max: 22923.220210 at y = 1.490000
phi_m, max: 264.383590 at y = 1.604286

phi_e, max: 23299.719157 at y = 1.490000
phi_m, max: 219.253327 at y = 1.604286

phi_e, max: 21133.030864 at y = 1.490000
phi_m, max: 168.675093 at y = 1.604286

phi_e, max: 16048.347845 at y = 1.490000
phi_m, max: 121.011088 at y = 1.604286

phi_e, max: 11166.696936 at y = 1.490000


phi_m, max: 0.002938 at y = 1.275168

phi_e, max: 4564.564790 at y = 1.280000
phi_m, max: 0.011027 at y = 1.060000

phi_e, max: 1639.007108 at y = 1.060000
phi_m, max: 29.557088 at y = 1.060000

phi_e, max: 6842.162564 at y = 1.060000
phi_m, max: 292.981701 at y = 1.062542

phi_e, max: 11071.887073 at y = 1.065916
phi_m, max: 293.217901 at y = 1.276426

phi_e, max: 15561.578531 at y = 1.279413
phi_m, max: 272.469867 at y = 1.280000

phi_e, max: 21181.668807 at y = 1.280000
phi_m, max: 229.617795 at y = 1.308571

phi_e, max: 21076.102690 at y = 1.280000
phi_m, max: 179.352661 at y = 1.308571

phi_e, max: 18801.878692 at y = 1.280000
phi_m, max: 130.386549 at y = 1.308571

phi_e, max: 14104.535443 at y = 1.280000
phi_m, max: 86.902655 at y = 1.308571

phi_e, max: 9618.509314 at y = 1.280000


 (0.000470623s, XML)
Time-integration  : 22615.1s
Writing: "Fiber2DEphapticLineL2.fld"
 (0.000516288s, XML)
-------------------------------------------
Total Computation Time = 22617.5s
-------------------------------------------
L 2 error (variable um) : 5.4006
L inf error (variable um) : 89.9158
L 2 error (variable ue) : 506.772
L inf error (variable ue) : 5561.15
