Zone start = 0, end = 239, Excite zone = 240, Node zone = 1440, intra zone = 5640, extra zone = 1440 / nq = 5640
v_InitObject: Node = 4200, Myelin = 1440, extracell = 0
Max Anistrength_1  = 12.9582, Anistrength_2 = 12.9582, Min Anistrength 1 = 1, Anistrength 2 = 1
MMFActivation = 5640 /  5640 ( 100 % ) 
*** 1st Moving frames are NOT in unit length, Avg mag. = 11.1937 *** 
*** 2nd Moving frames are NOT in unit length, Avg mag. = 11.1937 *** 
*** Moving frames are Orthogonal
*** MF 0 = ( 0 , 11.1937 , 0 ) 
*** MF 1 = ( 11.1937 , 0 , 0 ) 
*** MF 2 = ( 0 , 0 , 1 ) 
MMFInitObject is done ===========================
*** 1st Moving frames are in unit length ***
*** 2nd Moving frames are in unit length ***
*** Moving frames are Orthogonal
*** MF 0 = ( 0.708203 , 0.706009 , 0 ) 
*** MF 1 = ( 0.706009 , 0.708203 , 0 ) 
*** MF 2 = ( 0 , 0 , 1 ) 
*** 1st Moving frames are NOT in unit length, Avg mag. = 1.41421 *** 
*** 2nd Moving frames are NOT in unit length, Avg mag. = 1.41421 *** 
*** Moving frames are Orthogonal
*** MF 0 = ( 1.00155 , 0.998447 , 0 ) 
*** MF 1 = ( 0.998447 , 1.00155 , 0 ) 
*** MF 2 = ( 0 , 0 , 1 ) 
*** 1st Moving frames are NOT in unit length, Avg mag. = 1.41421 *** 
*** 2nd Moving frames are NOT in unit length, Avg mag. = 1.41421 *** 
*** Moving frames are Orthogonal
*** MF 0 = ( 1.00155 , 0.998447 , 0 ) 
*** MF 1 = ( 0.998447 , 1.00155 , 0 ) 
*** MF 2 = ( 0 , 0 , 1 ) 
k = 0, m_varcoeff = ( 0 , 11.1937 , 0 , 1.64147e-12 , 144.902 ) 
k = 1, m_varcoeff = ( 11.1937 , 0 , 0 , 4.80233e-12 , 144.902 ) 
k = 2, m_varcoeff = ( 0 , 0 , 1 , 0 , 1 ) 
 ::::: 2D Varcoeff is Successfully Created ::::: 

k = 0, m_varcoeff = ( 1.00155 , 0.998447 , 0 , 1.7297e-06 , 2 ) 
k = 1, m_varcoeff = ( 0.998447 , 1.00155 , 0 , 4.94203e-06 , 2 ) 
k = 2, m_varcoeff = ( 0 , 0 , 1 , 0 , 1 ) 
 ::::: 2D Varcoeff is Successfully Created ::::: 

=======================================================================
	        EquationType: MMFNeuralEP
	        Session Name: NeuralEP2DmonoDWCL2_D
	        Spatial Dim.: 3
	  Max SEM Exp. Order: 5
	      Expansion Dim.: 2
	     Projection Type: Continuous Galerkin
	 Advect. advancement: explicit
	Diffuse. advancement: implicit
	           Time Step: 1e-07
	        No. of Steps: 10000000
	 Checkpoints (steps): 1000000
	    Integration Type: IMEX
	             Surface: Line
	           DerivType: Euclidean
	              MMFdir: TangentY
	        NeuralEPType: NeuralEP2Dbi
	      ExtCurrentType: WithCurrent
	       GlobalSysSoln: DirectMultiLevelStaticCond
	       TimeMapScheme: DeActivated
	        TimeMapStart: 0
	          TimeMapEnd: 10000
	          Fiber Type: MonoBCDirichlet
	        Fiber Length: 0.01
	         Node Length: 0.01
	       Myelin Length: 0.2
	               Nnode: 10
	         Temperature: 24
	            diameter: 0.01
	             Helmtau: 1
=======================================================================
Initial Conditions:
  - Field um: 0
  - Field ue: 0
Initial Conditions:
  - Field um: 0
  - Field ue: 0
Writing: "NeuralEP2DmonoDWCL2_D_initial.chk"
 (0.000668083s, XML)
Steps: 1000000  Time: 0.1         
Writing: "NeuralEP2DmonoDWCL2_D_phie_1.chk"
 (0.00683706s, XML)

Time: 0.100000
CPU Time: 204.751899 min.
phi_m, max: 293.437662 at y = 0.226426

phi_e, max: 1786.395956 at y = 0.436426


Writing: "NeuralEP2DmonoDWCL2_D_1.chk"
 (0.00192717s, XML)
Steps: 2000000  Time: 0.2         
Writing: "NeuralEP2DmonoDWCL2_D_phie_2.chk"
 (0.00573624s, XML)

Time: 0.100000
CPU Time: 204.751899 min.
phi_m, max: 293.437662 at y = 0.226426

phi_e, max: 1786.395956 at y = 0.436426

Time: 0.200000
CPU Time: 205.009083 min.
phi_m, max: 292.681887 at y = 0.438213

phi_e, max: 8907.037052 at y = 0.640587


Writing: "NeuralEP2DmonoDWCL2_D_2.chk"
 (0.00188847s, XML)
Steps: 3000000  Time: 0.3         
Writing: "NeuralEP2DmonoDWCL2_D_phie_3.chk"
 (0.0059431s, XML)

Time: 0.100000
CPU Time: 204.751899 min.
phi_m, max: 293.437662 at y = 0.226426

phi_e, max: 1786.395956 at y = 0.436426

Time: 0.200000
CPU Time: 205.009083 min.
phi_m, max: 292.681887 at y = 0.438213

phi_e, max: 8907.037052 at y = 0.640587

Time: 0.300000
CPU Time: 169.695001 min.
phi_m, max: 294.241020 at y = 0.824785

phi_e, max: 3204.504392 at y = 0.645587


Writing: "NeuralEP2DmonoDWCL2_D_3.chk"
 (0.00167319s, XML)
Steps: 4000000  Time: 0.4         
Writing: "NeuralEP2DmonoDWCL2_D_phie_4.chk"
 (0.00466272s, XML)

Time: 0.100000
CPU Time: 204.751899 min.
phi_m, max: 293.437662 at y = 0.226426

phi_e, max: 1786.395956 at y = 0.436426

Time: 0.200000
CPU Time: 205.009083 min.
phi_m, max: 292.681887 at y = 0.438213

phi_e, max: 8907.037052 at y = 0.640587

Time: 0.300000
CPU Time: 169.695001 min.
phi_m, max: 294.241020 at y = 0.824785

phi_e, max: 3204.504392 at y = 0.645587

Time: 0.400000
CPU Time: 166.340928 min.
phi_m, max: 293.419400 at y = 1.066426

phi_e, max: 10387.568075 at y = 1.061624


Writing: "NeuralEP2DmonoDWCL2_D_4.chk"
 (0.00148851s, XML)
Steps: 5000000  Time: 0.5         
Writing: "NeuralEP2DmonoDWCL2_D_phie_5.chk"
 (0.00465187s, XML)

Time: 0.100000
CPU Time: 204.751899 min.
phi_m, max: 293.437662 at y = 0.226426

phi_e, max: 1786.395956 at y = 0.436426

Time: 0.200000
CPU Time: 205.009083 min.
phi_m, max: 292.681887 at y = 0.438213

phi_e, max: 8907.037052 at y = 0.640587

Time: 0.300000
CPU Time: 169.695001 min.
phi_m, max: 294.241020 at y = 0.824785

phi_e, max: 3204.504392 at y = 0.645587

Time: 0.400000
CPU Time: 166.340928 min.
phi_m, max: 293.419400 at y = 1.066426

phi_e, max: 10387.568075 at y = 1.061624

Time: 0.500000
CPU Time: 149.428985 min.
phi_m, max: 292.694475 at y = 1.278213

phi_e, max: 32045.936351 at y = 1.480587


Writing: "NeuralEP2DmonoDWCL2_D_5.chk"
 (0.00146589s, XML)
Steps: 6000000  Time: 0.6         
Writing: "NeuralEP2DmonoDWCL2_D_phie_6.chk"
 (0.00355778s, XML)

Time: 0.100000
CPU Time: 204.751899 min.
phi_m, max: 293.437662 at y = 0.226426

phi_e, max: 1786.395956 at y = 0.436426

Time: 0.200000
CPU Time: 205.009083 min.
phi_m, max: 292.681887 at y = 0.438213

phi_e, max: 8907.037052 at y = 0.640587

Time: 0.300000
CPU Time: 169.695001 min.
phi_m, max: 294.241020 at y = 0.824785

phi_e, max: 3204.504392 at y = 0.645587

Time: 0.400000
CPU Time: 166.340928 min.
phi_m, max: 293.419400 at y = 1.066426

phi_e, max: 10387.568075 at y = 1.061624

Time: 0.500000
CPU Time: 149.428985 min.
phi_m, max: 292.694475 at y = 1.278213

phi_e, max: 32045.936351 at y = 1.480587

Time: 0.600000
CPU Time: 147.973773 min.
phi_m, max: 294.406161 at y = 1.664785

phi_e, max: 14130.524377 at y = 1.485449


Writing: "NeuralEP2DmonoDWCL2_D_6.chk"
 (0.00145174s, XML)
Steps: 7000000  Time: 0.7         
Writing: "NeuralEP2DmonoDWCL2_D_phie_7.chk"
 (0.00370086s, XML)

Time: 0.100000
CPU Time: 204.751899 min.
phi_m, max: 293.437662 at y = 0.226426

phi_e, max: 1786.395956 at y = 0.436426

Time: 0.200000
CPU Time: 205.009083 min.
phi_m, max: 292.681887 at y = 0.438213

phi_e, max: 8907.037052 at y = 0.640587

Time: 0.300000
CPU Time: 169.695001 min.
phi_m, max: 294.241020 at y = 0.824785

phi_e, max: 3204.504392 at y = 0.645587

Time: 0.400000
CPU Time: 166.340928 min.
phi_m, max: 293.419400 at y = 1.066426

phi_e, max: 10387.568075 at y = 1.061624

Time: 0.500000
CPU Time: 149.428985 min.
phi_m, max: 292.694475 at y = 1.278213

phi_e, max: 32045.936351 at y = 1.480587

Time: 0.600000
CPU Time: 147.973773 min.
phi_m, max: 294.406161 at y = 1.664785

phi_e, max: 14130.524377 at y = 1.485449

Time: 0.700000
CPU Time: 150.043589 min.
phi_m, max: 293.419515 at y = 1.906426

phi_e, max: 21957.269328 at y = 1.900587


Writing: "NeuralEP2DmonoDWCL2_D_7.chk"
 (0.00147105s, XML)
Steps: 8000000  Time: 0.8         
Writing: "NeuralEP2DmonoDWCL2_D_phie_8.chk"
 (0.00442931s, XML)

Time: 0.100000
CPU Time: 204.751899 min.
phi_m, max: 293.437662 at y = 0.226426

phi_e, max: 1786.395956 at y = 0.436426

Time: 0.200000
CPU Time: 205.009083 min.
phi_m, max: 292.681887 at y = 0.438213

phi_e, max: 8907.037052 at y = 0.640587

Time: 0.300000
CPU Time: 169.695001 min.
phi_m, max: 294.241020 at y = 0.824785

phi_e, max: 3204.504392 at y = 0.645587

Time: 0.400000
CPU Time: 166.340928 min.
phi_m, max: 293.419400 at y = 1.066426

phi_e, max: 10387.568075 at y = 1.061624

Time: 0.500000
CPU Time: 149.428985 min.
phi_m, max: 292.694475 at y = 1.278213

phi_e, max: 32045.936351 at y = 1.480587

Time: 0.600000
CPU Time: 147.973773 min.
phi_m, max: 294.406161 at y = 1.664785

phi_e, max: 14130.524377 at y = 1.485449

Time: 0.700000
CPU Time: 150.043589 min.
phi_m, max: 293.419515 at y = 1.906426

phi_e, max: 21957.269328 at y = 1.900587

Time: 0.800000
CPU Time: 145.280590 min.
phi_m, max: 292.763172 at y = 2.120000

phi_e, max: 26797.389434 at y = 2.120000


Writing: "NeuralEP2DmonoDWCL2_D_8.chk"
 (0.00141857s, XML)
Steps: 9000000  Time: 0.9         
Writing: "NeuralEP2DmonoDWCL2_D_phie_9.chk"
 (0.00443836s, XML)

Time: 0.100000
CPU Time: 204.751899 min.
phi_m, max: 293.437662 at y = 0.226426

phi_e, max: 1786.395956 at y = 0.436426

Time: 0.200000
CPU Time: 205.009083 min.
phi_m, max: 292.681887 at y = 0.438213

phi_e, max: 8907.037052 at y = 0.640587

Time: 0.300000
CPU Time: 169.695001 min.
phi_m, max: 294.241020 at y = 0.824785

phi_e, max: 3204.504392 at y = 0.645587

Time: 0.400000
CPU Time: 166.340928 min.
phi_m, max: 293.419400 at y = 1.066426

phi_e, max: 10387.568075 at y = 1.061624

Time: 0.500000
CPU Time: 149.428985 min.
phi_m, max: 292.694475 at y = 1.278213

phi_e, max: 32045.936351 at y = 1.480587

Time: 0.600000
CPU Time: 147.973773 min.
phi_m, max: 294.406161 at y = 1.664785

phi_e, max: 14130.524377 at y = 1.485449

Time: 0.700000
CPU Time: 150.043589 min.
phi_m, max: 293.419515 at y = 1.906426

phi_e, max: 21957.269328 at y = 1.900587

Time: 0.800000
CPU Time: 145.280590 min.
phi_m, max: 292.763172 at y = 2.120000

phi_e, max: 26797.389434 at y = 2.120000

Time: 0.900000
CPU Time: 143.884783 min.
phi_m, max: 263.651980 at y = 2.120000

phi_e, max: 20630.967860 at y = 2.120000


Writing: "NeuralEP2DmonoDWCL2_D_9.chk"
 (0.00139999s, XML)
Steps: 10000000 Time: 1           
Writing: "NeuralEP2DmonoDWCL2_D_phie_10.chk"
 (0.00353394s, XML)

Time: 0.100000
CPU Time: 204.751899 min.
phi_m, max: 293.437662 at y = 0.226426

phi_e, max: 1786.395956 at y = 0.436426

Time: 0.200000
CPU Time: 205.009083 min.
phi_m, max: 292.681887 at y = 0.438213

phi_e, max: 8907.037052 at y = 0.640587

Time: 0.300000
CPU Time: 169.695001 min.
phi_m, max: 294.241020 at y = 0.824785

phi_e, max: 3204.504392 at y = 0.645587

Time: 0.400000
CPU Time: 166.340928 min.
phi_m, max: 293.419400 at y = 1.066426

phi_e, max: 10387.568075 at y = 1.061624

Time: 0.500000
CPU Time: 149.428985 min.
phi_m, max: 292.694475 at y = 1.278213

phi_e, max: 32045.936351 at y = 1.480587

Time: 0.600000
CPU Time: 147.973773 min.
phi_m, max: 294.406161 at y = 1.664785

phi_e, max: 14130.524377 at y = 1.485449

Time: 0.700000
CPU Time: 150.043589 min.
phi_m, max: 293.419515 at y = 1.906426

phi_e, max: 21957.269328 at y = 1.900587

Time: 0.800000
CPU Time: 145.280590 min.
phi_m, max: 292.763172 at y = 2.120000

phi_e, max: 26797.389434 at y = 2.120000

Time: 0.900000
CPU Time: 143.884783 min.
phi_m, max: 263.651980 at y = 2.120000

phi_e, max: 20630.967860 at y = 2.120000

Time: 1.000000
CPU Time: 143.347560 min.
phi_m, max: 217.271221 at y = 2.120000

phi_e, max: 14559.022653 at y = 2.120000


Writing: "NeuralEP2DmonoDWCL2_D_10.chk"
 (0.00140256s, XML)
Time-integration  : 97545.4s
Writing: "NeuralEP2DmonoDWCL2_D.fld"
 (0.00170213s, XML)
-------------------------------------------
Total Computation Time = 97548s
-------------------------------------------
L 2 error (variable um) : 5.05764
L inf error (variable um) : 85.9612
L 2 error (variable ue) : 527.032
L inf error (variable ue) : 5760.13
