Zone start = 0, end = 239, Excite zone = 240, Node zone = 1440, intra zone = 5640, extra zone = 1440 / nq = 5640
v_InitObject: Node = 4200, Myelin = 1440, extracell = 0
Max Anistrength_1  = 12.9582, Anistrength_2 = 12.9582, Min Anistrength 1 = 1, Anistrength 2 = 1
MMFActivation = 5640 /  5640 ( 100 % ) 
*** 1st Moving frames are NOT in unit length, Avg mag. = 11.1937 *** 
*** 2nd Moving frames are NOT in unit length, Avg mag. = 11.1937 *** 
*** Moving frames are Orthogonal
*** MF 0 = ( 0 , 11.1937 , 0 ) 
*** MF 1 = ( 11.1937 , 0 , 0 ) 
*** MF 2 = ( 0 , 0 , 1 ) 
MMFInitObject is done ===========================
*** 1st Moving frames are in unit length ***
*** 2nd Moving frames are in unit length ***
*** Moving frames are Orthogonal
*** MF 0 = ( 0.708203 , 0.706009 , 0 ) 
*** MF 1 = ( 0.706009 , 0.708203 , 0 ) 
*** MF 2 = ( 0 , 0 , 1 ) 
*** 1st Moving frames are NOT in unit length, Avg mag. = 1.41421 *** 
*** 2nd Moving frames are NOT in unit length, Avg mag. = 1.41421 *** 
*** Moving frames are Orthogonal
*** MF 0 = ( 1.00155 , 0.998447 , 0 ) 
*** MF 1 = ( 0.998447 , 1.00155 , 0 ) 
*** MF 2 = ( 0 , 0 , 1 ) 
*** 1st Moving frames are NOT in unit length, Avg mag. = 1.41421 *** 
*** 2nd Moving frames are NOT in unit length, Avg mag. = 1.41421 *** 
*** Moving frames are Orthogonal
*** MF 0 = ( 1.00155 , 0.998447 , 0 ) 
*** MF 1 = ( 0.998447 , 1.00155 , 0 ) 
*** MF 2 = ( 0 , 0 , 1 ) 
k = 0, m_varcoeff = ( 0 , 11.1937 , 0 , 1.64147e-12 , 144.902 ) 
k = 1, m_varcoeff = ( 11.1937 , 0 , 0 , 4.80233e-12 , 144.902 ) 
k = 2, m_varcoeff = ( 0 , 0 , 1 , 0 , 1 ) 
 ::::: 2D Varcoeff is Successfully Created ::::: 

k = 0, m_varcoeff = ( 1.00155 , 0.998447 , 0 , 1.7297e-06 , 2 ) 
k = 1, m_varcoeff = ( 0.998447 , 1.00155 , 0 , 4.94203e-06 , 2 ) 
k = 2, m_varcoeff = ( 0 , 0 , 1 , 0 , 1 ) 
 ::::: 2D Varcoeff is Successfully Created ::::: 

=======================================================================
	        EquationType: MMFNeuralEP
	        Session Name: NeuralEP2DmonoDWCL2
	        Spatial Dim.: 3
	  Max SEM Exp. Order: 5
	      Expansion Dim.: 2
	     Projection Type: Continuous Galerkin
	 Advect. advancement: explicit
	Diffuse. advancement: implicit
	           Time Step: 1e-07
	        No. of Steps: 10000000
	 Checkpoints (steps): 1000000
	    Integration Type: IMEX
	             Surface: Plane
	           DerivType: Euclidean
	              MMFdir: TangentY
	        NeuralEPType: NeuralEP2Dbi
	      ExtCurrentType: WithCurrent
	       GlobalSysSoln: DirectMultiLevelStaticCond
	       TimeMapScheme: DeActivated
	        TimeMapStart: 0
	          TimeMapEnd: 10000
	        Fiber Length: 0.01
	         Node Length: 0.01
	       Myelin Length: 0.2
	               Nnode: 10
	         Temperature: 24
	            diameter: 0.01
	             Helmtau: 1
=======================================================================
Initial Conditions:
  - Field um: 0
  - Field ue: 0
Initial Conditions:
  - Field um: 0
  - Field ue: 0
Writing: "NeuralEP2DmonoDWCL2_initial.chk"
 (0.000563266s, XML)
Steps: 1000000  Time: 0.1         
Writing: "NeuralEP2DmonoDWCL2_phie_1.chk"
 (0.00561272s, XML)

Time: 0.100000
CPU Time: 152.121419 min.
phi_m, max: 293.437662 at y = 0.226426

phi_e, max: 1786.395956 at y = 0.436426
phi_e, min: -498.487150 at y = 0.221175


Time: 0.100000
CPU Time: 152.121419 min.
phi_m, max: 293.437662 at y = 0.226426

phi_e, max: 1786.395956 at y = 0.436426
phi_e, min: -498.487150 at y = 0.221175 
(Nodeid,phim): ( 0 , 112.582007 ) ( 1 , 112.582388 ) ( 2 , 114.443316 ) ( 3 , 28.637662 ) ( 4 , -0.170539 ) ( 5 , -0.003069 ) ( 6 , -0.001177 ) ( 7 , -0.001155 ) ( 8 , -0.001155 ) ( 9 , -0.001155 )  


Writing: "NeuralEP2DmonoDWCL2_1.chk"
 (0.00154898s, XML)
Steps: 2000000  Time: 0.2         
Writing: "NeuralEP2DmonoDWCL2_phie_2.chk"
 (0.00448571s, XML)

Time: 0.100000
CPU Time: 152.121419 min.
phi_m, max: 293.437662 at y = 0.226426

phi_e, max: 1786.395956 at y = 0.436426
phi_e, min: -498.487150 at y = 0.221175 
(Nodeid,phim): ( 0 , 112.582007 ) ( 1 , 112.582388 ) ( 2 , 114.443316 ) ( 3 , 28.637662 ) ( 4 , -0.170539 ) ( 5 , -0.003069 ) ( 6 , -0.001177 ) ( 7 , -0.001155 ) ( 8 , -0.001155 ) ( 9 , -0.001155 )  

Time: 0.200000
CPU Time: 145.148825 min.
phi_m, max: 292.681887 at y = 0.438213

phi_e, max: 0.000000 at y = 0.000000
phi_e, min: -8907.037052 at y = 0.640587


Time: 0.100000
CPU Time: 152.121419 min.
phi_m, max: 293.437662 at y = 0.226426

phi_e, max: 1786.395956 at y = 0.436426
phi_e, min: -498.487150 at y = 0.221175 
(Nodeid,phim): ( 0 , 112.582007 ) ( 1 , 112.582388 ) ( 2 , 114.443316 ) ( 3 , 28.637662 ) ( 4 , -0.170539 ) ( 5 , -0.003069 ) ( 6 , -0.001177 ) ( 7 , -0.001155 ) ( 8 , -0.001155 ) ( 9 , -0.001155 )  

Time: 0.200000
CPU Time: 145.148825 min.
phi_m, max: 292.681887 at y = 0.438213

phi_e, max: 0.000000 at y = 0.000000
phi_e, min: -8907.037052 at y = 0.640587 
(Nodeid,phim): ( 0 , 97.501107 ) ( 1 , 97.574801 ) ( 2 , 104.627614 ) ( 3 , 113.593209 ) ( 4 , 66.764577 ) ( 5 , 2.466262 ) ( 6 , 0.026621 ) ( 7 , -0.000851 ) ( 8 , -0.001160 ) ( 9 , -0.001164 )  


Writing: "NeuralEP2DmonoDWCL2_2.chk"
 (0.00145942s, XML)
Steps: 3000000  Time: 0.3         
Writing: "NeuralEP2DmonoDWCL2_phie_3.chk"
 (0.00423365s, XML)

Time: 0.100000
CPU Time: 152.121419 min.
phi_m, max: 293.437662 at y = 0.226426

phi_e, max: 1786.395956 at y = 0.436426
phi_e, min: -498.487150 at y = 0.221175 
(Nodeid,phim): ( 0 , 112.582007 ) ( 1 , 112.582388 ) ( 2 , 114.443316 ) ( 3 , 28.637662 ) ( 4 , -0.170539 ) ( 5 , -0.003069 ) ( 6 , -0.001177 ) ( 7 , -0.001155 ) ( 8 , -0.001155 ) ( 9 , -0.001155 )  

Time: 0.200000
CPU Time: 145.148825 min.
phi_m, max: 292.681887 at y = 0.438213

phi_e, max: 0.000000 at y = 0.000000
phi_e, min: -8907.037052 at y = 0.640587 
(Nodeid,phim): ( 0 , 97.501107 ) ( 1 , 97.574801 ) ( 2 , 104.627614 ) ( 3 , 113.593209 ) ( 4 , 66.764577 ) ( 5 , 2.466262 ) ( 6 , 0.026621 ) ( 7 , -0.000851 ) ( 8 , -0.001160 ) ( 9 , -0.001164 )  

Time: 0.300000
CPU Time: 141.574211 min.
phi_m, max: 294.241020 at y = 0.824785

phi_e, max: 1291.786599 at y = 2.120000
phi_e, min: -3204.504392 at y = 0.645587


Time: 0.100000
CPU Time: 152.121419 min.
phi_m, max: 293.437662 at y = 0.226426

phi_e, max: 1786.395956 at y = 0.436426
phi_e, min: -498.487150 at y = 0.221175 
(Nodeid,phim): ( 0 , 112.582007 ) ( 1 , 112.582388 ) ( 2 , 114.443316 ) ( 3 , 28.637662 ) ( 4 , -0.170539 ) ( 5 , -0.003069 ) ( 6 , -0.001177 ) ( 7 , -0.001155 ) ( 8 , -0.001155 ) ( 9 , -0.001155 )  

Time: 0.200000
CPU Time: 145.148825 min.
phi_m, max: 292.681887 at y = 0.438213

phi_e, max: 0.000000 at y = 0.000000
phi_e, min: -8907.037052 at y = 0.640587 
(Nodeid,phim): ( 0 , 97.501107 ) ( 1 , 97.574801 ) ( 2 , 104.627614 ) ( 3 , 113.593209 ) ( 4 , 66.764577 ) ( 5 , 2.466262 ) ( 6 , 0.026621 ) ( 7 , -0.000851 ) ( 8 , -0.001160 ) ( 9 , -0.001164 )  

Time: 0.300000
CPU Time: 141.574211 min.
phi_m, max: 294.241020 at y = 0.824785

phi_e, max: 1291.786599 at y = 2.120000
phi_e, min: -3204.504392 at y = 0.645587 
(Nodeid,phim): ( 0 , 78.114400 ) ( 1 , 78.203434 ) ( 2 , 86.558508 ) ( 3 , 100.474949 ) ( 4 , 111.520371 ) ( 5 , 103.750325 ) ( 6 , 7.394736 ) ( 7 , 0.081361 ) ( 8 , -0.000225 ) ( 9 , -0.001145 )  


Writing: "NeuralEP2DmonoDWCL2_3.chk"
 (0.00143012s, XML)
Steps: 4000000  Time: 0.4         
Writing: "NeuralEP2DmonoDWCL2_phie_4.chk"
 (0.0044562s, XML)

Time: 0.100000
CPU Time: 152.121419 min.
phi_m, max: 293.437662 at y = 0.226426

phi_e, max: 1786.395956 at y = 0.436426
phi_e, min: -498.487150 at y = 0.221175 
(Nodeid,phim): ( 0 , 112.582007 ) ( 1 , 112.582388 ) ( 2 , 114.443316 ) ( 3 , 28.637662 ) ( 4 , -0.170539 ) ( 5 , -0.003069 ) ( 6 , -0.001177 ) ( 7 , -0.001155 ) ( 8 , -0.001155 ) ( 9 , -0.001155 )  

Time: 0.200000
CPU Time: 145.148825 min.
phi_m, max: 292.681887 at y = 0.438213

phi_e, max: 0.000000 at y = 0.000000
phi_e, min: -8907.037052 at y = 0.640587 
(Nodeid,phim): ( 0 , 97.501107 ) ( 1 , 97.574801 ) ( 2 , 104.627614 ) ( 3 , 113.593209 ) ( 4 , 66.764577 ) ( 5 , 2.466262 ) ( 6 , 0.026621 ) ( 7 , -0.000851 ) ( 8 , -0.001160 ) ( 9 , -0.001164 )  

Time: 0.300000
CPU Time: 141.574211 min.
phi_m, max: 294.241020 at y = 0.824785

phi_e, max: 1291.786599 at y = 2.120000
phi_e, min: -3204.504392 at y = 0.645587 
(Nodeid,phim): ( 0 , 78.114400 ) ( 1 , 78.203434 ) ( 2 , 86.558508 ) ( 3 , 100.474949 ) ( 4 , 111.520371 ) ( 5 , 103.750325 ) ( 6 , 7.394736 ) ( 7 , 0.081361 ) ( 8 , -0.000225 ) ( 9 , -0.001145 )  

Time: 0.400000
CPU Time: 140.840507 min.
phi_m, max: 293.419400 at y = 1.066426

phi_e, max: 0.000000 at y = 0.000000
phi_e, min: -10387.568075 at y = 1.061624


Time: 0.100000
CPU Time: 152.121419 min.
phi_m, max: 293.437662 at y = 0.226426

phi_e, max: 1786.395956 at y = 0.436426
phi_e, min: -498.487150 at y = 0.221175 
(Nodeid,phim): ( 0 , 112.582007 ) ( 1 , 112.582388 ) ( 2 , 114.443316 ) ( 3 , 28.637662 ) ( 4 , -0.170539 ) ( 5 , -0.003069 ) ( 6 , -0.001177 ) ( 7 , -0.001155 ) ( 8 , -0.001155 ) ( 9 , -0.001155 )  

Time: 0.200000
CPU Time: 145.148825 min.
phi_m, max: 292.681887 at y = 0.438213

phi_e, max: 0.000000 at y = 0.000000
phi_e, min: -8907.037052 at y = 0.640587 
(Nodeid,phim): ( 0 , 97.501107 ) ( 1 , 97.574801 ) ( 2 , 104.627614 ) ( 3 , 113.593209 ) ( 4 , 66.764577 ) ( 5 , 2.466262 ) ( 6 , 0.026621 ) ( 7 , -0.000851 ) ( 8 , -0.001160 ) ( 9 , -0.001164 )  

Time: 0.300000
CPU Time: 141.574211 min.
phi_m, max: 294.241020 at y = 0.824785

phi_e, max: 1291.786599 at y = 2.120000
phi_e, min: -3204.504392 at y = 0.645587 
(Nodeid,phim): ( 0 , 78.114400 ) ( 1 , 78.203434 ) ( 2 , 86.558508 ) ( 3 , 100.474949 ) ( 4 , 111.520371 ) ( 5 , 103.750325 ) ( 6 , 7.394736 ) ( 7 , 0.081361 ) ( 8 , -0.000225 ) ( 9 , -0.001145 )  

Time: 0.400000
CPU Time: 140.840507 min.
phi_m, max: 293.419400 at y = 1.066426

phi_e, max: 0.000000 at y = 0.000000
phi_e, min: -10387.568075 at y = 1.061624 
(Nodeid,phim): ( 0 , 58.168642 ) ( 1 , 58.255956 ) ( 2 , 66.440275 ) ( 3 , 81.508111 ) ( 4 , 96.032458 ) ( 5 , 108.277902 ) ( 6 , 114.392662 ) ( 7 , 28.468373 ) ( 8 , -0.169626 ) ( 9 , -0.003048 )  


Writing: "NeuralEP2DmonoDWCL2_4.chk"
 (0.00145455s, XML)
Steps: 5000000  Time: 0.5         
Writing: "NeuralEP2DmonoDWCL2_phie_5.chk"
 (0.00354582s, XML)

Time: 0.100000
CPU Time: 152.121419 min.
phi_m, max: 293.437662 at y = 0.226426

phi_e, max: 1786.395956 at y = 0.436426
phi_e, min: -498.487150 at y = 0.221175 
(Nodeid,phim): ( 0 , 112.582007 ) ( 1 , 112.582388 ) ( 2 , 114.443316 ) ( 3 , 28.637662 ) ( 4 , -0.170539 ) ( 5 , -0.003069 ) ( 6 , -0.001177 ) ( 7 , -0.001155 ) ( 8 , -0.001155 ) ( 9 , -0.001155 )  

Time: 0.200000
CPU Time: 145.148825 min.
phi_m, max: 292.681887 at y = 0.438213

phi_e, max: 0.000000 at y = 0.000000
phi_e, min: -8907.037052 at y = 0.640587 
(Nodeid,phim): ( 0 , 97.501107 ) ( 1 , 97.574801 ) ( 2 , 104.627614 ) ( 3 , 113.593209 ) ( 4 , 66.764577 ) ( 5 , 2.466262 ) ( 6 , 0.026621 ) ( 7 , -0.000851 ) ( 8 , -0.001160 ) ( 9 , -0.001164 )  

Time: 0.300000
CPU Time: 141.574211 min.
phi_m, max: 294.241020 at y = 0.824785

phi_e, max: 1291.786599 at y = 2.120000
phi_e, min: -3204.504392 at y = 0.645587 
(Nodeid,phim): ( 0 , 78.114400 ) ( 1 , 78.203434 ) ( 2 , 86.558508 ) ( 3 , 100.474949 ) ( 4 , 111.520371 ) ( 5 , 103.750325 ) ( 6 , 7.394736 ) ( 7 , 0.081361 ) ( 8 , -0.000225 ) ( 9 , -0.001145 )  

Time: 0.400000
CPU Time: 140.840507 min.
phi_m, max: 293.419400 at y = 1.066426

phi_e, max: 0.000000 at y = 0.000000
phi_e, min: -10387.568075 at y = 1.061624 
(Nodeid,phim): ( 0 , 58.168642 ) ( 1 , 58.255956 ) ( 2 , 66.440275 ) ( 3 , 81.508111 ) ( 4 , 96.032458 ) ( 5 , 108.277902 ) ( 6 , 114.392662 ) ( 7 , 28.468373 ) ( 8 , -0.169626 ) ( 9 , -0.003048 )  

Time: 0.500000
CPU Time: 140.406391 min.
phi_m, max: 292.694475 at y = 1.278213

phi_e, max: 0.000000 at y = 0.000000
phi_e, min: -32045.936351 at y = 1.480587


Time: 0.100000
CPU Time: 152.121419 min.
phi_m, max: 293.437662 at y = 0.226426

phi_e, max: 1786.395956 at y = 0.436426
phi_e, min: -498.487150 at y = 0.221175 
(Nodeid,phim): ( 0 , 112.582007 ) ( 1 , 112.582388 ) ( 2 , 114.443316 ) ( 3 , 28.637662 ) ( 4 , -0.170539 ) ( 5 , -0.003069 ) ( 6 , -0.001177 ) ( 7 , -0.001155 ) ( 8 , -0.001155 ) ( 9 , -0.001155 )  

Time: 0.200000
CPU Time: 145.148825 min.
phi_m, max: 292.681887 at y = 0.438213

phi_e, max: 0.000000 at y = 0.000000
phi_e, min: -8907.037052 at y = 0.640587 
(Nodeid,phim): ( 0 , 97.501107 ) ( 1 , 97.574801 ) ( 2 , 104.627614 ) ( 3 , 113.593209 ) ( 4 , 66.764577 ) ( 5 , 2.466262 ) ( 6 , 0.026621 ) ( 7 , -0.000851 ) ( 8 , -0.001160 ) ( 9 , -0.001164 )  

Time: 0.300000
CPU Time: 141.574211 min.
phi_m, max: 294.241020 at y = 0.824785

phi_e, max: 1291.786599 at y = 2.120000
phi_e, min: -3204.504392 at y = 0.645587 
(Nodeid,phim): ( 0 , 78.114400 ) ( 1 , 78.203434 ) ( 2 , 86.558508 ) ( 3 , 100.474949 ) ( 4 , 111.520371 ) ( 5 , 103.750325 ) ( 6 , 7.394736 ) ( 7 , 0.081361 ) ( 8 , -0.000225 ) ( 9 , -0.001145 )  

Time: 0.400000
CPU Time: 140.840507 min.
phi_m, max: 293.419400 at y = 1.066426

phi_e, max: 0.000000 at y = 0.000000
phi_e, min: -10387.568075 at y = 1.061624 
(Nodeid,phim): ( 0 , 58.168642 ) ( 1 , 58.255956 ) ( 2 , 66.440275 ) ( 3 , 81.508111 ) ( 4 , 96.032458 ) ( 5 , 108.277902 ) ( 6 , 114.392662 ) ( 7 , 28.468373 ) ( 8 , -0.169626 ) ( 9 , -0.003048 )  

Time: 0.500000
CPU Time: 140.406391 min.
phi_m, max: 292.694475 at y = 1.278213

phi_e, max: 0.000000 at y = 0.000000
phi_e, min: -32045.936351 at y = 1.480587 
(Nodeid,phim): ( 0 , 40.495729 ) ( 1 , 40.577070 ) ( 2 , 47.581032 ) ( 3 , 61.409924 ) ( 4 , 76.466264 ) ( 5 , 91.354352 ) ( 6 , 104.582444 ) ( 7 , 113.598015 ) ( 8 , 66.521914 ) ( 9 , 2.439255 )  


Writing: "NeuralEP2DmonoDWCL2_5.chk"
 (0.0014078s, XML)
Steps: 6000000  Time: 0.6         
Writing: "NeuralEP2DmonoDWCL2_phie_6.chk"
 (0.00338375s, XML)

Time: 0.100000
CPU Time: 152.121419 min.
phi_m, max: 293.437662 at y = 0.226426

phi_e, max: 1786.395956 at y = 0.436426
phi_e, min: -498.487150 at y = 0.221175 
(Nodeid,phim): ( 0 , 112.582007 ) ( 1 , 112.582388 ) ( 2 , 114.443316 ) ( 3 , 28.637662 ) ( 4 , -0.170539 ) ( 5 , -0.003069 ) ( 6 , -0.001177 ) ( 7 , -0.001155 ) ( 8 , -0.001155 ) ( 9 , -0.001155 )  

Time: 0.200000
CPU Time: 145.148825 min.
phi_m, max: 292.681887 at y = 0.438213

phi_e, max: 0.000000 at y = 0.000000
phi_e, min: -8907.037052 at y = 0.640587 
(Nodeid,phim): ( 0 , 97.501107 ) ( 1 , 97.574801 ) ( 2 , 104.627614 ) ( 3 , 113.593209 ) ( 4 , 66.764577 ) ( 5 , 2.466262 ) ( 6 , 0.026621 ) ( 7 , -0.000851 ) ( 8 , -0.001160 ) ( 9 , -0.001164 )  

Time: 0.300000
CPU Time: 141.574211 min.
phi_m, max: 294.241020 at y = 0.824785

phi_e, max: 1291.786599 at y = 2.120000
phi_e, min: -3204.504392 at y = 0.645587 
(Nodeid,phim): ( 0 , 78.114400 ) ( 1 , 78.203434 ) ( 2 , 86.558508 ) ( 3 , 100.474949 ) ( 4 , 111.520371 ) ( 5 , 103.750325 ) ( 6 , 7.394736 ) ( 7 , 0.081361 ) ( 8 , -0.000225 ) ( 9 , -0.001145 )  

Time: 0.400000
CPU Time: 140.840507 min.
phi_m, max: 293.419400 at y = 1.066426

phi_e, max: 0.000000 at y = 0.000000
phi_e, min: -10387.568075 at y = 1.061624 
(Nodeid,phim): ( 0 , 58.168642 ) ( 1 , 58.255956 ) ( 2 , 66.440275 ) ( 3 , 81.508111 ) ( 4 , 96.032458 ) ( 5 , 108.277902 ) ( 6 , 114.392662 ) ( 7 , 28.468373 ) ( 8 , -0.169626 ) ( 9 , -0.003048 )  

Time: 0.500000
CPU Time: 140.406391 min.
phi_m, max: 292.694475 at y = 1.278213

phi_e, max: 0.000000 at y = 0.000000
phi_e, min: -32045.936351 at y = 1.480587 
(Nodeid,phim): ( 0 , 40.495729 ) ( 1 , 40.577070 ) ( 2 , 47.581032 ) ( 3 , 61.409924 ) ( 4 , 76.466264 ) ( 5 , 91.354352 ) ( 6 , 104.582444 ) ( 7 , 113.598015 ) ( 8 , 66.521914 ) ( 9 , 2.439255 )  

Time: 0.600000
CPU Time: 140.202795 min.
phi_m, max: 294.406161 at y = 1.664785

phi_e, max: 0.000000 at y = 0.000000
phi_e, min: -14130.524377 at y = 1.485449


Time: 0.100000
CPU Time: 152.121419 min.
phi_m, max: 293.437662 at y = 0.226426

phi_e, max: 1786.395956 at y = 0.436426
phi_e, min: -498.487150 at y = 0.221175 
(Nodeid,phim): ( 0 , 112.582007 ) ( 1 , 112.582388 ) ( 2 , 114.443316 ) ( 3 , 28.637662 ) ( 4 , -0.170539 ) ( 5 , -0.003069 ) ( 6 , -0.001177 ) ( 7 , -0.001155 ) ( 8 , -0.001155 ) ( 9 , -0.001155 )  

Time: 0.200000
CPU Time: 145.148825 min.
phi_m, max: 292.681887 at y = 0.438213

phi_e, max: 0.000000 at y = 0.000000
phi_e, min: -8907.037052 at y = 0.640587 
(Nodeid,phim): ( 0 , 97.501107 ) ( 1 , 97.574801 ) ( 2 , 104.627614 ) ( 3 , 113.593209 ) ( 4 , 66.764577 ) ( 5 , 2.466262 ) ( 6 , 0.026621 ) ( 7 , -0.000851 ) ( 8 , -0.001160 ) ( 9 , -0.001164 )  

Time: 0.300000
CPU Time: 141.574211 min.
phi_m, max: 294.241020 at y = 0.824785

phi_e, max: 1291.786599 at y = 2.120000
phi_e, min: -3204.504392 at y = 0.645587 
(Nodeid,phim): ( 0 , 78.114400 ) ( 1 , 78.203434 ) ( 2 , 86.558508 ) ( 3 , 100.474949 ) ( 4 , 111.520371 ) ( 5 , 103.750325 ) ( 6 , 7.394736 ) ( 7 , 0.081361 ) ( 8 , -0.000225 ) ( 9 , -0.001145 )  

Time: 0.400000
CPU Time: 140.840507 min.
phi_m, max: 293.419400 at y = 1.066426

phi_e, max: 0.000000 at y = 0.000000
phi_e, min: -10387.568075 at y = 1.061624 
(Nodeid,phim): ( 0 , 58.168642 ) ( 1 , 58.255956 ) ( 2 , 66.440275 ) ( 3 , 81.508111 ) ( 4 , 96.032458 ) ( 5 , 108.277902 ) ( 6 , 114.392662 ) ( 7 , 28.468373 ) ( 8 , -0.169626 ) ( 9 , -0.003048 )  

Time: 0.500000
CPU Time: 140.406391 min.
phi_m, max: 292.694475 at y = 1.278213

phi_e, max: 0.000000 at y = 0.000000
phi_e, min: -32045.936351 at y = 1.480587 
(Nodeid,phim): ( 0 , 40.495729 ) ( 1 , 40.577070 ) ( 2 , 47.581032 ) ( 3 , 61.409924 ) ( 4 , 76.466264 ) ( 5 , 91.354352 ) ( 6 , 104.582444 ) ( 7 , 113.598015 ) ( 8 , 66.521914 ) ( 9 , 2.439255 )  

Time: 0.600000
CPU Time: 140.202795 min.
phi_m, max: 294.406161 at y = 1.664785

phi_e, max: 0.000000 at y = 0.000000
phi_e, min: -14130.524377 at y = 1.485449 
(Nodeid,phim): ( 0 , 20.953172 ) ( 1 , 21.183318 ) ( 2 , 29.860621 ) ( 3 , 43.180635 ) ( 4 , 56.598485 ) ( 5 , 71.407037 ) ( 6 , 86.502304 ) ( 7 , 100.493913 ) ( 8 , 111.536129 ) ( 9 , 103.618918 )  


Writing: "NeuralEP2DmonoDWCL2_6.chk"
 (0.00138603s, XML)
Steps: 7000000  Time: 0.7         
Writing: "NeuralEP2DmonoDWCL2_phie_7.chk"
 (0.00443338s, XML)

Time: 0.100000
CPU Time: 152.121419 min.
phi_m, max: 293.437662 at y = 0.226426

phi_e, max: 1786.395956 at y = 0.436426
phi_e, min: -498.487150 at y = 0.221175 
(Nodeid,phim): ( 0 , 112.582007 ) ( 1 , 112.582388 ) ( 2 , 114.443316 ) ( 3 , 28.637662 ) ( 4 , -0.170539 ) ( 5 , -0.003069 ) ( 6 , -0.001177 ) ( 7 , -0.001155 ) ( 8 , -0.001155 ) ( 9 , -0.001155 )  

Time: 0.200000
CPU Time: 145.148825 min.
phi_m, max: 292.681887 at y = 0.438213

phi_e, max: 0.000000 at y = 0.000000
phi_e, min: -8907.037052 at y = 0.640587 
(Nodeid,phim): ( 0 , 97.501107 ) ( 1 , 97.574801 ) ( 2 , 104.627614 ) ( 3 , 113.593209 ) ( 4 , 66.764577 ) ( 5 , 2.466262 ) ( 6 , 0.026621 ) ( 7 , -0.000851 ) ( 8 , -0.001160 ) ( 9 , -0.001164 )  

Time: 0.300000
CPU Time: 141.574211 min.
phi_m, max: 294.241020 at y = 0.824785

phi_e, max: 1291.786599 at y = 2.120000
phi_e, min: -3204.504392 at y = 0.645587 
(Nodeid,phim): ( 0 , 78.114400 ) ( 1 , 78.203434 ) ( 2 , 86.558508 ) ( 3 , 100.474949 ) ( 4 , 111.520371 ) ( 5 , 103.750325 ) ( 6 , 7.394736 ) ( 7 , 0.081361 ) ( 8 , -0.000225 ) ( 9 , -0.001145 )  

Time: 0.400000
CPU Time: 140.840507 min.
phi_m, max: 293.419400 at y = 1.066426

phi_e, max: 0.000000 at y = 0.000000
phi_e, min: -10387.568075 at y = 1.061624 
(Nodeid,phim): ( 0 , 58.168642 ) ( 1 , 58.255956 ) ( 2 , 66.440275 ) ( 3 , 81.508111 ) ( 4 , 96.032458 ) ( 5 , 108.277902 ) ( 6 , 114.392662 ) ( 7 , 28.468373 ) ( 8 , -0.169626 ) ( 9 , -0.003048 )  

Time: 0.500000
CPU Time: 140.406391 min.
phi_m, max: 292.694475 at y = 1.278213

phi_e, max: 0.000000 at y = 0.000000
phi_e, min: -32045.936351 at y = 1.480587 
(Nodeid,phim): ( 0 , 40.495729 ) ( 1 , 40.577070 ) ( 2 , 47.581032 ) ( 3 , 61.409924 ) ( 4 , 76.466264 ) ( 5 , 91.354352 ) ( 6 , 104.582444 ) ( 7 , 113.598015 ) ( 8 , 66.521914 ) ( 9 , 2.439255 )  

Time: 0.600000
CPU Time: 140.202795 min.
phi_m, max: 294.406161 at y = 1.664785

phi_e, max: 0.000000 at y = 0.000000
phi_e, min: -14130.524377 at y = 1.485449 
(Nodeid,phim): ( 0 , 20.953172 ) ( 1 , 21.183318 ) ( 2 , 29.860621 ) ( 3 , 43.180635 ) ( 4 , 56.598485 ) ( 5 , 71.407037 ) ( 6 , 86.502304 ) ( 7 , 100.493913 ) ( 8 , 111.536129 ) ( 9 , 103.618918 )  

Time: 0.700000
CPU Time: 139.922280 min.
phi_m, max: 293.419515 at y = 1.906426

phi_e, max: 0.000000 at y = 0.000000
phi_e, min: -21957.269328 at y = 1.900587


Time: 0.100000
CPU Time: 152.121419 min.
phi_m, max: 293.437662 at y = 0.226426

phi_e, max: 1786.395956 at y = 0.436426
phi_e, min: -498.487150 at y = 0.221175 
(Nodeid,phim): ( 0 , 112.582007 ) ( 1 , 112.582388 ) ( 2 , 114.443316 ) ( 3 , 28.637662 ) ( 4 , -0.170539 ) ( 5 , -0.003069 ) ( 6 , -0.001177 ) ( 7 , -0.001155 ) ( 8 , -0.001155 ) ( 9 , -0.001155 )  

Time: 0.200000
CPU Time: 145.148825 min.
phi_m, max: 292.681887 at y = 0.438213

phi_e, max: 0.000000 at y = 0.000000
phi_e, min: -8907.037052 at y = 0.640587 
(Nodeid,phim): ( 0 , 97.501107 ) ( 1 , 97.574801 ) ( 2 , 104.627614 ) ( 3 , 113.593209 ) ( 4 , 66.764577 ) ( 5 , 2.466262 ) ( 6 , 0.026621 ) ( 7 , -0.000851 ) ( 8 , -0.001160 ) ( 9 , -0.001164 )  

Time: 0.300000
CPU Time: 141.574211 min.
phi_m, max: 294.241020 at y = 0.824785

phi_e, max: 1291.786599 at y = 2.120000
phi_e, min: -3204.504392 at y = 0.645587 
(Nodeid,phim): ( 0 , 78.114400 ) ( 1 , 78.203434 ) ( 2 , 86.558508 ) ( 3 , 100.474949 ) ( 4 , 111.520371 ) ( 5 , 103.750325 ) ( 6 , 7.394736 ) ( 7 , 0.081361 ) ( 8 , -0.000225 ) ( 9 , -0.001145 )  

Time: 0.400000
CPU Time: 140.840507 min.
phi_m, max: 293.419400 at y = 1.066426

phi_e, max: 0.000000 at y = 0.000000
phi_e, min: -10387.568075 at y = 1.061624 
(Nodeid,phim): ( 0 , 58.168642 ) ( 1 , 58.255956 ) ( 2 , 66.440275 ) ( 3 , 81.508111 ) ( 4 , 96.032458 ) ( 5 , 108.277902 ) ( 6 , 114.392662 ) ( 7 , 28.468373 ) ( 8 , -0.169626 ) ( 9 , -0.003048 )  

Time: 0.500000
CPU Time: 140.406391 min.
phi_m, max: 292.694475 at y = 1.278213

phi_e, max: 0.000000 at y = 0.000000
phi_e, min: -32045.936351 at y = 1.480587 
(Nodeid,phim): ( 0 , 40.495729 ) ( 1 , 40.577070 ) ( 2 , 47.581032 ) ( 3 , 61.409924 ) ( 4 , 76.466264 ) ( 5 , 91.354352 ) ( 6 , 104.582444 ) ( 7 , 113.598015 ) ( 8 , 66.521914 ) ( 9 , 2.439255 )  

Time: 0.600000
CPU Time: 140.202795 min.
phi_m, max: 294.406161 at y = 1.664785

phi_e, max: 0.000000 at y = 0.000000
phi_e, min: -14130.524377 at y = 1.485449 
(Nodeid,phim): ( 0 , 20.953172 ) ( 1 , 21.183318 ) ( 2 , 29.860621 ) ( 3 , 43.180635 ) ( 4 , 56.598485 ) ( 5 , 71.407037 ) ( 6 , 86.502304 ) ( 7 , 100.493913 ) ( 8 , 111.536129 ) ( 9 , 103.618918 )  

Time: 0.700000
CPU Time: 139.922280 min.
phi_m, max: 293.419515 at y = 1.906426

phi_e, max: 0.000000 at y = 0.000000
phi_e, min: -21957.269328 at y = 1.900587 
(Nodeid,phim): ( 0 , 3.475615 ) ( 1 , 3.597452 ) ( 2 , 8.704106 ) ( 3 , 24.292967 ) ( 4 , 38.897220 ) ( 5 , 51.964301 ) ( 6 , 66.377767 ) ( 7 , 81.530476 ) ( 8 , 96.055000 ) ( 9 , 108.294751 )  


Writing: "NeuralEP2DmonoDWCL2_7.chk"
 (0.00139171s, XML)
Steps: 8000000  Time: 0.8         
Writing: "NeuralEP2DmonoDWCL2_phie_8.chk"
 (0.00441072s, XML)

Time: 0.100000
CPU Time: 152.121419 min.
phi_m, max: 293.437662 at y = 0.226426

phi_e, max: 1786.395956 at y = 0.436426
phi_e, min: -498.487150 at y = 0.221175 
(Nodeid,phim): ( 0 , 112.582007 ) ( 1 , 112.582388 ) ( 2 , 114.443316 ) ( 3 , 28.637662 ) ( 4 , -0.170539 ) ( 5 , -0.003069 ) ( 6 , -0.001177 ) ( 7 , -0.001155 ) ( 8 , -0.001155 ) ( 9 , -0.001155 )  

Time: 0.200000
CPU Time: 145.148825 min.
phi_m, max: 292.681887 at y = 0.438213

phi_e, max: 0.000000 at y = 0.000000
phi_e, min: -8907.037052 at y = 0.640587 
(Nodeid,phim): ( 0 , 97.501107 ) ( 1 , 97.574801 ) ( 2 , 104.627614 ) ( 3 , 113.593209 ) ( 4 , 66.764577 ) ( 5 , 2.466262 ) ( 6 , 0.026621 ) ( 7 , -0.000851 ) ( 8 , -0.001160 ) ( 9 , -0.001164 )  

Time: 0.300000
CPU Time: 141.574211 min.
phi_m, max: 294.241020 at y = 0.824785

phi_e, max: 1291.786599 at y = 2.120000
phi_e, min: -3204.504392 at y = 0.645587 
(Nodeid,phim): ( 0 , 78.114400 ) ( 1 , 78.203434 ) ( 2 , 86.558508 ) ( 3 , 100.474949 ) ( 4 , 111.520371 ) ( 5 , 103.750325 ) ( 6 , 7.394736 ) ( 7 , 0.081361 ) ( 8 , -0.000225 ) ( 9 , -0.001145 )  

Time: 0.400000
CPU Time: 140.840507 min.
phi_m, max: 293.419400 at y = 1.066426

phi_e, max: 0.000000 at y = 0.000000
phi_e, min: -10387.568075 at y = 1.061624 
(Nodeid,phim): ( 0 , 58.168642 ) ( 1 , 58.255956 ) ( 2 , 66.440275 ) ( 3 , 81.508111 ) ( 4 , 96.032458 ) ( 5 , 108.277902 ) ( 6 , 114.392662 ) ( 7 , 28.468373 ) ( 8 , -0.169626 ) ( 9 , -0.003048 )  

Time: 0.500000
CPU Time: 140.406391 min.
phi_m, max: 292.694475 at y = 1.278213

phi_e, max: 0.000000 at y = 0.000000
phi_e, min: -32045.936351 at y = 1.480587 
(Nodeid,phim): ( 0 , 40.495729 ) ( 1 , 40.577070 ) ( 2 , 47.581032 ) ( 3 , 61.409924 ) ( 4 , 76.466264 ) ( 5 , 91.354352 ) ( 6 , 104.582444 ) ( 7 , 113.598015 ) ( 8 , 66.521914 ) ( 9 , 2.439255 )  

Time: 0.600000
CPU Time: 140.202795 min.
phi_m, max: 294.406161 at y = 1.664785

phi_e, max: 0.000000 at y = 0.000000
phi_e, min: -14130.524377 at y = 1.485449 
(Nodeid,phim): ( 0 , 20.953172 ) ( 1 , 21.183318 ) ( 2 , 29.860621 ) ( 3 , 43.180635 ) ( 4 , 56.598485 ) ( 5 , 71.407037 ) ( 6 , 86.502304 ) ( 7 , 100.493913 ) ( 8 , 111.536129 ) ( 9 , 103.618918 )  

Time: 0.700000
CPU Time: 139.922280 min.
phi_m, max: 293.419515 at y = 1.906426

phi_e, max: 0.000000 at y = 0.000000
phi_e, min: -21957.269328 at y = 1.900587 
(Nodeid,phim): ( 0 , 3.475615 ) ( 1 , 3.597452 ) ( 2 , 8.704106 ) ( 3 , 24.292967 ) ( 4 , 38.897220 ) ( 5 , 51.964301 ) ( 6 , 66.377767 ) ( 7 , 81.530476 ) ( 8 , 96.055000 ) ( 9 , 108.294751 )  

Time: 0.800000
CPU Time: 140.304060 min.
phi_m, max: 292.763172 at y = 2.120000

phi_e, max: 0.000000 at y = 0.000000
phi_e, min: -26797.389434 at y = 2.120000


Time: 0.100000
CPU Time: 152.121419 min.
phi_m, max: 293.437662 at y = 0.226426

phi_e, max: 1786.395956 at y = 0.436426
phi_e, min: -498.487150 at y = 0.221175 
(Nodeid,phim): ( 0 , 112.582007 ) ( 1 , 112.582388 ) ( 2 , 114.443316 ) ( 3 , 28.637662 ) ( 4 , -0.170539 ) ( 5 , -0.003069 ) ( 6 , -0.001177 ) ( 7 , -0.001155 ) ( 8 , -0.001155 ) ( 9 , -0.001155 )  

Time: 0.200000
CPU Time: 145.148825 min.
phi_m, max: 292.681887 at y = 0.438213

phi_e, max: 0.000000 at y = 0.000000
phi_e, min: -8907.037052 at y = 0.640587 
(Nodeid,phim): ( 0 , 97.501107 ) ( 1 , 97.574801 ) ( 2 , 104.627614 ) ( 3 , 113.593209 ) ( 4 , 66.764577 ) ( 5 , 2.466262 ) ( 6 , 0.026621 ) ( 7 , -0.000851 ) ( 8 , -0.001160 ) ( 9 , -0.001164 )  

Time: 0.300000
CPU Time: 141.574211 min.
phi_m, max: 294.241020 at y = 0.824785

phi_e, max: 1291.786599 at y = 2.120000
phi_e, min: -3204.504392 at y = 0.645587 
(Nodeid,phim): ( 0 , 78.114400 ) ( 1 , 78.203434 ) ( 2 , 86.558508 ) ( 3 , 100.474949 ) ( 4 , 111.520371 ) ( 5 , 103.750325 ) ( 6 , 7.394736 ) ( 7 , 0.081361 ) ( 8 , -0.000225 ) ( 9 , -0.001145 )  

Time: 0.400000
CPU Time: 140.840507 min.
phi_m, max: 293.419400 at y = 1.066426

phi_e, max: 0.000000 at y = 0.000000
phi_e, min: -10387.568075 at y = 1.061624 
(Nodeid,phim): ( 0 , 58.168642 ) ( 1 , 58.255956 ) ( 2 , 66.440275 ) ( 3 , 81.508111 ) ( 4 , 96.032458 ) ( 5 , 108.277902 ) ( 6 , 114.392662 ) ( 7 , 28.468373 ) ( 8 , -0.169626 ) ( 9 , -0.003048 )  

Time: 0.500000
CPU Time: 140.406391 min.
phi_m, max: 292.694475 at y = 1.278213

phi_e, max: 0.000000 at y = 0.000000
phi_e, min: -32045.936351 at y = 1.480587 
(Nodeid,phim): ( 0 , 40.495729 ) ( 1 , 40.577070 ) ( 2 , 47.581032 ) ( 3 , 61.409924 ) ( 4 , 76.466264 ) ( 5 , 91.354352 ) ( 6 , 104.582444 ) ( 7 , 113.598015 ) ( 8 , 66.521914 ) ( 9 , 2.439255 )  

Time: 0.600000
CPU Time: 140.202795 min.
phi_m, max: 294.406161 at y = 1.664785

phi_e, max: 0.000000 at y = 0.000000
phi_e, min: -14130.524377 at y = 1.485449 
(Nodeid,phim): ( 0 , 20.953172 ) ( 1 , 21.183318 ) ( 2 , 29.860621 ) ( 3 , 43.180635 ) ( 4 , 56.598485 ) ( 5 , 71.407037 ) ( 6 , 86.502304 ) ( 7 , 100.493913 ) ( 8 , 111.536129 ) ( 9 , 103.618918 )  

Time: 0.700000
CPU Time: 139.922280 min.
phi_m, max: 293.419515 at y = 1.906426

phi_e, max: 0.000000 at y = 0.000000
phi_e, min: -21957.269328 at y = 1.900587 
(Nodeid,phim): ( 0 , 3.475615 ) ( 1 , 3.597452 ) ( 2 , 8.704106 ) ( 3 , 24.292967 ) ( 4 , 38.897220 ) ( 5 , 51.964301 ) ( 6 , 66.377767 ) ( 7 , 81.530476 ) ( 8 , 96.055000 ) ( 9 , 108.294751 )  

Time: 0.800000
CPU Time: 140.304060 min.
phi_m, max: 292.763172 at y = 2.120000

phi_e, max: 0.000000 at y = 0.000000
phi_e, min: -26797.389434 at y = 2.120000 
(Nodeid,phim): ( 0 , 0.273132 ) ( 1 , 0.273463 ) ( 2 , 0.909108 ) ( 3 , 5.263232 ) ( 4 , 18.595306 ) ( 5 , 34.465890 ) ( 6 , 47.512383 ) ( 7 , 61.431889 ) ( 8 , 76.491395 ) ( 9 , 91.379597 )  


Writing: "NeuralEP2DmonoDWCL2_8.chk"
 (0.00141479s, XML)
Steps: 9000000  Time: 0.9         
Writing: "NeuralEP2DmonoDWCL2_phie_9.chk"
 (0.0042186s, XML)

Time: 0.100000
CPU Time: 152.121419 min.
phi_m, max: 293.437662 at y = 0.226426

phi_e, max: 1786.395956 at y = 0.436426
phi_e, min: -498.487150 at y = 0.221175 
(Nodeid,phim): ( 0 , 112.582007 ) ( 1 , 112.582388 ) ( 2 , 114.443316 ) ( 3 , 28.637662 ) ( 4 , -0.170539 ) ( 5 , -0.003069 ) ( 6 , -0.001177 ) ( 7 , -0.001155 ) ( 8 , -0.001155 ) ( 9 , -0.001155 )  

Time: 0.200000
CPU Time: 145.148825 min.
phi_m, max: 292.681887 at y = 0.438213

phi_e, max: 0.000000 at y = 0.000000
phi_e, min: -8907.037052 at y = 0.640587 
(Nodeid,phim): ( 0 , 97.501107 ) ( 1 , 97.574801 ) ( 2 , 104.627614 ) ( 3 , 113.593209 ) ( 4 , 66.764577 ) ( 5 , 2.466262 ) ( 6 , 0.026621 ) ( 7 , -0.000851 ) ( 8 , -0.001160 ) ( 9 , -0.001164 )  

Time: 0.300000
CPU Time: 141.574211 min.
phi_m, max: 294.241020 at y = 0.824785

phi_e, max: 1291.786599 at y = 2.120000
phi_e, min: -3204.504392 at y = 0.645587 
(Nodeid,phim): ( 0 , 78.114400 ) ( 1 , 78.203434 ) ( 2 , 86.558508 ) ( 3 , 100.474949 ) ( 4 , 111.520371 ) ( 5 , 103.750325 ) ( 6 , 7.394736 ) ( 7 , 0.081361 ) ( 8 , -0.000225 ) ( 9 , -0.001145 )  

Time: 0.400000
CPU Time: 140.840507 min.
phi_m, max: 293.419400 at y = 1.066426

phi_e, max: 0.000000 at y = 0.000000
phi_e, min: -10387.568075 at y = 1.061624 
(Nodeid,phim): ( 0 , 58.168642 ) ( 1 , 58.255956 ) ( 2 , 66.440275 ) ( 3 , 81.508111 ) ( 4 , 96.032458 ) ( 5 , 108.277902 ) ( 6 , 114.392662 ) ( 7 , 28.468373 ) ( 8 , -0.169626 ) ( 9 , -0.003048 )  

Time: 0.500000
CPU Time: 140.406391 min.
phi_m, max: 292.694475 at y = 1.278213

phi_e, max: 0.000000 at y = 0.000000
phi_e, min: -32045.936351 at y = 1.480587 
(Nodeid,phim): ( 0 , 40.495729 ) ( 1 , 40.577070 ) ( 2 , 47.581032 ) ( 3 , 61.409924 ) ( 4 , 76.466264 ) ( 5 , 91.354352 ) ( 6 , 104.582444 ) ( 7 , 113.598015 ) ( 8 , 66.521914 ) ( 9 , 2.439255 )  

Time: 0.600000
CPU Time: 140.202795 min.
phi_m, max: 294.406161 at y = 1.664785

phi_e, max: 0.000000 at y = 0.000000
phi_e, min: -14130.524377 at y = 1.485449 
(Nodeid,phim): ( 0 , 20.953172 ) ( 1 , 21.183318 ) ( 2 , 29.860621 ) ( 3 , 43.180635 ) ( 4 , 56.598485 ) ( 5 , 71.407037 ) ( 6 , 86.502304 ) ( 7 , 100.493913 ) ( 8 , 111.536129 ) ( 9 , 103.618918 )  

Time: 0.700000
CPU Time: 139.922280 min.
phi_m, max: 293.419515 at y = 1.906426

phi_e, max: 0.000000 at y = 0.000000
phi_e, min: -21957.269328 at y = 1.900587 
(Nodeid,phim): ( 0 , 3.475615 ) ( 1 , 3.597452 ) ( 2 , 8.704106 ) ( 3 , 24.292967 ) ( 4 , 38.897220 ) ( 5 , 51.964301 ) ( 6 , 66.377767 ) ( 7 , 81.530476 ) ( 8 , 96.055000 ) ( 9 , 108.294751 )  

Time: 0.800000
CPU Time: 140.304060 min.
phi_m, max: 292.763172 at y = 2.120000

phi_e, max: 0.000000 at y = 0.000000
phi_e, min: -26797.389434 at y = 2.120000 
(Nodeid,phim): ( 0 , 0.273132 ) ( 1 , 0.273463 ) ( 2 , 0.909108 ) ( 3 , 5.263232 ) ( 4 , 18.595306 ) ( 5 , 34.465890 ) ( 6 , 47.512383 ) ( 7 , 61.431889 ) ( 8 , 76.491395 ) ( 9 , 91.379597 )  

Time: 0.900000
CPU Time: 140.356981 min.
phi_m, max: 263.651980 at y = 2.120000

phi_e, max: 0.000000 at y = 0.000000
phi_e, min: -20630.967860 at y = 2.120000


Time: 0.100000
CPU Time: 152.121419 min.
phi_m, max: 293.437662 at y = 0.226426

phi_e, max: 1786.395956 at y = 0.436426
phi_e, min: -498.487150 at y = 0.221175 
(Nodeid,phim): ( 0 , 112.582007 ) ( 1 , 112.582388 ) ( 2 , 114.443316 ) ( 3 , 28.637662 ) ( 4 , -0.170539 ) ( 5 , -0.003069 ) ( 6 , -0.001177 ) ( 7 , -0.001155 ) ( 8 , -0.001155 ) ( 9 , -0.001155 )  

Time: 0.200000
CPU Time: 145.148825 min.
phi_m, max: 292.681887 at y = 0.438213

phi_e, max: 0.000000 at y = 0.000000
phi_e, min: -8907.037052 at y = 0.640587 
(Nodeid,phim): ( 0 , 97.501107 ) ( 1 , 97.574801 ) ( 2 , 104.627614 ) ( 3 , 113.593209 ) ( 4 , 66.764577 ) ( 5 , 2.466262 ) ( 6 , 0.026621 ) ( 7 , -0.000851 ) ( 8 , -0.001160 ) ( 9 , -0.001164 )  

Time: 0.300000
CPU Time: 141.574211 min.
phi_m, max: 294.241020 at y = 0.824785

phi_e, max: 1291.786599 at y = 2.120000
phi_e, min: -3204.504392 at y = 0.645587 
(Nodeid,phim): ( 0 , 78.114400 ) ( 1 , 78.203434 ) ( 2 , 86.558508 ) ( 3 , 100.474949 ) ( 4 , 111.520371 ) ( 5 , 103.750325 ) ( 6 , 7.394736 ) ( 7 , 0.081361 ) ( 8 , -0.000225 ) ( 9 , -0.001145 )  

Time: 0.400000
CPU Time: 140.840507 min.
phi_m, max: 293.419400 at y = 1.066426

phi_e, max: 0.000000 at y = 0.000000
phi_e, min: -10387.568075 at y = 1.061624 
(Nodeid,phim): ( 0 , 58.168642 ) ( 1 , 58.255956 ) ( 2 , 66.440275 ) ( 3 , 81.508111 ) ( 4 , 96.032458 ) ( 5 , 108.277902 ) ( 6 , 114.392662 ) ( 7 , 28.468373 ) ( 8 , -0.169626 ) ( 9 , -0.003048 )  

Time: 0.500000
CPU Time: 140.406391 min.
phi_m, max: 292.694475 at y = 1.278213

phi_e, max: 0.000000 at y = 0.000000
phi_e, min: -32045.936351 at y = 1.480587 
(Nodeid,phim): ( 0 , 40.495729 ) ( 1 , 40.577070 ) ( 2 , 47.581032 ) ( 3 , 61.409924 ) ( 4 , 76.466264 ) ( 5 , 91.354352 ) ( 6 , 104.582444 ) ( 7 , 113.598015 ) ( 8 , 66.521914 ) ( 9 , 2.439255 )  

Time: 0.600000
CPU Time: 140.202795 min.
phi_m, max: 294.406161 at y = 1.664785

phi_e, max: 0.000000 at y = 0.000000
phi_e, min: -14130.524377 at y = 1.485449 
(Nodeid,phim): ( 0 , 20.953172 ) ( 1 , 21.183318 ) ( 2 , 29.860621 ) ( 3 , 43.180635 ) ( 4 , 56.598485 ) ( 5 , 71.407037 ) ( 6 , 86.502304 ) ( 7 , 100.493913 ) ( 8 , 111.536129 ) ( 9 , 103.618918 )  

Time: 0.700000
CPU Time: 139.922280 min.
phi_m, max: 293.419515 at y = 1.906426

phi_e, max: 0.000000 at y = 0.000000
phi_e, min: -21957.269328 at y = 1.900587 
(Nodeid,phim): ( 0 , 3.475615 ) ( 1 , 3.597452 ) ( 2 , 8.704106 ) ( 3 , 24.292967 ) ( 4 , 38.897220 ) ( 5 , 51.964301 ) ( 6 , 66.377767 ) ( 7 , 81.530476 ) ( 8 , 96.055000 ) ( 9 , 108.294751 )  

Time: 0.800000
CPU Time: 140.304060 min.
phi_m, max: 292.763172 at y = 2.120000

phi_e, max: 0.000000 at y = 0.000000
phi_e, min: -26797.389434 at y = 2.120000 
(Nodeid,phim): ( 0 , 0.273132 ) ( 1 , 0.273463 ) ( 2 , 0.909108 ) ( 3 , 5.263232 ) ( 4 , 18.595306 ) ( 5 , 34.465890 ) ( 6 , 47.512383 ) ( 7 , 61.431889 ) ( 8 , 76.491395 ) ( 9 , 91.379597 )  

Time: 0.900000
CPU Time: 140.356981 min.
phi_m, max: 263.651980 at y = 2.120000

phi_e, max: 0.000000 at y = 0.000000
phi_e, min: -20630.967860 at y = 2.120000 
(Nodeid,phim): ( 0 , -0.172700 ) ( 1 , -0.183922 ) ( 2 , -0.141282 ) ( 3 , 0.408845 ) ( 4 , 3.069790 ) ( 5 , 13.134221 ) ( 6 , 29.656582 ) ( 7 , 43.199849 ) ( 8 , 56.621985 ) ( 9 , 71.432443 )  


Writing: "NeuralEP2DmonoDWCL2_9.chk"
 (0.00140097s, XML)
Steps: 10000000 Time: 1           
Writing: "NeuralEP2DmonoDWCL2_phie_10.chk"
 (0.0035684s, XML)

Time: 0.100000
CPU Time: 152.121419 min.
phi_m, max: 293.437662 at y = 0.226426

phi_e, max: 1786.395956 at y = 0.436426
phi_e, min: -498.487150 at y = 0.221175 
(Nodeid,phim): ( 0 , 112.582007 ) ( 1 , 112.582388 ) ( 2 , 114.443316 ) ( 3 , 28.637662 ) ( 4 , -0.170539 ) ( 5 , -0.003069 ) ( 6 , -0.001177 ) ( 7 , -0.001155 ) ( 8 , -0.001155 ) ( 9 , -0.001155 )  

Time: 0.200000
CPU Time: 145.148825 min.
phi_m, max: 292.681887 at y = 0.438213

phi_e, max: 0.000000 at y = 0.000000
phi_e, min: -8907.037052 at y = 0.640587 
(Nodeid,phim): ( 0 , 97.501107 ) ( 1 , 97.574801 ) ( 2 , 104.627614 ) ( 3 , 113.593209 ) ( 4 , 66.764577 ) ( 5 , 2.466262 ) ( 6 , 0.026621 ) ( 7 , -0.000851 ) ( 8 , -0.001160 ) ( 9 , -0.001164 )  

Time: 0.300000
CPU Time: 141.574211 min.
phi_m, max: 294.241020 at y = 0.824785

phi_e, max: 1291.786599 at y = 2.120000
phi_e, min: -3204.504392 at y = 0.645587 
(Nodeid,phim): ( 0 , 78.114400 ) ( 1 , 78.203434 ) ( 2 , 86.558508 ) ( 3 , 100.474949 ) ( 4 , 111.520371 ) ( 5 , 103.750325 ) ( 6 , 7.394736 ) ( 7 , 0.081361 ) ( 8 , -0.000225 ) ( 9 , -0.001145 )  

Time: 0.400000
CPU Time: 140.840507 min.
phi_m, max: 293.419400 at y = 1.066426

phi_e, max: 0.000000 at y = 0.000000
phi_e, min: -10387.568075 at y = 1.061624 
(Nodeid,phim): ( 0 , 58.168642 ) ( 1 , 58.255956 ) ( 2 , 66.440275 ) ( 3 , 81.508111 ) ( 4 , 96.032458 ) ( 5 , 108.277902 ) ( 6 , 114.392662 ) ( 7 , 28.468373 ) ( 8 , -0.169626 ) ( 9 , -0.003048 )  

Time: 0.500000
CPU Time: 140.406391 min.
phi_m, max: 292.694475 at y = 1.278213

phi_e, max: 0.000000 at y = 0.000000
phi_e, min: -32045.936351 at y = 1.480587 
(Nodeid,phim): ( 0 , 40.495729 ) ( 1 , 40.577070 ) ( 2 , 47.581032 ) ( 3 , 61.409924 ) ( 4 , 76.466264 ) ( 5 , 91.354352 ) ( 6 , 104.582444 ) ( 7 , 113.598015 ) ( 8 , 66.521914 ) ( 9 , 2.439255 )  

Time: 0.600000
CPU Time: 140.202795 min.
phi_m, max: 294.406161 at y = 1.664785

phi_e, max: 0.000000 at y = 0.000000
phi_e, min: -14130.524377 at y = 1.485449 
(Nodeid,phim): ( 0 , 20.953172 ) ( 1 , 21.183318 ) ( 2 , 29.860621 ) ( 3 , 43.180635 ) ( 4 , 56.598485 ) ( 5 , 71.407037 ) ( 6 , 86.502304 ) ( 7 , 100.493913 ) ( 8 , 111.536129 ) ( 9 , 103.618918 )  

Time: 0.700000
CPU Time: 139.922280 min.
phi_m, max: 293.419515 at y = 1.906426

phi_e, max: 0.000000 at y = 0.000000
phi_e, min: -21957.269328 at y = 1.900587 
(Nodeid,phim): ( 0 , 3.475615 ) ( 1 , 3.597452 ) ( 2 , 8.704106 ) ( 3 , 24.292967 ) ( 4 , 38.897220 ) ( 5 , 51.964301 ) ( 6 , 66.377767 ) ( 7 , 81.530476 ) ( 8 , 96.055000 ) ( 9 , 108.294751 )  

Time: 0.800000
CPU Time: 140.304060 min.
phi_m, max: 292.763172 at y = 2.120000

phi_e, max: 0.000000 at y = 0.000000
phi_e, min: -26797.389434 at y = 2.120000 
(Nodeid,phim): ( 0 , 0.273132 ) ( 1 , 0.273463 ) ( 2 , 0.909108 ) ( 3 , 5.263232 ) ( 4 , 18.595306 ) ( 5 , 34.465890 ) ( 6 , 47.512383 ) ( 7 , 61.431889 ) ( 8 , 76.491395 ) ( 9 , 91.379597 )  

Time: 0.900000
CPU Time: 140.356981 min.
phi_m, max: 263.651980 at y = 2.120000

phi_e, max: 0.000000 at y = 0.000000
phi_e, min: -20630.967860 at y = 2.120000 
(Nodeid,phim): ( 0 , -0.172700 ) ( 1 , -0.183922 ) ( 2 , -0.141282 ) ( 3 , 0.408845 ) ( 4 , 3.069790 ) ( 5 , 13.134221 ) ( 6 , 29.656582 ) ( 7 , 43.199849 ) ( 8 , 56.621985 ) ( 9 , 71.432443 )  

Time: 1.000000
CPU Time: 140.414967 min.
phi_m, max: 217.271221 at y = 2.120000

phi_e, max: 0.000000 at y = 0.000000
phi_e, min: -14559.022653 at y = 2.120000


Time: 0.100000
CPU Time: 152.121419 min.
phi_m, max: 293.437662 at y = 0.226426

phi_e, max: 1786.395956 at y = 0.436426
phi_e, min: -498.487150 at y = 0.221175 
(Nodeid,phim): ( 0 , 112.582007 ) ( 1 , 112.582388 ) ( 2 , 114.443316 ) ( 3 , 28.637662 ) ( 4 , -0.170539 ) ( 5 , -0.003069 ) ( 6 , -0.001177 ) ( 7 , -0.001155 ) ( 8 , -0.001155 ) ( 9 , -0.001155 )  

Time: 0.200000
CPU Time: 145.148825 min.
phi_m, max: 292.681887 at y = 0.438213

phi_e, max: 0.000000 at y = 0.000000
phi_e, min: -8907.037052 at y = 0.640587 
(Nodeid,phim): ( 0 , 97.501107 ) ( 1 , 97.574801 ) ( 2 , 104.627614 ) ( 3 , 113.593209 ) ( 4 , 66.764577 ) ( 5 , 2.466262 ) ( 6 , 0.026621 ) ( 7 , -0.000851 ) ( 8 , -0.001160 ) ( 9 , -0.001164 )  

Time: 0.300000
CPU Time: 141.574211 min.
phi_m, max: 294.241020 at y = 0.824785

phi_e, max: 1291.786599 at y = 2.120000
phi_e, min: -3204.504392 at y = 0.645587 
(Nodeid,phim): ( 0 , 78.114400 ) ( 1 , 78.203434 ) ( 2 , 86.558508 ) ( 3 , 100.474949 ) ( 4 , 111.520371 ) ( 5 , 103.750325 ) ( 6 , 7.394736 ) ( 7 , 0.081361 ) ( 8 , -0.000225 ) ( 9 , -0.001145 )  

Time: 0.400000
CPU Time: 140.840507 min.
phi_m, max: 293.419400 at y = 1.066426

phi_e, max: 0.000000 at y = 0.000000
phi_e, min: -10387.568075 at y = 1.061624 
(Nodeid,phim): ( 0 , 58.168642 ) ( 1 , 58.255956 ) ( 2 , 66.440275 ) ( 3 , 81.508111 ) ( 4 , 96.032458 ) ( 5 , 108.277902 ) ( 6 , 114.392662 ) ( 7 , 28.468373 ) ( 8 , -0.169626 ) ( 9 , -0.003048 )  

Time: 0.500000
CPU Time: 140.406391 min.
phi_m, max: 292.694475 at y = 1.278213

phi_e, max: 0.000000 at y = 0.000000
phi_e, min: -32045.936351 at y = 1.480587 
(Nodeid,phim): ( 0 , 40.495729 ) ( 1 , 40.577070 ) ( 2 , 47.581032 ) ( 3 , 61.409924 ) ( 4 , 76.466264 ) ( 5 , 91.354352 ) ( 6 , 104.582444 ) ( 7 , 113.598015 ) ( 8 , 66.521914 ) ( 9 , 2.439255 )  

Time: 0.600000
CPU Time: 140.202795 min.
phi_m, max: 294.406161 at y = 1.664785

phi_e, max: 0.000000 at y = 0.000000
phi_e, min: -14130.524377 at y = 1.485449 
(Nodeid,phim): ( 0 , 20.953172 ) ( 1 , 21.183318 ) ( 2 , 29.860621 ) ( 3 , 43.180635 ) ( 4 , 56.598485 ) ( 5 , 71.407037 ) ( 6 , 86.502304 ) ( 7 , 100.493913 ) ( 8 , 111.536129 ) ( 9 , 103.618918 )  

Time: 0.700000
CPU Time: 139.922280 min.
phi_m, max: 293.419515 at y = 1.906426

phi_e, max: 0.000000 at y = 0.000000
phi_e, min: -21957.269328 at y = 1.900587 
(Nodeid,phim): ( 0 , 3.475615 ) ( 1 , 3.597452 ) ( 2 , 8.704106 ) ( 3 , 24.292967 ) ( 4 , 38.897220 ) ( 5 , 51.964301 ) ( 6 , 66.377767 ) ( 7 , 81.530476 ) ( 8 , 96.055000 ) ( 9 , 108.294751 )  

Time: 0.800000
CPU Time: 140.304060 min.
phi_m, max: 292.763172 at y = 2.120000

phi_e, max: 0.000000 at y = 0.000000
phi_e, min: -26797.389434 at y = 2.120000 
(Nodeid,phim): ( 0 , 0.273132 ) ( 1 , 0.273463 ) ( 2 , 0.909108 ) ( 3 , 5.263232 ) ( 4 , 18.595306 ) ( 5 , 34.465890 ) ( 6 , 47.512383 ) ( 7 , 61.431889 ) ( 8 , 76.491395 ) ( 9 , 91.379597 )  

Time: 0.900000
CPU Time: 140.356981 min.
phi_m, max: 263.651980 at y = 2.120000

phi_e, max: 0.000000 at y = 0.000000
phi_e, min: -20630.967860 at y = 2.120000 
(Nodeid,phim): ( 0 , -0.172700 ) ( 1 , -0.183922 ) ( 2 , -0.141282 ) ( 3 , 0.408845 ) ( 4 , 3.069790 ) ( 5 , 13.134221 ) ( 6 , 29.656582 ) ( 7 , 43.199849 ) ( 8 , 56.621985 ) ( 9 , 71.432443 )  

Time: 1.000000
CPU Time: 140.414967 min.
phi_m, max: 217.271221 at y = 2.120000

phi_e, max: 0.000000 at y = 0.000000
phi_e, min: -14559.022653 at y = 2.120000 
(Nodeid,phim): ( 0 , -0.337749 ) ( 1 , -0.347101 ) ( 2 , -0.353858 ) ( 3 , -0.224037 ) ( 4 , 0.128479 ) ( 5 , 1.705241 ) ( 6 , 8.590915 ) ( 7 , 24.319277 ) ( 8 , 38.918848 ) ( 9 , 51.987161 )  


Writing: "NeuralEP2DmonoDWCL2_10.chk"
 (0.0014349s, XML)
Time-integration  : 85277.5s
Writing: "NeuralEP2DmonoDWCL2.fld"
 (0.0016693s, XML)
-------------------------------------------
Total Computation Time = 85279.3s
-------------------------------------------
L 2 error (variable um) : 5.05764
L inf error (variable um) : 85.9612
L 2 error (variable ue) : 527.032
L inf error (variable ue) : 5760.13
