Zone start = 0, end = 335, Excite zone = 336, Node zone = 2016, intra zone = 7896, extra zone = 2016 / nq = 7896
v_InitObject: Node = 5880, Myelin = 2016, extracell = 0
Max Anistrength_1  = 12.9582, Anistrength_2 = 12.9582, Min Anistrength 1 = 1, Anistrength 2 = 1
MMFActivation = 7896 /  7896 ( 100 % ) 
*** 1st Moving frames are NOT in unit length, Avg mag. = 11.1937 *** 
*** 2nd Moving frames are NOT in unit length, Avg mag. = 11.1937 *** 
*** Moving frames are Orthogonal
*** MF 0 = ( 0 , 11.1937 , 0 ) 
*** MF 1 = ( 11.1937 , 0 , 0 ) 
*** MF 2 = ( 0 , 0 , 1 ) 
MMFInitObject is done ===========================
*** 1st Moving frames are in unit length ***
*** 2nd Moving frames are in unit length ***
*** Moving frames are Orthogonal
*** MF 0 = ( 0.708203 , 0.706009 , 0 ) 
*** MF 1 = ( 0.706009 , 0.708203 , 0 ) 
*** MF 2 = ( 0 , 0 , 1 ) 
*** 1st Moving frames are NOT in unit length, Avg mag. = 1.41421 *** 
*** 2nd Moving frames are NOT in unit length, Avg mag. = 1.41421 *** 
*** Moving frames are Orthogonal
*** MF 0 = ( 1.00155 , 0.998447 , 0 ) 
*** MF 1 = ( 0.998447 , 1.00155 , 0 ) 
*** MF 2 = ( 0 , 0 , 1 ) 
*** 1st Moving frames are NOT in unit length, Avg mag. = 1.41421 *** 
*** 2nd Moving frames are NOT in unit length, Avg mag. = 1.41421 *** 
*** Moving frames are Orthogonal
*** MF 0 = ( 1.00155 , 0.998447 , 0 ) 
*** MF 1 = ( 0.998447 , 1.00155 , 0 ) 
*** MF 2 = ( 0 , 0 , 1 ) 
k = 0, m_varcoeff = ( 0 , 11.1937 , 0 , 4.58869e-12 , 144.902 ) 
k = 1, m_varcoeff = ( 11.1937 , 0 , 0 , 1.38494e-11 , 144.902 ) 
k = 2, m_varcoeff = ( 0 , 0 , 1 , 0 , 1 ) 
 ::::: 2D Varcoeff is Successfully Created ::::: 

k = 0, m_varcoeff = ( 1.00155 , 0.998447 , 0 , 1.7297e-06 , 2 ) 
k = 1, m_varcoeff = ( 0.998447 , 1.00155 , 0 , 4.94203e-06 , 2 ) 
k = 2, m_varcoeff = ( 0 , 0 , 1 , 0 , 1 ) 
 ::::: 2D Varcoeff is Successfully Created ::::: 

=======================================================================
	        EquationType: MMFNeuralEP
	        Session Name: NeuralEP2DmonoDWCL2_Np5
	        Spatial Dim.: 3
	  Max SEM Exp. Order: 6
	      Expansion Dim.: 2
	     Projection Type: Continuous Galerkin
	 Advect. advancement: explicit
	Diffuse. advancement: implicit
	           Time Step: 1e-07
	        No. of Steps: 10000000
	 Checkpoints (steps): 1000000
	    Integration Type: IMEX
	             Surface: Line
	           DerivType: Euclidean
	              MMFdir: TangentY
	        NeuralEPType: NeuralEP2Dbi
	      ExtCurrentType: WithCurrent
	       GlobalSysSoln: DirectMultiLevelStaticCond
	       TimeMapScheme: DeActivated
	        TimeMapStart: 0
	          TimeMapEnd: 10000
	          Fiber Type: MonoBCNeumann
	        Fiber Length: 0.01
	         Node Length: 0.01
	       Myelin Length: 0.2
	               Nnode: 10
	         Temperature: 24
	            diameter: 0.01
	             Helmtau: 1
=======================================================================
Initial Conditions:
  - Field um: 0
  - Field ue: 0
Initial Conditions:
  - Field um: 0
  - Field ue: 0
Writing: "NeuralEP2DmonoDWCL2_Np5_initial.chk"
 (0.000736711s, XML)
Steps: 1000000  Time: 0.1         
Writing: "NeuralEP2DmonoDWCL2_Np5_phie_1.chk"
 (0.00101256s, XML)

Time: 0.100000
CPU Time: 298.879040 min.
phi_m, max: -nan at y = 0.000000

phi_e, max: nan at y = 0.000000


Writing: "NeuralEP2DmonoDWCL2_Np5_1.chk"
 (0.000297298s, XML)
Steps: 2000000  Time: 0.2         
Writing: "NeuralEP2DmonoDWCL2_Np5_phie_2.chk"
 (0.000887084s, XML)

Time: 0.100000
CPU Time: 298.879040 min.
phi_m, max: -nan at y = 0.000000

phi_e, max: nan at y = 0.000000

Time: 0.200000
CPU Time: 275.715694 min.
phi_m, max: -nan at y = 0.000000

phi_e, max: nan at y = 0.000000


Writing: "NeuralEP2DmonoDWCL2_Np5_2.chk"
 (0.000249488s, XML)
Steps: 3000000  Time: 0.3         
Writing: "NeuralEP2DmonoDWCL2_Np5_phie_3.chk"
 (0.000794049s, XML)

Time: 0.100000
CPU Time: 298.879040 min.
phi_m, max: -nan at y = 0.000000

phi_e, max: nan at y = 0.000000

Time: 0.200000
CPU Time: 275.715694 min.
phi_m, max: -nan at y = 0.000000

phi_e, max: nan at y = 0.000000

Time: 0.300000
CPU Time: 243.957371 min.
phi_m, max: -nan at y = 0.000000

phi_e, max: nan at y = 0.000000


Writing: "NeuralEP2DmonoDWCL2_Np5_3.chk"
 (0.000228629s, XML)
Steps: 4000000  Time: 0.4         
Writing: "NeuralEP2DmonoDWCL2_Np5_phie_4.chk"
 (0.000802926s, XML)

Time: 0.100000
CPU Time: 298.879040 min.
phi_m, max: -nan at y = 0.000000

phi_e, max: nan at y = 0.000000

Time: 0.200000
CPU Time: 275.715694 min.
phi_m, max: -nan at y = 0.000000

phi_e, max: nan at y = 0.000000

Time: 0.300000
CPU Time: 243.957371 min.
phi_m, max: -nan at y = 0.000000

phi_e, max: nan at y = 0.000000

Time: 0.400000
CPU Time: 224.985469 min.
phi_m, max: -nan at y = 0.000000

phi_e, max: nan at y = 0.000000


Writing: "NeuralEP2DmonoDWCL2_Np5_4.chk"
 (0.000227146s, XML)
Steps: 5000000  Time: 0.5         
Writing: "NeuralEP2DmonoDWCL2_Np5_phie_5.chk"
 (0.000766638s, XML)

Time: 0.100000
CPU Time: 298.879040 min.
phi_m, max: -nan at y = 0.000000

phi_e, max: nan at y = 0.000000

Time: 0.200000
CPU Time: 275.715694 min.
phi_m, max: -nan at y = 0.000000

phi_e, max: nan at y = 0.000000

Time: 0.300000
CPU Time: 243.957371 min.
phi_m, max: -nan at y = 0.000000

phi_e, max: nan at y = 0.000000

Time: 0.400000
CPU Time: 224.985469 min.
phi_m, max: -nan at y = 0.000000

phi_e, max: nan at y = 0.000000

Time: 0.500000
CPU Time: 224.552564 min.
phi_m, max: -nan at y = 0.000000

phi_e, max: nan at y = 0.000000


Writing: "NeuralEP2DmonoDWCL2_Np5_5.chk"
 (0.000215935s, XML)
Steps: 6000000  Time: 0.6         
Writing: "NeuralEP2DmonoDWCL2_Np5_phie_6.chk"
 (0.000758593s, XML)

Time: 0.100000
CPU Time: 298.879040 min.
phi_m, max: -nan at y = 0.000000

phi_e, max: nan at y = 0.000000

Time: 0.200000
CPU Time: 275.715694 min.
phi_m, max: -nan at y = 0.000000

phi_e, max: nan at y = 0.000000

Time: 0.300000
CPU Time: 243.957371 min.
phi_m, max: -nan at y = 0.000000

phi_e, max: nan at y = 0.000000

Time: 0.400000
CPU Time: 224.985469 min.
phi_m, max: -nan at y = 0.000000

phi_e, max: nan at y = 0.000000

Time: 0.500000
CPU Time: 224.552564 min.
phi_m, max: -nan at y = 0.000000

phi_e, max: nan at y = 0.000000

Time: 0.600000
CPU Time: 216.314933 min.
phi_m, max: -nan at y = 0.000000

phi_e, max: nan at y = 0.000000


Writing: "NeuralEP2DmonoDWCL2_Np5_6.chk"
 (0.000222567s, XML)
Steps: 7000000  Time: 0.7         
Writing: "NeuralEP2DmonoDWCL2_Np5_phie_7.chk"
 (0.000761118s, XML)

Time: 0.100000
CPU Time: 298.879040 min.
phi_m, max: -nan at y = 0.000000

phi_e, max: nan at y = 0.000000

Time: 0.200000
CPU Time: 275.715694 min.
phi_m, max: -nan at y = 0.000000

phi_e, max: nan at y = 0.000000

Time: 0.300000
CPU Time: 243.957371 min.
phi_m, max: -nan at y = 0.000000

phi_e, max: nan at y = 0.000000

Time: 0.400000
CPU Time: 224.985469 min.
phi_m, max: -nan at y = 0.000000

phi_e, max: nan at y = 0.000000

Time: 0.500000
CPU Time: 224.552564 min.
phi_m, max: -nan at y = 0.000000

phi_e, max: nan at y = 0.000000

Time: 0.600000
CPU Time: 216.314933 min.
phi_m, max: -nan at y = 0.000000

phi_e, max: nan at y = 0.000000

Time: 0.700000
CPU Time: 215.465912 min.
phi_m, max: -nan at y = 0.000000

phi_e, max: nan at y = 0.000000


Writing: "NeuralEP2DmonoDWCL2_Np5_7.chk"
 (0.000215134s, XML)
Steps: 8000000  Time: 0.8         
Writing: "NeuralEP2DmonoDWCL2_Np5_phie_8.chk"
 (0.000760766s, XML)

Time: 0.100000
CPU Time: 298.879040 min.
phi_m, max: -nan at y = 0.000000

phi_e, max: nan at y = 0.000000

Time: 0.200000
CPU Time: 275.715694 min.
phi_m, max: -nan at y = 0.000000

phi_e, max: nan at y = 0.000000

Time: 0.300000
CPU Time: 243.957371 min.
phi_m, max: -nan at y = 0.000000

phi_e, max: nan at y = 0.000000

Time: 0.400000
CPU Time: 224.985469 min.
phi_m, max: -nan at y = 0.000000

phi_e, max: nan at y = 0.000000

Time: 0.500000
CPU Time: 224.552564 min.
phi_m, max: -nan at y = 0.000000

phi_e, max: nan at y = 0.000000

Time: 0.600000
CPU Time: 216.314933 min.
phi_m, max: -nan at y = 0.000000

phi_e, max: nan at y = 0.000000

Time: 0.700000
CPU Time: 215.465912 min.
phi_m, max: -nan at y = 0.000000

phi_e, max: nan at y = 0.000000

Time: 0.800000
CPU Time: 216.971244 min.
phi_m, max: -nan at y = 0.000000

phi_e, max: nan at y = 0.000000


Writing: "NeuralEP2DmonoDWCL2_Np5_8.chk"
 (0.000214623s, XML)
Steps: 9000000  Time: 0.9         
Writing: "NeuralEP2DmonoDWCL2_Np5_phie_9.chk"
 (0.000758773s, XML)

Time: 0.100000
CPU Time: 298.879040 min.
phi_m, max: -nan at y = 0.000000

phi_e, max: nan at y = 0.000000

Time: 0.200000
CPU Time: 275.715694 min.
phi_m, max: -nan at y = 0.000000

phi_e, max: nan at y = 0.000000

Time: 0.300000
CPU Time: 243.957371 min.
phi_m, max: -nan at y = 0.000000

phi_e, max: nan at y = 0.000000

Time: 0.400000
CPU Time: 224.985469 min.
phi_m, max: -nan at y = 0.000000

phi_e, max: nan at y = 0.000000

Time: 0.500000
CPU Time: 224.552564 min.
phi_m, max: -nan at y = 0.000000

phi_e, max: nan at y = 0.000000

Time: 0.600000
CPU Time: 216.314933 min.
phi_m, max: -nan at y = 0.000000

phi_e, max: nan at y = 0.000000

Time: 0.700000
CPU Time: 215.465912 min.
phi_m, max: -nan at y = 0.000000

phi_e, max: nan at y = 0.000000

Time: 0.800000
CPU Time: 216.971244 min.
phi_m, max: -nan at y = 0.000000

phi_e, max: nan at y = 0.000000

Time: 0.900000
CPU Time: 214.646889 min.
phi_m, max: -nan at y = 0.000000

phi_e, max: nan at y = 0.000000


Writing: "NeuralEP2DmonoDWCL2_Np5_9.chk"
 (0.000214001s, XML)
Steps: 10000000 Time: 1           
Writing: "NeuralEP2DmonoDWCL2_Np5_phie_10.chk"
 (0.000760646s, XML)

Time: 0.100000
CPU Time: 298.879040 min.
phi_m, max: -nan at y = 0.000000

phi_e, max: nan at y = 0.000000

Time: 0.200000
CPU Time: 275.715694 min.
phi_m, max: -nan at y = 0.000000

phi_e, max: nan at y = 0.000000

Time: 0.300000
CPU Time: 243.957371 min.
phi_m, max: -nan at y = 0.000000

phi_e, max: nan at y = 0.000000

Time: 0.400000
CPU Time: 224.985469 min.
phi_m, max: -nan at y = 0.000000

phi_e, max: nan at y = 0.000000

Time: 0.500000
CPU Time: 224.552564 min.
phi_m, max: -nan at y = 0.000000

phi_e, max: nan at y = 0.000000

Time: 0.600000
CPU Time: 216.314933 min.
phi_m, max: -nan at y = 0.000000

phi_e, max: nan at y = 0.000000

Time: 0.700000
CPU Time: 215.465912 min.
phi_m, max: -nan at y = 0.000000

phi_e, max: nan at y = 0.000000

Time: 0.800000
CPU Time: 216.971244 min.
phi_m, max: -nan at y = 0.000000

phi_e, max: nan at y = 0.000000

Time: 0.900000
CPU Time: 214.646889 min.
phi_m, max: -nan at y = 0.000000

phi_e, max: nan at y = 0.000000

Time: 1.000000
CPU Time: 218.597046 min.
phi_m, max: -nan at y = 0.000000

phi_e, max: nan at y = 0.000000


Writing: "NeuralEP2DmonoDWCL2_Np5_10.chk"
 (0.000214612s, XML)
Time-integration  : 141005s
Writing: "NeuralEP2DmonoDWCL2_Np5.fld"
 (0.000228258s, XML)
-------------------------------------------
Total Computation Time = 141008s
-------------------------------------------
L 2 error (variable um) : -nan
L inf error (variable um) : 0
L 2 error (variable ue) : nan
L inf error (variable ue) : 0
