Zone start = 0, end = 0, Excite zone = 0, Node zone = 240, intra zone = 1410, extra zone = 240 / nq = 1410
v_InitObject: Node = 1170, Myelin = 240, extracell = 0
Max Anistrength_1  = 12.9582, Anistrength_2 = 12.9582, Min Anistrength 1 = 1, Anistrength 2 = 1
MMFActivation = 1410 /  1410 ( 100 % ) 
Zone start = 0, end = 239, Excite zone = 240, Node zone = 480, intra zone = 1410, extra zone = 480 / nq = 1410
v_InitObject: Node = 930, Myelin = 480, extracell = 0
Max Anistrength_1  = 12.9582, Anistrength_2 = 12.9582, Min Anistrength 1 = 1, Anistrength 2 = 1
MMFActivation = 1410 /  1410 ( 100 % ) 
Zone start = 0, end = 0, Excite zone = 0, Node zone = 360, intra zone = 1410, extra zone = 360 / nq = 1410
v_InitObject: Node = 1050, Myelin = 360, extracell = 0
Max Anistrength_1  = 12.9582, Anistrength_2 = 12.9582, Min Anistrength 1 = 1, Anistrength 2 = 1
MMFActivation = 1410 /  1410 ( 100 % ) 
Zone start = 0, end = 0, Excite zone = 0, Node zone = 360, intra zone = 1410, extra zone = 360 / nq = 1410
v_InitObject: Node = 1050, Myelin = 360, extracell = 0
Max Anistrength_1  = 12.9582, Anistrength_2 = 12.9582, Min Anistrength 1 = 1, Anistrength 2 = 1
MMFActivation = 1410 /  1410 ( 100 % ) 
*** 1st Moving frames are NOT in unit length, Avg mag. = 11.8112 *** 
*** 2nd Moving frames are NOT in unit length, Avg mag. = 11.8112 *** 
*** Moving frames are Orthogonal
*** 1st Moving frames are NOT in unit length, Avg mag. = 10.54 *** 
*** 2nd Moving frames are NOT in unit length, Avg mag. = 10.54 *** 
*** Moving frames are Orthogonal
*** MF 0 = ( 0 , 10.54 , 0 ) 
*** MF 1 = ( 10.54 , 0 , 0 ) 
*** 1st Moving frames are NOT in unit length, Avg mag. = 11.1937 *** 
*** 2nd Moving frames are NOT in unit length, Avg mag. = 11.1937 *** 
*** Moving frames are Orthogonal
*** MF 0 = ( 0 , 11.1937 , 0 ) 
*** MF 1 = ( 11.1937 , 0 , 0 ) 
*** MF 2 = ( 0 , 0 , 1 ) 
MMFInitObject is done ===========================
*** MF 2 = ( 0 , 0 , 1 ) 
MMFInitObject is done ===========================
*** MF 0 = ( 0 , 11.8112 , 0 ) 
*** MF 1 = ( 11.8112 , 0 , 0 ) 
*** 1st Moving frames are NOT in unit length, Avg mag. = 11.1937 *** 
*** 2nd Moving frames are NOT in unit length, Avg mag. = 11.1937 *** 
*** Moving frames are Orthogonal
*** MF 2 = ( 0 , 0 , 1 ) 
MMFInitObject is done ===========================
*** MF 0 = ( 0 , 11.1937 , 0 ) 
*** MF 1 = ( 11.1937 , 0 , 0 ) 
*** MF 2 = ( 0 , 0 , 1 ) 
MMFInitObject is done ===========================
*** 1st Moving frames are in unit length ***
*** 2nd Moving frames are in unit length ***
*** Moving frames are Orthogonal
*** 1st Moving frames are in unit length ***
*** 2nd Moving frames are in unit length ***
*** Moving frames are Orthogonal
*** MF 0 = ( 0.694274 , 0.719711 , 0 ) 
*** MF 1 = ( 0.719711 , 0.694274 , 0 ) 
*** 1st Moving frames are in unit length ***
*** 2nd Moving frames are in unit length ***
*** Moving frames are Orthogonal
*** MF 2 = ( 0 , 0 , 1 ) 
*** MF 0 = ( 0.690922 , 0.72293 , 0 ) 
*** MF 1 = ( 0.72293 , 0.690922 , 0 ) 
*** MF 0 = ( 0.725873 , 0.687829 , 0 ) 
*** MF 2 = ( 0 , 0 , 1 ) 
*** MF 1 = ( 0.687829 , 0.725873 , 0 ) 
*** MF 2 = ( 0 , 0 , 1 ) 
*** 1st Moving frames are in unit length ***
*** 2nd Moving frames are in unit length ***
*** Moving frames are Orthogonal
*** MF 0 = ( 0.721059 , 0.692874 , 0 ) 
*** MF 1 = ( 0.692874 , 0.721059 , 0 ) 
*** MF 2 = ( 0 , 0 , 1 ) 
*** 1st Moving frames are NOT in unit length, Avg mag. = 1.41421 *** 
*** 2nd Moving frames are NOT in unit length, Avg mag. = 1.41421 *** 
*** Moving frames are Orthogonal
*** 1st Moving frames are NOT in unit length, Avg mag. = 1.41421 *** 
*** 2nd Moving frames are NOT in unit length, Avg mag. = 1.41421 *** 
*** Moving frames are Orthogonal
*** MF 0 = ( 0.981852 , 1.01782 , 0 ) 
*** MF 1 = ( 1.01782 , 0.981852 , 0 ) 
*** 1st Moving frames are NOT in unit length, Avg mag. = 1.41421 *** 
*** 2nd Moving frames are NOT in unit length, Avg mag. = 1.41421 *** 
*** Moving frames are Orthogonal
*** MF 2 = ( 0 , 0 , 1 ) 
*** MF 0 = ( 0.977111 , 1.02238 , 0 ) 
*** MF 1 = ( 1.02238 , 0.977111 , 0 ) 
*** 1st Moving frames are NOT in unit length, Avg mag. = 1.41421 *** 
*** 2nd Moving frames are NOT in unit length, Avg mag. = 1.41421 *** 
*** Moving frames are Orthogonal
*** MF 2 = ( 0 , 0 , 1 ) 
*** MF 0 = ( 0.981852 , 1.01782 , 0 ) 
*** MF 1 = ( 1.01782 , 0.981852 , 0 ) 
*** MF 2 = ( 0 , 0 , 1 ) 
*** MF 0 = ( 1.02654 , 0.972736 , 0 ) 
*** MF 1 = ( 0.972736 , 1.02654 , 0 ) 
*** MF 2 = ( 0 , 0 , 1 ) 
*** 1st Moving frames are NOT in unit length, Avg mag. = 1.41421 *** 
*** 2nd Moving frames are NOT in unit length, Avg mag. = 1.41421 *** 
*** Moving frames are Orthogonal
*** 1st Moving frames are NOT in unit length, Avg mag. = 1.41421 *** 
*** 2nd Moving frames are NOT in unit length, Avg mag. = 1.41421 *** 
*** Moving frames are Orthogonal
*** MF 0 = ( 0.977111 , 1.02238 , 0 ) 
*** 1st Moving frames are NOT in unit length, Avg mag. = 1.41421 *** 
*** 2nd Moving frames are NOT in unit length, Avg mag. = 1.41421 *** 
*** Moving frames are Orthogonal
*** MF 1 = ( 1.02238 , 0.977111 , 0 ) 
*** MF 2 = ( 0 , 0 , 1 ) 
*** MF 0 = ( 1.02654 , 0.972736 , 0 ) 
*** MF 1 = ( 0.972736 , 1.02654 , 0 ) 
*** MF 0 = ( 1.01973 , 0.979871 , 0 ) 
*** MF 1 = ( 0.979871 , 1.01973 , 0 ) 
*** MF 2 = ( 0 , 0 , 1 ) 
*** MF 2 = ( 0 , 0 , 1 ) 
*** 1st Moving frames are NOT in unit length, Avg mag. = 1.41421 *** 
*** 2nd Moving frames are NOT in unit length, Avg mag. = 1.41421 *** 
*** Moving frames are Orthogonal
*** MF 0 = ( 1.01973 , 0.979871 , 0 ) 
*** MF 1 = ( 0.979871 , 1.01973 , 0 ) 
*** MF 2 = ( 0 , 0 , 1 ) 
k = 0, m_varcoeff = ( 0 , 11.1937 , 0 , 1.65126e-12 , 144.902 ) 
k = 0, m_varcoeff = ( 0 , 10.54 , 0 , 1.57794e-12 , 136.372 ) 
k = 0, m_varcoeff = ( 0 , 11.8112 , 0 , 1.67921e-12 , 152.958 ) 
k = 1, m_varcoeff = ( 11.1937 , 0 , 0 , 4.76478e-12 , 144.902 ) 
k = 1, m_varcoeff = ( 10.54 , 0 , 0 , 4.51364e-12 , 136.372 ) 
k = 0, m_varcoeff = ( 0 , 11.1937 , 0 , 1.65573e-12 , 144.902 ) 
k = 1, m_varcoeff = ( 11.8112 , 0 , 0 , 5.09242e-12 , 152.958 ) 
k = 2, m_varcoeff = ( 0 , 0 , 1 , 0 , 1 ) 
 ::::: 2D Varcoeff is Successfully Created ::::: 

k = 1, m_varcoeff = ( 11.1937 , 0 , 0 , 4.82088e-12 , 144.902 ) 
k = 2, m_varcoeff = ( 0 , 0 , 1 , 0 , 1 ) 
 ::::: 2D Varcoeff is Successfully Created ::::: 

k = 2, m_varcoeff = ( 0 , 0 , 1 , 0 , 1 ) 
 ::::: 2D Varcoeff is Successfully Created ::::: 

k = 0, m_varcoeff = ( 0.981852 , 1.01782 , 0 , 2.55031e-06 , 2 ) 
k = 2, m_varcoeff = ( 0 , 0 , 1 , 0 , 1 ) 
 ::::: 2D Varcoeff is Successfully Created ::::: 

k = 0, m_varcoeff = ( 0.977111 , 1.02238 , 0 , 1.47244e-07 , 2 ) 
k = 0, m_varcoeff = ( 1.02654 , 0.972736 , 0 , 1.47976e-06 , 2 ) 
k = 1, m_varcoeff = ( 1.01782 , 0.981852 , 0 , 7.28662e-06 , 2 ) 
k = 0, m_varcoeff = ( 1.01973 , 0.979871 , 0 , 1.80334e-06 , 2 ) 
k = 1, m_varcoeff = ( 1.02238 , 0.977111 , 0 , 4.20693e-07 , 2 ) 
k = 1, m_varcoeff = ( 0.972736 , 1.02654 , 0 , 4.22792e-06 , 2 ) 
k = 2, m_varcoeff = ( 0 , 0 , 1 , 0 , 1 ) 
 ::::: 2D Varcoeff is Successfully Created ::::: 

k = 1, m_varcoeff = ( 0.979871 , 1.01973 , 0 , 5.15243e-06 , 2 ) 
k = 2, m_varcoeff = ( 0 , 0 , 1 , 0 , 1 ) 
 ::::: 2D Varcoeff is Successfully Created ::::: 

k = 2, m_varcoeff = ( 0 , 0 , 1 , 0 , 1 ) 
 ::::: 2D Varcoeff is Successfully Created ::::: 

k = 2, m_varcoeff = ( 0 , 0 , 1 , 0 , 1 ) 
 ::::: 2D Varcoeff is Successfully Created ::::: 

=======================================================================
	        EquationType: MMFNeuralEP
	        Session Name: NeuralEP2DmonoDNCL2mpi4
	        Spatial Dim.: 3
	  Max SEM Exp. Order: 5
	      Num. Processes: 4
	      Expansion Dim.: 2
	     Projection Type: Continuous Galerkin
	 Advect. advancement: explicit
	Diffuse. advancement: implicit
	           Time Step: 1e-07
	        No. of Steps: 10000000
	 Checkpoints (steps): 1000000
	    Integration Type: IMEX
	             Surface: Plane
	           DerivType: Euclidean
	              MMFdir: TangentY
	        NeuralEPType: NeuralEP2Dbi
	      ExtCurrentType: NoCurrent
	       GlobalSysSoln: XxtMultiLevelStaticCond
	       TimeMapScheme: DeActivated
	        TimeMapStart: 0
	          TimeMapEnd: 10000
	        Fiber Length: 0.01
	         Node Length: 0.01
	       Myelin Length: 0.2
	               Nnode: 10
	         Temperature: 24
	            diameter: 0.01
	             Helmtau: 1
=======================================================================
Initial Conditions:
  - Field um: 0
  - Field ue: 0
Initial Conditions:
  - Field um: 0
  - Field ue: 0
Writing: "NeuralEP2DmonoDNCL2mpi4_initial.chk"
 (0.000403066s, XML)
phi_m, max: 0.022642 at y = 1.060000



phi_m, max: 0.022642 at y = 1.060000

 
(Nodeid,phim): ( 0 , -nan ) ( 1 , -nan ) ( 2 , -nan ) ( 3 , -nan ) ( 4 , -nan ) ( 5 , -nan ) ( 6 , inf ) ( 7 , -inf ) ( 8 , -inf ) ( 9 , -nan )  


Steps: 1000000  Time: 0.1         

Time: 0.100000
CPU Time: 23.160116 min.
phi_m, max: 57.190620 at y = 0.471928




Time: 0.100000
CPU Time: 23.160116 min.
phi_m, max: 57.190620 at y = 0.471928

 
(Nodeid,phim): ( 0 , -nan ) ( 1 , -nan ) ( 2 , -nan ) ( 3 , -nan ) ( 4 , inf ) ( 5 , inf ) ( 6 , -nan ) ( 7 , -nan ) ( 8 , -nan ) ( 9 , -nan )  


phi_m, max: 292.849552 at y = 0.227458



phi_m, max: 292.849552 at y = 0.227458

 
(Nodeid,phim): ( 0 , 112.582494 ) ( 1 , 112.596026 ) ( 2 , 114.893086 ) ( 3 , 79.866636 ) ( 4 , 0.000000 ) ( 5 , 0.000000 ) ( 6 , 0.000000 ) ( 7 , 0.000000 ) ( 8 , 0.000000 ) ( 9 , 0.000000 )  


phi_m, max: -0.002836 at y = 1.585925



phi_m, max: -0.002836 at y = 1.585925

 
(Nodeid,phim): ( 0 , -nan ) ( 1 , -nan ) ( 2 , -nan ) ( 3 , -nan ) ( 4 , -nan ) ( 5 , -nan ) ( 6 , -nan ) ( 7 , -nan ) ( 8 , -nan ) ( 9 , -inf )  


Writing: "NeuralEP2DmonoDNCL2mpi4_1.chk"
 (0.000617568s, XML)
phi_m, max: 292.849552 at y = 0.227458

 
(Nodeid,phim): ( 0 , 112.582494 ) ( 1 , 112.596026 ) ( 2 , 114.893086 ) ( 3 , 79.866636 ) ( 4 , 0.000000 ) ( 5 , 0.000000 ) ( 6 , 0.000000 ) ( 7 , 0.000000 ) ( 8 , 0.000000 ) ( 9 , 0.000000 )  
phi_m, max: 286.048647 at y = 0.439413



phi_m, max: 292.849552 at y = 0.227458

 
(Nodeid,phim): ( 0 , 112.582494 ) ( 1 , 112.596026 ) ( 2 , 114.893086 ) ( 3 , 79.866636 ) ( 4 , 0.000000 ) ( 5 , 0.000000 ) ( 6 , 0.000000 ) ( 7 , 0.000000 ) ( 8 , 0.000000 ) ( 9 , 0.000000 )  
phi_m, max: 286.048647 at y = 0.439413

 
(Nodeid,phim): ( 0 , 97.502633 ) ( 1 , 97.587677 ) ( 2 , 102.910404 ) ( 3 , 110.892568 ) ( 4 , 0.000000 ) ( 5 , 0.000000 ) ( 6 , 0.000000 ) ( 7 , 0.000000 ) ( 8 , 0.000000 ) ( 9 , 0.000000 )  


phi_m, max: 0.022642 at y = 1.060000

 
(Nodeid,phim): ( 0 , -nan ) ( 1 , -nan ) ( 2 , -nan ) ( 3 , -nan ) ( 4 , -nan ) ( 5 , -nan ) ( 6 , inf ) ( 7 , -inf ) ( 8 , -inf ) ( 9 , -nan )  
phi_m, max: 18.755337 at y = 1.060000



phi_m, max: 0.022642 at y = 1.060000

 
(Nodeid,phim): ( 0 , -nan ) ( 1 , -nan ) ( 2 , -nan ) ( 3 , -nan ) ( 4 , -nan ) ( 5 , -nan ) ( 6 , inf ) ( 7 , -inf ) ( 8 , -inf ) ( 9 , -nan )  
phi_m, max: 18.755337 at y = 1.060000

 
(Nodeid,phim): ( 0 , -nan ) ( 1 , -nan ) ( 2 , -nan ) ( 3 , -nan ) ( 4 , -nan ) ( 5 , -nan ) ( 6 , inf ) ( 7 , inf ) ( 8 , inf ) ( 9 , -nan )  


Steps: 2000000  Time: 0.2         

Time: 0.100000
CPU Time: 23.160116 min.
phi_m, max: 57.190620 at y = 0.471928

 
(Nodeid,phim): ( 0 , -nan ) ( 1 , -nan ) ( 2 , -nan ) ( 3 , -nan ) ( 4 , inf ) ( 5 , inf ) ( 6 , -nan ) ( 7 , -nan ) ( 8 , -nan ) ( 9 , -nan )  

Time: 0.200000
CPU Time: 23.251144 min.
phi_m, max: 293.096062 at y = 0.646426




Time: 0.100000
CPU Time: 23.160116 min.
phi_m, max: 57.190620 at y = 0.471928

 
(Nodeid,phim): ( 0 , -nan ) ( 1 , -nan ) ( 2 , -nan ) ( 3 , -nan ) ( 4 , inf ) ( 5 , inf ) ( 6 , -nan ) ( 7 , -nan ) ( 8 , -nan ) ( 9 , -nan )  

Time: 0.200000
CPU Time: 23.251144 min.
phi_m, max: 293.096062 at y = 0.646426

 
(Nodeid,phim): ( 0 , -nan ) ( 1 , -nan ) ( 2 , -nan ) ( 3 , -nan ) ( 4 , inf ) ( 5 , inf ) ( 6 , -nan ) ( 7 , -nan ) ( 8 , -nan ) ( 9 , -nan )  


phi_m, max: -0.002836 at y = 1.585925

 
(Nodeid,phim): ( 0 , -nan ) ( 1 , -nan ) ( 2 , -nan ) ( 3 , -nan ) ( 4 , -nan ) ( 5 , -nan ) ( 6 , -nan ) ( 7 , -nan ) ( 8 , -nan ) ( 9 , -inf )  
phi_m, max: -0.002513 at y = 1.579071



phi_m, max: -0.002836 at y = 1.585925

 
(Nodeid,phim): ( 0 , -nan ) ( 1 , -nan ) ( 2 , -nan ) ( 3 , -nan ) ( 4 , -nan ) ( 5 , -nan ) ( 6 , -nan ) ( 7 , -nan ) ( 8 , -nan ) ( 9 , -inf )  
phi_m, max: -0.002513 at y = 1.579071

 
(Nodeid,phim): ( 0 , -nan ) ( 1 , -nan ) ( 2 , -nan ) ( 3 , -nan ) ( 4 , -nan ) ( 5 , -nan ) ( 6 , -nan ) ( 7 , -nan ) ( 8 , -nan ) ( 9 , -inf )  


Writing: "NeuralEP2DmonoDNCL2mpi4_2.chk"
 (0.000603121s, XML)
phi_m, max: 292.849552 at y = 0.227458

 
(Nodeid,phim): ( 0 , 112.582494 ) ( 1 , 112.596026 ) ( 2 , 114.893086 ) ( 3 , 79.866636 ) ( 4 , 0.000000 ) ( 5 , 0.000000 ) ( 6 , 0.000000 ) ( 7 , 0.000000 ) ( 8 , 0.000000 ) ( 9 , 0.000000 )  
phi_m, max: 286.048647 at y = 0.439413

 
(Nodeid,phim): ( 0 , 97.502633 ) ( 1 , 97.587677 ) ( 2 , 102.910404 ) ( 3 , 110.892568 ) ( 4 , 0.000000 ) ( 5 , 0.000000 ) ( 6 , 0.000000 ) ( 7 , 0.000000 ) ( 8 , 0.000000 ) ( 9 , 0.000000 )  
phi_m, max: 249.825608 at y = 0.497143



phi_m, max: 292.849552 at y = 0.227458

 
(Nodeid,phim): ( 0 , 112.582494 ) ( 1 , 112.596026 ) ( 2 , 114.893086 ) ( 3 , 79.866636 ) ( 4 , 0.000000 ) ( 5 , 0.000000 ) ( 6 , 0.000000 ) ( 7 , 0.000000 ) ( 8 , 0.000000 ) ( 9 , 0.000000 )  
phi_m, max: 286.048647 at y = 0.439413

 
(Nodeid,phim): ( 0 , 97.502633 ) ( 1 , 97.587677 ) ( 2 , 102.910404 ) ( 3 , 110.892568 ) ( 4 , 0.000000 ) ( 5 , 0.000000 ) ( 6 , 0.000000 ) ( 7 , 0.000000 ) ( 8 , 0.000000 ) ( 9 , 0.000000 )  
phi_m, max: 249.825608 at y = 0.497143

 
(Nodeid,phim): ( 0 , 78.116092 ) ( 1 , 78.215390 ) ( 2 , 84.375251 ) ( 3 , 95.053390 ) ( 4 , 0.000000 ) ( 5 , 0.000000 ) ( 6 , 0.000000 ) ( 7 , 0.000000 ) ( 8 , 0.000000 ) ( 9 , 0.000000 )  


Steps: 3000000  Time: 0.3         

Time: 0.100000
CPU Time: 23.160116 min.
phi_m, max: 57.190620 at y = 0.471928

 
(Nodeid,phim): ( 0 , -nan ) ( 1 , -nan ) ( 2 , -nan ) ( 3 , -nan ) ( 4 , inf ) ( 5 , inf ) ( 6 , -nan ) ( 7 , -nan ) ( 8 , -nan ) ( 9 , -nan )  

Time: 0.200000
CPU Time: 23.251144 min.
phi_m, max: 293.096062 at y = 0.646426

 
(Nodeid,phim): ( 0 , -nan ) ( 1 , -nan ) ( 2 , -nan ) ( 3 , -nan ) ( 4 , inf ) ( 5 , inf ) ( 6 , -nan ) ( 7 , -nan ) ( 8 , -nan ) ( 9 , -nan )  

Time: 0.300000
CPU Time: 23.239224 min.
phi_m, max: 288.851272 at y = 1.060000




Time: 0.100000
CPU Time: 23.160116 min.
phi_m, max: 57.190620 at y = 0.471928

 
(Nodeid,phim): ( 0 , -nan ) ( 1 , -nan ) ( 2 , -nan ) ( 3 , -nan ) ( 4 , inf ) ( 5 , inf ) ( 6 , -nan ) ( 7 , -nan ) ( 8 , -nan ) ( 9 , -nan )  

Time: 0.200000
CPU Time: 23.251144 min.
phi_m, max: 293.096062 at y = 0.646426

 
(Nodeid,phim): ( 0 , -nan ) ( 1 , -nan ) ( 2 , -nan ) ( 3 , -nan ) ( 4 , inf ) ( 5 , inf ) ( 6 , -nan ) ( 7 , -nan ) ( 8 , -nan ) ( 9 , -nan )  

Time: 0.300000
CPU Time: 23.239224 min.
phi_m, max: 288.851272 at y = 1.060000

 
(Nodeid,phim): ( 0 , -nan ) ( 1 , -nan ) ( 2 , -nan ) ( 3 , -nan ) ( 4 , inf ) ( 5 , inf ) ( 6 , -nan ) ( 7 , -nan ) ( 8 , -nan ) ( 9 , -nan )  


phi_m, max: -0.002836 at y = 1.585925

 
(Nodeid,phim): ( 0 , -nan ) ( 1 , -nan ) ( 2 , -nan ) ( 3 , -nan ) ( 4 , -nan ) ( 5 , -nan ) ( 6 , -nan ) ( 7 , -nan ) ( 8 , -nan ) ( 9 , -inf )  
phi_m, max: -0.002513 at y = 1.579071

 
(Nodeid,phim): ( 0 , -nan ) ( 1 , -nan ) ( 2 , -nan ) ( 3 , -nan ) ( 4 , -nan ) ( 5 , -nan ) ( 6 , -nan ) ( 7 , -nan ) ( 8 , -nan ) ( 9 , -inf )  
phi_m, max: 0.253859 at y = 1.579071



phi_m, max: -0.002836 at y = 1.585925

 
(Nodeid,phim): ( 0 , -nan ) ( 1 , -nan ) ( 2 , -nan ) ( 3 , -nan ) ( 4 , -nan ) ( 5 , -nan ) ( 6 , -nan ) ( 7 , -nan ) ( 8 , -nan ) ( 9 , -inf )  
phi_m, max: -0.002513 at y = 1.579071

 
(Nodeid,phim): ( 0 , -nan ) ( 1 , -nan ) ( 2 , -nan ) ( 3 , -nan ) ( 4 , -nan ) ( 5 , -nan ) ( 6 , -nan ) ( 7 , -nan ) ( 8 , -nan ) ( 9 , -inf )  
phi_m, max: 0.253859 at y = 1.579071

 
(Nodeid,phim): ( 0 , -nan ) ( 1 , -nan ) ( 2 , -nan ) ( 3 , -nan ) ( 4 , -nan ) ( 5 , -nan ) ( 6 , -nan ) ( 7 , -nan ) ( 8 , -nan ) ( 9 , inf )  


phi_m, max: 0.022642 at y = 1.060000

 
(Nodeid,phim): ( 0 , -nan ) ( 1 , -nan ) ( 2 , -nan ) ( 3 , -nan ) ( 4 , -nan ) ( 5 , -nan ) ( 6 , inf ) ( 7 , -inf ) ( 8 , -inf ) ( 9 , -nan )  
phi_m, max: 18.755337 at y = 1.060000

 
(Nodeid,phim): ( 0 , -nan ) ( 1 , -nan ) ( 2 , -nan ) ( 3 , -nan ) ( 4 , -nan ) ( 5 , -nan ) ( 6 , inf ) ( 7 , inf ) ( 8 , inf ) ( 9 , -nan )  
phi_m, max: 292.967872 at y = 1.063633



phi_m, max: 0.022642 at y = 1.060000

 
(Nodeid,phim): ( 0 , -nan ) ( 1 , -nan ) ( 2 , -nan ) ( 3 , -nan ) ( 4 , -nan ) ( 5 , -nan ) ( 6 , inf ) ( 7 , -inf ) ( 8 , -inf ) ( 9 , -nan )  
phi_m, max: 18.755337 at y = 1.060000

 
(Nodeid,phim): ( 0 , -nan ) ( 1 , -nan ) ( 2 , -nan ) ( 3 , -nan ) ( 4 , -nan ) ( 5 , -nan ) ( 6 , inf ) ( 7 , inf ) ( 8 , inf ) ( 9 , -nan )  
phi_m, max: 292.967872 at y = 1.063633

 
(Nodeid,phim): ( 0 , -nan ) ( 1 , -nan ) ( 2 , -nan ) ( 3 , -nan ) ( 4 , -nan ) ( 5 , -nan ) ( 6 , inf ) ( 7 , inf ) ( 8 , inf ) ( 9 , -nan )  


Writing: "NeuralEP2DmonoDNCL2mpi4_3.chk"
 (0.000593824s, XML)
phi_m, max: 0.022642 at y = 1.060000

 
(Nodeid,phim): ( 0 , -nan ) ( 1 , -nan ) ( 2 , -nan ) ( 3 , -nan ) ( 4 , -nan ) ( 5 , -nan ) ( 6 , inf ) ( 7 , -inf ) ( 8 , -inf ) ( 9 , -nan )  
phi_m, max: 18.755337 at y = 1.060000

 
(Nodeid,phim): ( 0 , -nan ) ( 1 , -nan ) ( 2 , -nan ) ( 3 , -nan ) ( 4 , -nan ) ( 5 , -nan ) ( 6 , inf ) ( 7 , inf ) ( 8 , inf ) ( 9 , -nan )  
phi_m, max: 292.967872 at y = 1.063633

 
(Nodeid,phim): ( 0 , -nan ) ( 1 , -nan ) ( 2 , -nan ) ( 3 , -nan ) ( 4 , -nan ) ( 5 , -nan ) ( 6 , inf ) ( 7 , inf ) ( 8 , inf ) ( 9 , -nan )  
phi_m, max: 292.754731 at y = 1.481624



phi_m, max: 0.022642 at y = 1.060000

 
(Nodeid,phim): ( 0 , -nan ) ( 1 , -nan ) ( 2 , -nan ) ( 3 , -nan ) ( 4 , -nan ) ( 5 , -nan ) ( 6 , inf ) ( 7 , -inf ) ( 8 , -inf ) ( 9 , -nan )  
phi_m, max: 18.755337 at y = 1.060000

 
(Nodeid,phim): ( 0 , -nan ) ( 1 , -nan ) ( 2 , -nan ) ( 3 , -nan ) ( 4 , -nan ) ( 5 , -nan ) ( 6 , inf ) ( 7 , inf ) ( 8 , inf ) ( 9 , -nan )  
phi_m, max: 292.967872 at y = 1.063633

 
(Nodeid,phim): ( 0 , -nan ) ( 1 , -nan ) ( 2 , -nan ) ( 3 , -nan ) ( 4 , -nan ) ( 5 , -nan ) ( 6 , inf ) ( 7 , inf ) ( 8 , inf ) ( 9 , -nan )  
phi_m, max: 292.754731 at y = 1.481624

 
(Nodeid,phim): ( 0 , -nan ) ( 1 , -nan ) ( 2 , -nan ) ( 3 , -nan ) ( 4 , -nan ) ( 5 , -nan ) ( 6 , inf ) ( 7 , inf ) ( 8 , inf ) ( 9 , -nan )  


phi_m, max: -0.002836 at y = 1.585925

 
(Nodeid,phim): ( 0 , -nan ) ( 1 , -nan ) ( 2 , -nan ) ( 3 , -nan ) ( 4 , -nan ) ( 5 , -nan ) ( 6 , -nan ) ( 7 , -nan ) ( 8 , -nan ) ( 9 , -inf )  
phi_m, max: -0.002513 at y = 1.579071

 
(Nodeid,phim): ( 0 , -nan ) ( 1 , -nan ) ( 2 , -nan ) ( 3 , -nan ) ( 4 , -nan ) ( 5 , -nan ) ( 6 , -nan ) ( 7 , -nan ) ( 8 , -nan ) ( 9 , -inf )  
phi_m, max: 0.253859 at y = 1.579071

 
(Nodeid,phim): ( 0 , -nan ) ( 1 , -nan ) ( 2 , -nan ) ( 3 , -nan ) ( 4 , -nan ) ( 5 , -nan ) ( 6 , -nan ) ( 7 , -nan ) ( 8 , -nan ) ( 9 , inf )  
phi_m, max: 177.747134 at y = 1.579071



phi_m, max: -0.002836 at y = 1.585925

 
(Nodeid,phim): ( 0 , -nan ) ( 1 , -nan ) ( 2 , -nan ) ( 3 , -nan ) ( 4 , -nan ) ( 5 , -nan ) ( 6 , -nan ) ( 7 , -nan ) ( 8 , -nan ) ( 9 , -inf )  
phi_m, max: -0.002513 at y = 1.579071

 
(Nodeid,phim): ( 0 , -nan ) ( 1 , -nan ) ( 2 , -nan ) ( 3 , -nan ) ( 4 , -nan ) ( 5 , -nan ) ( 6 , -nan ) ( 7 , -nan ) ( 8 , -nan ) ( 9 , -inf )  
phi_m, max: 0.253859 at y = 1.579071

 
(Nodeid,phim): ( 0 , -nan ) ( 1 , -nan ) ( 2 , -nan ) ( 3 , -nan ) ( 4 , -nan ) ( 5 , -nan ) ( 6 , -nan ) ( 7 , -nan ) ( 8 , -nan ) ( 9 , inf )  
phi_m, max: 177.747134 at y = 1.579071

 
(Nodeid,phim): ( 0 , -nan ) ( 1 , -nan ) ( 2 , -nan ) ( 3 , -nan ) ( 4 , -nan ) ( 5 , -nan ) ( 6 , -nan ) ( 7 , -nan ) ( 8 , -nan ) ( 9 , inf )  


phi_m, max: 292.849552 at y = 0.227458

 
(Nodeid,phim): ( 0 , 112.582494 ) ( 1 , 112.596026 ) ( 2 , 114.893086 ) ( 3 , 79.866636 ) ( 4 , 0.000000 ) ( 5 , 0.000000 ) ( 6 , 0.000000 ) ( 7 , 0.000000 ) ( 8 , 0.000000 ) ( 9 , 0.000000 )  
phi_m, max: 286.048647 at y = 0.439413

 
(Nodeid,phim): ( 0 , 97.502633 ) ( 1 , 97.587677 ) ( 2 , 102.910404 ) ( 3 , 110.892568 ) ( 4 , 0.000000 ) ( 5 , 0.000000 ) ( 6 , 0.000000 ) ( 7 , 0.000000 ) ( 8 , 0.000000 ) ( 9 , 0.000000 )  
phi_m, max: 249.825608 at y = 0.497143

 
(Nodeid,phim): ( 0 , 78.116092 ) ( 1 , 78.215390 ) ( 2 , 84.375251 ) ( 3 , 95.053390 ) ( 4 , 0.000000 ) ( 5 , 0.000000 ) ( 6 , 0.000000 ) ( 7 , 0.000000 ) ( 8 , 0.000000 ) ( 9 , 0.000000 )  
phi_m, max: 201.739453 at y = 0.497143



phi_m, max: 292.849552 at y = 0.227458

 
(Nodeid,phim): ( 0 , 112.582494 ) ( 1 , 112.596026 ) ( 2 , 114.893086 ) ( 3 , 79.866636 ) ( 4 , 0.000000 ) ( 5 , 0.000000 ) ( 6 , 0.000000 ) ( 7 , 0.000000 ) ( 8 , 0.000000 ) ( 9 , 0.000000 )  
phi_m, max: 286.048647 at y = 0.439413

 
(Nodeid,phim): ( 0 , 97.502633 ) ( 1 , 97.587677 ) ( 2 , 102.910404 ) ( 3 , 110.892568 ) ( 4 , 0.000000 ) ( 5 , 0.000000 ) ( 6 , 0.000000 ) ( 7 , 0.000000 ) ( 8 , 0.000000 ) ( 9 , 0.000000 )  
phi_m, max: 249.825608 at y = 0.497143

 
(Nodeid,phim): ( 0 , 78.116092 ) ( 1 , 78.215390 ) ( 2 , 84.375251 ) ( 3 , 95.053390 ) ( 4 , 0.000000 ) ( 5 , 0.000000 ) ( 6 , 0.000000 ) ( 7 , 0.000000 ) ( 8 , 0.000000 ) ( 9 , 0.000000 )  
phi_m, max: 201.739453 at y = 0.497143

 
(Nodeid,phim): ( 0 , 58.170218 ) ( 1 , 58.264242 ) ( 2 , 64.214657 ) ( 3 , 75.352596 ) ( 4 , 0.000000 ) ( 5 , 0.000000 ) ( 6 , 0.000000 ) ( 7 , 0.000000 ) ( 8 , 0.000000 ) ( 9 , 0.000000 )  


Steps: 4000000  Time: 0.4         

Time: 0.100000
CPU Time: 23.160116 min.
phi_m, max: 57.190620 at y = 0.471928

 
(Nodeid,phim): ( 0 , -nan ) ( 1 , -nan ) ( 2 , -nan ) ( 3 , -nan ) ( 4 , inf ) ( 5 , inf ) ( 6 , -nan ) ( 7 , -nan ) ( 8 , -nan ) ( 9 , -nan )  

Time: 0.200000
CPU Time: 23.251144 min.
phi_m, max: 293.096062 at y = 0.646426

 
(Nodeid,phim): ( 0 , -nan ) ( 1 , -nan ) ( 2 , -nan ) ( 3 , -nan ) ( 4 , inf ) ( 5 , inf ) ( 6 , -nan ) ( 7 , -nan ) ( 8 , -nan ) ( 9 , -nan )  

Time: 0.300000
CPU Time: 23.239224 min.
phi_m, max: 288.851272 at y = 1.060000

 
(Nodeid,phim): ( 0 , -nan ) ( 1 , -nan ) ( 2 , -nan ) ( 3 , -nan ) ( 4 , inf ) ( 5 , inf ) ( 6 , -nan ) ( 7 , -nan ) ( 8 , -nan ) ( 9 , -nan )  

Time: 0.400000
CPU Time: 23.215938 min.
phi_m, max: 257.376147 at y = 1.060000




Time: 0.100000
CPU Time: 23.160116 min.
phi_m, max: 57.190620 at y = 0.471928

 
(Nodeid,phim): ( 0 , -nan ) ( 1 , -nan ) ( 2 , -nan ) ( 3 , -nan ) ( 4 , inf ) ( 5 , inf ) ( 6 , -nan ) ( 7 , -nan ) ( 8 , -nan ) ( 9 , -nan )  

Time: 0.200000
CPU Time: 23.251144 min.
phi_m, max: 293.096062 at y = 0.646426

 
(Nodeid,phim): ( 0 , -nan ) ( 1 , -nan ) ( 2 , -nan ) ( 3 , -nan ) ( 4 , inf ) ( 5 , inf ) ( 6 , -nan ) ( 7 , -nan ) ( 8 , -nan ) ( 9 , -nan )  

Time: 0.300000
CPU Time: 23.239224 min.
phi_m, max: 288.851272 at y = 1.060000

 
(Nodeid,phim): ( 0 , -nan ) ( 1 , -nan ) ( 2 , -nan ) ( 3 , -nan ) ( 4 , inf ) ( 5 , inf ) ( 6 , -nan ) ( 7 , -nan ) ( 8 , -nan ) ( 9 , -nan )  

Time: 0.400000
CPU Time: 23.215938 min.
phi_m, max: 257.376147 at y = 1.060000

 
(Nodeid,phim): ( 0 , -nan ) ( 1 , -nan ) ( 2 , -nan ) ( 3 , -nan ) ( 4 , inf ) ( 5 , inf ) ( 6 , -nan ) ( 7 , -nan ) ( 8 , -nan ) ( 9 , -nan )  


Writing: "NeuralEP2DmonoDNCL2mpi4_4.chk"
 (0.000612229s, XML)
phi_m, max: 0.022642 at y = 1.060000

 
(Nodeid,phim): ( 0 , -nan ) ( 1 , -nan ) ( 2 , -nan ) ( 3 , -nan ) ( 4 , -nan ) ( 5 , -nan ) ( 6 , inf ) ( 7 , -inf ) ( 8 , -inf ) ( 9 , -nan )  
phi_m, max: 18.755337 at y = 1.060000

 
(Nodeid,phim): ( 0 , -nan ) ( 1 , -nan ) ( 2 , -nan ) ( 3 , -nan ) ( 4 , -nan ) ( 5 , -nan ) ( 6 , inf ) ( 7 , inf ) ( 8 , inf ) ( 9 , -nan )  
phi_m, max: 292.967872 at y = 1.063633

 
(Nodeid,phim): ( 0 , -nan ) ( 1 , -nan ) ( 2 , -nan ) ( 3 , -nan ) ( 4 , -nan ) ( 5 , -nan ) ( 6 , inf ) ( 7 , inf ) ( 8 , inf ) ( 9 , -nan )  
phi_m, max: 292.754731 at y = 1.481624

 
(Nodeid,phim): ( 0 , -nan ) ( 1 , -nan ) ( 2 , -nan ) ( 3 , -nan ) ( 4 , -nan ) ( 5 , -nan ) ( 6 , inf ) ( 7 , inf ) ( 8 , inf ) ( 9 , -nan )  
phi_m, max: 280.151746 at y = 1.489413



phi_m, max: 0.022642 at y = 1.060000

 
(Nodeid,phim): ( 0 , -nan ) ( 1 , -nan ) ( 2 , -nan ) ( 3 , -nan ) ( 4 , -nan ) ( 5 , -nan ) ( 6 , inf ) ( 7 , -inf ) ( 8 , -inf ) ( 9 , -nan )  
phi_m, max: 18.755337 at y = 1.060000

 
(Nodeid,phim): ( 0 , -nan ) ( 1 , -nan ) ( 2 , -nan ) ( 3 , -nan ) ( 4 , -nan ) ( 5 , -nan ) ( 6 , inf ) ( 7 , inf ) ( 8 , inf ) ( 9 , -nan )  
phi_m, max: 292.967872 at y = 1.063633

 
(Nodeid,phim): ( 0 , -nan ) ( 1 , -nan ) ( 2 , -nan ) ( 3 , -nan ) ( 4 , -nan ) ( 5 , -nan ) ( 6 , inf ) ( 7 , inf ) ( 8 , inf ) ( 9 , -nan )  
phi_m, max: 292.754731 at y = 1.481624

 
(Nodeid,phim): ( 0 , -nan ) ( 1 , -nan ) ( 2 , -nan ) ( 3 , -nan ) ( 4 , -nan ) ( 5 , -nan ) ( 6 , inf ) ( 7 , inf ) ( 8 , inf ) ( 9 , -nan )  
phi_m, max: 280.151746 at y = 1.489413

 
(Nodeid,phim): ( 0 , -nan ) ( 1 , -nan ) ( 2 , -nan ) ( 3 , -nan ) ( 4 , -nan ) ( 5 , -nan ) ( 6 , inf ) ( 7 , inf ) ( 8 , inf ) ( 9 , -nan )  


phi_m, max: -0.002836 at y = 1.585925

 
(Nodeid,phim): ( 0 , -nan ) ( 1 , -nan ) ( 2 , -nan ) ( 3 , -nan ) ( 4 , -nan ) ( 5 , -nan ) ( 6 , -nan ) ( 7 , -nan ) ( 8 , -nan ) ( 9 , -inf )  
phi_m, max: -0.002513 at y = 1.579071

 
(Nodeid,phim): ( 0 , -nan ) ( 1 , -nan ) ( 2 , -nan ) ( 3 , -nan ) ( 4 , -nan ) ( 5 , -nan ) ( 6 , -nan ) ( 7 , -nan ) ( 8 , -nan ) ( 9 , -inf )  
phi_m, max: 0.253859 at y = 1.579071

 
(Nodeid,phim): ( 0 , -nan ) ( 1 , -nan ) ( 2 , -nan ) ( 3 , -nan ) ( 4 , -nan ) ( 5 , -nan ) ( 6 , -nan ) ( 7 , -nan ) ( 8 , -nan ) ( 9 , inf )  
phi_m, max: 177.747134 at y = 1.579071

 
(Nodeid,phim): ( 0 , -nan ) ( 1 , -nan ) ( 2 , -nan ) ( 3 , -nan ) ( 4 , -nan ) ( 5 , -nan ) ( 6 , -nan ) ( 7 , -nan ) ( 8 , -nan ) ( 9 , inf )  
phi_m, max: 292.240949 at y = 1.698376



phi_m, max: -0.002836 at y = 1.585925

 
(Nodeid,phim): ( 0 , -nan ) ( 1 , -nan ) ( 2 , -nan ) ( 3 , -nan ) ( 4 , -nan ) ( 5 , -nan ) ( 6 , -nan ) ( 7 , -nan ) ( 8 , -nan ) ( 9 , -inf )  
phi_m, max: -0.002513 at y = 1.579071

 
(Nodeid,phim): ( 0 , -nan ) ( 1 , -nan ) ( 2 , -nan ) ( 3 , -nan ) ( 4 , -nan ) ( 5 , -nan ) ( 6 , -nan ) ( 7 , -nan ) ( 8 , -nan ) ( 9 , -inf )  
phi_m, max: 0.253859 at y = 1.579071

 
(Nodeid,phim): ( 0 , -nan ) ( 1 , -nan ) ( 2 , -nan ) ( 3 , -nan ) ( 4 , -nan ) ( 5 , -nan ) ( 6 , -nan ) ( 7 , -nan ) ( 8 , -nan ) ( 9 , inf )  
phi_m, max: 177.747134 at y = 1.579071

 
(Nodeid,phim): ( 0 , -nan ) ( 1 , -nan ) ( 2 , -nan ) ( 3 , -nan ) ( 4 , -nan ) ( 5 , -nan ) ( 6 , -nan ) ( 7 , -nan ) ( 8 , -nan ) ( 9 , inf )  
phi_m, max: 292.240949 at y = 1.698376

 
(Nodeid,phim): ( 0 , -nan ) ( 1 , -nan ) ( 2 , -nan ) ( 3 , -nan ) ( 4 , -nan ) ( 5 , -nan ) ( 6 , -nan ) ( 7 , -nan ) ( 8 , -nan ) ( 9 , inf )  


Steps: 5000000  Time: 0.5         

Time: 0.100000
CPU Time: 23.160116 min.
phi_m, max: 57.190620 at y = 0.471928

 
(Nodeid,phim): ( 0 , -nan ) ( 1 , -nan ) ( 2 , -nan ) ( 3 , -nan ) ( 4 , inf ) ( 5 , inf ) ( 6 , -nan ) ( 7 , -nan ) ( 8 , -nan ) ( 9 , -nan )  

Time: 0.200000
CPU Time: 23.251144 min.
phi_m, max: 293.096062 at y = 0.646426

 
(Nodeid,phim): ( 0 , -nan ) ( 1 , -nan ) ( 2 , -nan ) ( 3 , -nan ) ( 4 , inf ) ( 5 , inf ) ( 6 , -nan ) ( 7 , -nan ) ( 8 , -nan ) ( 9 , -nan )  

Time: 0.300000
CPU Time: 23.239224 min.
phi_m, max: 288.851272 at y = 1.060000

 
(Nodeid,phim): ( 0 , -nan ) ( 1 , -nan ) ( 2 , -nan ) ( 3 , -nan ) ( 4 , inf ) ( 5 , inf ) ( 6 , -nan ) ( 7 , -nan ) ( 8 , -nan ) ( 9 , -nan )  

Time: 0.400000
CPU Time: 23.215938 min.
phi_m, max: 257.376147 at y = 1.060000

 
(Nodeid,phim): ( 0 , -nan ) ( 1 , -nan ) ( 2 , -nan ) ( 3 , -nan ) ( 4 , inf ) ( 5 , inf ) ( 6 , -nan ) ( 7 , -nan ) ( 8 , -nan ) ( 9 , -nan )  

Time: 0.500000
CPU Time: 23.262969 min.
phi_m, max: 210.340159 at y = 1.060000




Time: 0.100000
CPU Time: 23.160116 min.
phi_m, max: 57.190620 at y = 0.471928

 
(Nodeid,phim): ( 0 , -nan ) ( 1 , -nan ) ( 2 , -nan ) ( 3 , -nan ) ( 4 , inf ) ( 5 , inf ) ( 6 , -nan ) ( 7 , -nan ) ( 8 , -nan ) ( 9 , -nan )  

Time: 0.200000
CPU Time: 23.251144 min.
phi_m, max: 293.096062 at y = 0.646426

 
(Nodeid,phim): ( 0 , -nan ) ( 1 , -nan ) ( 2 , -nan ) ( 3 , -nan ) ( 4 , inf ) ( 5 , inf ) ( 6 , -nan ) ( 7 , -nan ) ( 8 , -nan ) ( 9 , -nan )  

Time: 0.300000
CPU Time: 23.239224 min.
phi_m, max: 288.851272 at y = 1.060000

 
(Nodeid,phim): ( 0 , -nan ) ( 1 , -nan ) ( 2 , -nan ) ( 3 , -nan ) ( 4 , inf ) ( 5 , inf ) ( 6 , -nan ) ( 7 , -nan ) ( 8 , -nan ) ( 9 , -nan )  

Time: 0.400000
CPU Time: 23.215938 min.
phi_m, max: 257.376147 at y = 1.060000

 
(Nodeid,phim): ( 0 , -nan ) ( 1 , -nan ) ( 2 , -nan ) ( 3 , -nan ) ( 4 , inf ) ( 5 , inf ) ( 6 , -nan ) ( 7 , -nan ) ( 8 , -nan ) ( 9 , -nan )  

Time: 0.500000
CPU Time: 23.262969 min.
phi_m, max: 210.340159 at y = 1.060000

 
(Nodeid,phim): ( 0 , -nan ) ( 1 , -nan ) ( 2 , -nan ) ( 3 , -nan ) ( 4 , inf ) ( 5 , inf ) ( 6 , -nan ) ( 7 , -nan ) ( 8 , -nan ) ( 9 , -nan )  


phi_m, max: 292.849552 at y = 0.227458

 
(Nodeid,phim): ( 0 , 112.582494 ) ( 1 , 112.596026 ) ( 2 , 114.893086 ) ( 3 , 79.866636 ) ( 4 , 0.000000 ) ( 5 , 0.000000 ) ( 6 , 0.000000 ) ( 7 , 0.000000 ) ( 8 , 0.000000 ) ( 9 , 0.000000 )  
phi_m, max: 286.048647 at y = 0.439413

 
(Nodeid,phim): ( 0 , 97.502633 ) ( 1 , 97.587677 ) ( 2 , 102.910404 ) ( 3 , 110.892568 ) ( 4 , 0.000000 ) ( 5 , 0.000000 ) ( 6 , 0.000000 ) ( 7 , 0.000000 ) ( 8 , 0.000000 ) ( 9 , 0.000000 )  
phi_m, max: 249.825608 at y = 0.497143

 
(Nodeid,phim): ( 0 , 78.116092 ) ( 1 , 78.215390 ) ( 2 , 84.375251 ) ( 3 , 95.053390 ) ( 4 , 0.000000 ) ( 5 , 0.000000 ) ( 6 , 0.000000 ) ( 7 , 0.000000 ) ( 8 , 0.000000 ) ( 9 , 0.000000 )  
phi_m, max: 201.739453 at y = 0.497143

 
(Nodeid,phim): ( 0 , 58.170218 ) ( 1 , 58.264242 ) ( 2 , 64.214657 ) ( 3 , 75.352596 ) ( 4 , 0.000000 ) ( 5 , 0.000000 ) ( 6 , 0.000000 ) ( 7 , 0.000000 ) ( 8 , 0.000000 ) ( 9 , 0.000000 )  
phi_m, max: 151.240407 at y = 0.497143



phi_m, max: 292.849552 at y = 0.227458

 
(Nodeid,phim): ( 0 , 112.582494 ) ( 1 , 112.596026 ) ( 2 , 114.893086 ) ( 3 , 79.866636 ) ( 4 , 0.000000 ) ( 5 , 0.000000 ) ( 6 , 0.000000 ) ( 7 , 0.000000 ) ( 8 , 0.000000 ) ( 9 , 0.000000 )  
phi_m, max: 286.048647 at y = 0.439413

 
(Nodeid,phim): ( 0 , 97.502633 ) ( 1 , 97.587677 ) ( 2 , 102.910404 ) ( 3 , 110.892568 ) ( 4 , 0.000000 ) ( 5 , 0.000000 ) ( 6 , 0.000000 ) ( 7 , 0.000000 ) ( 8 , 0.000000 ) ( 9 , 0.000000 )  
phi_m, max: 249.825608 at y = 0.497143

 
(Nodeid,phim): ( 0 , 78.116092 ) ( 1 , 78.215390 ) ( 2 , 84.375251 ) ( 3 , 95.053390 ) ( 4 , 0.000000 ) ( 5 , 0.000000 ) ( 6 , 0.000000 ) ( 7 , 0.000000 ) ( 8 , 0.000000 ) ( 9 , 0.000000 )  
phi_m, max: 201.739453 at y = 0.497143

 
(Nodeid,phim): ( 0 , 58.170218 ) ( 1 , 58.264242 ) ( 2 , 64.214657 ) ( 3 , 75.352596 ) ( 4 , 0.000000 ) ( 5 , 0.000000 ) ( 6 , 0.000000 ) ( 7 , 0.000000 ) ( 8 , 0.000000 ) ( 9 , 0.000000 )  
phi_m, max: 151.240407 at y = 0.497143

 
(Nodeid,phim): ( 0 , 40.497122 ) ( 1 , 40.581734 ) ( 2 , 45.636425 ) ( 3 , 55.527402 ) ( 4 , 0.000000 ) ( 5 , 0.000000 ) ( 6 , 0.000000 ) ( 7 , 0.000000 ) ( 8 , 0.000000 ) ( 9 , 0.000000 )  


Writing: "NeuralEP2DmonoDNCL2mpi4_5.chk"
 (0.000598062s, XML)
Steps: 6000000  Time: 0.6         

Time: 0.100000
CPU Time: 23.160116 min.
phi_m, max: 57.190620 at y = 0.471928

 
(Nodeid,phim): ( 0 , -nan ) ( 1 , -nan ) ( 2 , -nan ) ( 3 , -nan ) ( 4 , inf ) ( 5 , inf ) ( 6 , -nan ) ( 7 , -nan ) ( 8 , -nan ) ( 9 , -nan )  

Time: 0.200000
CPU Time: 23.251144 min.
phi_m, max: 293.096062 at y = 0.646426

 
(Nodeid,phim): ( 0 , -nan ) ( 1 , -nan ) ( 2 , -nan ) ( 3 , -nan ) ( 4 , inf ) ( 5 , inf ) ( 6 , -nan ) ( 7 , -nan ) ( 8 , -nan ) ( 9 , -nan )  

Time: 0.300000
CPU Time: 23.239224 min.
phi_m, max: 288.851272 at y = 1.060000

 
(Nodeid,phim): ( 0 , -nan ) ( 1 , -nan ) ( 2 , -nan ) ( 3 , -nan ) ( 4 , inf ) ( 5 , inf ) ( 6 , -nan ) ( 7 , -nan ) ( 8 , -nan ) ( 9 , -nan )  

Time: 0.400000
CPU Time: 23.215938 min.
phi_m, max: 257.376147 at y = 1.060000

 
(Nodeid,phim): ( 0 , -nan ) ( 1 , -nan ) ( 2 , -nan ) ( 3 , -nan ) ( 4 , inf ) ( 5 , inf ) ( 6 , -nan ) ( 7 , -nan ) ( 8 , -nan ) ( 9 , -nan )  

Time: 0.500000
CPU Time: 23.262969 min.
phi_m, max: 210.340159 at y = 1.060000

 
(Nodeid,phim): ( 0 , -nan ) ( 1 , -nan ) ( 2 , -nan ) ( 3 , -nan ) ( 4 , inf ) ( 5 , inf ) ( 6 , -nan ) ( 7 , -nan ) ( 8 , -nan ) ( 9 , -nan )  

Time: 0.600000
CPU Time: 22.897468 min.
phi_m, max: 159.526610 at y = 1.060000




Time: 0.100000
CPU Time: 23.160116 min.
phi_m, max: 57.190620 at y = 0.471928

 
(Nodeid,phim): ( 0 , -nan ) ( 1 , -nan ) ( 2 , -nan ) ( 3 , -nan ) ( 4 , inf ) ( 5 , inf ) ( 6 , -nan ) ( 7 , -nan ) ( 8 , -nan ) ( 9 , -nan )  

Time: 0.200000
CPU Time: 23.251144 min.
phi_m, max: 293.096062 at y = 0.646426

 
(Nodeid,phim): ( 0 , -nan ) ( 1 , -nan ) ( 2 , -nan ) ( 3 , -nan ) ( 4 , inf ) ( 5 , inf ) ( 6 , -nan ) ( 7 , -nan ) ( 8 , -nan ) ( 9 , -nan )  

Time: 0.300000
CPU Time: 23.239224 min.
phi_m, max: 288.851272 at y = 1.060000

 
(Nodeid,phim): ( 0 , -nan ) ( 1 , -nan ) ( 2 , -nan ) ( 3 , -nan ) ( 4 , inf ) ( 5 , inf ) ( 6 , -nan ) ( 7 , -nan ) ( 8 , -nan ) ( 9 , -nan )  

Time: 0.400000
CPU Time: 23.215938 min.
phi_m, max: 257.376147 at y = 1.060000

 
(Nodeid,phim): ( 0 , -nan ) ( 1 , -nan ) ( 2 , -nan ) ( 3 , -nan ) ( 4 , inf ) ( 5 , inf ) ( 6 , -nan ) ( 7 , -nan ) ( 8 , -nan ) ( 9 , -nan )  

Time: 0.500000
CPU Time: 23.262969 min.
phi_m, max: 210.340159 at y = 1.060000

 
(Nodeid,phim): ( 0 , -nan ) ( 1 , -nan ) ( 2 , -nan ) ( 3 , -nan ) ( 4 , inf ) ( 5 , inf ) ( 6 , -nan ) ( 7 , -nan ) ( 8 , -nan ) ( 9 , -nan )  

Time: 0.600000
CPU Time: 22.897468 min.
phi_m, max: 159.526610 at y = 1.060000

 
(Nodeid,phim): ( 0 , -nan ) ( 1 , -nan ) ( 2 , -nan ) ( 3 , -nan ) ( 4 , inf ) ( 5 , inf ) ( 6 , -nan ) ( 7 , -nan ) ( 8 , -nan ) ( 9 , -nan )  


phi_m, max: 292.849552 at y = 0.227458

 
(Nodeid,phim): ( 0 , 112.582494 ) ( 1 , 112.596026 ) ( 2 , 114.893086 ) ( 3 , 79.866636 ) ( 4 , 0.000000 ) ( 5 , 0.000000 ) ( 6 , 0.000000 ) ( 7 , 0.000000 ) ( 8 , 0.000000 ) ( 9 , 0.000000 )  
phi_m, max: 286.048647 at y = 0.439413

 
(Nodeid,phim): ( 0 , 97.502633 ) ( 1 , 97.587677 ) ( 2 , 102.910404 ) ( 3 , 110.892568 ) ( 4 , 0.000000 ) ( 5 , 0.000000 ) ( 6 , 0.000000 ) ( 7 , 0.000000 ) ( 8 , 0.000000 ) ( 9 , 0.000000 )  
phi_m, max: 249.825608 at y = 0.497143

 
(Nodeid,phim): ( 0 , 78.116092 ) ( 1 , 78.215390 ) ( 2 , 84.375251 ) ( 3 , 95.053390 ) ( 4 , 0.000000 ) ( 5 , 0.000000 ) ( 6 , 0.000000 ) ( 7 , 0.000000 ) ( 8 , 0.000000 ) ( 9 , 0.000000 )  
phi_m, max: 201.739453 at y = 0.497143

 
(Nodeid,phim): ( 0 , 58.170218 ) ( 1 , 58.264242 ) ( 2 , 64.214657 ) ( 3 , 75.352596 ) ( 4 , 0.000000 ) ( 5 , 0.000000 ) ( 6 , 0.000000 ) ( 7 , 0.000000 ) ( 8 , 0.000000 ) ( 9 , 0.000000 )  
phi_m, max: 151.240407 at y = 0.497143

 
(Nodeid,phim): ( 0 , 40.497122 ) ( 1 , 40.581734 ) ( 2 , 45.636425 ) ( 3 , 55.527402 ) ( 4 , 0.000000 ) ( 5 , 0.000000 ) ( 6 , 0.000000 ) ( 7 , 0.000000 ) ( 8 , 0.000000 ) ( 9 , 0.000000 )  
phi_m, max: 105.926078 at y = 0.497143



phi_m, max: 292.849552 at y = 0.227458

 
(Nodeid,phim): ( 0 , 112.582494 ) ( 1 , 112.596026 ) ( 2 , 114.893086 ) ( 3 , 79.866636 ) ( 4 , 0.000000 ) ( 5 , 0.000000 ) ( 6 , 0.000000 ) ( 7 , 0.000000 ) ( 8 , 0.000000 ) ( 9 , 0.000000 )  
phi_m, max: 286.048647 at y = 0.439413

 
(Nodeid,phim): ( 0 , 97.502633 ) ( 1 , 97.587677 ) ( 2 , 102.910404 ) ( 3 , 110.892568 ) ( 4 , 0.000000 ) ( 5 , 0.000000 ) ( 6 , 0.000000 ) ( 7 , 0.000000 ) ( 8 , 0.000000 ) ( 9 , 0.000000 )  
phi_m, max: 249.825608 at y = 0.497143

 
(Nodeid,phim): ( 0 , 78.116092 ) ( 1 , 78.215390 ) ( 2 , 84.375251 ) ( 3 , 95.053390 ) ( 4 , 0.000000 ) ( 5 , 0.000000 ) ( 6 , 0.000000 ) ( 7 , 0.000000 ) ( 8 , 0.000000 ) ( 9 , 0.000000 )  
phi_m, max: 201.739453 at y = 0.497143

 
(Nodeid,phim): ( 0 , 58.170218 ) ( 1 , 58.264242 ) ( 2 , 64.214657 ) ( 3 , 75.352596 ) ( 4 , 0.000000 ) ( 5 , 0.000000 ) ( 6 , 0.000000 ) ( 7 , 0.000000 ) ( 8 , 0.000000 ) ( 9 , 0.000000 )  
phi_m, max: 151.240407 at y = 0.497143

 
(Nodeid,phim): ( 0 , 40.497122 ) ( 1 , 40.581734 ) ( 2 , 45.636425 ) ( 3 , 55.527402 ) ( 4 , 0.000000 ) ( 5 , 0.000000 ) ( 6 , 0.000000 ) ( 7 , 0.000000 ) ( 8 , 0.000000 ) ( 9 , 0.000000 )  
phi_m, max: 105.926078 at y = 0.497143

 
(Nodeid,phim): ( 0 , 20.957620 ) ( 1 , 21.224270 ) ( 2 , 27.675300 ) ( 3 , 37.948552 ) ( 4 , 0.000000 ) ( 5 , 0.000000 ) ( 6 , 0.000000 ) ( 7 , 0.000000 ) ( 8 , 0.000000 ) ( 9 , 0.000000 )  


phi_m, max: -0.002836 at y = 1.585925

 
(Nodeid,phim): ( 0 , -nan ) ( 1 , -nan ) ( 2 , -nan ) ( 3 , -nan ) ( 4 , -nan ) ( 5 , -nan ) ( 6 , -nan ) ( 7 , -nan ) ( 8 , -nan ) ( 9 , -inf )  
phi_m, max: -0.002513 at y = 1.579071

 
(Nodeid,phim): ( 0 , -nan ) ( 1 , -nan ) ( 2 , -nan ) ( 3 , -nan ) ( 4 , -nan ) ( 5 , -nan ) ( 6 , -nan ) ( 7 , -nan ) ( 8 , -nan ) ( 9 , -inf )  
phi_m, max: 0.253859 at y = 1.579071

 
(Nodeid,phim): ( 0 , -nan ) ( 1 , -nan ) ( 2 , -nan ) ( 3 , -nan ) ( 4 , -nan ) ( 5 , -nan ) ( 6 , -nan ) ( 7 , -nan ) ( 8 , -nan ) ( 9 , inf )  
phi_m, max: 177.747134 at y = 1.579071

 
(Nodeid,phim): ( 0 , -nan ) ( 1 , -nan ) ( 2 , -nan ) ( 3 , -nan ) ( 4 , -nan ) ( 5 , -nan ) ( 6 , -nan ) ( 7 , -nan ) ( 8 , -nan ) ( 9 , inf )  
phi_m, max: 292.240949 at y = 1.698376

 
(Nodeid,phim): ( 0 , -nan ) ( 1 , -nan ) ( 2 , -nan ) ( 3 , -nan ) ( 4 , -nan ) ( 5 , -nan ) ( 6 , -nan ) ( 7 , -nan ) ( 8 , -nan ) ( 9 , inf )  
phi_m, max: 293.194866 at y = 2.118825



phi_m, max: -0.002836 at y = 1.585925

 
(Nodeid,phim): ( 0 , -nan ) ( 1 , -nan ) ( 2 , -nan ) ( 3 , -nan ) ( 4 , -nan ) ( 5 , -nan ) ( 6 , -nan ) ( 7 , -nan ) ( 8 , -nan ) ( 9 , -inf )  
phi_m, max: -0.002513 at y = 1.579071

 
(Nodeid,phim): ( 0 , -nan ) ( 1 , -nan ) ( 2 , -nan ) ( 3 , -nan ) ( 4 , -nan ) ( 5 , -nan ) ( 6 , -nan ) ( 7 , -nan ) ( 8 , -nan ) ( 9 , -inf )  
phi_m, max: 0.253859 at y = 1.579071

 
(Nodeid,phim): ( 0 , -nan ) ( 1 , -nan ) ( 2 , -nan ) ( 3 , -nan ) ( 4 , -nan ) ( 5 , -nan ) ( 6 , -nan ) ( 7 , -nan ) ( 8 , -nan ) ( 9 , inf )  
phi_m, max: 177.747134 at y = 1.579071

 
(Nodeid,phim): ( 0 , -nan ) ( 1 , -nan ) ( 2 , -nan ) ( 3 , -nan ) ( 4 , -nan ) ( 5 , -nan ) ( 6 , -nan ) ( 7 , -nan ) ( 8 , -nan ) ( 9 , inf )  
phi_m, max: 292.240949 at y = 1.698376

 
(Nodeid,phim): ( 0 , -nan ) ( 1 , -nan ) ( 2 , -nan ) ( 3 , -nan ) ( 4 , -nan ) ( 5 , -nan ) ( 6 , -nan ) ( 7 , -nan ) ( 8 , -nan ) ( 9 , inf )  
phi_m, max: 293.194866 at y = 2.118825

 
(Nodeid,phim): ( 0 , -nan ) ( 1 , -nan ) ( 2 , -nan ) ( 3 , -nan ) ( 4 , -nan ) ( 5 , -nan ) ( 6 , -nan ) ( 7 , -nan ) ( 8 , -nan ) ( 9 , inf )  


phi_m, max: 0.022642 at y = 1.060000

 
(Nodeid,phim): ( 0 , -nan ) ( 1 , -nan ) ( 2 , -nan ) ( 3 , -nan ) ( 4 , -nan ) ( 5 , -nan ) ( 6 , inf ) ( 7 , -inf ) ( 8 , -inf ) ( 9 , -nan )  
phi_m, max: 18.755337 at y = 1.060000

 
(Nodeid,phim): ( 0 , -nan ) ( 1 , -nan ) ( 2 , -nan ) ( 3 , -nan ) ( 4 , -nan ) ( 5 , -nan ) ( 6 , inf ) ( 7 , inf ) ( 8 , inf ) ( 9 , -nan )  
phi_m, max: 292.967872 at y = 1.063633

 
(Nodeid,phim): ( 0 , -nan ) ( 1 , -nan ) ( 2 , -nan ) ( 3 , -nan ) ( 4 , -nan ) ( 5 , -nan ) ( 6 , inf ) ( 7 , inf ) ( 8 , inf ) ( 9 , -nan )  
phi_m, max: 292.754731 at y = 1.481624

 
(Nodeid,phim): ( 0 , -nan ) ( 1 , -nan ) ( 2 , -nan ) ( 3 , -nan ) ( 4 , -nan ) ( 5 , -nan ) ( 6 , inf ) ( 7 , inf ) ( 8 , inf ) ( 9 , -nan )  
phi_m, max: 280.151746 at y = 1.489413

 
(Nodeid,phim): ( 0 , -nan ) ( 1 , -nan ) ( 2 , -nan ) ( 3 , -nan ) ( 4 , -nan ) ( 5 , -nan ) ( 6 , inf ) ( 7 , inf ) ( 8 , inf ) ( 9 , -nan )  
phi_m, max: 240.930138 at y = 1.604286



phi_m, max: 0.022642 at y = 1.060000

 
(Nodeid,phim): ( 0 , -nan ) ( 1 , -nan ) ( 2 , -nan ) ( 3 , -nan ) ( 4 , -nan ) ( 5 , -nan ) ( 6 , inf ) ( 7 , -inf ) ( 8 , -inf ) ( 9 , -nan )  
phi_m, max: 18.755337 at y = 1.060000

 
(Nodeid,phim): ( 0 , -nan ) ( 1 , -nan ) ( 2 , -nan ) ( 3 , -nan ) ( 4 , -nan ) ( 5 , -nan ) ( 6 , inf ) ( 7 , inf ) ( 8 , inf ) ( 9 , -nan )  
phi_m, max: 292.967872 at y = 1.063633

 
(Nodeid,phim): ( 0 , -nan ) ( 1 , -nan ) ( 2 , -nan ) ( 3 , -nan ) ( 4 , -nan ) ( 5 , -nan ) ( 6 , inf ) ( 7 , inf ) ( 8 , inf ) ( 9 , -nan )  
phi_m, max: 292.754731 at y = 1.481624

 
(Nodeid,phim): ( 0 , -nan ) ( 1 , -nan ) ( 2 , -nan ) ( 3 , -nan ) ( 4 , -nan ) ( 5 , -nan ) ( 6 , inf ) ( 7 , inf ) ( 8 , inf ) ( 9 , -nan )  
phi_m, max: 280.151746 at y = 1.489413

 
(Nodeid,phim): ( 0 , -nan ) ( 1 , -nan ) ( 2 , -nan ) ( 3 , -nan ) ( 4 , -nan ) ( 5 , -nan ) ( 6 , inf ) ( 7 , inf ) ( 8 , inf ) ( 9 , -nan )  
phi_m, max: 240.930138 at y = 1.604286

 
(Nodeid,phim): ( 0 , -nan ) ( 1 , -nan ) ( 2 , -nan ) ( 3 , -nan ) ( 4 , -nan ) ( 5 , -nan ) ( 6 , inf ) ( 7 , inf ) ( 8 , inf ) ( 9 , -nan )  


Writing: "NeuralEP2DmonoDNCL2mpi4_6.chk"
 (0.00058151s, XML)
phi_m, max: 292.849552 at y = 0.227458

 
(Nodeid,phim): ( 0 , 112.582494 ) ( 1 , 112.596026 ) ( 2 , 114.893086 ) ( 3 , 79.866636 ) ( 4 , 0.000000 ) ( 5 , 0.000000 ) ( 6 , 0.000000 ) ( 7 , 0.000000 ) ( 8 , 0.000000 ) ( 9 , 0.000000 )  
phi_m, max: 286.048647 at y = 0.439413

 
(Nodeid,phim): ( 0 , 97.502633 ) ( 1 , 97.587677 ) ( 2 , 102.910404 ) ( 3 , 110.892568 ) ( 4 , 0.000000 ) ( 5 , 0.000000 ) ( 6 , 0.000000 ) ( 7 , 0.000000 ) ( 8 , 0.000000 ) ( 9 , 0.000000 )  
phi_m, max: 249.825608 at y = 0.497143

 
(Nodeid,phim): ( 0 , 78.116092 ) ( 1 , 78.215390 ) ( 2 , 84.375251 ) ( 3 , 95.053390 ) ( 4 , 0.000000 ) ( 5 , 0.000000 ) ( 6 , 0.000000 ) ( 7 , 0.000000 ) ( 8 , 0.000000 ) ( 9 , 0.000000 )  
phi_m, max: 201.739453 at y = 0.497143

 
(Nodeid,phim): ( 0 , 58.170218 ) ( 1 , 58.264242 ) ( 2 , 64.214657 ) ( 3 , 75.352596 ) ( 4 , 0.000000 ) ( 5 , 0.000000 ) ( 6 , 0.000000 ) ( 7 , 0.000000 ) ( 8 , 0.000000 ) ( 9 , 0.000000 )  
phi_m, max: 151.240407 at y = 0.497143

 
(Nodeid,phim): ( 0 , 40.497122 ) ( 1 , 40.581734 ) ( 2 , 45.636425 ) ( 3 , 55.527402 ) ( 4 , 0.000000 ) ( 5 , 0.000000 ) ( 6 , 0.000000 ) ( 7 , 0.000000 ) ( 8 , 0.000000 ) ( 9 , 0.000000 )  
phi_m, max: 105.926078 at y = 0.497143

 
(Nodeid,phim): ( 0 , 20.957620 ) ( 1 , 21.224270 ) ( 2 , 27.675300 ) ( 3 , 37.948552 ) ( 4 , 0.000000 ) ( 5 , 0.000000 ) ( 6 , 0.000000 ) ( 7 , 0.000000 ) ( 8 , 0.000000 ) ( 9 , 0.000000 )  
phi_m, max: 58.261300 at y = 0.497143



phi_m, max: 292.849552 at y = 0.227458

 
(Nodeid,phim): ( 0 , 112.582494 ) ( 1 , 112.596026 ) ( 2 , 114.893086 ) ( 3 , 79.866636 ) ( 4 , 0.000000 ) ( 5 , 0.000000 ) ( 6 , 0.000000 ) ( 7 , 0.000000 ) ( 8 , 0.000000 ) ( 9 , 0.000000 )  
phi_m, max: 286.048647 at y = 0.439413

 
(Nodeid,phim): ( 0 , 97.502633 ) ( 1 , 97.587677 ) ( 2 , 102.910404 ) ( 3 , 110.892568 ) ( 4 , 0.000000 ) ( 5 , 0.000000 ) ( 6 , 0.000000 ) ( 7 , 0.000000 ) ( 8 , 0.000000 ) ( 9 , 0.000000 )  
phi_m, max: 249.825608 at y = 0.497143

 
(Nodeid,phim): ( 0 , 78.116092 ) ( 1 , 78.215390 ) ( 2 , 84.375251 ) ( 3 , 95.053390 ) ( 4 , 0.000000 ) ( 5 , 0.000000 ) ( 6 , 0.000000 ) ( 7 , 0.000000 ) ( 8 , 0.000000 ) ( 9 , 0.000000 )  
phi_m, max: 201.739453 at y = 0.497143

 
(Nodeid,phim): ( 0 , 58.170218 ) ( 1 , 58.264242 ) ( 2 , 64.214657 ) ( 3 , 75.352596 ) ( 4 , 0.000000 ) ( 5 , 0.000000 ) ( 6 , 0.000000 ) ( 7 , 0.000000 ) ( 8 , 0.000000 ) ( 9 , 0.000000 )  
phi_m, max: 151.240407 at y = 0.497143

 
(Nodeid,phim): ( 0 , 40.497122 ) ( 1 , 40.581734 ) ( 2 , 45.636425 ) ( 3 , 55.527402 ) ( 4 , 0.000000 ) ( 5 , 0.000000 ) ( 6 , 0.000000 ) ( 7 , 0.000000 ) ( 8 , 0.000000 ) ( 9 , 0.000000 )  
phi_m, max: 105.926078 at y = 0.497143

 
(Nodeid,phim): ( 0 , 20.957620 ) ( 1 , 21.224270 ) ( 2 , 27.675300 ) ( 3 , 37.948552 ) ( 4 , 0.000000 ) ( 5 , 0.000000 ) ( 6 , 0.000000 ) ( 7 , 0.000000 ) ( 8 , 0.000000 ) ( 9 , 0.000000 )  
phi_m, max: 58.261300 at y = 0.497143

 
(Nodeid,phim): ( 0 , 3.478360 ) ( 1 , 3.617869 ) ( 2 , 6.919689 ) ( 3 , 17.234675 ) ( 4 , 0.000000 ) ( 5 , 0.000000 ) ( 6 , 0.000000 ) ( 7 , 0.000000 ) ( 8 , 0.000000 ) ( 9 , 0.000000 )  


phi_m, max: -0.002836 at y = 1.585925

 
(Nodeid,phim): ( 0 , -nan ) ( 1 , -nan ) ( 2 , -nan ) ( 3 , -nan ) ( 4 , -nan ) ( 5 , -nan ) ( 6 , -nan ) ( 7 , -nan ) ( 8 , -nan ) ( 9 , -inf )  
phi_m, max: -0.002513 at y = 1.579071

 
(Nodeid,phim): ( 0 , -nan ) ( 1 , -nan ) ( 2 , -nan ) ( 3 , -nan ) ( 4 , -nan ) ( 5 , -nan ) ( 6 , -nan ) ( 7 , -nan ) ( 8 , -nan ) ( 9 , -inf )  
phi_m, max: 0.253859 at y = 1.579071

 
(Nodeid,phim): ( 0 , -nan ) ( 1 , -nan ) ( 2 , -nan ) ( 3 , -nan ) ( 4 , -nan ) ( 5 , -nan ) ( 6 , -nan ) ( 7 , -nan ) ( 8 , -nan ) ( 9 , inf )  
phi_m, max: 177.747134 at y = 1.579071

 
(Nodeid,phim): ( 0 , -nan ) ( 1 , -nan ) ( 2 , -nan ) ( 3 , -nan ) ( 4 , -nan ) ( 5 , -nan ) ( 6 , -nan ) ( 7 , -nan ) ( 8 , -nan ) ( 9 , inf )  
phi_m, max: 292.240949 at y = 1.698376

 
(Nodeid,phim): ( 0 , -nan ) ( 1 , -nan ) ( 2 , -nan ) ( 3 , -nan ) ( 4 , -nan ) ( 5 , -nan ) ( 6 , -nan ) ( 7 , -nan ) ( 8 , -nan ) ( 9 , inf )  
phi_m, max: 293.194866 at y = 2.118825

 
(Nodeid,phim): ( 0 , -nan ) ( 1 , -nan ) ( 2 , -nan ) ( 3 , -nan ) ( 4 , -nan ) ( 5 , -nan ) ( 6 , -nan ) ( 7 , -nan ) ( 8 , -nan ) ( 9 , inf )  
phi_m, max: 265.713518 at y = 2.120000



phi_m, max: -0.002836 at y = 1.585925

 
(Nodeid,phim): ( 0 , -nan ) ( 1 , -nan ) ( 2 , -nan ) ( 3 , -nan ) ( 4 , -nan ) ( 5 , -nan ) ( 6 , -nan ) ( 7 , -nan ) ( 8 , -nan ) ( 9 , -inf )  
phi_m, max: -0.002513 at y = 1.579071

 
(Nodeid,phim): ( 0 , -nan ) ( 1 , -nan ) ( 2 , -nan ) ( 3 , -nan ) ( 4 , -nan ) ( 5 , -nan ) ( 6 , -nan ) ( 7 , -nan ) ( 8 , -nan ) ( 9 , -inf )  
phi_m, max: 0.253859 at y = 1.579071

 
(Nodeid,phim): ( 0 , -nan ) ( 1 , -nan ) ( 2 , -nan ) ( 3 , -nan ) ( 4 , -nan ) ( 5 , -nan ) ( 6 , -nan ) ( 7 , -nan ) ( 8 , -nan ) ( 9 , inf )  
phi_m, max: 177.747134 at y = 1.579071

 
(Nodeid,phim): ( 0 , -nan ) ( 1 , -nan ) ( 2 , -nan ) ( 3 , -nan ) ( 4 , -nan ) ( 5 , -nan ) ( 6 , -nan ) ( 7 , -nan ) ( 8 , -nan ) ( 9 , inf )  
phi_m, max: 292.240949 at y = 1.698376

 
(Nodeid,phim): ( 0 , -nan ) ( 1 , -nan ) ( 2 , -nan ) ( 3 , -nan ) ( 4 , -nan ) ( 5 , -nan ) ( 6 , -nan ) ( 7 , -nan ) ( 8 , -nan ) ( 9 , inf )  
phi_m, max: 293.194866 at y = 2.118825

 
(Nodeid,phim): ( 0 , -nan ) ( 1 , -nan ) ( 2 , -nan ) ( 3 , -nan ) ( 4 , -nan ) ( 5 , -nan ) ( 6 , -nan ) ( 7 , -nan ) ( 8 , -nan ) ( 9 , inf )  
phi_m, max: 265.713518 at y = 2.120000

 
(Nodeid,phim): ( 0 , -nan ) ( 1 , -nan ) ( 2 , -nan ) ( 3 , -nan ) ( 4 , -nan ) ( 5 , -nan ) ( 6 , -nan ) ( 7 , -nan ) ( 8 , -nan ) ( 9 , inf )  


Steps: 7000000  Time: 0.7         

Time: 0.100000
CPU Time: 23.160116 min.
phi_m, max: 57.190620 at y = 0.471928

 
(Nodeid,phim): ( 0 , -nan ) ( 1 , -nan ) ( 2 , -nan ) ( 3 , -nan ) ( 4 , inf ) ( 5 , inf ) ( 6 , -nan ) ( 7 , -nan ) ( 8 , -nan ) ( 9 , -nan )  

Time: 0.200000
CPU Time: 23.251144 min.
phi_m, max: 293.096062 at y = 0.646426

 
(Nodeid,phim): ( 0 , -nan ) ( 1 , -nan ) ( 2 , -nan ) ( 3 , -nan ) ( 4 , inf ) ( 5 , inf ) ( 6 , -nan ) ( 7 , -nan ) ( 8 , -nan ) ( 9 , -nan )  

Time: 0.300000
CPU Time: 23.239224 min.
phi_m, max: 288.851272 at y = 1.060000

 
(Nodeid,phim): ( 0 , -nan ) ( 1 , -nan ) ( 2 , -nan ) ( 3 , -nan ) ( 4 , inf ) ( 5 , inf ) ( 6 , -nan ) ( 7 , -nan ) ( 8 , -nan ) ( 9 , -nan )  

Time: 0.400000
CPU Time: 23.215938 min.
phi_m, max: 257.376147 at y = 1.060000

 
(Nodeid,phim): ( 0 , -nan ) ( 1 , -nan ) ( 2 , -nan ) ( 3 , -nan ) ( 4 , inf ) ( 5 , inf ) ( 6 , -nan ) ( 7 , -nan ) ( 8 , -nan ) ( 9 , -nan )  

Time: 0.500000
CPU Time: 23.262969 min.
phi_m, max: 210.340159 at y = 1.060000

 
(Nodeid,phim): ( 0 , -nan ) ( 1 , -nan ) ( 2 , -nan ) ( 3 , -nan ) ( 4 , inf ) ( 5 , inf ) ( 6 , -nan ) ( 7 , -nan ) ( 8 , -nan ) ( 9 , -nan )  

Time: 0.600000
CPU Time: 22.897468 min.
phi_m, max: 159.526610 at y = 1.060000

 
(Nodeid,phim): ( 0 , -nan ) ( 1 , -nan ) ( 2 , -nan ) ( 3 , -nan ) ( 4 , inf ) ( 5 , inf ) ( 6 , -nan ) ( 7 , -nan ) ( 8 , -nan ) ( 9 , -nan )  

Time: 0.700000
CPU Time: 22.651602 min.
phi_m, max: 112.996395 at y = 1.060000




Time: 0.100000
CPU Time: 23.160116 min.
phi_m, max: 57.190620 at y = 0.471928

 
(Nodeid,phim): ( 0 , -nan ) ( 1 , -nan ) ( 2 , -nan ) ( 3 , -nan ) ( 4 , inf ) ( 5 , inf ) ( 6 , -nan ) ( 7 , -nan ) ( 8 , -nan ) ( 9 , -nan )  

Time: 0.200000
CPU Time: 23.251144 min.
phi_m, max: 293.096062 at y = 0.646426

 
(Nodeid,phim): ( 0 , -nan ) ( 1 , -nan ) ( 2 , -nan ) ( 3 , -nan ) ( 4 , inf ) ( 5 , inf ) ( 6 , -nan ) ( 7 , -nan ) ( 8 , -nan ) ( 9 , -nan )  

Time: 0.300000
CPU Time: 23.239224 min.
phi_m, max: 288.851272 at y = 1.060000

 
(Nodeid,phim): ( 0 , -nan ) ( 1 , -nan ) ( 2 , -nan ) ( 3 , -nan ) ( 4 , inf ) ( 5 , inf ) ( 6 , -nan ) ( 7 , -nan ) ( 8 , -nan ) ( 9 , -nan )  

Time: 0.400000
CPU Time: 23.215938 min.
phi_m, max: 257.376147 at y = 1.060000

 
(Nodeid,phim): ( 0 , -nan ) ( 1 , -nan ) ( 2 , -nan ) ( 3 , -nan ) ( 4 , inf ) ( 5 , inf ) ( 6 , -nan ) ( 7 , -nan ) ( 8 , -nan ) ( 9 , -nan )  

Time: 0.500000
CPU Time: 23.262969 min.
phi_m, max: 210.340159 at y = 1.060000

 
(Nodeid,phim): ( 0 , -nan ) ( 1 , -nan ) ( 2 , -nan ) ( 3 , -nan ) ( 4 , inf ) ( 5 , inf ) ( 6 , -nan ) ( 7 , -nan ) ( 8 , -nan ) ( 9 , -nan )  

Time: 0.600000
CPU Time: 22.897468 min.
phi_m, max: 159.526610 at y = 1.060000

 
(Nodeid,phim): ( 0 , -nan ) ( 1 , -nan ) ( 2 , -nan ) ( 3 , -nan ) ( 4 , inf ) ( 5 , inf ) ( 6 , -nan ) ( 7 , -nan ) ( 8 , -nan ) ( 9 , -nan )  

Time: 0.700000
CPU Time: 22.651602 min.
phi_m, max: 112.996395 at y = 1.060000

 
(Nodeid,phim): ( 0 , -nan ) ( 1 , -nan ) ( 2 , -nan ) ( 3 , -nan ) ( 4 , inf ) ( 5 , inf ) ( 6 , -nan ) ( 7 , -nan ) ( 8 , -nan ) ( 9 , -nan )  


phi_m, max: 0.022642 at y = 1.060000

 
(Nodeid,phim): ( 0 , -nan ) ( 1 , -nan ) ( 2 , -nan ) ( 3 , -nan ) ( 4 , -nan ) ( 5 , -nan ) ( 6 , inf ) ( 7 , -inf ) ( 8 , -inf ) ( 9 , -nan )  
phi_m, max: 18.755337 at y = 1.060000

 
(Nodeid,phim): ( 0 , -nan ) ( 1 , -nan ) ( 2 , -nan ) ( 3 , -nan ) ( 4 , -nan ) ( 5 , -nan ) ( 6 , inf ) ( 7 , inf ) ( 8 , inf ) ( 9 , -nan )  
phi_m, max: 292.967872 at y = 1.063633

 
(Nodeid,phim): ( 0 , -nan ) ( 1 , -nan ) ( 2 , -nan ) ( 3 , -nan ) ( 4 , -nan ) ( 5 , -nan ) ( 6 , inf ) ( 7 , inf ) ( 8 , inf ) ( 9 , -nan )  
phi_m, max: 292.754731 at y = 1.481624

 
(Nodeid,phim): ( 0 , -nan ) ( 1 , -nan ) ( 2 , -nan ) ( 3 , -nan ) ( 4 , -nan ) ( 5 , -nan ) ( 6 , inf ) ( 7 , inf ) ( 8 , inf ) ( 9 , -nan )  
phi_m, max: 280.151746 at y = 1.489413

 
(Nodeid,phim): ( 0 , -nan ) ( 1 , -nan ) ( 2 , -nan ) ( 3 , -nan ) ( 4 , -nan ) ( 5 , -nan ) ( 6 , inf ) ( 7 , inf ) ( 8 , inf ) ( 9 , -nan )  
phi_m, max: 240.930138 at y = 1.604286

 
(Nodeid,phim): ( 0 , -nan ) ( 1 , -nan ) ( 2 , -nan ) ( 3 , -nan ) ( 4 , -nan ) ( 5 , -nan ) ( 6 , inf ) ( 7 , inf ) ( 8 , inf ) ( 9 , -nan )  
phi_m, max: 191.744096 at y = 1.604286



phi_m, max: 0.022642 at y = 1.060000

 
(Nodeid,phim): ( 0 , -nan ) ( 1 , -nan ) ( 2 , -nan ) ( 3 , -nan ) ( 4 , -nan ) ( 5 , -nan ) ( 6 , inf ) ( 7 , -inf ) ( 8 , -inf ) ( 9 , -nan )  
phi_m, max: 18.755337 at y = 1.060000

 
(Nodeid,phim): ( 0 , -nan ) ( 1 , -nan ) ( 2 , -nan ) ( 3 , -nan ) ( 4 , -nan ) ( 5 , -nan ) ( 6 , inf ) ( 7 , inf ) ( 8 , inf ) ( 9 , -nan )  
phi_m, max: 292.967872 at y = 1.063633

 
(Nodeid,phim): ( 0 , -nan ) ( 1 , -nan ) ( 2 , -nan ) ( 3 , -nan ) ( 4 , -nan ) ( 5 , -nan ) ( 6 , inf ) ( 7 , inf ) ( 8 , inf ) ( 9 , -nan )  
phi_m, max: 292.754731 at y = 1.481624

 
(Nodeid,phim): ( 0 , -nan ) ( 1 , -nan ) ( 2 , -nan ) ( 3 , -nan ) ( 4 , -nan ) ( 5 , -nan ) ( 6 , inf ) ( 7 , inf ) ( 8 , inf ) ( 9 , -nan )  
phi_m, max: 280.151746 at y = 1.489413

 
(Nodeid,phim): ( 0 , -nan ) ( 1 , -nan ) ( 2 , -nan ) ( 3 , -nan ) ( 4 , -nan ) ( 5 , -nan ) ( 6 , inf ) ( 7 , inf ) ( 8 , inf ) ( 9 , -nan )  
phi_m, max: 240.930138 at y = 1.604286

 
(Nodeid,phim): ( 0 , -nan ) ( 1 , -nan ) ( 2 , -nan ) ( 3 , -nan ) ( 4 , -nan ) ( 5 , -nan ) ( 6 , inf ) ( 7 , inf ) ( 8 , inf ) ( 9 , -nan )  
phi_m, max: 191.744096 at y = 1.604286

 
(Nodeid,phim): ( 0 , -nan ) ( 1 , -nan ) ( 2 , -nan ) ( 3 , -nan ) ( 4 , -nan ) ( 5 , -nan ) ( 6 , inf ) ( 7 , inf ) ( 8 , inf ) ( 9 , -nan )  


Writing: "NeuralEP2DmonoDNCL2mpi4_7.chk"
 (0.000575479s, XML)
phi_m, max: 292.849552 at y = 0.227458

 
(Nodeid,phim): ( 0 , 112.582494 ) ( 1 , 112.596026 ) ( 2 , 114.893086 ) ( 3 , 79.866636 ) ( 4 , 0.000000 ) ( 5 , 0.000000 ) ( 6 , 0.000000 ) ( 7 , 0.000000 ) ( 8 , 0.000000 ) ( 9 , 0.000000 )  
phi_m, max: 286.048647 at y = 0.439413

 
(Nodeid,phim): ( 0 , 97.502633 ) ( 1 , 97.587677 ) ( 2 , 102.910404 ) ( 3 , 110.892568 ) ( 4 , 0.000000 ) ( 5 , 0.000000 ) ( 6 , 0.000000 ) ( 7 , 0.000000 ) ( 8 , 0.000000 ) ( 9 , 0.000000 )  
phi_m, max: 249.825608 at y = 0.497143

 
(Nodeid,phim): ( 0 , 78.116092 ) ( 1 , 78.215390 ) ( 2 , 84.375251 ) ( 3 , 95.053390 ) ( 4 , 0.000000 ) ( 5 , 0.000000 ) ( 6 , 0.000000 ) ( 7 , 0.000000 ) ( 8 , 0.000000 ) ( 9 , 0.000000 )  
phi_m, max: 201.739453 at y = 0.497143

 
(Nodeid,phim): ( 0 , 58.170218 ) ( 1 , 58.264242 ) ( 2 , 64.214657 ) ( 3 , 75.352596 ) ( 4 , 0.000000 ) ( 5 , 0.000000 ) ( 6 , 0.000000 ) ( 7 , 0.000000 ) ( 8 , 0.000000 ) ( 9 , 0.000000 )  
phi_m, max: 151.240407 at y = 0.497143

 
(Nodeid,phim): ( 0 , 40.497122 ) ( 1 , 40.581734 ) ( 2 , 45.636425 ) ( 3 , 55.527402 ) ( 4 , 0.000000 ) ( 5 , 0.000000 ) ( 6 , 0.000000 ) ( 7 , 0.000000 ) ( 8 , 0.000000 ) ( 9 , 0.000000 )  
phi_m, max: 105.926078 at y = 0.497143

 
(Nodeid,phim): ( 0 , 20.957620 ) ( 1 , 21.224270 ) ( 2 , 27.675300 ) ( 3 , 37.948552 ) ( 4 , 0.000000 ) ( 5 , 0.000000 ) ( 6 , 0.000000 ) ( 7 , 0.000000 ) ( 8 , 0.000000 ) ( 9 , 0.000000 )  
phi_m, max: 58.261300 at y = 0.497143

 
(Nodeid,phim): ( 0 , 3.478360 ) ( 1 , 3.617869 ) ( 2 , 6.919689 ) ( 3 , 17.234675 ) ( 4 , 0.000000 ) ( 5 , 0.000000 ) ( 6 , 0.000000 ) ( 7 , 0.000000 ) ( 8 , 0.000000 ) ( 9 , 0.000000 )  
phi_m, max: 11.171671 at y = 0.497143



phi_m, max: 292.849552 at y = 0.227458

 
(Nodeid,phim): ( 0 , 112.582494 ) ( 1 , 112.596026 ) ( 2 , 114.893086 ) ( 3 , 79.866636 ) ( 4 , 0.000000 ) ( 5 , 0.000000 ) ( 6 , 0.000000 ) ( 7 , 0.000000 ) ( 8 , 0.000000 ) ( 9 , 0.000000 )  
phi_m, max: 286.048647 at y = 0.439413

 
(Nodeid,phim): ( 0 , 97.502633 ) ( 1 , 97.587677 ) ( 2 , 102.910404 ) ( 3 , 110.892568 ) ( 4 , 0.000000 ) ( 5 , 0.000000 ) ( 6 , 0.000000 ) ( 7 , 0.000000 ) ( 8 , 0.000000 ) ( 9 , 0.000000 )  
phi_m, max: 249.825608 at y = 0.497143

 
(Nodeid,phim): ( 0 , 78.116092 ) ( 1 , 78.215390 ) ( 2 , 84.375251 ) ( 3 , 95.053390 ) ( 4 , 0.000000 ) ( 5 , 0.000000 ) ( 6 , 0.000000 ) ( 7 , 0.000000 ) ( 8 , 0.000000 ) ( 9 , 0.000000 )  
phi_m, max: 201.739453 at y = 0.497143

 
(Nodeid,phim): ( 0 , 58.170218 ) ( 1 , 58.264242 ) ( 2 , 64.214657 ) ( 3 , 75.352596 ) ( 4 , 0.000000 ) ( 5 , 0.000000 ) ( 6 , 0.000000 ) ( 7 , 0.000000 ) ( 8 , 0.000000 ) ( 9 , 0.000000 )  
phi_m, max: 151.240407 at y = 0.497143

 
(Nodeid,phim): ( 0 , 40.497122 ) ( 1 , 40.581734 ) ( 2 , 45.636425 ) ( 3 , 55.527402 ) ( 4 , 0.000000 ) ( 5 , 0.000000 ) ( 6 , 0.000000 ) ( 7 , 0.000000 ) ( 8 , 0.000000 ) ( 9 , 0.000000 )  
phi_m, max: 105.926078 at y = 0.497143

 
(Nodeid,phim): ( 0 , 20.957620 ) ( 1 , 21.224270 ) ( 2 , 27.675300 ) ( 3 , 37.948552 ) ( 4 , 0.000000 ) ( 5 , 0.000000 ) ( 6 , 0.000000 ) ( 7 , 0.000000 ) ( 8 , 0.000000 ) ( 9 , 0.000000 )  
phi_m, max: 58.261300 at y = 0.497143

 
(Nodeid,phim): ( 0 , 3.478360 ) ( 1 , 3.617869 ) ( 2 , 6.919689 ) ( 3 , 17.234675 ) ( 4 , 0.000000 ) ( 5 , 0.000000 ) ( 6 , 0.000000 ) ( 7 , 0.000000 ) ( 8 , 0.000000 ) ( 9 , 0.000000 )  
phi_m, max: 11.171671 at y = 0.497143

 
(Nodeid,phim): ( 0 , 0.272900 ) ( 1 , 0.268557 ) ( 2 , 0.628508 ) ( 3 , 2.591660 ) ( 4 , 0.000000 ) ( 5 , 0.000000 ) ( 6 , 0.000000 ) ( 7 , 0.000000 ) ( 8 , 0.000000 ) ( 9 , 0.000000 )  


Steps: 8000000  Time: 0.8         

Time: 0.100000
CPU Time: 23.160116 min.
phi_m, max: 57.190620 at y = 0.471928

 
(Nodeid,phim): ( 0 , -nan ) ( 1 , -nan ) ( 2 , -nan ) ( 3 , -nan ) ( 4 , inf ) ( 5 , inf ) ( 6 , -nan ) ( 7 , -nan ) ( 8 , -nan ) ( 9 , -nan )  

Time: 0.200000
CPU Time: 23.251144 min.
phi_m, max: 293.096062 at y = 0.646426

 
(Nodeid,phim): ( 0 , -nan ) ( 1 , -nan ) ( 2 , -nan ) ( 3 , -nan ) ( 4 , inf ) ( 5 , inf ) ( 6 , -nan ) ( 7 , -nan ) ( 8 , -nan ) ( 9 , -nan )  

Time: 0.300000
CPU Time: 23.239224 min.
phi_m, max: 288.851272 at y = 1.060000

 
(Nodeid,phim): ( 0 , -nan ) ( 1 , -nan ) ( 2 , -nan ) ( 3 , -nan ) ( 4 , inf ) ( 5 , inf ) ( 6 , -nan ) ( 7 , -nan ) ( 8 , -nan ) ( 9 , -nan )  

Time: 0.400000
CPU Time: 23.215938 min.
phi_m, max: 257.376147 at y = 1.060000

 
(Nodeid,phim): ( 0 , -nan ) ( 1 , -nan ) ( 2 , -nan ) ( 3 , -nan ) ( 4 , inf ) ( 5 , inf ) ( 6 , -nan ) ( 7 , -nan ) ( 8 , -nan ) ( 9 , -nan )  

Time: 0.500000
CPU Time: 23.262969 min.
phi_m, max: 210.340159 at y = 1.060000

 
(Nodeid,phim): ( 0 , -nan ) ( 1 , -nan ) ( 2 , -nan ) ( 3 , -nan ) ( 4 , inf ) ( 5 , inf ) ( 6 , -nan ) ( 7 , -nan ) ( 8 , -nan ) ( 9 , -nan )  

Time: 0.600000
CPU Time: 22.897468 min.
phi_m, max: 159.526610 at y = 1.060000

 
(Nodeid,phim): ( 0 , -nan ) ( 1 , -nan ) ( 2 , -nan ) ( 3 , -nan ) ( 4 , inf ) ( 5 , inf ) ( 6 , -nan ) ( 7 , -nan ) ( 8 , -nan ) ( 9 , -nan )  

Time: 0.700000
CPU Time: 22.651602 min.
phi_m, max: 112.996395 at y = 1.060000

 
(Nodeid,phim): ( 0 , -nan ) ( 1 , -nan ) ( 2 , -nan ) ( 3 , -nan ) ( 4 , inf ) ( 5 , inf ) ( 6 , -nan ) ( 7 , -nan ) ( 8 , -nan ) ( 9 , -nan )  

Time: 0.800000
CPU Time: 22.547032 min.
phi_m, max: 67.406270 at y = 1.060000




Time: 0.100000
CPU Time: 23.160116 min.
phi_m, max: 57.190620 at y = 0.471928

 
(Nodeid,phim): ( 0 , -nan ) ( 1 , -nan ) ( 2 , -nan ) ( 3 , -nan ) ( 4 , inf ) ( 5 , inf ) ( 6 , -nan ) ( 7 , -nan ) ( 8 , -nan ) ( 9 , -nan )  

Time: 0.200000
CPU Time: 23.251144 min.
phi_m, max: 293.096062 at y = 0.646426

 
(Nodeid,phim): ( 0 , -nan ) ( 1 , -nan ) ( 2 , -nan ) ( 3 , -nan ) ( 4 , inf ) ( 5 , inf ) ( 6 , -nan ) ( 7 , -nan ) ( 8 , -nan ) ( 9 , -nan )  

Time: 0.300000
CPU Time: 23.239224 min.
phi_m, max: 288.851272 at y = 1.060000

 
(Nodeid,phim): ( 0 , -nan ) ( 1 , -nan ) ( 2 , -nan ) ( 3 , -nan ) ( 4 , inf ) ( 5 , inf ) ( 6 , -nan ) ( 7 , -nan ) ( 8 , -nan ) ( 9 , -nan )  

Time: 0.400000
CPU Time: 23.215938 min.
phi_m, max: 257.376147 at y = 1.060000

 
(Nodeid,phim): ( 0 , -nan ) ( 1 , -nan ) ( 2 , -nan ) ( 3 , -nan ) ( 4 , inf ) ( 5 , inf ) ( 6 , -nan ) ( 7 , -nan ) ( 8 , -nan ) ( 9 , -nan )  

Time: 0.500000
CPU Time: 23.262969 min.
phi_m, max: 210.340159 at y = 1.060000

 
(Nodeid,phim): ( 0 , -nan ) ( 1 , -nan ) ( 2 , -nan ) ( 3 , -nan ) ( 4 , inf ) ( 5 , inf ) ( 6 , -nan ) ( 7 , -nan ) ( 8 , -nan ) ( 9 , -nan )  

Time: 0.600000
CPU Time: 22.897468 min.
phi_m, max: 159.526610 at y = 1.060000

 
(Nodeid,phim): ( 0 , -nan ) ( 1 , -nan ) ( 2 , -nan ) ( 3 , -nan ) ( 4 , inf ) ( 5 , inf ) ( 6 , -nan ) ( 7 , -nan ) ( 8 , -nan ) ( 9 , -nan )  

Time: 0.700000
CPU Time: 22.651602 min.
phi_m, max: 112.996395 at y = 1.060000

 
(Nodeid,phim): ( 0 , -nan ) ( 1 , -nan ) ( 2 , -nan ) ( 3 , -nan ) ( 4 , inf ) ( 5 , inf ) ( 6 , -nan ) ( 7 , -nan ) ( 8 , -nan ) ( 9 , -nan )  

Time: 0.800000
CPU Time: 22.547032 min.
phi_m, max: 67.406270 at y = 1.060000

 
(Nodeid,phim): ( 0 , -nan ) ( 1 , -nan ) ( 2 , -nan ) ( 3 , -nan ) ( 4 , inf ) ( 5 , inf ) ( 6 , -nan ) ( 7 , -nan ) ( 8 , -nan ) ( 9 , -nan )  


phi_m, max: 0.022642 at y = 1.060000

 
(Nodeid,phim): ( 0 , -nan ) ( 1 , -nan ) ( 2 , -nan ) ( 3 , -nan ) ( 4 , -nan ) ( 5 , -nan ) ( 6 , inf ) ( 7 , -inf ) ( 8 , -inf ) ( 9 , -nan )  
phi_m, max: 18.755337 at y = 1.060000

 
(Nodeid,phim): ( 0 , -nan ) ( 1 , -nan ) ( 2 , -nan ) ( 3 , -nan ) ( 4 , -nan ) ( 5 , -nan ) ( 6 , inf ) ( 7 , inf ) ( 8 , inf ) ( 9 , -nan )  
phi_m, max: 292.967872 at y = 1.063633

 
(Nodeid,phim): ( 0 , -nan ) ( 1 , -nan ) ( 2 , -nan ) ( 3 , -nan ) ( 4 , -nan ) ( 5 , -nan ) ( 6 , inf ) ( 7 , inf ) ( 8 , inf ) ( 9 , -nan )  
phi_m, max: 292.754731 at y = 1.481624

 
(Nodeid,phim): ( 0 , -nan ) ( 1 , -nan ) ( 2 , -nan ) ( 3 , -nan ) ( 4 , -nan ) ( 5 , -nan ) ( 6 , inf ) ( 7 , inf ) ( 8 , inf ) ( 9 , -nan )  
phi_m, max: 280.151746 at y = 1.489413

 
(Nodeid,phim): ( 0 , -nan ) ( 1 , -nan ) ( 2 , -nan ) ( 3 , -nan ) ( 4 , -nan ) ( 5 , -nan ) ( 6 , inf ) ( 7 , inf ) ( 8 , inf ) ( 9 , -nan )  
phi_m, max: 240.930138 at y = 1.604286

 
(Nodeid,phim): ( 0 , -nan ) ( 1 , -nan ) ( 2 , -nan ) ( 3 , -nan ) ( 4 , -nan ) ( 5 , -nan ) ( 6 , inf ) ( 7 , inf ) ( 8 , inf ) ( 9 , -nan )  
phi_m, max: 191.744096 at y = 1.604286

 
(Nodeid,phim): ( 0 , -nan ) ( 1 , -nan ) ( 2 , -nan ) ( 3 , -nan ) ( 4 , -nan ) ( 5 , -nan ) ( 6 , inf ) ( 7 , inf ) ( 8 , inf ) ( 9 , -nan )  
phi_m, max: 141.764684 at y = 1.604286



phi_m, max: 0.022642 at y = 1.060000

 
(Nodeid,phim): ( 0 , -nan ) ( 1 , -nan ) ( 2 , -nan ) ( 3 , -nan ) ( 4 , -nan ) ( 5 , -nan ) ( 6 , inf ) ( 7 , -inf ) ( 8 , -inf ) ( 9 , -nan )  
phi_m, max: 18.755337 at y = 1.060000

 
(Nodeid,phim): ( 0 , -nan ) ( 1 , -nan ) ( 2 , -nan ) ( 3 , -nan ) ( 4 , -nan ) ( 5 , -nan ) ( 6 , inf ) ( 7 , inf ) ( 8 , inf ) ( 9 , -nan )  
phi_m, max: 292.967872 at y = 1.063633

 
(Nodeid,phim): ( 0 , -nan ) ( 1 , -nan ) ( 2 , -nan ) ( 3 , -nan ) ( 4 , -nan ) ( 5 , -nan ) ( 6 , inf ) ( 7 , inf ) ( 8 , inf ) ( 9 , -nan )  
phi_m, max: 292.754731 at y = 1.481624

 
(Nodeid,phim): ( 0 , -nan ) ( 1 , -nan ) ( 2 , -nan ) ( 3 , -nan ) ( 4 , -nan ) ( 5 , -nan ) ( 6 , inf ) ( 7 , inf ) ( 8 , inf ) ( 9 , -nan )  
phi_m, max: 280.151746 at y = 1.489413

 
(Nodeid,phim): ( 0 , -nan ) ( 1 , -nan ) ( 2 , -nan ) ( 3 , -nan ) ( 4 , -nan ) ( 5 , -nan ) ( 6 , inf ) ( 7 , inf ) ( 8 , inf ) ( 9 , -nan )  
phi_m, max: 240.930138 at y = 1.604286

 
(Nodeid,phim): ( 0 , -nan ) ( 1 , -nan ) ( 2 , -nan ) ( 3 , -nan ) ( 4 , -nan ) ( 5 , -nan ) ( 6 , inf ) ( 7 , inf ) ( 8 , inf ) ( 9 , -nan )  
phi_m, max: 191.744096 at y = 1.604286

 
(Nodeid,phim): ( 0 , -nan ) ( 1 , -nan ) ( 2 , -nan ) ( 3 , -nan ) ( 4 , -nan ) ( 5 , -nan ) ( 6 , inf ) ( 7 , inf ) ( 8 , inf ) ( 9 , -nan )  
phi_m, max: 141.764684 at y = 1.604286

 
(Nodeid,phim): ( 0 , -nan ) ( 1 , -nan ) ( 2 , -nan ) ( 3 , -nan ) ( 4 , -nan ) ( 5 , -nan ) ( 6 , inf ) ( 7 , inf ) ( 8 , inf ) ( 9 , -nan )  


phi_m, max: -0.002836 at y = 1.585925

 
(Nodeid,phim): ( 0 , -nan ) ( 1 , -nan ) ( 2 , -nan ) ( 3 , -nan ) ( 4 , -nan ) ( 5 , -nan ) ( 6 , -nan ) ( 7 , -nan ) ( 8 , -nan ) ( 9 , -inf )  
phi_m, max: -0.002513 at y = 1.579071

 
(Nodeid,phim): ( 0 , -nan ) ( 1 , -nan ) ( 2 , -nan ) ( 3 , -nan ) ( 4 , -nan ) ( 5 , -nan ) ( 6 , -nan ) ( 7 , -nan ) ( 8 , -nan ) ( 9 , -inf )  
phi_m, max: 0.253859 at y = 1.579071

 
(Nodeid,phim): ( 0 , -nan ) ( 1 , -nan ) ( 2 , -nan ) ( 3 , -nan ) ( 4 , -nan ) ( 5 , -nan ) ( 6 , -nan ) ( 7 , -nan ) ( 8 , -nan ) ( 9 , inf )  
phi_m, max: 177.747134 at y = 1.579071

 
(Nodeid,phim): ( 0 , -nan ) ( 1 , -nan ) ( 2 , -nan ) ( 3 , -nan ) ( 4 , -nan ) ( 5 , -nan ) ( 6 , -nan ) ( 7 , -nan ) ( 8 , -nan ) ( 9 , inf )  
phi_m, max: 292.240949 at y = 1.698376

 
(Nodeid,phim): ( 0 , -nan ) ( 1 , -nan ) ( 2 , -nan ) ( 3 , -nan ) ( 4 , -nan ) ( 5 , -nan ) ( 6 , -nan ) ( 7 , -nan ) ( 8 , -nan ) ( 9 , inf )  
phi_m, max: 293.194866 at y = 2.118825

 
(Nodeid,phim): ( 0 , -nan ) ( 1 , -nan ) ( 2 , -nan ) ( 3 , -nan ) ( 4 , -nan ) ( 5 , -nan ) ( 6 , -nan ) ( 7 , -nan ) ( 8 , -nan ) ( 9 , inf )  
phi_m, max: 265.713518 at y = 2.120000

 
(Nodeid,phim): ( 0 , -nan ) ( 1 , -nan ) ( 2 , -nan ) ( 3 , -nan ) ( 4 , -nan ) ( 5 , -nan ) ( 6 , -nan ) ( 7 , -nan ) ( 8 , -nan ) ( 9 , inf )  
phi_m, max: 219.839752 at y = 2.120000



phi_m, max: -0.002836 at y = 1.585925

 
(Nodeid,phim): ( 0 , -nan ) ( 1 , -nan ) ( 2 , -nan ) ( 3 , -nan ) ( 4 , -nan ) ( 5 , -nan ) ( 6 , -nan ) ( 7 , -nan ) ( 8 , -nan ) ( 9 , -inf )  
phi_m, max: -0.002513 at y = 1.579071

 
(Nodeid,phim): ( 0 , -nan ) ( 1 , -nan ) ( 2 , -nan ) ( 3 , -nan ) ( 4 , -nan ) ( 5 , -nan ) ( 6 , -nan ) ( 7 , -nan ) ( 8 , -nan ) ( 9 , -inf )  
phi_m, max: 0.253859 at y = 1.579071

 
(Nodeid,phim): ( 0 , -nan ) ( 1 , -nan ) ( 2 , -nan ) ( 3 , -nan ) ( 4 , -nan ) ( 5 , -nan ) ( 6 , -nan ) ( 7 , -nan ) ( 8 , -nan ) ( 9 , inf )  
phi_m, max: 177.747134 at y = 1.579071

 
(Nodeid,phim): ( 0 , -nan ) ( 1 , -nan ) ( 2 , -nan ) ( 3 , -nan ) ( 4 , -nan ) ( 5 , -nan ) ( 6 , -nan ) ( 7 , -nan ) ( 8 , -nan ) ( 9 , inf )  
phi_m, max: 292.240949 at y = 1.698376

 
(Nodeid,phim): ( 0 , -nan ) ( 1 , -nan ) ( 2 , -nan ) ( 3 , -nan ) ( 4 , -nan ) ( 5 , -nan ) ( 6 , -nan ) ( 7 , -nan ) ( 8 , -nan ) ( 9 , inf )  
phi_m, max: 293.194866 at y = 2.118825

 
(Nodeid,phim): ( 0 , -nan ) ( 1 , -nan ) ( 2 , -nan ) ( 3 , -nan ) ( 4 , -nan ) ( 5 , -nan ) ( 6 , -nan ) ( 7 , -nan ) ( 8 , -nan ) ( 9 , inf )  
phi_m, max: 265.713518 at y = 2.120000

 
(Nodeid,phim): ( 0 , -nan ) ( 1 , -nan ) ( 2 , -nan ) ( 3 , -nan ) ( 4 , -nan ) ( 5 , -nan ) ( 6 , -nan ) ( 7 , -nan ) ( 8 , -nan ) ( 9 , inf )  
phi_m, max: 219.839752 at y = 2.120000

 
(Nodeid,phim): ( 0 , -nan ) ( 1 , -nan ) ( 2 , -nan ) ( 3 , -nan ) ( 4 , -nan ) ( 5 , -nan ) ( 6 , -nan ) ( 7 , -nan ) ( 8 , -nan ) ( 9 , inf )  


Writing: "NeuralEP2DmonoDNCL2mpi4_8.chk"
 (0.000580378s, XML)
phi_m, max: -0.002836 at y = 1.585925

 
(Nodeid,phim): ( 0 , -nan ) ( 1 , -nan ) ( 2 , -nan ) ( 3 , -nan ) ( 4 , -nan ) ( 5 , -nan ) ( 6 , -nan ) ( 7 , -nan ) ( 8 , -nan ) ( 9 , -inf )  
phi_m, max: -0.002513 at y = 1.579071

 
(Nodeid,phim): ( 0 , -nan ) ( 1 , -nan ) ( 2 , -nan ) ( 3 , -nan ) ( 4 , -nan ) ( 5 , -nan ) ( 6 , -nan ) ( 7 , -nan ) ( 8 , -nan ) ( 9 , -inf )  
phi_m, max: 0.253859 at y = 1.579071

 
(Nodeid,phim): ( 0 , -nan ) ( 1 , -nan ) ( 2 , -nan ) ( 3 , -nan ) ( 4 , -nan ) ( 5 , -nan ) ( 6 , -nan ) ( 7 , -nan ) ( 8 , -nan ) ( 9 , inf )  
phi_m, max: 177.747134 at y = 1.579071

 
(Nodeid,phim): ( 0 , -nan ) ( 1 , -nan ) ( 2 , -nan ) ( 3 , -nan ) ( 4 , -nan ) ( 5 , -nan ) ( 6 , -nan ) ( 7 , -nan ) ( 8 , -nan ) ( 9 , inf )  
phi_m, max: 292.240949 at y = 1.698376

 
(Nodeid,phim): ( 0 , -nan ) ( 1 , -nan ) ( 2 , -nan ) ( 3 , -nan ) ( 4 , -nan ) ( 5 , -nan ) ( 6 , -nan ) ( 7 , -nan ) ( 8 , -nan ) ( 9 , inf )  
phi_m, max: 293.194866 at y = 2.118825

 
(Nodeid,phim): ( 0 , -nan ) ( 1 , -nan ) ( 2 , -nan ) ( 3 , -nan ) ( 4 , -nan ) ( 5 , -nan ) ( 6 , -nan ) ( 7 , -nan ) ( 8 , -nan ) ( 9 , inf )  
phi_m, max: 265.713518 at y = 2.120000

 
(Nodeid,phim): ( 0 , -nan ) ( 1 , -nan ) ( 2 , -nan ) ( 3 , -nan ) ( 4 , -nan ) ( 5 , -nan ) ( 6 , -nan ) ( 7 , -nan ) ( 8 , -nan ) ( 9 , inf )  
phi_m, max: 219.839752 at y = 2.120000

 
(Nodeid,phim): ( 0 , -nan ) ( 1 , -nan ) ( 2 , -nan ) ( 3 , -nan ) ( 4 , -nan ) ( 5 , -nan ) ( 6 , -nan ) ( 7 , -nan ) ( 8 , -nan ) ( 9 , inf )  
phi_m, max: 168.715852 at y = 2.120000



phi_m, max: -0.002836 at y = 1.585925

 
(Nodeid,phim): ( 0 , -nan ) ( 1 , -nan ) ( 2 , -nan ) ( 3 , -nan ) ( 4 , -nan ) ( 5 , -nan ) ( 6 , -nan ) ( 7 , -nan ) ( 8 , -nan ) ( 9 , -inf )  
phi_m, max: -0.002513 at y = 1.579071

 
(Nodeid,phim): ( 0 , -nan ) ( 1 , -nan ) ( 2 , -nan ) ( 3 , -nan ) ( 4 , -nan ) ( 5 , -nan ) ( 6 , -nan ) ( 7 , -nan ) ( 8 , -nan ) ( 9 , -inf )  
phi_m, max: 0.253859 at y = 1.579071

 
(Nodeid,phim): ( 0 , -nan ) ( 1 , -nan ) ( 2 , -nan ) ( 3 , -nan ) ( 4 , -nan ) ( 5 , -nan ) ( 6 , -nan ) ( 7 , -nan ) ( 8 , -nan ) ( 9 , inf )  
phi_m, max: 177.747134 at y = 1.579071

 
(Nodeid,phim): ( 0 , -nan ) ( 1 , -nan ) ( 2 , -nan ) ( 3 , -nan ) ( 4 , -nan ) ( 5 , -nan ) ( 6 , -nan ) ( 7 , -nan ) ( 8 , -nan ) ( 9 , inf )  
phi_m, max: 292.240949 at y = 1.698376

 
(Nodeid,phim): ( 0 , -nan ) ( 1 , -nan ) ( 2 , -nan ) ( 3 , -nan ) ( 4 , -nan ) ( 5 , -nan ) ( 6 , -nan ) ( 7 , -nan ) ( 8 , -nan ) ( 9 , inf )  
phi_m, max: 293.194866 at y = 2.118825

 
(Nodeid,phim): ( 0 , -nan ) ( 1 , -nan ) ( 2 , -nan ) ( 3 , -nan ) ( 4 , -nan ) ( 5 , -nan ) ( 6 , -nan ) ( 7 , -nan ) ( 8 , -nan ) ( 9 , inf )  
phi_m, max: 265.713518 at y = 2.120000

 
(Nodeid,phim): ( 0 , -nan ) ( 1 , -nan ) ( 2 , -nan ) ( 3 , -nan ) ( 4 , -nan ) ( 5 , -nan ) ( 6 , -nan ) ( 7 , -nan ) ( 8 , -nan ) ( 9 , inf )  
phi_m, max: 219.839752 at y = 2.120000

 
(Nodeid,phim): ( 0 , -nan ) ( 1 , -nan ) ( 2 , -nan ) ( 3 , -nan ) ( 4 , -nan ) ( 5 , -nan ) ( 6 , -nan ) ( 7 , -nan ) ( 8 , -nan ) ( 9 , inf )  
phi_m, max: 168.715852 at y = 2.120000

 
(Nodeid,phim): ( 0 , -nan ) ( 1 , -nan ) ( 2 , -nan ) ( 3 , -nan ) ( 4 , -nan ) ( 5 , -nan ) ( 6 , -nan ) ( 7 , -nan ) ( 8 , -nan ) ( 9 , inf )  


phi_m, max: 0.022642 at y = 1.060000

 
(Nodeid,phim): ( 0 , -nan ) ( 1 , -nan ) ( 2 , -nan ) ( 3 , -nan ) ( 4 , -nan ) ( 5 , -nan ) ( 6 , inf ) ( 7 , -inf ) ( 8 , -inf ) ( 9 , -nan )  
phi_m, max: 18.755337 at y = 1.060000

 
(Nodeid,phim): ( 0 , -nan ) ( 1 , -nan ) ( 2 , -nan ) ( 3 , -nan ) ( 4 , -nan ) ( 5 , -nan ) ( 6 , inf ) ( 7 , inf ) ( 8 , inf ) ( 9 , -nan )  
phi_m, max: 292.967872 at y = 1.063633

 
(Nodeid,phim): ( 0 , -nan ) ( 1 , -nan ) ( 2 , -nan ) ( 3 , -nan ) ( 4 , -nan ) ( 5 , -nan ) ( 6 , inf ) ( 7 , inf ) ( 8 , inf ) ( 9 , -nan )  
phi_m, max: 292.754731 at y = 1.481624

 
(Nodeid,phim): ( 0 , -nan ) ( 1 , -nan ) ( 2 , -nan ) ( 3 , -nan ) ( 4 , -nan ) ( 5 , -nan ) ( 6 , inf ) ( 7 , inf ) ( 8 , inf ) ( 9 , -nan )  
phi_m, max: 280.151746 at y = 1.489413

 
(Nodeid,phim): ( 0 , -nan ) ( 1 , -nan ) ( 2 , -nan ) ( 3 , -nan ) ( 4 , -nan ) ( 5 , -nan ) ( 6 , inf ) ( 7 , inf ) ( 8 , inf ) ( 9 , -nan )  
phi_m, max: 240.930138 at y = 1.604286

 
(Nodeid,phim): ( 0 , -nan ) ( 1 , -nan ) ( 2 , -nan ) ( 3 , -nan ) ( 4 , -nan ) ( 5 , -nan ) ( 6 , inf ) ( 7 , inf ) ( 8 , inf ) ( 9 , -nan )  
phi_m, max: 191.744096 at y = 1.604286

 
(Nodeid,phim): ( 0 , -nan ) ( 1 , -nan ) ( 2 , -nan ) ( 3 , -nan ) ( 4 , -nan ) ( 5 , -nan ) ( 6 , inf ) ( 7 , inf ) ( 8 , inf ) ( 9 , -nan )  
phi_m, max: 141.764684 at y = 1.604286

 
(Nodeid,phim): ( 0 , -nan ) ( 1 , -nan ) ( 2 , -nan ) ( 3 , -nan ) ( 4 , -nan ) ( 5 , -nan ) ( 6 , inf ) ( 7 , inf ) ( 8 , inf ) ( 9 , -nan )  
phi_m, max: 97.611138 at y = 1.604286



phi_m, max: 0.022642 at y = 1.060000

 
(Nodeid,phim): ( 0 , -nan ) ( 1 , -nan ) ( 2 , -nan ) ( 3 , -nan ) ( 4 , -nan ) ( 5 , -nan ) ( 6 , inf ) ( 7 , -inf ) ( 8 , -inf ) ( 9 , -nan )  
phi_m, max: 18.755337 at y = 1.060000

 
(Nodeid,phim): ( 0 , -nan ) ( 1 , -nan ) ( 2 , -nan ) ( 3 , -nan ) ( 4 , -nan ) ( 5 , -nan ) ( 6 , inf ) ( 7 , inf ) ( 8 , inf ) ( 9 , -nan )  
phi_m, max: 292.967872 at y = 1.063633

 
(Nodeid,phim): ( 0 , -nan ) ( 1 , -nan ) ( 2 , -nan ) ( 3 , -nan ) ( 4 , -nan ) ( 5 , -nan ) ( 6 , inf ) ( 7 , inf ) ( 8 , inf ) ( 9 , -nan )  
phi_m, max: 292.754731 at y = 1.481624

 
(Nodeid,phim): ( 0 , -nan ) ( 1 , -nan ) ( 2 , -nan ) ( 3 , -nan ) ( 4 , -nan ) ( 5 , -nan ) ( 6 , inf ) ( 7 , inf ) ( 8 , inf ) ( 9 , -nan )  
phi_m, max: 280.151746 at y = 1.489413

 
(Nodeid,phim): ( 0 , -nan ) ( 1 , -nan ) ( 2 , -nan ) ( 3 , -nan ) ( 4 , -nan ) ( 5 , -nan ) ( 6 , inf ) ( 7 , inf ) ( 8 , inf ) ( 9 , -nan )  
phi_m, max: 240.930138 at y = 1.604286

 
(Nodeid,phim): ( 0 , -nan ) ( 1 , -nan ) ( 2 , -nan ) ( 3 , -nan ) ( 4 , -nan ) ( 5 , -nan ) ( 6 , inf ) ( 7 , inf ) ( 8 , inf ) ( 9 , -nan )  
phi_m, max: 191.744096 at y = 1.604286

 
(Nodeid,phim): ( 0 , -nan ) ( 1 , -nan ) ( 2 , -nan ) ( 3 , -nan ) ( 4 , -nan ) ( 5 , -nan ) ( 6 , inf ) ( 7 , inf ) ( 8 , inf ) ( 9 , -nan )  
phi_m, max: 141.764684 at y = 1.604286

 
(Nodeid,phim): ( 0 , -nan ) ( 1 , -nan ) ( 2 , -nan ) ( 3 , -nan ) ( 4 , -nan ) ( 5 , -nan ) ( 6 , inf ) ( 7 , inf ) ( 8 , inf ) ( 9 , -nan )  
phi_m, max: 97.611138 at y = 1.604286

 
(Nodeid,phim): ( 0 , -nan ) ( 1 , -nan ) ( 2 , -nan ) ( 3 , -nan ) ( 4 , -nan ) ( 5 , -nan ) ( 6 , inf ) ( 7 , inf ) ( 8 , inf ) ( 9 , -nan )  


phi_m, max: 292.849552 at y = 0.227458

 
(Nodeid,phim): ( 0 , 112.582494 ) ( 1 , 112.596026 ) ( 2 , 114.893086 ) ( 3 , 79.866636 ) ( 4 , 0.000000 ) ( 5 , 0.000000 ) ( 6 , 0.000000 ) ( 7 , 0.000000 ) ( 8 , 0.000000 ) ( 9 , 0.000000 )  
phi_m, max: 286.048647 at y = 0.439413

 
(Nodeid,phim): ( 0 , 97.502633 ) ( 1 , 97.587677 ) ( 2 , 102.910404 ) ( 3 , 110.892568 ) ( 4 , 0.000000 ) ( 5 , 0.000000 ) ( 6 , 0.000000 ) ( 7 , 0.000000 ) ( 8 , 0.000000 ) ( 9 , 0.000000 )  
phi_m, max: 249.825608 at y = 0.497143

 
(Nodeid,phim): ( 0 , 78.116092 ) ( 1 , 78.215390 ) ( 2 , 84.375251 ) ( 3 , 95.053390 ) ( 4 , 0.000000 ) ( 5 , 0.000000 ) ( 6 , 0.000000 ) ( 7 , 0.000000 ) ( 8 , 0.000000 ) ( 9 , 0.000000 )  
phi_m, max: 201.739453 at y = 0.497143

 
(Nodeid,phim): ( 0 , 58.170218 ) ( 1 , 58.264242 ) ( 2 , 64.214657 ) ( 3 , 75.352596 ) ( 4 , 0.000000 ) ( 5 , 0.000000 ) ( 6 , 0.000000 ) ( 7 , 0.000000 ) ( 8 , 0.000000 ) ( 9 , 0.000000 )  
phi_m, max: 151.240407 at y = 0.497143

 
(Nodeid,phim): ( 0 , 40.497122 ) ( 1 , 40.581734 ) ( 2 , 45.636425 ) ( 3 , 55.527402 ) ( 4 , 0.000000 ) ( 5 , 0.000000 ) ( 6 , 0.000000 ) ( 7 , 0.000000 ) ( 8 , 0.000000 ) ( 9 , 0.000000 )  
phi_m, max: 105.926078 at y = 0.497143

 
(Nodeid,phim): ( 0 , 20.957620 ) ( 1 , 21.224270 ) ( 2 , 27.675300 ) ( 3 , 37.948552 ) ( 4 , 0.000000 ) ( 5 , 0.000000 ) ( 6 , 0.000000 ) ( 7 , 0.000000 ) ( 8 , 0.000000 ) ( 9 , 0.000000 )  
phi_m, max: 58.261300 at y = 0.497143

 
(Nodeid,phim): ( 0 , 3.478360 ) ( 1 , 3.617869 ) ( 2 , 6.919689 ) ( 3 , 17.234675 ) ( 4 , 0.000000 ) ( 5 , 0.000000 ) ( 6 , 0.000000 ) ( 7 , 0.000000 ) ( 8 , 0.000000 ) ( 9 , 0.000000 )  
phi_m, max: 11.171671 at y = 0.497143

 
(Nodeid,phim): ( 0 , 0.272900 ) ( 1 , 0.268557 ) ( 2 , 0.628508 ) ( 3 , 2.591660 ) ( 4 , 0.000000 ) ( 5 , 0.000000 ) ( 6 , 0.000000 ) ( 7 , 0.000000 ) ( 8 , 0.000000 ) ( 9 , 0.000000 )  
phi_m, max: 0.714669 at y = 0.497143



phi_m, max: 292.849552 at y = 0.227458

 
(Nodeid,phim): ( 0 , 112.582494 ) ( 1 , 112.596026 ) ( 2 , 114.893086 ) ( 3 , 79.866636 ) ( 4 , 0.000000 ) ( 5 , 0.000000 ) ( 6 , 0.000000 ) ( 7 , 0.000000 ) ( 8 , 0.000000 ) ( 9 , 0.000000 )  
phi_m, max: 286.048647 at y = 0.439413

 
(Nodeid,phim): ( 0 , 97.502633 ) ( 1 , 97.587677 ) ( 2 , 102.910404 ) ( 3 , 110.892568 ) ( 4 , 0.000000 ) ( 5 , 0.000000 ) ( 6 , 0.000000 ) ( 7 , 0.000000 ) ( 8 , 0.000000 ) ( 9 , 0.000000 )  
phi_m, max: 249.825608 at y = 0.497143

 
(Nodeid,phim): ( 0 , 78.116092 ) ( 1 , 78.215390 ) ( 2 , 84.375251 ) ( 3 , 95.053390 ) ( 4 , 0.000000 ) ( 5 , 0.000000 ) ( 6 , 0.000000 ) ( 7 , 0.000000 ) ( 8 , 0.000000 ) ( 9 , 0.000000 )  
phi_m, max: 201.739453 at y = 0.497143

 
(Nodeid,phim): ( 0 , 58.170218 ) ( 1 , 58.264242 ) ( 2 , 64.214657 ) ( 3 , 75.352596 ) ( 4 , 0.000000 ) ( 5 , 0.000000 ) ( 6 , 0.000000 ) ( 7 , 0.000000 ) ( 8 , 0.000000 ) ( 9 , 0.000000 )  
phi_m, max: 151.240407 at y = 0.497143

 
(Nodeid,phim): ( 0 , 40.497122 ) ( 1 , 40.581734 ) ( 2 , 45.636425 ) ( 3 , 55.527402 ) ( 4 , 0.000000 ) ( 5 , 0.000000 ) ( 6 , 0.000000 ) ( 7 , 0.000000 ) ( 8 , 0.000000 ) ( 9 , 0.000000 )  
phi_m, max: 105.926078 at y = 0.497143

 
(Nodeid,phim): ( 0 , 20.957620 ) ( 1 , 21.224270 ) ( 2 , 27.675300 ) ( 3 , 37.948552 ) ( 4 , 0.000000 ) ( 5 , 0.000000 ) ( 6 , 0.000000 ) ( 7 , 0.000000 ) ( 8 , 0.000000 ) ( 9 , 0.000000 )  
phi_m, max: 58.261300 at y = 0.497143

 
(Nodeid,phim): ( 0 , 3.478360 ) ( 1 , 3.617869 ) ( 2 , 6.919689 ) ( 3 , 17.234675 ) ( 4 , 0.000000 ) ( 5 , 0.000000 ) ( 6 , 0.000000 ) ( 7 , 0.000000 ) ( 8 , 0.000000 ) ( 9 , 0.000000 )  
phi_m, max: 11.171671 at y = 0.497143

 
(Nodeid,phim): ( 0 , 0.272900 ) ( 1 , 0.268557 ) ( 2 , 0.628508 ) ( 3 , 2.591660 ) ( 4 , 0.000000 ) ( 5 , 0.000000 ) ( 6 , 0.000000 ) ( 7 , 0.000000 ) ( 8 , 0.000000 ) ( 9 , 0.000000 )  
phi_m, max: 0.714669 at y = 0.497143

 
(Nodeid,phim): ( 0 , -0.173238 ) ( 1 , -0.189722 ) ( 2 , -0.182238 ) ( 3 , 0.064289 ) ( 4 , 0.000000 ) ( 5 , 0.000000 ) ( 6 , 0.000000 ) ( 7 , 0.000000 ) ( 8 , 0.000000 ) ( 9 , 0.000000 )  


Steps: 9000000  Time: 0.9         

Time: 0.100000
CPU Time: 23.160116 min.
phi_m, max: 57.190620 at y = 0.471928

 
(Nodeid,phim): ( 0 , -nan ) ( 1 , -nan ) ( 2 , -nan ) ( 3 , -nan ) ( 4 , inf ) ( 5 , inf ) ( 6 , -nan ) ( 7 , -nan ) ( 8 , -nan ) ( 9 , -nan )  

Time: 0.200000
CPU Time: 23.251144 min.
phi_m, max: 293.096062 at y = 0.646426

 
(Nodeid,phim): ( 0 , -nan ) ( 1 , -nan ) ( 2 , -nan ) ( 3 , -nan ) ( 4 , inf ) ( 5 , inf ) ( 6 , -nan ) ( 7 , -nan ) ( 8 , -nan ) ( 9 , -nan )  

Time: 0.300000
CPU Time: 23.239224 min.
phi_m, max: 288.851272 at y = 1.060000

 
(Nodeid,phim): ( 0 , -nan ) ( 1 , -nan ) ( 2 , -nan ) ( 3 , -nan ) ( 4 , inf ) ( 5 , inf ) ( 6 , -nan ) ( 7 , -nan ) ( 8 , -nan ) ( 9 , -nan )  

Time: 0.400000
CPU Time: 23.215938 min.
phi_m, max: 257.376147 at y = 1.060000

 
(Nodeid,phim): ( 0 , -nan ) ( 1 , -nan ) ( 2 , -nan ) ( 3 , -nan ) ( 4 , inf ) ( 5 , inf ) ( 6 , -nan ) ( 7 , -nan ) ( 8 , -nan ) ( 9 , -nan )  

Time: 0.500000
CPU Time: 23.262969 min.
phi_m, max: 210.340159 at y = 1.060000

 
(Nodeid,phim): ( 0 , -nan ) ( 1 , -nan ) ( 2 , -nan ) ( 3 , -nan ) ( 4 , inf ) ( 5 , inf ) ( 6 , -nan ) ( 7 , -nan ) ( 8 , -nan ) ( 9 , -nan )  

Time: 0.600000
CPU Time: 22.897468 min.
phi_m, max: 159.526610 at y = 1.060000

 
(Nodeid,phim): ( 0 , -nan ) ( 1 , -nan ) ( 2 , -nan ) ( 3 , -nan ) ( 4 , inf ) ( 5 , inf ) ( 6 , -nan ) ( 7 , -nan ) ( 8 , -nan ) ( 9 , -nan )  

Time: 0.700000
CPU Time: 22.651602 min.
phi_m, max: 112.996395 at y = 1.060000

 
(Nodeid,phim): ( 0 , -nan ) ( 1 , -nan ) ( 2 , -nan ) ( 3 , -nan ) ( 4 , inf ) ( 5 , inf ) ( 6 , -nan ) ( 7 , -nan ) ( 8 , -nan ) ( 9 , -nan )  

Time: 0.800000
CPU Time: 22.547032 min.
phi_m, max: 67.406270 at y = 1.060000

 
(Nodeid,phim): ( 0 , -nan ) ( 1 , -nan ) ( 2 , -nan ) ( 3 , -nan ) ( 4 , inf ) ( 5 , inf ) ( 6 , -nan ) ( 7 , -nan ) ( 8 , -nan ) ( 9 , -nan )  

Time: 0.900000
CPU Time: 22.751195 min.
phi_m, max: 15.619347 at y = 1.060000




Time: 0.100000
CPU Time: 23.160116 min.
phi_m, max: 57.190620 at y = 0.471928

 
(Nodeid,phim): ( 0 , -nan ) ( 1 , -nan ) ( 2 , -nan ) ( 3 , -nan ) ( 4 , inf ) ( 5 , inf ) ( 6 , -nan ) ( 7 , -nan ) ( 8 , -nan ) ( 9 , -nan )  

Time: 0.200000
CPU Time: 23.251144 min.
phi_m, max: 293.096062 at y = 0.646426

 
(Nodeid,phim): ( 0 , -nan ) ( 1 , -nan ) ( 2 , -nan ) ( 3 , -nan ) ( 4 , inf ) ( 5 , inf ) ( 6 , -nan ) ( 7 , -nan ) ( 8 , -nan ) ( 9 , -nan )  

Time: 0.300000
CPU Time: 23.239224 min.
phi_m, max: 288.851272 at y = 1.060000

 
(Nodeid,phim): ( 0 , -nan ) ( 1 , -nan ) ( 2 , -nan ) ( 3 , -nan ) ( 4 , inf ) ( 5 , inf ) ( 6 , -nan ) ( 7 , -nan ) ( 8 , -nan ) ( 9 , -nan )  

Time: 0.400000
CPU Time: 23.215938 min.
phi_m, max: 257.376147 at y = 1.060000

 
(Nodeid,phim): ( 0 , -nan ) ( 1 , -nan ) ( 2 , -nan ) ( 3 , -nan ) ( 4 , inf ) ( 5 , inf ) ( 6 , -nan ) ( 7 , -nan ) ( 8 , -nan ) ( 9 , -nan )  

Time: 0.500000
CPU Time: 23.262969 min.
phi_m, max: 210.340159 at y = 1.060000

 
(Nodeid,phim): ( 0 , -nan ) ( 1 , -nan ) ( 2 , -nan ) ( 3 , -nan ) ( 4 , inf ) ( 5 , inf ) ( 6 , -nan ) ( 7 , -nan ) ( 8 , -nan ) ( 9 , -nan )  

Time: 0.600000
CPU Time: 22.897468 min.
phi_m, max: 159.526610 at y = 1.060000

 
(Nodeid,phim): ( 0 , -nan ) ( 1 , -nan ) ( 2 , -nan ) ( 3 , -nan ) ( 4 , inf ) ( 5 , inf ) ( 6 , -nan ) ( 7 , -nan ) ( 8 , -nan ) ( 9 , -nan )  

Time: 0.700000
CPU Time: 22.651602 min.
phi_m, max: 112.996395 at y = 1.060000

 
(Nodeid,phim): ( 0 , -nan ) ( 1 , -nan ) ( 2 , -nan ) ( 3 , -nan ) ( 4 , inf ) ( 5 , inf ) ( 6 , -nan ) ( 7 , -nan ) ( 8 , -nan ) ( 9 , -nan )  

Time: 0.800000
CPU Time: 22.547032 min.
phi_m, max: 67.406270 at y = 1.060000

 
(Nodeid,phim): ( 0 , -nan ) ( 1 , -nan ) ( 2 , -nan ) ( 3 , -nan ) ( 4 , inf ) ( 5 , inf ) ( 6 , -nan ) ( 7 , -nan ) ( 8 , -nan ) ( 9 , -nan )  

Time: 0.900000
CPU Time: 22.751195 min.
phi_m, max: 15.619347 at y = 1.060000

 
(Nodeid,phim): ( 0 , -nan ) ( 1 , -nan ) ( 2 , -nan ) ( 3 , -nan ) ( 4 , inf ) ( 5 , inf ) ( 6 , -nan ) ( 7 , -nan ) ( 8 , -nan ) ( 9 , -nan )  


Writing: "NeuralEP2DmonoDNCL2mpi4_9.chk"
 (0.000583975s, XML)
phi_m, max: 292.849552 at y = 0.227458

 
(Nodeid,phim): ( 0 , 112.582494 ) ( 1 , 112.596026 ) ( 2 , 114.893086 ) ( 3 , 79.866636 ) ( 4 , 0.000000 ) ( 5 , 0.000000 ) ( 6 , 0.000000 ) ( 7 , 0.000000 ) ( 8 , 0.000000 ) ( 9 , 0.000000 )  
phi_m, max: 286.048647 at y = 0.439413

 
(Nodeid,phim): ( 0 , 97.502633 ) ( 1 , 97.587677 ) ( 2 , 102.910404 ) ( 3 , 110.892568 ) ( 4 , 0.000000 ) ( 5 , 0.000000 ) ( 6 , 0.000000 ) ( 7 , 0.000000 ) ( 8 , 0.000000 ) ( 9 , 0.000000 )  
phi_m, max: 249.825608 at y = 0.497143

 
(Nodeid,phim): ( 0 , 78.116092 ) ( 1 , 78.215390 ) ( 2 , 84.375251 ) ( 3 , 95.053390 ) ( 4 , 0.000000 ) ( 5 , 0.000000 ) ( 6 , 0.000000 ) ( 7 , 0.000000 ) ( 8 , 0.000000 ) ( 9 , 0.000000 )  
phi_m, max: 201.739453 at y = 0.497143

 
(Nodeid,phim): ( 0 , 58.170218 ) ( 1 , 58.264242 ) ( 2 , 64.214657 ) ( 3 , 75.352596 ) ( 4 , 0.000000 ) ( 5 , 0.000000 ) ( 6 , 0.000000 ) ( 7 , 0.000000 ) ( 8 , 0.000000 ) ( 9 , 0.000000 )  
phi_m, max: 151.240407 at y = 0.497143

 
(Nodeid,phim): ( 0 , 40.497122 ) ( 1 , 40.581734 ) ( 2 , 45.636425 ) ( 3 , 55.527402 ) ( 4 , 0.000000 ) ( 5 , 0.000000 ) ( 6 , 0.000000 ) ( 7 , 0.000000 ) ( 8 , 0.000000 ) ( 9 , 0.000000 )  
phi_m, max: 105.926078 at y = 0.497143

 
(Nodeid,phim): ( 0 , 20.957620 ) ( 1 , 21.224270 ) ( 2 , 27.675300 ) ( 3 , 37.948552 ) ( 4 , 0.000000 ) ( 5 , 0.000000 ) ( 6 , 0.000000 ) ( 7 , 0.000000 ) ( 8 , 0.000000 ) ( 9 , 0.000000 )  
phi_m, max: 58.261300 at y = 0.497143

 
(Nodeid,phim): ( 0 , 3.478360 ) ( 1 , 3.617869 ) ( 2 , 6.919689 ) ( 3 , 17.234675 ) ( 4 , 0.000000 ) ( 5 , 0.000000 ) ( 6 , 0.000000 ) ( 7 , 0.000000 ) ( 8 , 0.000000 ) ( 9 , 0.000000 )  
phi_m, max: 11.171671 at y = 0.497143

 
(Nodeid,phim): ( 0 , 0.272900 ) ( 1 , 0.268557 ) ( 2 , 0.628508 ) ( 3 , 2.591660 ) ( 4 , 0.000000 ) ( 5 , 0.000000 ) ( 6 , 0.000000 ) ( 7 , 0.000000 ) ( 8 , 0.000000 ) ( 9 , 0.000000 )  
phi_m, max: 0.714669 at y = 0.497143

 
(Nodeid,phim): ( 0 , -0.173238 ) ( 1 , -0.189722 ) ( 2 , -0.182238 ) ( 3 , 0.064289 ) ( 4 , 0.000000 ) ( 5 , 0.000000 ) ( 6 , 0.000000 ) ( 7 , 0.000000 ) ( 8 , 0.000000 ) ( 9 , 0.000000 )  
phi_m, max: -0.622560 at y = 0.497143



phi_m, max: 292.849552 at y = 0.227458

 
(Nodeid,phim): ( 0 , 112.582494 ) ( 1 , 112.596026 ) ( 2 , 114.893086 ) ( 3 , 79.866636 ) ( 4 , 0.000000 ) ( 5 , 0.000000 ) ( 6 , 0.000000 ) ( 7 , 0.000000 ) ( 8 , 0.000000 ) ( 9 , 0.000000 )  
phi_m, max: 286.048647 at y = 0.439413

 
(Nodeid,phim): ( 0 , 97.502633 ) ( 1 , 97.587677 ) ( 2 , 102.910404 ) ( 3 , 110.892568 ) ( 4 , 0.000000 ) ( 5 , 0.000000 ) ( 6 , 0.000000 ) ( 7 , 0.000000 ) ( 8 , 0.000000 ) ( 9 , 0.000000 )  
phi_m, max: 249.825608 at y = 0.497143

 
(Nodeid,phim): ( 0 , 78.116092 ) ( 1 , 78.215390 ) ( 2 , 84.375251 ) ( 3 , 95.053390 ) ( 4 , 0.000000 ) ( 5 , 0.000000 ) ( 6 , 0.000000 ) ( 7 , 0.000000 ) ( 8 , 0.000000 ) ( 9 , 0.000000 )  
phi_m, max: 201.739453 at y = 0.497143

 
(Nodeid,phim): ( 0 , 58.170218 ) ( 1 , 58.264242 ) ( 2 , 64.214657 ) ( 3 , 75.352596 ) ( 4 , 0.000000 ) ( 5 , 0.000000 ) ( 6 , 0.000000 ) ( 7 , 0.000000 ) ( 8 , 0.000000 ) ( 9 , 0.000000 )  
phi_m, max: 151.240407 at y = 0.497143

 
(Nodeid,phim): ( 0 , 40.497122 ) ( 1 , 40.581734 ) ( 2 , 45.636425 ) ( 3 , 55.527402 ) ( 4 , 0.000000 ) ( 5 , 0.000000 ) ( 6 , 0.000000 ) ( 7 , 0.000000 ) ( 8 , 0.000000 ) ( 9 , 0.000000 )  
phi_m, max: 105.926078 at y = 0.497143

 
(Nodeid,phim): ( 0 , 20.957620 ) ( 1 , 21.224270 ) ( 2 , 27.675300 ) ( 3 , 37.948552 ) ( 4 , 0.000000 ) ( 5 , 0.000000 ) ( 6 , 0.000000 ) ( 7 , 0.000000 ) ( 8 , 0.000000 ) ( 9 , 0.000000 )  
phi_m, max: 58.261300 at y = 0.497143

 
(Nodeid,phim): ( 0 , 3.478360 ) ( 1 , 3.617869 ) ( 2 , 6.919689 ) ( 3 , 17.234675 ) ( 4 , 0.000000 ) ( 5 , 0.000000 ) ( 6 , 0.000000 ) ( 7 , 0.000000 ) ( 8 , 0.000000 ) ( 9 , 0.000000 )  
phi_m, max: 11.171671 at y = 0.497143

 
(Nodeid,phim): ( 0 , 0.272900 ) ( 1 , 0.268557 ) ( 2 , 0.628508 ) ( 3 , 2.591660 ) ( 4 , 0.000000 ) ( 5 , 0.000000 ) ( 6 , 0.000000 ) ( 7 , 0.000000 ) ( 8 , 0.000000 ) ( 9 , 0.000000 )  
phi_m, max: 0.714669 at y = 0.497143

 
(Nodeid,phim): ( 0 , -0.173238 ) ( 1 , -0.189722 ) ( 2 , -0.1822phi_m, max: -0.002836 at y = 1.585925

 
(Nodeid,phim): ( 0 , -nan ) ( 1 , -nan ) ( 2 , -nan ) ( 3 , -nan ) ( 4 , -nan ) ( 5 , -nan ) ( 6 , -nan ) ( 7 , -nan ) ( 8 , -nan ) ( 9 , -inf )  
phi_m, max: -0.002513 at y = 1.579071

 
(Nodeid,phim): ( 0 , -nan ) ( 1 , -nan ) ( 2 , -nan ) ( 3 , -nan ) ( 4 , -nan ) ( 5 , -nan ) ( 6 , -nan ) ( 7 , -nan ) ( 8 , -nan ) ( 9 , -inf )  
phi_m, max: 0.253859 at y = 1.579071

 
(Nodeid,phim): ( 0 , -nan ) ( 1 , -nan ) ( 2 , -nan ) ( 3 , -nan ) ( 4 , -nan ) ( 5 , -nan ) ( 6 , -nan ) ( 7 , -nan ) ( 8 , -nan ) ( 9 , inf )  
phi_m, max: 177.747134 at y = 1.579071

 
(Nodeid,phim): ( 0 , -nan ) ( 1 , -nan ) ( 2 , -nan ) ( 3 , -nan ) ( 4 , -nan ) ( 5 , -nan ) ( 6 , -nan ) ( 7 , -nan ) ( 8 , -nan ) ( 9 , inf )  
phi_m, max: 292.240949 at y = 1.698376

 
(Nodeid,phim): ( 0 , -nan ) ( 1 , -nan ) ( 2 , -nan ) ( 3 , -nan ) ( 4 , -nan ) ( 5 , -nan ) ( 6 , -nan ) ( 7 , -nan ) ( 8 , -nan ) ( 9 , inf )  
phi_m, max: 293.194866 at y = 2.118825

 
(Nodeid,phim): ( 0 , -nan ) ( 1 , -nan ) ( 2 , -nan ) ( 3 , -nan ) ( 4 , -nan ) ( 5 , -nan ) ( 6 , -nan ) ( 7 , -nan ) ( 8 , -nan ) ( 9 , inf )  
phi_m, max: 265.713518 at y = 2.120000

 
(Nodeid,phim): ( 0 , -nan ) ( 1 , -nan ) ( 2 , -nan ) ( 3 , -nan ) ( 4 , -nan ) ( 5 , -nan ) ( 6 , -nan ) ( 7 , -nan ) ( 8 , -nan ) ( 9 , inf )  
phi_m, max: 219.839752 at y = 2.120000

 
(Nodeid,phim): ( 0 , -nan ) ( 1 , -nan ) ( 2 , -nan ) ( 3 , -nan ) ( 4 , -nan ) ( 5 , -nan ) ( 6 , -nan ) ( 7 , -nan ) ( 8 , -nan ) ( 9 , inf )  
phi_m, max: 168.715852 at y = 2.120000

 
(Nodeid,phim): ( 0 , -nan ) ( 1 , -nan ) ( 2 , -nan ) ( 3 , -nan ) ( 4 , -nan ) ( 5 , -nan ) ( 6 , -nan ) ( 7 , -nan ) ( 8 , -nan ) ( 9 , inf )  
phi_m, max: 120.715384 at y = 2.120000



phi_m, max: -0.002836 at y = 1.585925

 
(Nodeid,phim): ( 0 , -nan ) ( 1 , -nan ) ( 2 , -nan ) ( 3 , -nan ) ( 4 , -nan ) ( 5 , -nan ) ( 6 , -nan ) ( 7 , -nan ) ( 8 , -nan ) ( 9 , -inf )  
phi_m, max: -0.002513 at y = 1.579071

 
(Nodeid,phim): ( 0 , -nan ) ( 1 , -nan ) ( 2 , -nan ) ( 3 , -nan ) ( 4 , -nan ) ( 5 , -nan ) ( 6 , -nan ) ( 7 , -nan ) ( 8 , -nan ) ( 9 , -inf )  
phi_m, max: 0.253859 at y = 1.579071

 
(Nodeid,phim): ( 0 , -nan ) ( 1 , -nan ) ( 2 , -nan ) ( 3 , -nan ) ( 4 , -nan ) ( 5 , -nan ) ( 6 , -nan ) ( 7 , -nan ) ( 8 , -nan ) ( 9 , inf )  
phi_m, max: 177.747134 at y = 1.579071

 
(Nodeid,phim): ( 0 , -nan ) ( 1 , -nan ) ( 2 , -nan ) ( 3 , -nan ) ( 4 , -nan ) ( 5 , -nan ) ( 6 , -nan ) ( 7 , -nan ) ( 8 , -nan ) ( 9 , inf )  
phi_m, max: 292.240949 at y = 1.698376

 
(Nodeid,phim): ( 0 , -nan ) ( 1 , -nan ) ( 2 , -nan ) ( 3 , -nan ) ( 4 , -nan ) ( 5 , -nan ) ( 6 , -nan ) ( 7 , -nan ) ( 8 , -nan ) ( 9 , inf )  
phi_m, max: 293.194866 at y = 2.118825

 
(Nodeid,phim): ( 0 , -nan ) ( 1 , -nan ) ( 2 , -nan ) ( 3 , -nan ) ( 4 , -nan ) ( 5 , -nan ) ( 6 , -nan ) ( 7 , -nan ) ( 8 , -nan ) ( 9 , inf )  
phi_m, max: 265.713518 at y = 2.120000

 
(Nodeid,phim): ( 0 , -nan ) ( 1 , -nan ) ( 2 , -nan ) ( 3 , -nan ) ( 4 , -nan ) ( 5 , -nan ) ( 6 , -nan ) ( 7 , -nan ) ( 8 , -nan ) ( 9 , inf )  
phi_m, max: 219.839752 at y = 2.120000

 
(Nodeid,phim): ( 0 , -nan ) ( 1 , -nan ) ( 2 , -nan ) ( 3 , -nan ) ( 4 , -nan ) ( 5 , -nan ) ( 6 , -nan ) ( 7 , -nan ) ( 8 , -nan ) ( 9 , inf )  
phi_m, max: 168.715852 at y = 2.120000

 
(Nodeid,phim): ( 0 , -nan ) ( 1 , -nan ) ( 2 , -nan ) ( 3 , -nan ) ( 4 , -nan ) ( 5 , -nan ) ( 6 , -nan ) ( 7 , -nan ) ( 8 , -nan ) ( 9 , inf )  
phi_m, max: 120.715384 at y = 2.120000

 
(Nodeid,phim): ( 0 , -nan ) ( 1 , -nan ) ( 2 , -nan ) ( 3 , -nan ) ( 4 , -nan ) ( 5 , -nan ) ( 6 , -nan ) ( 7 , -nan ) ( 8 , -nan ) ( 9 , inf )  


phi_m, max: 0.022642 at y = 1.060000

 
(Nodeid,phim): ( 0 , -nan ) ( 1 , -nan ) ( 2 , -nan ) ( 3 , -nan ) ( 4 , -nan ) ( 5 , -nan ) ( 6 , inf ) ( 7 , -inf ) ( 8 , -inf ) ( 9 , -nan )  
phi_m, max: 18.755337 at y = 1.060000

 
(Nodeid,phim): ( 0 , -nan ) ( 1 , -nan ) ( 2 , -nan ) ( 3 , -nan ) ( 4 , -nan ) ( 5 , -nan ) ( 6 , inf ) ( 7 , inf ) ( 8 , inf ) ( 9 , -nan )  
phi_m, max: 292.967872 at y = 1.063633

 
(Nodeid,phim): ( 0 , -nan ) ( 1 , -nan ) ( 2 , -nan ) ( 3 , -nan ) ( 4 , -nan ) ( 5 , -nan ) ( 6 , inf ) ( 7 , inf ) ( 8 , inf ) ( 9 , -nan )  
phi_m, max: 292.754731 at y = 1.481624

 
(Nodeid,phim): ( 0 , -nan ) ( 1 , -nan ) ( 2 , -nan ) ( 3 , -nan ) ( 4 , -nan ) ( 5 , -nan ) ( 6 , inf ) ( 7 , inf ) ( 8 , inf ) ( 9 , -nan )  
phi_m, max: 280.151746 at y = 1.489413

 
(Nodeid,phim): ( 0 , -nan ) ( 1 , -nan ) ( 2 , -nan ) ( 3 , -nan ) ( 4 , -nan ) ( 5 , -nan ) ( 6 , inf ) ( 7 , inf ) ( 8 , inf ) ( 9 , -nan )  
phi_m, max: 240.930138 at y = 1.604286

 
(Nodeid,phim): ( 0 , -nan ) ( 1 , -nan ) ( 2 , -nan ) ( 3 , -nan ) ( 4 , -nan ) ( 5 , -nan ) ( 6 , inf ) ( 7 , inf ) ( 8 , inf ) ( 9 , -nan )  
phi_m, max: 191.744096 at y = 1.604286

 
(Nodeid,phim): ( 0 , -nan ) ( 1 , -nan ) ( 2 , -nan ) ( 3 , -nan ) ( 4 , -nan ) ( 5 , -nan ) ( 6 , inf ) ( 7 , inf ) ( 8 , inf ) ( 9 , -nan )  
phi_m, max: 141.764684 at y = 1.604286

 
(Nodeid,phim): ( 0 , -nan ) ( 1 , -nan ) ( 2 , -nan ) ( 3 , -nan ) ( 4 , -nan ) ( 5 , -nan ) ( 6 , inf ) ( 7 , inf ) ( 8 , inf ) ( 9 , -nan )  
phi_m, max: 97.611138 at y = 1.604286

 
(Nodeid,phim): ( 0 , -nan ) ( 1 , -nan ) ( 2 , -nan ) ( 3 , -nan ) ( 4 , -nan ) ( 5 , -nan ) ( 6 , inf ) ( 7 , inf ) ( 8 , inf ) ( 9 , -nan )  
phi_m, max: 46.681836 at y = 1.604286



phi_m, max: 0.022642 at y = 1.060000

 
(Nodeid,phim): ( 0 , -nan ) ( 1 , -nan ) ( 2 , -nan ) ( 3 , -nan ) ( 4 , -nan ) ( 5 , -nan ) ( 6 , inf ) ( 7 , -inf ) ( 8 , -inf ) ( 9 , -nan )  
phi_m, max: 18.755337 at y = 1.060000

 
(Nodeid,phim): ( 0 , -nan ) ( 1 , -nan ) ( 2 , -nan ) ( 3 , -nan ) ( 4 , -nan ) ( 5 , -nan ) ( 6 , inf ) ( 7 , inf ) ( 8 , inf ) ( 9 , -nan )  
phi_m, max: 292.967872 at y = 1.063633

 
(Nodeid,phim): ( 0 , -nan ) ( 1 , -nan ) ( 2 , -nan ) ( 3 , -nan ) ( 4 , -nan ) ( 5 , -nan ) ( 6 , inf ) ( 7 , inf ) ( 8 , inf ) ( 9 , -nan )  
phi_m, max: 292.754731 at y = 1.481624

 
(Nodeid,phim): ( 0 , -nan ) ( 1 , -nan ) ( 2 , -nan ) ( 3 , -nan ) ( 4 , -nan ) ( 5 , -nan ) ( 6 , inf ) ( 7 , inf ) ( 8 , inf ) ( 9 , -nan )  
phi_m, max: 280.151746 at y = 1.489413

 
(Nodeid,phim): ( 0 , -nan ) ( 1 , -nan ) ( 2 , -nan ) ( 3 , -nan ) ( 4 , -nan ) ( 5 , -nan ) ( 6 , inf ) ( 7 , inf ) ( 8 , inf ) ( 9 , -nan )  
phi_m, max: 240.930138 at y = 1.604286

 
(Nodeid,phim): ( 0 , -nan ) ( 1 , -nan ) ( 2 , -nan ) ( 3 , -nan ) ( 4 , -nan ) ( 5 , -nan ) ( 6 , inf ) ( 7 , inf ) ( 8 , inf ) ( 9 , -nan )  
phi_m, max: 191.744096 at y = 1.604286

 
(Nodeid,phim): ( 0 , -nan ) ( 1 , -nan ) ( 2 , -nan ) ( 3 , -nan ) ( 4 , -nan ) ( 5 , -nan ) ( 6 , inf ) ( 7 , inf ) ( 8 , inf ) ( 9 , -nan )  
phi_m, max: 141.764684 at y = 1.604286

 
(Nodeid,phim): ( 0 , -nan ) ( 1 , -nan ) ( 2 , -nan ) ( 3 , -nan ) ( 4 , -nan ) ( 5 , -nan ) ( 6 , inf ) ( 7 , inf ) ( 8 , inf ) ( 9 , -nan )  
phi_m, max: 97.611138 at y = 1.604286

 
(Nodeid,phim): ( 0 , -nan ) ( 1 , -nan ) ( 2 , -nan ) ( 3 , -nan ) ( 4 , -nan ) ( 5 , -nan ) ( 6 , inf ) ( 7 , inf ) ( 8 , inf ) ( 9 , -nan )  
phi_m, max: 46.681836 at y = 1.604286

 
(Nodeid,phim): ( 0 , -nan ) ( 1 , -nan ) ( 2 , -nan ) ( 3 , -nan ) ( 4 , -nan ) ( 5 , -nan ) ( 6 , inf ) ( 7 , inf ) ( 8 , inf ) ( 9 , -nan )  


Steps: 10000000 Time: 1           

Time: 0.100000
CPU Time: 23.160116 min.
phi_m, max: 57.190620 at y = 0.471928

 
(Nodeid,phim): ( 0 , -nan ) ( 1 , -nan ) ( 2 , -nan ) ( 3 , -nan ) ( 4 , inf ) ( 5 , inf ) ( 6 , -nan ) ( 7 , -nan ) ( 8 , -nan ) ( 9 , -nan )  

Time: 0.200000
CPU Time: 23.251144 min.
phi_m, max: 293.096062 at y = 0.646426

 
(Nodeid,phim): ( 0 , -nan ) ( 1 , -nan ) ( 2 , -nan ) ( 3 , -nan ) ( 4 , inf ) ( 5 , inf ) ( 6 , -nan ) ( 7 , -nan ) ( 8 , -nan ) ( 9 , -nan )  

Time: 0.300000
CPU Time: 23.239224 min.
phi_m, max: 288.851272 at y = 1.060000

 
(Nodeid,phim): ( 0 , -nan ) ( 1 , -nan ) ( 2 , -nan ) ( 3 , -nan ) ( 4 , inf ) ( 5 , inf ) ( 6 , -nan ) ( 7 , -nan ) ( 8 , -nan ) ( 9 , -nan )  

Time: 0.400000
CPU Time: 23.215938 min.
phi_m, max: 257.376147 at y = 1.060000

 
(Nodeid,phim): ( 0 , -nan ) ( 1 , -nan ) ( 2 , -nan ) ( 3 , -nan ) ( 4 , inf ) ( 5 , inf ) ( 6 , -nan ) ( 7 , -nan ) ( 8 , -nan ) ( 9 , -nan )  

Time: 0.500000
CPU Time: 23.262969 min.
phi_m, max: 210.340159 at y = 1.060000

 
(Nodeid,phim): ( 0 , -nan ) ( 1 , -nan ) ( 2 , -nan ) ( 3 , -nan ) ( 4 , inf ) ( 5 , inf ) ( 6 , -nan ) ( 7 , -nan ) ( 8 , -nan ) ( 9 , -nan )  

Time: 0.600000
CPU Time: 22.897468 min.
phi_m, max: 159.526610 at y = 1.060000

 
(Nodeid,phim): ( 0 , -nan ) ( 1 , -nan ) ( 2 , -nan ) ( 3 , -nan ) ( 4 , inf ) ( 5 , inf ) ( 6 , -nan ) ( 7 , -nan ) ( 8 , -nan ) ( 9 , -nan )  

Time: 0.700000
CPU Time: 22.651602 min.
phi_m, max: 112.996395 at y = 1.060000

 
(Nodeid,phim): ( 0 , -nan ) ( 1 , -nan ) ( 2 , -nan ) ( 3 , -nan ) ( 4 , inf ) ( 5 , inf ) ( 6 , -nan ) ( 7 , -nan ) ( 8 , -nan ) ( 9 , -nan )  

Time: 0.800000
CPU Time: 22.547032 min.
phi_m, max: 67.406270 at y = 1.060000

 
(Nodeid,phim): ( 0 , -nan ) ( 1 , -nan ) ( 2 , -nan ) ( 3 , -nan ) ( 4 , inf ) ( 5 , inf ) ( 6 , -nan ) ( 7 , -nan ) ( 8 , -nan ) ( 9 , -nan )  

Time: 0.900000
CPU Time: 22.751195 min.
phi_m, max: 15.619347 at y = 1.060000

 
(Nodeid,phim): ( 0 , -nan ) ( 1 , -nan ) ( 2 , -nan ) ( 3 , -nan ) ( 4 , inf ) ( 5 , inf ) ( 6 , -nan ) ( 7 , -nan ) ( 8 , -nan ) ( 9 , -nan )  

Time: 1.000000
CPU Time: 22.663484 min.
phi_m, max: 1.280555 at y = 1.060000




Time: 0.100000
CPU Time: 23.160116 min.
phi_m, max: 57.190620 at y = 0.471928

 
(Nodeid,phim): ( 0 , -nan ) ( 1 , -nan ) ( 2 , -nan ) ( 3 , -nan ) ( 4 , inf ) ( 5 , inf ) ( 6 , -nan ) ( 7 , -nan ) ( 8 , -nan ) ( 9 , -nan )  

Time: 0.200000
CPU Time: 23.251144 min.
phi_m, max: 293.096062 at y = 0.646426

 
(Nodeid,phim): ( 0 , -nan ) ( 1 , -nan ) ( 2 , -nan ) ( 3 , -nan ) ( 4 , inf ) ( 5 , inf ) ( 6 , -nan ) ( 7 , -nan ) ( 8 , -nan ) ( 9 , -nan )  

Time: 0.300000
CPU Time: 23.239224 min.
phi_m, max: 288.851272 at y = 1.060000

 
(Nodeid,phim): ( 0 , -nan ) ( 1 , -nan ) ( 2 , -nan ) ( 3 , -nan ) ( 4 , inf ) ( 5 , inf ) ( 6 , -nan ) ( 7 , -nan ) ( 8 , -nan ) ( 9 , -nan )  

Time: 0.400000
CPU Time: 23.215938 min.
phi_m, max: 257.376147 at y = 1.060000

 
(Nodeid,phim): ( 0 , -nan ) ( 1 , -nan ) ( 2 , -nan ) ( 3 , -nan ) ( 4 , inf ) ( 5 , inf ) ( 6 , -nan ) ( 7 , -nan ) ( 8 , -nan ) ( 9 , -nan )  

Time: 0.500000
CPU Time: 23.262969 min.
phi_m, max: 210.340159 at y = 1.060000

 
(Nodeid,phim): ( 0 , -nan ) ( 1 , -nan ) ( 2 , -nan ) ( 3 , -nan ) ( 4 , inf ) ( 5 , inf ) ( 6 , -nan ) ( 7 , -nan ) ( 8 , -nan ) ( 9 , -nan )  

Time: 0.600000
CPU Time: 22.897468 min.
phi_m, max: 159.526610 at y = 1.060000

 
(Nodeid,phim): ( 0 , -nan ) ( 1 , -nan ) ( 2 , -nan ) ( 3 , -nan ) ( 4 , inf ) ( 5 , inf ) ( 6 , -nan ) ( 7 , -nan ) ( 8 , -nan ) ( 9 , -nan )  

Time: 0.700000
CPU Time: 22.651602 min.
phi_m, max: 112.996395 at y = 1.060000

 
(Nodeid,phim): ( 0 , -nan ) ( 1 , -nan ) ( 2 , -nan ) ( 3 , -nan ) ( 4 , inf ) ( 5 , inf ) ( 6 , -nan ) ( 7 , -nan ) ( 8 , -nan ) ( 9 , -nan )  

Time: 0.800000
CPU Time: 22.547032 min.
phi_m, max: 67.406270 at y = 1.060000

 
(Nodeid,phim): ( 0 , -nan ) ( 1 , -nan ) ( 2 , -nan ) ( 3 , -nan ) ( 4 , inf ) ( 5 , inf ) ( 6 , -nan ) ( 7 , -nan ) ( 8 , -nan ) ( 9 , -nan )  

Time: 0.900000
CPU Time: 22.751195 min.
phi_m, max: 15.619347 at y = 1.060000

 
(Nodeid,phim): ( 0 , -nan 38 ) ( 3 , 0.064289 ) ( 4 , 0.000000 ) ( 5 , 0.000000 ) ( 6 , 0.000000 ) ( 7 , 0.000000 ) ( 8 , 0.000000 ) ( 9 , 0.000000 )  
phi_m, max: -0.622560 at y = 0.497143

 
(Nodeid,phim): ( 0 , -0.338216 ) ( 1 , -0.351218 ) ( 2 , -0.368654 ) ( 3 , -0.294830 ) ( 4 , 0.000000 ) ( 5 , 0.000000 ) ( 6 , 0.000000 ) ( 7 , 0.000000 ) ( 8 , 0.000000 ) ( 9 , 0.000000 )  


) ( 1 , -nan ) ( 2 , -nan ) ( 3 , -nan ) ( 4 , inf ) ( 5 , inf ) ( 6 , -nan ) ( 7 , -nan ) ( 8 , -nan ) ( 9 , -nan )  

Time: 1.000000
CPU Time: 22.663484 min.
phi_m, max: 1.280555 at y = 1.060000

 
(Nodeid,phim): ( 0 , -nan ) ( 1 , -nan ) ( 2 , -nan ) ( 3 , -nan ) ( 4 , -inf ) ( 5 , inf ) ( 6 , -nan ) ( 7 , -nan ) ( 8 , -nan ) ( 9 , -nan )  


Writing: "NeuralEP2DmonoDNCL2mpi4_10.chk"
 (0.000577604s, XML)
Time-integration  : 13778.4s
Writing: "NeuralEP2DmonoDNCL2mpi4.fld"
 (0.000388428s, XML)
-------------------------------------------
Total Computation Time = 13779.3s
-------------------------------------------
L 2 error (variable um) : 2.52652
L inf error (variable um) : 47.7598
L 2 error (variable ue) : 0
L inf error (variable ue) : 0
