Zone start = 0, end = 239, Excite zone = 240, Node zone = 1440, intra zone = 5640, extra zone = 1440 / nq = 5640
v_InitObject: Node = 4200, Myelin = 1440, extracell = 0
Max Anistrength_1  = 12.9582, Anistrength_2 = 12.9582, Min Anistrength 1 = 1, Anistrength 2 = 1
MMFActivation = 5640 /  5640 ( 100 % ) 
*** 1st Moving frames are NOT in unit length, Avg mag. = 11.1937 *** 
*** 2nd Moving frames are NOT in unit length, Avg mag. = 11.1937 *** 
*** Moving frames are Orthogonal
*** MF 0 = ( 0 , 11.1937 , 0 ) 
*** MF 1 = ( 11.1937 , 0 , 0 ) 
*** MF 2 = ( 0 , 0 , 1 ) 
MMFInitObject is done ===========================
*** 1st Moving frames are in unit length ***
*** 2nd Moving frames are in unit length ***
*** Moving frames are Orthogonal
*** MF 0 = ( 0.708203 , 0.706009 , 0 ) 
*** MF 1 = ( 0.706009 , 0.708203 , 0 ) 
*** MF 2 = ( 0 , 0 , 1 ) 
*** 1st Moving frames are NOT in unit length, Avg mag. = 1.41421 *** 
*** 2nd Moving frames are NOT in unit length, Avg mag. = 1.41421 *** 
*** Moving frames are Orthogonal
*** MF 0 = ( 1.00155 , 0.998447 , 0 ) 
*** MF 1 = ( 0.998447 , 1.00155 , 0 ) 
*** MF 2 = ( 0 , 0 , 1 ) 
*** 1st Moving frames are NOT in unit length, Avg mag. = 1.41421 *** 
*** 2nd Moving frames are NOT in unit length, Avg mag. = 1.41421 *** 
*** Moving frames are Orthogonal
*** MF 0 = ( 1.00155 , 0.998447 , 0 ) 
*** MF 1 = ( 0.998447 , 1.00155 , 0 ) 
*** MF 2 = ( 0 , 0 , 1 ) 
k = 0, m_varcoeff = ( 0 , 11.1937 , 0 , 1.64147e-12 , 144.902 ) 
k = 1, m_varcoeff = ( 11.1937 , 0 , 0 , 4.80233e-12 , 144.902 ) 
k = 2, m_varcoeff = ( 0 , 0 , 1 , 0 , 1 ) 
 ::::: 2D Varcoeff is Successfully Created ::::: 

k = 0, m_varcoeff = ( 1.00155 , 0.998447 , 0 , 1.7297e-06 , 2 ) 
k = 1, m_varcoeff = ( 0.998447 , 1.00155 , 0 , 4.94203e-06 , 2 ) 
k = 2, m_varcoeff = ( 0 , 0 , 1 , 0 , 1 ) 
 ::::: 2D Varcoeff is Successfully Created ::::: 

=======================================================================
	        EquationType: MMFNeuralEP
	        Session Name: NeuralEP2DmonoDNCL2
	        Spatial Dim.: 3
	  Max SEM Exp. Order: 5
	      Expansion Dim.: 2
	     Projection Type: Continuous Galerkin
	 Advect. advancement: explicit
	Diffuse. advancement: implicit
	           Time Step: 1e-07
	        No. of Steps: 10000000
	 Checkpoints (steps): 1000000
	    Integration Type: IMEX
	             Surface: Plane
	           DerivType: Euclidean
	              MMFdir: TangentY
	        NeuralEPType: NeuralEP2Dbi
	      ExtCurrentType: NoCurrent
	       GlobalSysSoln: DirectMultiLevelStaticCond
	       TimeMapScheme: DeActivated
	        TimeMapStart: 0
	          TimeMapEnd: 10000
	        Fiber Length: 0.01
	         Node Length: 0.01
	       Myelin Length: 0.2
	               Nnode: 10
	         Temperature: 24
	            diameter: 0.01
	             Helmtau: 1
=======================================================================
Initial Conditions:
  - Field um: 0
  - Field ue: 0
Initial Conditions:
  - Field um: 0
  - Field ue: 0
Writing: "NeuralEP2DmonoDNCL2_initial.chk"
 (0.00057564s, XML)
Steps: 1000000  Time: 0.1         

Time: 0.100000
CPU Time: 86.830601 min.
phi_m, max: 292.849552 at y = 0.227458




Time: 0.100000
CPU Time: 86.830601 min.
phi_m, max: 292.849552 at y = 0.227458

 
(Nodeid,phim): ( 0 , 112.582494 ) ( 1 , 112.596026 ) ( 2 , 114.893086 ) ( 3 , 79.866636 ) ( 4 , 4.871186 ) ( 5 , 0.118833 ) ( 6 , 0.001810 ) ( 7 , -0.001071 ) ( 8 , -0.001142 ) ( 9 , -0.001144 )  


Writing: "NeuralEP2DmonoDNCL2_1.chk"
 (0.0011593s, XML)
Steps: 2000000  Time: 0.2         

Time: 0.100000
CPU Time: 86.830601 min.
phi_m, max: 292.849552 at y = 0.227458

 
(Nodeid,phim): ( 0 , 112.582494 ) ( 1 , 112.596026 ) ( 2 , 114.893086 ) ( 3 , 79.866636 ) ( 4 , 4.871186 ) ( 5 , 0.118833 ) ( 6 , 0.001810 ) ( 7 , -0.001071 ) ( 8 , -0.001142 ) ( 9 , -0.001144 )  

Time: 0.200000
CPU Time: 85.490782 min.
phi_m, max: 293.096062 at y = 0.646426




Time: 0.100000
CPU Time: 86.830601 min.
phi_m, max: 292.849552 at y = 0.227458

 
(Nodeid,phim): ( 0 , 112.582494 ) ( 1 , 112.596026 ) ( 2 , 114.893086 ) ( 3 , 79.866636 ) ( 4 , 4.871186 ) ( 5 , 0.118833 ) ( 6 , 0.001810 ) ( 7 , -0.001071 ) ( 8 , -0.001142 ) ( 9 , -0.001144 )  

Time: 0.200000
CPU Time: 85.490782 min.
phi_m, max: 293.096062 at y = 0.646426

 
(Nodeid,phim): ( 0 , 97.502633 ) ( 1 , 97.587677 ) ( 2 , 102.910404 ) ( 3 , 110.892568 ) ( 4 , 114.973069 ) ( 5 , 56.430226 ) ( 6 , 2.173026 ) ( 7 , 0.052398 ) ( 8 , 0.000166 ) ( 9 , -0.001120 )  


Writing: "NeuralEP2DmonoDNCL2_2.chk"
 (0.00108183s, XML)
Steps: 3000000  Time: 0.3         

Time: 0.100000
CPU Time: 86.830601 min.
phi_m, max: 292.849552 at y = 0.227458

 
(Nodeid,phim): ( 0 , 112.582494 ) ( 1 , 112.596026 ) ( 2 , 114.893086 ) ( 3 , 79.866636 ) ( 4 , 4.871186 ) ( 5 , 0.118833 ) ( 6 , 0.001810 ) ( 7 , -0.001071 ) ( 8 , -0.001142 ) ( 9 , -0.001144 )  

Time: 0.200000
CPU Time: 85.490782 min.
phi_m, max: 293.096062 at y = 0.646426

 
(Nodeid,phim): ( 0 , 97.502633 ) ( 1 , 97.587677 ) ( 2 , 102.910404 ) ( 3 , 110.892568 ) ( 4 , 114.973069 ) ( 5 , 56.430226 ) ( 6 , 2.173026 ) ( 7 , 0.052398 ) ( 8 , 0.000166 ) ( 9 , -0.001120 )  

Time: 0.300000
CPU Time: 82.642494 min.
phi_m, max: 292.967872 at y = 1.063633




Time: 0.100000
CPU Time: 86.830601 min.
phi_m, max: 292.849552 at y = 0.227458

 
(Nodeid,phim): ( 0 , 112.582494 ) ( 1 , 112.596026 ) ( 2 , 114.893086 ) ( 3 , 79.866636 ) ( 4 , 4.871186 ) ( 5 , 0.118833 ) ( 6 , 0.001810 ) ( 7 , -0.001071 ) ( 8 , -0.001142 ) ( 9 , -0.001144 )  

Time: 0.200000
CPU Time: 85.490782 min.
phi_m, max: 293.096062 at y = 0.646426

 
(Nodeid,phim): ( 0 , 97.502633 ) ( 1 , 97.587677 ) ( 2 , 102.910404 ) ( 3 , 110.892568 ) ( 4 , 114.973069 ) ( 5 , 56.430226 ) ( 6 , 2.173026 ) ( 7 , 0.052398 ) ( 8 , 0.000166 ) ( 9 , -0.001120 )  

Time: 0.300000
CPU Time: 82.642494 min.
phi_m, max: 292.967872 at y = 1.063633

 
(Nodeid,phim): ( 0 , 78.116092 ) ( 1 , 78.215390 ) ( 2 , 84.375251 ) ( 3 , 95.053390 ) ( 4 , 104.684460 ) ( 5 , 112.206973 ) ( 6 , 113.616161 ) ( 7 , 34.204842 ) ( 8 , 0.977163 ) ( 9 , 0.022952 )  


Writing: "NeuralEP2DmonoDNCL2_3.chk"
 (0.00101633s, XML)
Steps: 4000000  Time: 0.4         

Time: 0.100000
CPU Time: 86.830601 min.
phi_m, max: 292.849552 at y = 0.227458

 
(Nodeid,phim): ( 0 , 112.582494 ) ( 1 , 112.596026 ) ( 2 , 114.893086 ) ( 3 , 79.866636 ) ( 4 , 4.871186 ) ( 5 , 0.118833 ) ( 6 , 0.001810 ) ( 7 , -0.001071 ) ( 8 , -0.001142 ) ( 9 , -0.001144 )  

Time: 0.200000
CPU Time: 85.490782 min.
phi_m, max: 293.096062 at y = 0.646426

 
(Nodeid,phim): ( 0 , 97.502633 ) ( 1 , 97.587677 ) ( 2 , 102.910404 ) ( 3 , 110.892568 ) ( 4 , 114.973069 ) ( 5 , 56.430226 ) ( 6 , 2.173026 ) ( 7 , 0.052398 ) ( 8 , 0.000166 ) ( 9 , -0.001120 )  

Time: 0.300000
CPU Time: 82.642494 min.
phi_m, max: 292.967872 at y = 1.063633

 
(Nodeid,phim): ( 0 , 78.116092 ) ( 1 , 78.215390 ) ( 2 , 84.375251 ) ( 3 , 95.053390 ) ( 4 , 104.684460 ) ( 5 , 112.206973 ) ( 6 , 113.616161 ) ( 7 , 34.204842 ) ( 8 , 0.977163 ) ( 9 , 0.022952 )  

Time: 0.400000
CPU Time: 79.921521 min.
phi_m, max: 292.754731 at y = 1.481624




Time: 0.100000
CPU Time: 86.830601 min.
phi_m, max: 292.849552 at y = 0.227458

 
(Nodeid,phim): ( 0 , 112.582494 ) ( 1 , 112.596026 ) ( 2 , 114.893086 ) ( 3 , 79.866636 ) ( 4 , 4.871186 ) ( 5 , 0.118833 ) ( 6 , 0.001810 ) ( 7 , -0.001071 ) ( 8 , -0.001142 ) ( 9 , -0.001144 )  

Time: 0.200000
CPU Time: 85.490782 min.
phi_m, max: 293.096062 at y = 0.646426

 
(Nodeid,phim): ( 0 , 97.502633 ) ( 1 , 97.587677 ) ( 2 , 102.910404 ) ( 3 , 110.892568 ) ( 4 , 114.973069 ) ( 5 , 56.430226 ) ( 6 , 2.173026 ) ( 7 , 0.052398 ) ( 8 , 0.000166 ) ( 9 , -0.001120 )  

Time: 0.300000
CPU Time: 82.642494 min.
phi_m, max: 292.967872 at y = 1.063633

 
(Nodeid,phim): ( 0 , 78.116092 ) ( 1 , 78.215390 ) ( 2 , 84.375251 ) ( 3 , 95.053390 ) ( 4 , 104.684460 ) ( 5 , 112.206973 ) ( 6 , 113.616161 ) ( 7 , 34.204842 ) ( 8 , 0.977163 ) ( 9 , 0.022952 )  

Time: 0.400000
CPU Time: 79.921521 min.
phi_m, max: 292.754731 at y = 1.481624

 
(Nodeid,phim): ( 0 , 58.170218 ) ( 1 , 58.264242 ) ( 2 , 64.214657 ) ( 3 , 75.352596 ) ( 4 , 86.556931 ) ( 5 , 97.162572 ) ( 6 , 106.451306 ) ( 7 , 113.357834 ) ( 8 , 108.746978 ) ( 9 , 18.353679 )  


Writing: "NeuralEP2DmonoDNCL2_4.chk"
 (0.00103199s, XML)
Steps: 5000000  Time: 0.5         

Time: 0.100000
CPU Time: 86.830601 min.
phi_m, max: 292.849552 at y = 0.227458

 
(Nodeid,phim): ( 0 , 112.582494 ) ( 1 , 112.596026 ) ( 2 , 114.893086 ) ( 3 , 79.866636 ) ( 4 , 4.871186 ) ( 5 , 0.118833 ) ( 6 , 0.001810 ) ( 7 , -0.001071 ) ( 8 , -0.001142 ) ( 9 , -0.001144 )  

Time: 0.200000
CPU Time: 85.490782 min.
phi_m, max: 293.096062 at y = 0.646426

 
(Nodeid,phim): ( 0 , 97.502633 ) ( 1 , 97.587677 ) ( 2 , 102.910404 ) ( 3 , 110.892568 ) ( 4 , 114.973069 ) ( 5 , 56.430226 ) ( 6 , 2.173026 ) ( 7 , 0.052398 ) ( 8 , 0.000166 ) ( 9 , -0.001120 )  

Time: 0.300000
CPU Time: 82.642494 min.
phi_m, max: 292.967872 at y = 1.063633

 
(Nodeid,phim): ( 0 , 78.116092 ) ( 1 , 78.215390 ) ( 2 , 84.375251 ) ( 3 , 95.053390 ) ( 4 , 104.684460 ) ( 5 , 112.206973 ) ( 6 , 113.616161 ) ( 7 , 34.204842 ) ( 8 , 0.977163 ) ( 9 , 0.022952 )  

Time: 0.400000
CPU Time: 79.921521 min.
phi_m, max: 292.754731 at y = 1.481624

 
(Nodeid,phim): ( 0 , 58.170218 ) ( 1 , 58.264242 ) ( 2 , 64.214657 ) ( 3 , 75.352596 ) ( 4 , 86.556931 ) ( 5 , 97.162572 ) ( 6 , 106.451306 ) ( 7 , 113.357834 ) ( 8 , 108.746978 ) ( 9 , 18.353679 )  

Time: 0.500000
CPU Time: 79.750751 min.
phi_m, max: 292.240949 at y = 1.698376




Time: 0.100000
CPU Time: 86.830601 min.
phi_m, max: 292.849552 at y = 0.227458

 
(Nodeid,phim): ( 0 , 112.582494 ) ( 1 , 112.596026 ) ( 2 , 114.893086 ) ( 3 , 79.866636 ) ( 4 , 4.871186 ) ( 5 , 0.118833 ) ( 6 , 0.001810 ) ( 7 , -0.001071 ) ( 8 , -0.001142 ) ( 9 , -0.001144 )  

Time: 0.200000
CPU Time: 85.490782 min.
phi_m, max: 293.096062 at y = 0.646426

 
(Nodeid,phim): ( 0 , 97.502633 ) ( 1 , 97.587677 ) ( 2 , 102.910404 ) ( 3 , 110.892568 ) ( 4 , 114.973069 ) ( 5 , 56.430226 ) ( 6 , 2.173026 ) ( 7 , 0.052398 ) ( 8 , 0.000166 ) ( 9 , -0.001120 )  

Time: 0.300000
CPU Time: 82.642494 min.
phi_m, max: 292.967872 at y = 1.063633

 
(Nodeid,phim): ( 0 , 78.116092 ) ( 1 , 78.215390 ) ( 2 , 84.375251 ) ( 3 , 95.053390 ) ( 4 , 104.684460 ) ( 5 , 112.206973 ) ( 6 , 113.616161 ) ( 7 , 34.204842 ) ( 8 , 0.977163 ) ( 9 , 0.022952 )  

Time: 0.400000
CPU Time: 79.921521 min.
phi_m, max: 292.754731 at y = 1.481624

 
(Nodeid,phim): ( 0 , 58.170218 ) ( 1 , 58.264242 ) ( 2 , 64.214657 ) ( 3 , 75.352596 ) ( 4 , 86.556931 ) ( 5 , 97.162572 ) ( 6 , 106.451306 ) ( 7 , 113.357834 ) ( 8 , 108.746978 ) ( 9 , 18.353679 )  

Time: 0.500000
CPU Time: 79.750751 min.
phi_m, max: 292.240949 at y = 1.698376

 
(Nodeid,phim): ( 0 , 40.497122 ) ( 1 , 40.581734 ) ( 2 , 45.636425 ) ( 3 , 55.527402 ) ( 4 , 66.400402 ) ( 5 , 77.687616 ) ( 6 , 88.817631 ) ( 7 , 99.218553 ) ( 8 , 108.119951 ) ( 9 , 114.299233 )  


Writing: "NeuralEP2DmonoDNCL2_5.chk"
 (0.00102559s, XML)
Steps: 6000000  Time: 0.6         

Time: 0.100000
CPU Time: 86.830601 min.
phi_m, max: 292.849552 at y = 0.227458

 
(Nodeid,phim): ( 0 , 112.582494 ) ( 1 , 112.596026 ) ( 2 , 114.893086 ) ( 3 , 79.866636 ) ( 4 , 4.871186 ) ( 5 , 0.118833 ) ( 6 , 0.001810 ) ( 7 , -0.001071 ) ( 8 , -0.001142 ) ( 9 , -0.001144 )  

Time: 0.200000
CPU Time: 85.490782 min.
phi_m, max: 293.096062 at y = 0.646426

 
(Nodeid,phim): ( 0 , 97.502633 ) ( 1 , 97.587677 ) ( 2 , 102.910404 ) ( 3 , 110.892568 ) ( 4 , 114.973069 ) ( 5 , 56.430226 ) ( 6 , 2.173026 ) ( 7 , 0.052398 ) ( 8 , 0.000166 ) ( 9 , -0.001120 )  

Time: 0.300000
CPU Time: 82.642494 min.
phi_m, max: 292.967872 at y = 1.063633

 
(Nodeid,phim): ( 0 , 78.116092 ) ( 1 , 78.215390 ) ( 2 , 84.375251 ) ( 3 , 95.053390 ) ( 4 , 104.684460 ) ( 5 , 112.206973 ) ( 6 , 113.616161 ) ( 7 , 34.204842 ) ( 8 , 0.977163 ) ( 9 , 0.022952 )  

Time: 0.400000
CPU Time: 79.921521 min.
phi_m, max: 292.754731 at y = 1.481624

 
(Nodeid,phim): ( 0 , 58.170218 ) ( 1 , 58.264242 ) ( 2 , 64.214657 ) ( 3 , 75.352596 ) ( 4 , 86.556931 ) ( 5 , 97.162572 ) ( 6 , 106.451306 ) ( 7 , 113.357834 ) ( 8 , 108.746978 ) ( 9 , 18.353679 )  

Time: 0.500000
CPU Time: 79.750751 min.
phi_m, max: 292.240949 at y = 1.698376

 
(Nodeid,phim): ( 0 , 40.497122 ) ( 1 , 40.581734 ) ( 2 , 45.636425 ) ( 3 , 55.527402 ) ( 4 , 66.400402 ) ( 5 , 77.687616 ) ( 6 , 88.817631 ) ( 7 , 99.218553 ) ( 8 , 108.119951 ) ( 9 , 114.299233 )  

Time: 0.600000
CPU Time: 79.475853 min.
phi_m, max: 293.194866 at y = 2.118825




Time: 0.100000
CPU Time: 86.830601 min.
phi_m, max: 292.849552 at y = 0.227458

 
(Nodeid,phim): ( 0 , 112.582494 ) ( 1 , 112.596026 ) ( 2 , 114.893086 ) ( 3 , 79.866636 ) ( 4 , 4.871186 ) ( 5 , 0.118833 ) ( 6 , 0.001810 ) ( 7 , -0.001071 ) ( 8 , -0.001142 ) ( 9 , -0.001144 )  

Time: 0.200000
CPU Time: 85.490782 min.
phi_m, max: 293.096062 at y = 0.646426

 
(Nodeid,phim): ( 0 , 97.502633 ) ( 1 , 97.587677 ) ( 2 , 102.910404 ) ( 3 , 110.892568 ) ( 4 , 114.973069 ) ( 5 , 56.430226 ) ( 6 , 2.173026 ) ( 7 , 0.052398 ) ( 8 , 0.000166 ) ( 9 , -0.001120 )  

Time: 0.300000
CPU Time: 82.642494 min.
phi_m, max: 292.967872 at y = 1.063633

 
(Nodeid,phim): ( 0 , 78.116092 ) ( 1 , 78.215390 ) ( 2 , 84.375251 ) ( 3 , 95.053390 ) ( 4 , 104.684460 ) ( 5 , 112.206973 ) ( 6 , 113.616161 ) ( 7 , 34.204842 ) ( 8 , 0.977163 ) ( 9 , 0.022952 )  

Time: 0.400000
CPU Time: 79.921521 min.
phi_m, max: 292.754731 at y = 1.481624

 
(Nodeid,phim): ( 0 , 58.170218 ) ( 1 , 58.264242 ) ( 2 , 64.214657 ) ( 3 , 75.352596 ) ( 4 , 86.556931 ) ( 5 , 97.162572 ) ( 6 , 106.451306 ) ( 7 , 113.357834 ) ( 8 , 108.746978 ) ( 9 , 18.353679 )  

Time: 0.500000
CPU Time: 79.750751 min.
phi_m, max: 292.240949 at y = 1.698376

 
(Nodeid,phim): ( 0 , 40.497122 ) ( 1 , 40.581734 ) ( 2 , 45.636425 ) ( 3 , 55.527402 ) ( 4 , 66.400402 ) ( 5 , 77.687616 ) ( 6 , 88.817631 ) ( 7 , 99.218553 ) ( 8 , 108.119951 ) ( 9 , 114.299233 )  

Time: 0.600000
CPU Time: 79.475853 min.
phi_m, max: 293.194866 at y = 2.118825

 
(Nodeid,phim): ( 0 , 20.957620 ) ( 1 , 21.224270 ) ( 2 , 27.675300 ) ( 3 , 37.948552 ) ( 4 , 47.511980 ) ( 5 , 57.709945 ) ( 6 , 68.718892 ) ( 7 , 80.018090 ) ( 8 , 91.048181 ) ( 9 , 101.211617 )  


Writing: "NeuralEP2DmonoDNCL2_6.chk"
 (0.00102136s, XML)
Steps: 7000000  Time: 0.7         

Time: 0.100000
CPU Time: 86.830601 min.
phi_m, max: 292.849552 at y = 0.227458

 
(Nodeid,phim): ( 0 , 112.582494 ) ( 1 , 112.596026 ) ( 2 , 114.893086 ) ( 3 , 79.866636 ) ( 4 , 4.871186 ) ( 5 , 0.118833 ) ( 6 , 0.001810 ) ( 7 , -0.001071 ) ( 8 , -0.001142 ) ( 9 , -0.001144 )  

Time: 0.200000
CPU Time: 85.490782 min.
phi_m, max: 293.096062 at y = 0.646426

 
(Nodeid,phim): ( 0 , 97.502633 ) ( 1 , 97.587677 ) ( 2 , 102.910404 ) ( 3 , 110.892568 ) ( 4 , 114.973069 ) ( 5 , 56.430226 ) ( 6 , 2.173026 ) ( 7 , 0.052398 ) ( 8 , 0.000166 ) ( 9 , -0.001120 )  

Time: 0.300000
CPU Time: 82.642494 min.
phi_m, max: 292.967872 at y = 1.063633

 
(Nodeid,phim): ( 0 , 78.116092 ) ( 1 , 78.215390 ) ( 2 , 84.375251 ) ( 3 , 95.053390 ) ( 4 , 104.684460 ) ( 5 , 112.206973 ) ( 6 , 113.616161 ) ( 7 , 34.204842 ) ( 8 , 0.977163 ) ( 9 , 0.022952 )  

Time: 0.400000
CPU Time: 79.921521 min.
phi_m, max: 292.754731 at y = 1.481624

 
(Nodeid,phim): ( 0 , 58.170218 ) ( 1 , 58.264242 ) ( 2 , 64.214657 ) ( 3 , 75.352596 ) ( 4 , 86.556931 ) ( 5 , 97.162572 ) ( 6 , 106.451306 ) ( 7 , 113.357834 ) ( 8 , 108.746978 ) ( 9 , 18.353679 )  

Time: 0.500000
CPU Time: 79.750751 min.
phi_m, max: 292.240949 at y = 1.698376

 
(Nodeid,phim): ( 0 , 40.497122 ) ( 1 , 40.581734 ) ( 2 , 45.636425 ) ( 3 , 55.527402 ) ( 4 , 66.400402 ) ( 5 , 77.687616 ) ( 6 , 88.817631 ) ( 7 , 99.218553 ) ( 8 , 108.119951 ) ( 9 , 114.299233 )  

Time: 0.600000
CPU Time: 79.475853 min.
phi_m, max: 293.194866 at y = 2.118825

 
(Nodeid,phim): ( 0 , 20.957620 ) ( 1 , 21.224270 ) ( 2 , 27.675300 ) ( 3 , 37.948552 ) ( 4 , 47.511980 ) ( 5 , 57.709945 ) ( 6 , 68.718892 ) ( 7 , 80.018090 ) ( 8 , 91.048181 ) ( 9 , 101.211617 )  

Time: 0.700000
CPU Time: 79.583847 min.
phi_m, max: 265.713518 at y = 2.120000




Time: 0.100000
CPU Time: 86.830601 min.
phi_m, max: 292.849552 at y = 0.227458

 
(Nodeid,phim): ( 0 , 112.582494 ) ( 1 , 112.596026 ) ( 2 , 114.893086 ) ( 3 , 79.866636 ) ( 4 , 4.871186 ) ( 5 , 0.118833 ) ( 6 , 0.001810 ) ( 7 , -0.001071 ) ( 8 , -0.001142 ) ( 9 , -0.001144 )  

Time: 0.200000
CPU Time: 85.490782 min.
phi_m, max: 293.096062 at y = 0.646426

 
(Nodeid,phim): ( 0 , 97.502633 ) ( 1 , 97.587677 ) ( 2 , 102.910404 ) ( 3 , 110.892568 ) ( 4 , 114.973069 ) ( 5 , 56.430226 ) ( 6 , 2.173026 ) ( 7 , 0.052398 ) ( 8 , 0.000166 ) ( 9 , -0.001120 )  

Time: 0.300000
CPU Time: 82.642494 min.
phi_m, max: 292.967872 at y = 1.063633

 
(Nodeid,phim): ( 0 , 78.116092 ) ( 1 , 78.215390 ) ( 2 , 84.375251 ) ( 3 , 95.053390 ) ( 4 , 104.684460 ) ( 5 , 112.206973 ) ( 6 , 113.616161 ) ( 7 , 34.204842 ) ( 8 , 0.977163 ) ( 9 , 0.022952 )  

Time: 0.400000
CPU Time: 79.921521 min.
phi_m, max: 292.754731 at y = 1.481624

 
(Nodeid,phim): ( 0 , 58.170218 ) ( 1 , 58.264242 ) ( 2 , 64.214657 ) ( 3 , 75.352596 ) ( 4 , 86.556931 ) ( 5 , 97.162572 ) ( 6 , 106.451306 ) ( 7 , 113.357834 ) ( 8 , 108.746978 ) ( 9 , 18.353679 )  

Time: 0.500000
CPU Time: 79.750751 min.
phi_m, max: 292.240949 at y = 1.698376

 
(Nodeid,phim): ( 0 , 40.497122 ) ( 1 , 40.581734 ) ( 2 , 45.636425 ) ( 3 , 55.527402 ) ( 4 , 66.400402 ) ( 5 , 77.687616 ) ( 6 , 88.817631 ) ( 7 , 99.218553 ) ( 8 , 108.119951 ) ( 9 , 114.299233 )  

Time: 0.600000
CPU Time: 79.475853 min.
phi_m, max: 293.194866 at y = 2.118825

 
(Nodeid,phim): ( 0 , 20.957620 ) ( 1 , 21.224270 ) ( 2 , 27.675300 ) ( 3 , 37.948552 ) ( 4 , 47.511980 ) ( 5 , 57.709945 ) ( 6 , 68.718892 ) ( 7 , 80.018090 ) ( 8 , 91.048181 ) ( 9 , 101.211617 )  

Time: 0.700000
CPU Time: 79.583847 min.
phi_m, max: 265.713518 at y = 2.120000

 
(Nodeid,phim): ( 0 , 3.478360 ) ( 1 , 3.617869 ) ( 2 , 6.919689 ) ( 3 , 17.234675 ) ( 4 , 29.743907 ) ( 5 , 39.927145 ) ( 6 , 49.543295 ) ( 7 , 59.931637 ) ( 8 , 71.049710 ) ( 9 , 82.337234 )  


Writing: "NeuralEP2DmonoDNCL2_7.chk"
 (0.00101681s, XML)
Steps: 8000000  Time: 0.8         

Time: 0.100000
CPU Time: 86.830601 min.
phi_m, max: 292.849552 at y = 0.227458

 
(Nodeid,phim): ( 0 , 112.582494 ) ( 1 , 112.596026 ) ( 2 , 114.893086 ) ( 3 , 79.866636 ) ( 4 , 4.871186 ) ( 5 , 0.118833 ) ( 6 , 0.001810 ) ( 7 , -0.001071 ) ( 8 , -0.001142 ) ( 9 , -0.001144 )  

Time: 0.200000
CPU Time: 85.490782 min.
phi_m, max: 293.096062 at y = 0.646426

 
(Nodeid,phim): ( 0 , 97.502633 ) ( 1 , 97.587677 ) ( 2 , 102.910404 ) ( 3 , 110.892568 ) ( 4 , 114.973069 ) ( 5 , 56.430226 ) ( 6 , 2.173026 ) ( 7 , 0.052398 ) ( 8 , 0.000166 ) ( 9 , -0.001120 )  

Time: 0.300000
CPU Time: 82.642494 min.
phi_m, max: 292.967872 at y = 1.063633

 
(Nodeid,phim): ( 0 , 78.116092 ) ( 1 , 78.215390 ) ( 2 , 84.375251 ) ( 3 , 95.053390 ) ( 4 , 104.684460 ) ( 5 , 112.206973 ) ( 6 , 113.616161 ) ( 7 , 34.204842 ) ( 8 , 0.977163 ) ( 9 , 0.022952 )  

Time: 0.400000
CPU Time: 79.921521 min.
phi_m, max: 292.754731 at y = 1.481624

 
(Nodeid,phim): ( 0 , 58.170218 ) ( 1 , 58.264242 ) ( 2 , 64.214657 ) ( 3 , 75.352596 ) ( 4 , 86.556931 ) ( 5 , 97.162572 ) ( 6 , 106.451306 ) ( 7 , 113.357834 ) ( 8 , 108.746978 ) ( 9 , 18.353679 )  

Time: 0.500000
CPU Time: 79.750751 min.
phi_m, max: 292.240949 at y = 1.698376

 
(Nodeid,phim): ( 0 , 40.497122 ) ( 1 , 40.581734 ) ( 2 , 45.636425 ) ( 3 , 55.527402 ) ( 4 , 66.400402 ) ( 5 , 77.687616 ) ( 6 , 88.817631 ) ( 7 , 99.218553 ) ( 8 , 108.119951 ) ( 9 , 114.299233 )  

Time: 0.600000
CPU Time: 79.475853 min.
phi_m, max: 293.194866 at y = 2.118825

 
(Nodeid,phim): ( 0 , 20.957620 ) ( 1 , 21.224270 ) ( 2 , 27.675300 ) ( 3 , 37.948552 ) ( 4 , 47.511980 ) ( 5 , 57.709945 ) ( 6 , 68.718892 ) ( 7 , 80.018090 ) ( 8 , 91.048181 ) ( 9 , 101.211617 )  

Time: 0.700000
CPU Time: 79.583847 min.
phi_m, max: 265.713518 at y = 2.120000

 
(Nodeid,phim): ( 0 , 3.478360 ) ( 1 , 3.617869 ) ( 2 , 6.919689 ) ( 3 , 17.234675 ) ( 4 , 29.743907 ) ( 5 , 39.927145 ) ( 6 , 49.543295 ) ( 7 , 59.931637 ) ( 8 , 71.049710 ) ( 9 , 82.337234 )  

Time: 0.800000
CPU Time: 79.551162 min.
phi_m, max: 219.839752 at y = 2.120000




Time: 0.100000
CPU Time: 86.830601 min.
phi_m, max: 292.849552 at y = 0.227458

 
(Nodeid,phim): ( 0 , 112.582494 ) ( 1 , 112.596026 ) ( 2 , 114.893086 ) ( 3 , 79.866636 ) ( 4 , 4.871186 ) ( 5 , 0.118833 ) ( 6 , 0.001810 ) ( 7 , -0.001071 ) ( 8 , -0.001142 ) ( 9 , -0.001144 )  

Time: 0.200000
CPU Time: 85.490782 min.
phi_m, max: 293.096062 at y = 0.646426

 
(Nodeid,phim): ( 0 , 97.502633 ) ( 1 , 97.587677 ) ( 2 , 102.910404 ) ( 3 , 110.892568 ) ( 4 , 114.973069 ) ( 5 , 56.430226 ) ( 6 , 2.173026 ) ( 7 , 0.052398 ) ( 8 , 0.000166 ) ( 9 , -0.001120 )  

Time: 0.300000
CPU Time: 82.642494 min.
phi_m, max: 292.967872 at y = 1.063633

 
(Nodeid,phim): ( 0 , 78.116092 ) ( 1 , 78.215390 ) ( 2 , 84.375251 ) ( 3 , 95.053390 ) ( 4 , 104.684460 ) ( 5 , 112.206973 ) ( 6 , 113.616161 ) ( 7 , 34.204842 ) ( 8 , 0.977163 ) ( 9 , 0.022952 )  

Time: 0.400000
CPU Time: 79.921521 min.
phi_m, max: 292.754731 at y = 1.481624

 
(Nodeid,phim): ( 0 , 58.170218 ) ( 1 , 58.264242 ) ( 2 , 64.214657 ) ( 3 , 75.352596 ) ( 4 , 86.556931 ) ( 5 , 97.162572 ) ( 6 , 106.451306 ) ( 7 , 113.357834 ) ( 8 , 108.746978 ) ( 9 , 18.353679 )  

Time: 0.500000
CPU Time: 79.750751 min.
phi_m, max: 292.240949 at y = 1.698376

 
(Nodeid,phim): ( 0 , 40.497122 ) ( 1 , 40.581734 ) ( 2 , 45.636425 ) ( 3 , 55.527402 ) ( 4 , 66.400402 ) ( 5 , 77.687616 ) ( 6 , 88.817631 ) ( 7 , 99.218553 ) ( 8 , 108.119951 ) ( 9 , 114.299233 )  

Time: 0.600000
CPU Time: 79.475853 min.
phi_m, max: 293.194866 at y = 2.118825

 
(Nodeid,phim): ( 0 , 20.957620 ) ( 1 , 21.224270 ) ( 2 , 27.675300 ) ( 3 , 37.948552 ) ( 4 , 47.511980 ) ( 5 , 57.709945 ) ( 6 , 68.718892 ) ( 7 , 80.018090 ) ( 8 , 91.048181 ) ( 9 , 101.211617 )  

Time: 0.700000
CPU Time: 79.583847 min.
phi_m, max: 265.713518 at y = 2.120000

 
(Nodeid,phim): ( 0 , 3.478360 ) ( 1 , 3.617869 ) ( 2 , 6.919689 ) ( 3 , 17.234675 ) ( 4 , 29.743907 ) ( 5 , 39.927145 ) ( 6 , 49.543295 ) ( 7 , 59.931637 ) ( 8 , 71.049710 ) ( 9 , 82.337234 )  

Time: 0.800000
CPU Time: 79.551162 min.
phi_m, max: 219.839752 at y = 2.120000

 
(Nodeid,phim): ( 0 , 0.272900 ) ( 1 , 0.268557 ) ( 2 , 0.628508 ) ( 3 , 2.591660 ) ( 4 , 8.408243 ) ( 5 , 19.911477 ) ( 6 , 32.016850 ) ( 7 , 41.890923 ) ( 8 , 51.612761 ) ( 9 , 62.186109 )  


Writing: "NeuralEP2DmonoDNCL2_8.chk"
 (0.00101665s, XML)
Steps: 9000000  Time: 0.9         

Time: 0.100000
CPU Time: 86.830601 min.
phi_m, max: 292.849552 at y = 0.227458

 
(Nodeid,phim): ( 0 , 112.582494 ) ( 1 , 112.596026 ) ( 2 , 114.893086 ) ( 3 , 79.866636 ) ( 4 , 4.871186 ) ( 5 , 0.118833 ) ( 6 , 0.001810 ) ( 7 , -0.001071 ) ( 8 , -0.001142 ) ( 9 , -0.001144 )  

Time: 0.200000
CPU Time: 85.490782 min.
phi_m, max: 293.096062 at y = 0.646426

 
(Nodeid,phim): ( 0 , 97.502633 ) ( 1 , 97.587677 ) ( 2 , 102.910404 ) ( 3 , 110.892568 ) ( 4 , 114.973069 ) ( 5 , 56.430226 ) ( 6 , 2.173026 ) ( 7 , 0.052398 ) ( 8 , 0.000166 ) ( 9 , -0.001120 )  

Time: 0.300000
CPU Time: 82.642494 min.
phi_m, max: 292.967872 at y = 1.063633

 
(Nodeid,phim): ( 0 , 78.116092 ) ( 1 , 78.215390 ) ( 2 , 84.375251 ) ( 3 , 95.053390 ) ( 4 , 104.684460 ) ( 5 , 112.206973 ) ( 6 , 113.616161 ) ( 7 , 34.204842 ) ( 8 , 0.977163 ) ( 9 , 0.022952 )  

Time: 0.400000
CPU Time: 79.921521 min.
phi_m, max: 292.754731 at y = 1.481624

 
(Nodeid,phim): ( 0 , 58.170218 ) ( 1 , 58.264242 ) ( 2 , 64.214657 ) ( 3 , 75.352596 ) ( 4 , 86.556931 ) ( 5 , 97.162572 ) ( 6 , 106.451306 ) ( 7 , 113.357834 ) ( 8 , 108.746978 ) ( 9 , 18.353679 )  

Time: 0.500000
CPU Time: 79.750751 min.
phi_m, max: 292.240949 at y = 1.698376

 
(Nodeid,phim): ( 0 , 40.497122 ) ( 1 , 40.581734 ) ( 2 , 45.636425 ) ( 3 , 55.527402 ) ( 4 , 66.400402 ) ( 5 , 77.687616 ) ( 6 , 88.817631 ) ( 7 , 99.218553 ) ( 8 , 108.119951 ) ( 9 , 114.299233 )  

Time: 0.600000
CPU Time: 79.475853 min.
phi_m, max: 293.194866 at y = 2.118825

 
(Nodeid,phim): ( 0 , 20.957620 ) ( 1 , 21.224270 ) ( 2 , 27.675300 ) ( 3 , 37.948552 ) ( 4 , 47.511980 ) ( 5 , 57.709945 ) ( 6 , 68.718892 ) ( 7 , 80.018090 ) ( 8 , 91.048181 ) ( 9 , 101.211617 )  

Time: 0.700000
CPU Time: 79.583847 min.
phi_m, max: 265.713518 at y = 2.120000

 
(Nodeid,phim): ( 0 , 3.478360 ) ( 1 , 3.617869 ) ( 2 , 6.919689 ) ( 3 , 17.234675 ) ( 4 , 29.743907 ) ( 5 , 39.927145 ) ( 6 , 49.543295 ) ( 7 , 59.931637 ) ( 8 , 71.049710 ) ( 9 , 82.337234 )  

Time: 0.800000
CPU Time: 79.551162 min.
phi_m, max: 219.839752 at y = 2.120000

 
(Nodeid,phim): ( 0 , 0.272900 ) ( 1 , 0.268557 ) ( 2 , 0.628508 ) ( 3 , 2.591660 ) ( 4 , 8.408243 ) ( 5 , 19.911477 ) ( 6 , 32.016850 ) ( 7 , 41.890923 ) ( 8 , 51.612761 ) ( 9 , 62.186109 )  

Time: 0.900000
CPU Time: 79.619882 min.
phi_m, max: 168.715852 at y = 2.120000




Time: 0.100000
CPU Time: 86.830601 min.
phi_m, max: 292.849552 at y = 0.227458

 
(Nodeid,phim): ( 0 , 112.582494 ) ( 1 , 112.596026 ) ( 2 , 114.893086 ) ( 3 , 79.866636 ) ( 4 , 4.871186 ) ( 5 , 0.118833 ) ( 6 , 0.001810 ) ( 7 , -0.001071 ) ( 8 , -0.001142 ) ( 9 , -0.001144 )  

Time: 0.200000
CPU Time: 85.490782 min.
phi_m, max: 293.096062 at y = 0.646426

 
(Nodeid,phim): ( 0 , 97.502633 ) ( 1 , 97.587677 ) ( 2 , 102.910404 ) ( 3 , 110.892568 ) ( 4 , 114.973069 ) ( 5 , 56.430226 ) ( 6 , 2.173026 ) ( 7 , 0.052398 ) ( 8 , 0.000166 ) ( 9 , -0.001120 )  

Time: 0.300000
CPU Time: 82.642494 min.
phi_m, max: 292.967872 at y = 1.063633

 
(Nodeid,phim): ( 0 , 78.116092 ) ( 1 , 78.215390 ) ( 2 , 84.375251 ) ( 3 , 95.053390 ) ( 4 , 104.684460 ) ( 5 , 112.206973 ) ( 6 , 113.616161 ) ( 7 , 34.204842 ) ( 8 , 0.977163 ) ( 9 , 0.022952 )  

Time: 0.400000
CPU Time: 79.921521 min.
phi_m, max: 292.754731 at y = 1.481624

 
(Nodeid,phim): ( 0 , 58.170218 ) ( 1 , 58.264242 ) ( 2 , 64.214657 ) ( 3 , 75.352596 ) ( 4 , 86.556931 ) ( 5 , 97.162572 ) ( 6 , 106.451306 ) ( 7 , 113.357834 ) ( 8 , 108.746978 ) ( 9 , 18.353679 )  

Time: 0.500000
CPU Time: 79.750751 min.
phi_m, max: 292.240949 at y = 1.698376

 
(Nodeid,phim): ( 0 , 40.497122 ) ( 1 , 40.581734 ) ( 2 , 45.636425 ) ( 3 , 55.527402 ) ( 4 , 66.400402 ) ( 5 , 77.687616 ) ( 6 , 88.817631 ) ( 7 , 99.218553 ) ( 8 , 108.119951 ) ( 9 , 114.299233 )  

Time: 0.600000
CPU Time: 79.475853 min.
phi_m, max: 293.194866 at y = 2.118825

 
(Nodeid,phim): ( 0 , 20.957620 ) ( 1 , 21.224270 ) ( 2 , 27.675300 ) ( 3 , 37.948552 ) ( 4 , 47.511980 ) ( 5 , 57.709945 ) ( 6 , 68.718892 ) ( 7 , 80.018090 ) ( 8 , 91.048181 ) ( 9 , 101.211617 )  

Time: 0.700000
CPU Time: 79.583847 min.
phi_m, max: 265.713518 at y = 2.120000

 
(Nodeid,phim): ( 0 , 3.478360 ) ( 1 , 3.617869 ) ( 2 , 6.919689 ) ( 3 , 17.234675 ) ( 4 , 29.743907 ) ( 5 , 39.927145 ) ( 6 , 49.543295 ) ( 7 , 59.931637 ) ( 8 , 71.049710 ) ( 9 , 82.337234 )  

Time: 0.800000
CPU Time: 79.551162 min.
phi_m, max: 219.839752 at y = 2.120000

 
(Nodeid,phim): ( 0 , 0.272900 ) ( 1 , 0.268557 ) ( 2 , 0.628508 ) ( 3 , 2.591660 ) ( 4 , 8.408243 ) ( 5 , 19.911477 ) ( 6 , 32.016850 ) ( 7 , 41.890923 ) ( 8 , 51.612761 ) ( 9 , 62.186109 )  

Time: 0.900000
CPU Time: 79.619882 min.
phi_m, max: 168.715852 at y = 2.120000

 
(Nodeid,phim): ( 0 , -0.173238 ) ( 1 , -0.189722 ) ( 2 , -0.182238 ) ( 3 , 0.064289 ) ( 4 , 0.838970 ) ( 5 , 3.370330 ) ( 6 , 10.364825 ) ( 7 , 22.601962 ) ( 8 , 34.178378 ) ( 9 , 43.854716 )  


Writing: "NeuralEP2DmonoDNCL2_9.chk"
 (0.00101412s, XML)
Steps: 10000000 Time: 1           

Time: 0.100000
CPU Time: 86.830601 min.
phi_m, max: 292.849552 at y = 0.227458

 
(Nodeid,phim): ( 0 , 112.582494 ) ( 1 , 112.596026 ) ( 2 , 114.893086 ) ( 3 , 79.866636 ) ( 4 , 4.871186 ) ( 5 , 0.118833 ) ( 6 , 0.001810 ) ( 7 , -0.001071 ) ( 8 , -0.001142 ) ( 9 , -0.001144 )  

Time: 0.200000
CPU Time: 85.490782 min.
phi_m, max: 293.096062 at y = 0.646426

 
(Nodeid,phim): ( 0 , 97.502633 ) ( 1 , 97.587677 ) ( 2 , 102.910404 ) ( 3 , 110.892568 ) ( 4 , 114.973069 ) ( 5 , 56.430226 ) ( 6 , 2.173026 ) ( 7 , 0.052398 ) ( 8 , 0.000166 ) ( 9 , -0.001120 )  

Time: 0.300000
CPU Time: 82.642494 min.
phi_m, max: 292.967872 at y = 1.063633

 
(Nodeid,phim): ( 0 , 78.116092 ) ( 1 , 78.215390 ) ( 2 , 84.375251 ) ( 3 , 95.053390 ) ( 4 , 104.684460 ) ( 5 , 112.206973 ) ( 6 , 113.616161 ) ( 7 , 34.204842 ) ( 8 , 0.977163 ) ( 9 , 0.022952 )  

Time: 0.400000
CPU Time: 79.921521 min.
phi_m, max: 292.754731 at y = 1.481624

 
(Nodeid,phim): ( 0 , 58.170218 ) ( 1 , 58.264242 ) ( 2 , 64.214657 ) ( 3 , 75.352596 ) ( 4 , 86.556931 ) ( 5 , 97.162572 ) ( 6 , 106.451306 ) ( 7 , 113.357834 ) ( 8 , 108.746978 ) ( 9 , 18.353679 )  

Time: 0.500000
CPU Time: 79.750751 min.
phi_m, max: 292.240949 at y = 1.698376

 
(Nodeid,phim): ( 0 , 40.497122 ) ( 1 , 40.581734 ) ( 2 , 45.636425 ) ( 3 , 55.527402 ) ( 4 , 66.400402 ) ( 5 , 77.687616 ) ( 6 , 88.817631 ) ( 7 , 99.218553 ) ( 8 , 108.119951 ) ( 9 , 114.299233 )  

Time: 0.600000
CPU Time: 79.475853 min.
phi_m, max: 293.194866 at y = 2.118825

 
(Nodeid,phim): ( 0 , 20.957620 ) ( 1 , 21.224270 ) ( 2 , 27.675300 ) ( 3 , 37.948552 ) ( 4 , 47.511980 ) ( 5 , 57.709945 ) ( 6 , 68.718892 ) ( 7 , 80.018090 ) ( 8 , 91.048181 ) ( 9 , 101.211617 )  

Time: 0.700000
CPU Time: 79.583847 min.
phi_m, max: 265.713518 at y = 2.120000

 
(Nodeid,phim): ( 0 , 3.478360 ) ( 1 , 3.617869 ) ( 2 , 6.919689 ) ( 3 , 17.234675 ) ( 4 , 29.743907 ) ( 5 , 39.927145 ) ( 6 , 49.543295 ) ( 7 , 59.931637 ) ( 8 , 71.049710 ) ( 9 , 82.337234 )  

Time: 0.800000
CPU Time: 79.551162 min.
phi_m, max: 219.839752 at y = 2.120000

 
(Nodeid,phim): ( 0 , 0.272900 ) ( 1 , 0.268557 ) ( 2 , 0.628508 ) ( 3 , 2.591660 ) ( 4 , 8.408243 ) ( 5 , 19.911477 ) ( 6 , 32.016850 ) ( 7 , 41.890923 ) ( 8 , 51.612761 ) ( 9 , 62.186109 )  

Time: 0.900000
CPU Time: 79.619882 min.
phi_m, max: 168.715852 at y = 2.120000

 
(Nodeid,phim): ( 0 , -0.173238 ) ( 1 , -0.189722 ) ( 2 , -0.182238 ) ( 3 , 0.064289 ) ( 4 , 0.838970 ) ( 5 , 3.370330 ) ( 6 , 10.364825 ) ( 7 , 22.601962 ) ( 8 , 34.178378 ) ( 9 , 43.854716 )  

Time: 1.000000
CPU Time: 79.550142 min.
phi_m, max: 120.715384 at y = 2.120000




Time: 0.100000
CPU Time: 86.830601 min.
phi_m, max: 292.849552 at y = 0.227458

 
(Nodeid,phim): ( 0 , 112.582494 ) ( 1 , 112.596026 ) ( 2 , 114.893086 ) ( 3 , 79.866636 ) ( 4 , 4.871186 ) ( 5 , 0.118833 ) ( 6 , 0.001810 ) ( 7 , -0.001071 ) ( 8 , -0.001142 ) ( 9 , -0.001144 )  

Time: 0.200000
CPU Time: 85.490782 min.
phi_m, max: 293.096062 at y = 0.646426

 
(Nodeid,phim): ( 0 , 97.502633 ) ( 1 , 97.587677 ) ( 2 , 102.910404 ) ( 3 , 110.892568 ) ( 4 , 114.973069 ) ( 5 , 56.430226 ) ( 6 , 2.173026 ) ( 7 , 0.052398 ) ( 8 , 0.000166 ) ( 9 , -0.001120 )  

Time: 0.300000
CPU Time: 82.642494 min.
phi_m, max: 292.967872 at y = 1.063633

 
(Nodeid,phim): ( 0 , 78.116092 ) ( 1 , 78.215390 ) ( 2 , 84.375251 ) ( 3 , 95.053390 ) ( 4 , 104.684460 ) ( 5 , 112.206973 ) ( 6 , 113.616161 ) ( 7 , 34.204842 ) ( 8 , 0.977163 ) ( 9 , 0.022952 )  

Time: 0.400000
CPU Time: 79.921521 min.
phi_m, max: 292.754731 at y = 1.481624

 
(Nodeid,phim): ( 0 , 58.170218 ) ( 1 , 58.264242 ) ( 2 , 64.214657 ) ( 3 , 75.352596 ) ( 4 , 86.556931 ) ( 5 , 97.162572 ) ( 6 , 106.451306 ) ( 7 , 113.357834 ) ( 8 , 108.746978 ) ( 9 , 18.353679 )  

Time: 0.500000
CPU Time: 79.750751 min.
phi_m, max: 292.240949 at y = 1.698376

 
(Nodeid,phim): ( 0 , 40.497122 ) ( 1 , 40.581734 ) ( 2 , 45.636425 ) ( 3 , 55.527402 ) ( 4 , 66.400402 ) ( 5 , 77.687616 ) ( 6 , 88.817631 ) ( 7 , 99.218553 ) ( 8 , 108.119951 ) ( 9 , 114.299233 )  

Time: 0.600000
CPU Time: 79.475853 min.
phi_m, max: 293.194866 at y = 2.118825

 
(Nodeid,phim): ( 0 , 20.957620 ) ( 1 , 21.224270 ) ( 2 , 27.675300 ) ( 3 , 37.948552 ) ( 4 , 47.511980 ) ( 5 , 57.709945 ) ( 6 , 68.718892 ) ( 7 , 80.018090 ) ( 8 , 91.048181 ) ( 9 , 101.211617 )  

Time: 0.700000
CPU Time: 79.583847 min.
phi_m, max: 265.713518 at y = 2.120000

 
(Nodeid,phim): ( 0 , 3.478360 ) ( 1 , 3.617869 ) ( 2 , 6.919689 ) ( 3 , 17.234675 ) ( 4 , 29.743907 ) ( 5 , 39.927145 ) ( 6 , 49.543295 ) ( 7 , 59.931637 ) ( 8 , 71.049710 ) ( 9 , 82.337234 )  

Time: 0.800000
CPU Time: 79.551162 min.
phi_m, max: 219.839752 at y = 2.120000

 
(Nodeid,phim): ( 0 , 0.272900 ) ( 1 , 0.268557 ) ( 2 , 0.628508 ) ( 3 , 2.591660 ) ( 4 , 8.408243 ) ( 5 , 19.911477 ) ( 6 , 32.016850 ) ( 7 , 41.890923 ) ( 8 , 51.612761 ) ( 9 , 62.186109 )  

Time: 0.900000
CPU Time: 79.619882 min.
phi_m, max: 168.715852 at y = 2.120000

 
(Nodeid,phim): ( 0 , -0.173238 ) ( 1 , -0.189722 ) ( 2 , -0.182238 ) ( 3 , 0.064289 ) ( 4 , 0.838970 ) ( 5 , 3.370330 ) ( 6 , 10.364825 ) ( 7 , 22.601962 ) ( 8 , 34.178378 ) ( 9 , 43.854716 )  

Time: 1.000000
CPU Time: 79.550142 min.
phi_m, max: 120.715384 at y = 2.120000

 
(Nodeid,phim): ( 0 , -0.338216 ) ( 1 , -0.351218 ) ( 2 , -0.368654 ) ( 3 , -0.294830 ) ( 4 , -0.158454 ) ( 5 , 0.159223 ) ( 6 , 1.151334 ) ( 7 , 4.341863 ) ( 8 , 12.589471 ) ( 9 , 25.226301 )  


Writing: "NeuralEP2DmonoDNCL2_10.chk"
 (0.0010235s, XML)
Time-integration  : 48745s
Writing: "NeuralEP2DmonoDNCL2.fld"
 (0.00098632s, XML)
-------------------------------------------
Total Computation Time = 48746.3s
-------------------------------------------
L 2 error (variable um) : 2.52652
L inf error (variable um) : 47.7598
L 2 error (variable ue) : 0
L inf error (variable ue) : 0
