Zone start = 0, end = 575, Excite zone = 576, Node zone = 3456, intra zone = 13536, extra zone = 3456 / nq = 13536
v_InitObject: Node = 10080, Myelin = 3456, extracell = 0
Max Anistrength_1  = 12.9582, Anistrength_2 = 12.9582, Min Anistrength 1 = 1, Anistrength 2 = 1
MMFActivation = 13536 /  13536 ( 100 % ) 
*** 1st Moving frames are NOT in unit length, Avg mag. = 11.1937 *** 
*** 2nd Moving frames are NOT in unit length, Avg mag. = 11.1937 *** 
*** Moving frames are Orthogonal
*** MF 0 = ( 0 , 11.1937 , 0 ) 
*** MF 1 = ( 11.1937 , 0 , 0 ) 
*** MF 2 = ( 0 , 0 , 1 ) 
MMFInitObject is done ===========================
*** 1st Moving frames are in unit length ***
*** 2nd Moving frames are in unit length ***
*** Moving frames are Orthogonal
*** MF 0 = ( 0.708203 , 0.706009 , 0 ) 
*** MF 1 = ( 0.706009 , 0.708203 , 0 ) 
*** MF 2 = ( 0 , 0 , 1 ) 
*** 1st Moving frames are NOT in unit length, Avg mag. = 1.41421 *** 
*** 2nd Moving frames are NOT in unit length, Avg mag. = 1.41421 *** 
*** Moving frames are Orthogonal
*** MF 0 = ( 1.00155 , 0.998447 , 0 ) 
*** MF 1 = ( 0.998447 , 1.00155 , 0 ) 
*** MF 2 = ( 0 , 0 , 1 ) 
*** 1st Moving frames are NOT in unit length, Avg mag. = 1.41421 *** 
*** 2nd Moving frames are NOT in unit length, Avg mag. = 1.41421 *** 
*** Moving frames are Orthogonal
*** MF 0 = ( 1.00155 , 0.998447 , 0 ) 
*** MF 1 = ( 0.998447 , 1.00155 , 0 ) 
*** MF 2 = ( 0 , 0 , 1 ) 
k = 0, m_varcoeff = ( 0 , 11.1937 , 0 , 1.14673e-11 , 144.902 ) 
k = 1, m_varcoeff = ( 11.1937 , 0 , 0 , 3.46428e-11 , 144.902 ) 
k = 2, m_varcoeff = ( 0 , 0 , 1 , 0 , 1 ) 
 ::::: 2D Varcoeff is Successfully Created ::::: 

k = 0, m_varcoeff = ( 1.00155 , 0.998447 , 0 , 1.7297e-06 , 2 ) 
k = 1, m_varcoeff = ( 0.998447 , 1.00155 , 0 , 4.94203e-06 , 2 ) 
k = 2, m_varcoeff = ( 0 , 0 , 1 , 0 , 1 ) 
 ::::: 2D Varcoeff is Successfully Created ::::: 

=======================================================================
	        EquationType: MMFNeuralEP
	        Session Name: NeuralEP2DmonoDWCL2_Np7
	        Spatial Dim.: 3
	  Max SEM Exp. Order: 8
	      Expansion Dim.: 2
	     Projection Type: Continuous Galerkin
	 Advect. advancement: explicit
	Diffuse. advancement: implicit
	           Time Step: 1e-07
	        No. of Steps: 10000000
	 Checkpoints (steps): 1000000
	    Integration Type: IMEX
	             Surface: Line
	           DerivType: Euclidean
	              MMFdir: TangentY
	        NeuralEPType: NeuralEP2Dbi
	      ExtCurrentType: WithCurrent
	       GlobalSysSoln: DirectMultiLevelStaticCond
	       TimeMapScheme: DeActivated
	        TimeMapStart: 0
	          TimeMapEnd: 10000
	          Fiber Type: MonoBCNeumann
	        Fiber Length: 0.01
	         Node Length: 0.01
	       Myelin Length: 0.2
	               Nnode: 10
	         Temperature: 24
	            diameter: 0.01
	             Helmtau: 1
=======================================================================
Initial Conditions:
  - Field um: 0
  - Field ue: 0
Initial Conditions:
  - Field um: 0
  - Field ue: 0
Writing: "NeuralEP2DmonoDWCL2_Np7_initial.chk"
 (0.000937147s, XML)
Steps: 1000000  Time: 0.1         
Writing: "NeuralEP2DmonoDWCL2_Np7_phie_1.chk"
 (0.00139769s, XML)

Time: 0.100000
CPU Time: 463.804629 min.
phi_m, max: -nan at y = 0.000000

phi_e, max: nan at y = 0.000000


Writing: "NeuralEP2DmonoDWCL2_Np7_1.chk"
 (0.000450385s, XML)
Steps: 2000000  Time: 0.2         
Writing: "NeuralEP2DmonoDWCL2_Np7_phie_2.chk"
 (0.00358442s, XML)

Time: 0.100000
CPU Time: 463.804629 min.
phi_m, max: -nan at y = 0.000000

phi_e, max: nan at y = 0.000000

Time: 0.200000
CPU Time: 414.462741 min.
phi_m, max: -nan at y = 0.000000

phi_e, max: nan at y = 0.000000


Writing: "NeuralEP2DmonoDWCL2_Np7_2.chk"
 (0.00040498s, XML)
Steps: 3000000  Time: 0.3         
Writing: "NeuralEP2DmonoDWCL2_Np7_phie_3.chk"
 (0.00345007s, XML)

Time: 0.100000
CPU Time: 463.804629 min.
phi_m, max: -nan at y = 0.000000

phi_e, max: nan at y = 0.000000

Time: 0.200000
CPU Time: 414.462741 min.
phi_m, max: -nan at y = 0.000000

phi_e, max: nan at y = 0.000000

Time: 0.300000
CPU Time: 376.564289 min.
phi_m, max: -nan at y = 0.000000

phi_e, max: nan at y = 0.000000


Writing: "NeuralEP2DmonoDWCL2_Np7_3.chk"
 (0.000390002s, XML)
Steps: 4000000  Time: 0.4         
Writing: "NeuralEP2DmonoDWCL2_Np7_phie_4.chk"
 (0.00342542s, XML)

Time: 0.100000
CPU Time: 463.804629 min.
phi_m, max: -nan at y = 0.000000

phi_e, max: nan at y = 0.000000

Time: 0.200000
CPU Time: 414.462741 min.
phi_m, max: -nan at y = 0.000000

phi_e, max: nan at y = 0.000000

Time: 0.300000
CPU Time: 376.564289 min.
phi_m, max: -nan at y = 0.000000

phi_e, max: nan at y = 0.000000

Time: 0.400000
CPU Time: 362.549429 min.
phi_m, max: -nan at y = 0.000000

phi_e, max: nan at y = 0.000000


Writing: "NeuralEP2DmonoDWCL2_Np7_4.chk"
 (0.000393989s, XML)
Steps: 5000000  Time: 0.5         
Writing: "NeuralEP2DmonoDWCL2_Np7_phie_5.chk"
 (0.00298365s, XML)

Time: 0.100000
CPU Time: 463.804629 min.
phi_m, max: -nan at y = 0.000000

phi_e, max: nan at y = 0.000000

Time: 0.200000
CPU Time: 414.462741 min.
phi_m, max: -nan at y = 0.000000

phi_e, max: nan at y = 0.000000

Time: 0.300000
CPU Time: 376.564289 min.
phi_m, max: -nan at y = 0.000000

phi_e, max: nan at y = 0.000000

Time: 0.400000
CPU Time: 362.549429 min.
phi_m, max: -nan at y = 0.000000

phi_e, max: nan at y = 0.000000

Time: 0.500000
CPU Time: 360.391020 min.
phi_m, max: -nan at y = 0.000000

phi_e, max: nan at y = 0.000000


Writing: "NeuralEP2DmonoDWCL2_Np7_5.chk"
 (0.000390081s, XML)
Steps: 6000000  Time: 0.6         
Writing: "NeuralEP2DmonoDWCL2_Np7_phie_6.chk"
 (0.0043691s, XML)

Time: 0.100000
CPU Time: 463.804629 min.
phi_m, max: -nan at y = 0.000000

phi_e, max: nan at y = 0.000000

Time: 0.200000
CPU Time: 414.462741 min.
phi_m, max: -nan at y = 0.000000

phi_e, max: nan at y = 0.000000

Time: 0.300000
CPU Time: 376.564289 min.
phi_m, max: -nan at y = 0.000000

phi_e, max: nan at y = 0.000000

Time: 0.400000
CPU Time: 362.549429 min.
phi_m, max: -nan at y = 0.000000

phi_e, max: nan at y = 0.000000

Time: 0.500000
CPU Time: 360.391020 min.
phi_m, max: -nan at y = 0.000000

phi_e, max: nan at y = 0.000000

Time: 0.600000
CPU Time: 359.718617 min.
phi_m, max: -nan at y = 0.000000

phi_e, max: nan at y = 0.000000


Writing: "NeuralEP2DmonoDWCL2_Np7_6.chk"
 (0.00038884s, XML)
Steps: 7000000  Time: 0.7         
Writing: "NeuralEP2DmonoDWCL2_Np7_phie_7.chk"
 (0.00254545s, XML)

Time: 0.100000
CPU Time: 463.804629 min.
phi_m, max: -nan at y = 0.000000

phi_e, max: nan at y = 0.000000

Time: 0.200000
CPU Time: 414.462741 min.
phi_m, max: -nan at y = 0.000000

phi_e, max: nan at y = 0.000000

Time: 0.300000
CPU Time: 376.564289 min.
phi_m, max: -nan at y = 0.000000

phi_e, max: nan at y = 0.000000

Time: 0.400000
CPU Time: 362.549429 min.
phi_m, max: -nan at y = 0.000000

phi_e, max: nan at y = 0.000000

Time: 0.500000
CPU Time: 360.391020 min.
phi_m, max: -nan at y = 0.000000

phi_e, max: nan at y = 0.000000

Time: 0.600000
CPU Time: 359.718617 min.
phi_m, max: -nan at y = 0.000000

phi_e, max: nan at y = 0.000000

Time: 0.700000
CPU Time: 359.724382 min.
phi_m, max: -nan at y = 0.000000

phi_e, max: nan at y = 0.000000


Writing: "NeuralEP2DmonoDWCL2_Np7_7.chk"
 (0.000387567s, XML)
Steps: 8000000  Time: 0.8         
Writing: "NeuralEP2DmonoDWCL2_Np7_phie_8.chk"
 (0.00253055s, XML)

Time: 0.100000
CPU Time: 463.804629 min.
phi_m, max: -nan at y = 0.000000

phi_e, max: nan at y = 0.000000

Time: 0.200000
CPU Time: 414.462741 min.
phi_m, max: -nan at y = 0.000000

phi_e, max: nan at y = 0.000000

Time: 0.300000
CPU Time: 376.564289 min.
phi_m, max: -nan at y = 0.000000

phi_e, max: nan at y = 0.000000

Time: 0.400000
CPU Time: 362.549429 min.
phi_m, max: -nan at y = 0.000000

phi_e, max: nan at y = 0.000000

Time: 0.500000
CPU Time: 360.391020 min.
phi_m, max: -nan at y = 0.000000

phi_e, max: nan at y = 0.000000

Time: 0.600000
CPU Time: 359.718617 min.
phi_m, max: -nan at y = 0.000000

phi_e, max: nan at y = 0.000000

Time: 0.700000
CPU Time: 359.724382 min.
phi_m, max: -nan at y = 0.000000

phi_e, max: nan at y = 0.000000

Time: 0.800000
CPU Time: 360.965107 min.
phi_m, max: -nan at y = 0.000000

phi_e, max: nan at y = 0.000000


Writing: "NeuralEP2DmonoDWCL2_Np7_8.chk"
 (0.000386986s, XML)
Steps: 9000000  Time: 0.9         
Writing: "NeuralEP2DmonoDWCL2_Np7_phie_9.chk"
 (0.00256998s, XML)

Time: 0.100000
CPU Time: 463.804629 min.
phi_m, max: -nan at y = 0.000000

phi_e, max: nan at y = 0.000000

Time: 0.200000
CPU Time: 414.462741 min.
phi_m, max: -nan at y = 0.000000

phi_e, max: nan at y = 0.000000

Time: 0.300000
CPU Time: 376.564289 min.
phi_m, max: -nan at y = 0.000000

phi_e, max: nan at y = 0.000000

Time: 0.400000
CPU Time: 362.549429 min.
phi_m, max: -nan at y = 0.000000

phi_e, max: nan at y = 0.000000

Time: 0.500000
CPU Time: 360.391020 min.
phi_m, max: -nan at y = 0.000000

phi_e, max: nan at y = 0.000000

Time: 0.600000
CPU Time: 359.718617 min.
phi_m, max: -nan at y = 0.000000

phi_e, max: nan at y = 0.000000

Time: 0.700000
CPU Time: 359.724382 min.
phi_m, max: -nan at y = 0.000000

phi_e, max: nan at y = 0.000000

Time: 0.800000
CPU Time: 360.965107 min.
phi_m, max: -nan at y = 0.000000

phi_e, max: nan at y = 0.000000

Time: 0.900000
CPU Time: 359.423975 min.
phi_m, max: -nan at y = 0.000000

phi_e, max: nan at y = 0.000000


Writing: "NeuralEP2DmonoDWCL2_Np7_9.chk"
 (0.000385293s, XML)
Steps: 10000000 Time: 1           
Writing: "NeuralEP2DmonoDWCL2_Np7_phie_10.chk"
 (0.00257178s, XML)

Time: 0.100000
CPU Time: 463.804629 min.
phi_m, max: -nan at y = 0.000000

phi_e, max: nan at y = 0.000000

Time: 0.200000
CPU Time: 414.462741 min.
phi_m, max: -nan at y = 0.000000

phi_e, max: nan at y = 0.000000

Time: 0.300000
CPU Time: 376.564289 min.
phi_m, max: -nan at y = 0.000000

phi_e, max: nan at y = 0.000000

Time: 0.400000
CPU Time: 362.549429 min.
phi_m, max: -nan at y = 0.000000

phi_e, max: nan at y = 0.000000

Time: 0.500000
CPU Time: 360.391020 min.
phi_m, max: -nan at y = 0.000000

phi_e, max: nan at y = 0.000000

Time: 0.600000
CPU Time: 359.718617 min.
phi_m, max: -nan at y = 0.000000

phi_e, max: nan at y = 0.000000

Time: 0.700000
CPU Time: 359.724382 min.
phi_m, max: -nan at y = 0.000000

phi_e, max: nan at y = 0.000000

Time: 0.800000
CPU Time: 360.965107 min.
phi_m, max: -nan at y = 0.000000

phi_e, max: nan at y = 0.000000

Time: 0.900000
CPU Time: 359.423975 min.
phi_m, max: -nan at y = 0.000000

phi_e, max: nan at y = 0.000000

Time: 1.000000
CPU Time: 359.430001 min.
phi_m, max: -nan at y = 0.000000

phi_e, max: nan at y = 0.000000


Writing: "NeuralEP2DmonoDWCL2_Np7_10.chk"
 (0.00038389s, XML)
Time-integration  : 226622s
Writing: "NeuralEP2DmonoDWCL2_Np7.fld"
 (0.000386605s, XML)
-------------------------------------------
Total Computation Time = 226627s
-------------------------------------------
L 2 error (variable um) : -nan
L inf error (variable um) : 0
L 2 error (variable ue) : nan
L inf error (variable ue) : 0
