nohup: ignoring input
MMFActivation = 787760 /  787760 ( 100 % ) 
*** 1st Moving frames are in unit length ***
*** 2nd Moving frames are in unit length ***
*** Moving frames are Orthogonal
*** MF 0 = ( 0.62487 , 0.522181 , 0.5804 ) 
*** MF 1 = ( 0.624394 , 0.524934 , 0.578425 ) 
*** MF 2 = ( 0.468689 , 0.672139 , 0.573202 ) 
MMFInitObject is done ===========================
================== SetUP Time Map moving frames ==================
*** 1st Moving frames are in unit length ***
*** 2nd Moving frames are in unit length ***
*** Moving frames are Orthogonal
*** MF 0 = ( 0.62487 , 0.522181 , 0.5804 ) 
*** MF 1 = ( 0.624394 , 0.524934 , 0.578425 ) 
*** MF 2 = ( 0.468689 , 0.672139 , 0.573202 ) 
k = 0, m_varcoeff = ( 0.62487 , 0.522181 , 0.5804 , 4.50903e-15 , 1 ) 
k = 1, m_varcoeff = ( 0.624394 , 0.524934 , 0.578425 , 3.13706e-15 , 1 ) 
k = 2, m_varcoeff = ( 0.468689 , 0.672139 , 0.573202 , 1.1649e-15 , 1 ) 
 ::::: 2D Varcoeff is Successfully Created ::::: 

=======================================================================
	        EquationType: MMFCardiacEP
	        Session Name: TMCRatriumISO
	        Spatial Dim.: 3
	  Max SEM Exp. Order: 4
	      Expansion Dim.: 2
	     Projection Type: Discontinuous Galerkin
	 Advect. advancement: explicit
	Diffuse. advancement: implicit
	           Time Step: 0.002
	        No. of Steps: 50000
	 Checkpoints (steps): 5000
	    Integration Type: IMEX
	             Surface: Atrium
	           DerivType: Euclidean
	              MMFdir: LOCAL
	    SolverSchemeType: MMFZero
	       TimeMapScheme: 0
	        TimeMapStart: 0
	          TimeMapEnd: 10000
	         TimeMapIapp: 0
	      m_TimeMapDelay: 0
	      AniRegionStart: 0
	        AniRegionEnd: 1000000
	  AnisotropyStrength: 4
	               urest: -81
	          Cell model: CourtemancheRamirezNattel98
	     Cell model var.: Original
=======================================================================
Initial Conditions:
  - Field u: -81.0
renaming "TMCRatriumISO_initialcondition.chk" -> "TMCRatriumISO_initialcondition.bak0.chk"
Writing: "TMCRatriumISO_initialcondition.chk"
 (0.137969s, XML)
ValidTimeMap = 5160 / 787760 ( 0.655022 % ) is De-Acitvated
Initial: u = 80.8218, max u = -31
renamiSteps: 5000     Time: 10          
 CPU Time: 404.63 min.
u_max = 9.89898 at x = 3.16512, y = 16.6613, z = 8.33004
u_min = -93.9563 at x = -60.2808, y = -14.0456, z = 11.3076
Writing: "TMCRatriumISO_timemap_1.chk"
 (0.421314s, XML)
Time Map: Max = 10, Min = 0
Writing: "TMCRatriumISO_1.chk"
 (0.207691s, XML)
Steps: 10000    Time: 20          
 CPU Time: 364.102 min.
u_max = 8.76233 at x = 18.3964, y = 16.2545, z = 4.11505
u_min = -91.4554 at x = -60.2808, y = -14.0456, z = 11.3076
Writing: "TMCRatriumISO_timemap_2.chk"
 (0.435293s, XML)
Time Map: Max = 20, Min = 0
Writing: "TMCRatriumISO_2.chk"
 (0.19699s, XML)
Steps: 15000    Time: 30          
 CPU Time: 357.823 min.
u_max = 17.4647 at x = -58.8862, y = 12.0359, z = 31.7218
u_min = -88.752 at x = -60.2808, y = -14.0456, z = 11.3076
Writing: "TMCRatriumISO_timemap_3.chk"
 (0.446193s, XML)
Time Map: Max = 30, Min = 0
Writing: "TMCRatriumISO_3.chk"
 (0.17517s, XML)
Steps: 20000    Time: 40          
 CPU Time: 358.642 min.
u_max = 22.3868 at x = -58.7013, y = -21.9531, z = 17.297
u_min = -82.0511 at x = -60.9427, y = -6.9648, z = -4.19938
Writing: "TMCRatriumISO_timemap_4.chk"
 (0.468484s, XML)
Time Map: Max = 40, Min = 0
Writing: "TMCRatriumISO_4.chk"
 (0.172912s, XML)
Steps: 25000    Time: 50          
 CPU Time: 313.031 min.
u_max = 12.9195 at x = -47.7118, y = -5.84318, z = -28.9686
u_min = -81.1233 at x = -44.6739, y = -4.07533, z = -36.2234
Writing: "TMCRatriumISO_timemap_5.chk"
 (0.477174s, XML)
Time Map: Max = 50, Min = 0
Writing: "TMCRatriumISO_5.chk"
 (0.184263s, XML)
Steps: 30000    Time: 60          
 CPU Time: 333.537 min.
u_max = -8.4131 at x = -44.8391, y = -3.78404, z = -36.6077
u_min = -16.1912 at x = -60.2808, y = -14.0456, z = 11.3076
Writing: "TMCRatriumISO_timemap_6.chk"
 (0.475554s, XML)
Time Map: Max = 52.2064, Min = 0.0674625
Writing: "TMCRatriumISO_6.chk"
 (0.193148s, XML)
Steps: 35000    Time: 70          
 CPU Time: 344.392 min.
u_max = -9.36443 at x = -14.5514, y = 8.41482, z = 11.6474
u_min = -16.1652 at x = -60.2808, y = -14.0456, z = 11.3076
Writing: "TMCRatriumISO_timemap_7.chk"
 (0.482279s, XML)
Time Map: Max = 58.1968, Min = 0.0820394
Writing: "TMCRatriumISO_7.chk"
 (0.193589s, XML)
Steps: 40000    Time: 80          
 CPU Time: 346.653 min.
u_max = -8.67585 at x = -6.25078, y = 18.0833, z = 3.9569
u_min = -14.8341 at x = -60.2808, y = -14.0456, z = 11.3076
Writing: "TMCRatriumISO_timemap_8.chk"
 (0.475656s, XML)
Time Map: Max = 63.5171, Min = 0.0866201
Writing: "TMCRatriumISO_8.chk"
 (0.194038s, XML)
Steps: 45000    Time: 90          
 CPU Time: 346.54 min.
u_max = -8.31105 at x = -27.0031, y = 21.4959, z = 1.28355
u_min = -13.1812 at x = -44.8391, y = -3.78404, z = -36.6077
Writing: "TMCRatriumISO_timemap_9.chk"
 (0.471699s, XML)
Time Map: Max = 68.4292, Min = 0.0866973
Writing: "TMCRatriumISO_9.chk"
 (0.196614s, XML)
Steps: 50000    Time: 100         
 CPU Time: 336.89 min.
u_max = -8.13655 at x = 19.1897, y = 18.6783, z = 19.951
u_min = -11.6037 at x = -60.2808, y = -14.0456, z = 11.3076
Writing: "TMCRatriumISO_timemap_10.chk"
 (0.467706s, XML)
Time Map: Max = 72.926, Min = 0.0866973
Writing: "TMCRatriumISO_10.chk"
 (0.193777s, XML)
Time-integration  : 210378s
Writing: "TMCRatriumISO.fld"
 (0.195184s, XML)
-------------------------------------------
Total Computation Time = 322109s
-------------------------------------------
L 2 error (variable u) : 1187.66
L inf error (variable u) : 11.8006
