Loading Anisotropic Fibre map ===========
Writing: "TMCRatriumS4Cmap_CardiacFibre.chk"
 (0.772351s, XML)
Loading Isotropic Conductivity map.
vTemp: Max = 32.1, min =-102
Anisotropy = [ 0.4 , 4 ], [ 1 , 1 ] 
MMFActivation = 787760 /  787760 ( 100 % ) 
*** 1st Moving frames are NOT in unit length, Avg mag. = 1.80383 *** 
*** 2nd Moving frames are in unit length ***
*** Moving frames are Orthogonal
*** MF 0 = ( 1.12967 , 0.949656 , 1.03721 ) 
*** MF 1 = ( 0.624394 , 0.524934 , 0.578425 ) 
*** MF 2 = ( 0.468689 , 0.672139 , 0.573202 ) 
MMFInitObject is done ===========================
================== SetUP Time Map moving frames ==================
*** 1st Moving frames are in unit length ***
*** 2nd Moving frames are in unit length ***
*** Moving frames are Orthogonal
*** MF 0 = ( 0.62487 , 0.522181 , 0.5804 ) 
*** MF 1 = ( 0.624394 , 0.524934 , 0.578425 ) 
*** MF 2 = ( 0.468689 , 0.672139 , 0.573202 ) 
k = 0, m_varcoeff = ( 1.12967 , 0.949656 , 1.03721 , 0.0830411 , 3.31388 ) 
k = 1, m_varcoeff = ( 0.624394 , 0.524934 , 0.578425 , 3.13706e-15 , 1 ) 
k = 2, m_varcoeff = ( 0.468689 , 0.672139 , 0.573202 , 1.1649e-15 , 1 ) 
 ::::: 2D Varcoeff is Successfully Created ::::: 

=======================================================================
	        EquationType: MMFCardiacEP
	        Session Name: TMCRatriumS4Cmap
	        Spatial Dim.: 3
	  Max SEM Exp. Order: 4
	      Expansion Dim.: 2
	     Projection Type: Discontinuous Galerkin
	 Advect. advancement: explicit
	Diffuse. advancement: implicit
	           Time Step: 0.002
	        No. of Steps: 50000
	 Checkpoints (steps): 5000
	    Integration Type: IMEX
	             Surface: Atrium
	           DerivType: Euclidean
	              MMFdir: LOCAL
	    SolverSchemeType: MMFZero
	       TimeMapScheme: 0
	        TimeMapStart: 0
	          TimeMapEnd: 10000
	         TimeMapIapp: 0
	      m_TimeMapDelay: 0
	      AniRegionStart: 0
	        AniRegionEnd: 1000000
	  AnisotropyStrength: 4
	               urest: -81
	          Cell model: CourtemancheRamirezNattel98
	     Cell model var.: Original
=======================================================================
Initial Conditions:
  - Field u: -81.0
Writing: "TMCRatriumS4Cmap_initialcondition.chk"
 (0.134727s, XML)
ValidTimeMap = 0 / 787760 ( 0 % ) is De-Acitvated
Initial: u = 81, max u = -81
Writing: "TMCRatriumS4Cmap_initial.chk"
 (0.134718s, XML)
xmax = 33.5879, xmin = -76.6759, ymax = 42.5444, ymin = -24.806
Steps: 5000     Time: 10          
 CPU Time: 400.242 min.
u_max = -64.889 at x = -22.6618, y = -15.1752, z = 2.67099
u_min = -95.8151 at x = -60.2808, y = -14.0456, z = 11.3076
Writing: "TMCRatriumS4Cmap_timemap_1.chk"
 (0.481271s, XML)
Time Map: Max = 9.997, Min = 0
Writing: "TMCRatriumS4Cmap_1.chk"
 (0.211055s, XML)
Steps: 10000    Time: 20          
 CPU Time: 351.621 min.
u_max = -64.5915 at x = -22.6618, y = -15.1752, z = 2.67099
u_min = -95.7991 at x = -60.2808, y = -14.0456, z = 11.3076
Writing: "TMCRatriumS4Cmap_timemap_2.chk"
 (0.477508s, XML)
Time Map: Max = 19.476, Min = 0
Writing: "TMCRatriumS4Cmap_2.chk"
 (0.20935s, XML)
Steps: 15000    Time: 30          
 CPU Time: 343.002 min.
u_max = -64.4975 at x = -22.6618, y = -15.1752, z = 2.67099
u_min = -95.8039 at x = -60.2808, y = -14.0456, z = 11.3076
Writing: "TMCRatriumS4Cmap_timemap_3.chk"
 (0.459374s, XML)
Time Map: Max = 28.0307, Min = 0
Writing: "TMCRatriumS4Cmap_3.chk"
 (0.201834s, XML)
Steps: 20000    Time: 40          
 CPU Time: 335.509 min.
u_max = -64.4605 at x = -22.6618, y = -15.1752, z = 2.67099
u_min = -95.8062 at x = -60.2808, y = -14.0456, z = 11.3076
Writing: "TMCRatriumS4Cmap_timemap_4.chk"
 (0.458363s, XML)
Time Map: Max = 38.878, Min = 0
Writing: "TMCRatriumS4Cmap_4.chk"
 (0.196819s, XML)
Steps: 25000    Time: 50          
 CPU Time: 333.447 min.
u_max = -64.4442 at x = -22.6618, y = -15.1752, z = 2.67099
u_min = -95.8083 at x = -60.2808, y = -14.0456, z = 11.3076
Writing: "TMCRatriumS4Cmap_timemap_5.chk"
 (0.469902s, XML)
Time Map: Max = 45.0426, Min = 0
Writing: "TMCRatriumS4Cmap_5.chk"
 (0.200035s, XML)
Steps: 30000    Time: 60          
 CPU Time: 333.594 min.
u_max = -64.4364 at x = -22.6618, y = -15.1752, z = 2.67099
u_min = -95.8086 at x = -60.2808, y = -14.0456, z = 11.3076
Writing: "TMCRatriumS4Cmap_timemap_6.chk"
 (0.460044s, XML)
Time Map: Max = 57.571, Min = 0
Writing: "TMCRatriumS4Cmap_6.chk"
 (0.199778s, XML)
Steps: 35000    Time: 70          
 CPU Time: 333.69 min.
u_max = -64.4324 at x = -22.6618, y = -15.1752, z = 2.67099
u_min = -95.8088 at x = -60.2808, y = -14.0456, z = 11.3076
Writing: "TMCRatriumS4Cmap_timemap_7.chk"
 (0.459383s, XML)
Time Map: Max = 58.5815, Min = 0
Writing: "TMCRatriumS4Cmap_7.chk"
 (0.200214s, XML)
Steps: 40000    Time: 80          
 CPU Time: 334.068 min.
u_max = -64.4303 at x = -22.6618, y = -15.1752, z = 2.67099
u_min = -95.808 at x = -60.2808, y = -14.0456, z = 11.3076
Writing: "TMCRatriumS4Cmap_timemap_8.chk"
 (0.457912s, XML)
Time Map: Max = 63.5465, Min = 0
Writing: "TMCRatriumS4Cmap_8.chk"
 (0.201522s, XML)
Steps: 45000    Time: 90          
 CPU Time: 332.798 min.
u_max = -64.4291 at x = -22.6618, y = -15.1752, z = 2.67099
u_min = -95.8086 at x = -60.2808, y = -14.0456, z = 11.3076
Writing: "TMCRatriumS4Cmap_timemap_9.chk"
 (0.459594s, XML)
Time Map: Max = 80.0811, Min = 0
Writing: "TMCRatriumS4Cmap_9.chk"
 (0.198675s, XML)
Steps: 50000    Time: 100         
 CPU Time: 332.483 min.
u_max = -64.4283 at x = -22.6618, y = -15.1752, z = 2.67099
u_min = -95.8086 at x = -60.2808, y = -14.0456, z = 11.3076
Writing: "TMCRatriumS4Cmap_timemap_10.chk"
 (0.460422s, XML)
Time Map: Max = 80.0811, Min = 0
Writing: "TMCRatriumS4Cmap_10.chk"
 (0.199669s, XML)
Time-integration  : 205831s
Writing: "TMCRatriumS4Cmap.fld"
 (0.199251s, XML)
-------------------------------------------
Total Computation Time = 315235s
-------------------------------------------
L 2 error (variable u) : 10624.9
L inf error (variable u) : 95.8092
