The system is: Darwin - 23.3.0 - arm64
Compiling the Fortran compiler identification source file "CMakeFortranCompilerId.F" succeeded.
Compiler: /opt/homebrew/bin/gfortran 
Build flags: 
Id flags: -v 

The output was:
0
Driving: /opt/homebrew/bin/gfortran -v CMakeFortranCompilerId.F -mmacosx-version-min=14.0.0 -asm_macosx_version_min=14.0 -nodefaultexport -l gfortran
Using built-in specs.
COLLECT_GCC=/opt/homebrew/bin/gfortran
COLLECT_LTO_WRAPPER=/opt/homebrew/Cellar/gcc/13.2.0/bin/../libexec/gcc/aarch64-apple-darwin23/13/lto-wrapper
Target: aarch64-apple-darwin23
Configured with: ../configure --prefix=/opt/homebrew/opt/gcc --libdir=/opt/homebrew/opt/gcc/lib/gcc/current --disable-nls --enable-checking=release --with-gcc-major-version-only --enable-languages=c,c++,objc,obj-c++,fortran --program-suffix=-13 --with-gmp=/opt/homebrew/opt/gmp --with-mpfr=/opt/homebrew/opt/mpfr --with-mpc=/opt/homebrew/opt/libmpc --with-isl=/opt/homebrew/opt/isl --with-zstd=/opt/homebrew/opt/zstd --with-pkgversion='Homebrew GCC 13.2.0' --with-bugurl=https://github.com/Homebrew/homebrew-core/issues --with-system-zlib --build=aarch64-apple-darwin23 --with-sysroot=/Library/Developer/CommandLineTools/SDKs/MacOSX14.sdk --with-ld=/Library/Developer/CommandLineTools/usr/bin/ld-classic
Thread model: posix
Supported LTO compression algorithms: zlib zstd
gcc version 13.2.0 (Homebrew GCC 13.2.0) 
COLLECT_GCC_OPTIONS='-v' '-mmacosx-version-min=14.0.0' '-asm_macosx_version_min=14.0' '-nodefaultexport' '-mlittle-endian' '-mabi=lp64' '-dumpdir' 'a-'
 /opt/homebrew/Cellar/gcc/13.2.0/bin/../libexec/gcc/aarch64-apple-darwin23/13/f951 CMakeFortranCompilerId.F -ffixed-form -cpp=/var/folders/2v/kh6yp92x5td279r888mkkjyw0000gn/T//cchrkCg6.f90 -quiet -v -iprefix /opt/homebrew/Cellar/gcc/13.2.0/bin/../lib/gcc/current/gcc/aarch64-apple-darwin23/13/ -D__DYNAMIC__ CMakeFortranCompilerId.F -fPIC -quiet -dumpdir a- -dumpbase CMakeFortranCompilerId.F -dumpbase-ext .F -mmacosx-version-min=14.0.0 -mlittle-endian -mabi=lp64 -version -fintrinsic-modules-path /opt/homebrew/Cellar/gcc/13.2.0/bin/../lib/gcc/current/gcc/aarch64-apple-darwin23/13/finclude -o /var/folders/2v/kh6yp92x5td279r888mkkjyw0000gn/T//ccFqBTeF.s
GNU Fortran (Homebrew GCC 13.2.0) version 13.2.0 (aarch64-apple-darwin23)
	compiled by GNU C version 13.2.0, GMP version 6.2.1, MPFR version 4.2.0-p12, MPC version 1.3.1, isl version isl-0.26-GMP

GGC heuristics: --param ggc-min-expand=100 --param ggc-min-heapsize=131072
ignoring nonexistent directory "/opt/homebrew/Cellar/gcc/13.2.0/bin/../lib/gcc/current/gcc/aarch64-apple-darwin23/13/../../../../../../aarch64-apple-darwin23/include"
ignoring duplicate directory "/opt/homebrew/Cellar/gcc/13.2.0/bin/../lib/gcc/current/gcc/../../../../lib/gcc/current/gcc/aarch64-apple-darwin23/13/include"
ignoring nonexistent directory "/Library/Developer/CommandLineTools/SDKs/MacOSX14.sdk/usr/local/include"
ignoring duplicate directory "/opt/homebrew/Cellar/gcc/13.2.0/bin/../lib/gcc/current/gcc/../../../../lib/gcc/current/gcc/aarch64-apple-darwin23/13/include-fixed"
ignoring nonexistent directory "/opt/homebrew/Cellar/gcc/13.2.0/bin/../lib/gcc/current/gcc/../../../../lib/gcc/current/gcc/aarch64-apple-darwin23/13/../../../../../../aarch64-apple-darwin23/include"
#include "..." search starts here:
#include <...> search starts here:
 /opt/homebrew/Cellar/gcc/13.2.0/bin/../lib/gcc/current/gcc/aarch64-apple-darwin23/13/finclude
 /opt/homebrew/Cellar/gcc/13.2.0/bin/../lib/gcc/current/gcc/aarch64-apple-darwin23/13/include
 /opt/homebrew/Cellar/gcc/13.2.0/bin/../lib/gcc/current/gcc/aarch64-apple-darwin23/13/include-fixed
 /Library/Developer/CommandLineTools/SDKs/MacOSX14.sdk/usr/include
End of search list.
COLLECT_GCC_OPTIONS='-v' '-mmacosx-version-min=14.0.0'  '-nodefaultexport' '-mlittle-endian' '-mabi=lp64' '-dumpdir' 'a-'
 as -arch arm64 -v -mmacosx-version-min=14.0 -o /var/folders/2v/kh6yp92x5td279r888mkkjyw0000gn/T//cckB6tzR.o /var/folders/2v/kh6yp92x5td279r888mkkjyw0000gn/T//ccFqBTeF.s
Apple clang version 15.0.0 (clang-1500.1.0.2.5)
Target: arm64-apple-darwin23.3.0
Thread model: posix
InstalledDir: /Applications/Xcode.app/Contents/Developer/Toolchains/XcodeDefault.xctoolchain/usr/bin
 "/Applications/Xcode.app/Contents/Developer/Toolchains/XcodeDefault.xctoolchain/usr/bin/clang" -cc1as -triple arm64-apple-macosx14.0.0 -filetype obj -main-file-name ccFqBTeF.s -target-cpu apple-m1 -target-feature +v8.5a -target-feature +crc -target-feature +lse -target-feature +rdm -target-feature +crypto -target-feature +dotprod -target-feature +fp-armv8 -target-feature +neon -target-feature +fp16fml -target-feature +ras -target-feature +rcpc -target-feature +zcm -target-feature +zcz -target-feature +fullfp16 -target-feature +sm4 -target-feature +sha3 -target-feature +sha2 -target-feature +aes -fdebug-compilation-dir=/Users/schun/nektar/build/CMakeFiles/CheckFortran/CMakeFiles/3.24.4/CompilerIdFortran -dwarf-debug-producer "Apple clang version 15.0.0 (clang-1500.1.0.2.5)" -dwarf-version=4 -mrelocation-model pic --mrelax-relocations -mllvm -disable-aligned-alloc-awareness=1 -o /var/folders/2v/kh6yp92x5td279r888mkkjyw0000gn/T//cckB6tzR.o /var/folders/2v/kh6yp92x5td279r888mkkjyw0000gn/T//ccFqBTeF.s
Reading specs from /opt/homebrew/Cellar/gcc/13.2.0/bin/../lib/gcc/current/gcc/aarch64-apple-darwin23/13/../../../libgfortran.spec
rename spec lib to liborig
COLLECT_GCC_OPTIONS='-v' '-mmacosx-version-min=14.0.0'  '-nodefaultexport' '-mlittle-endian' '-mabi=lp64' '-dumpdir' 'a-'
COMPILER_PATH=/opt/homebrew/Cellar/gcc/13.2.0/bin/../libexec/gcc/aarch64-apple-darwin23/13/:/opt/homebrew/Cellar/gcc/13.2.0/bin/../libexec/gcc/
LIBRARY_PATH=/opt/homebrew/Cellar/gcc/13.2.0/bin/../lib/gcc/current/gcc/aarch64-apple-darwin23/13/:/opt/homebrew/Cellar/gcc/13.2.0/bin/../lib/gcc/current/gcc/:/opt/homebrew/Cellar/gcc/13.2.0/bin/../lib/gcc/current/gcc/aarch64-apple-darwin23/13/../../../
COLLECT_GCC_OPTIONS='-v' '-mmacosx-version-min=14.0.0'  '-nodefaultexport' '-mlittle-endian' '-mabi=lp64' '-dumpdir' 'a.'
 /opt/homebrew/Cellar/gcc/13.2.0/bin/../libexec/gcc/aarch64-apple-darwin23/13/collect2 -syslibroot /Library/Developer/CommandLineTools/SDKs/MacOSX14.sdk/ -dynamic -arch arm64 -platform_version macos 14.0.0 0.0 -o a.out -L/opt/homebrew/Cellar/gcc/13.2.0/bin/../lib/gcc/current/gcc/aarch64-apple-darwin23/13 -L/opt/homebrew/Cellar/gcc/13.2.0/bin/../lib/gcc/current/gcc -L/opt/homebrew/Cellar/gcc/13.2.0/bin/../lib/gcc/current/gcc/aarch64-apple-darwin23/13/../../.. /var/folders/2v/kh6yp92x5td279r888mkkjyw0000gn/T//cckB6tzR.o -lgfortran -lemutls_w -lgcc -lquadmath -lemutls_w -lgcc -lSystem -lgcc -no_compact_unwind -rpath @loader_path -rpath /opt/homebrew/Cellar/gcc/13.2.0/lib/gcc/current/gcc/aarch64-apple-darwin23/13 -rpath /opt/homebrew/Cellar/gcc/13.2.0/lib/gcc/current/gcc -rpath /opt/homebrew/Cellar/gcc/13.2.0/lib/gcc/current


Compilation of the Fortran compiler identification source "CMakeFortranCompilerId.F" produced "a.out"

The Fortran compiler identification is GNU, found in "/Users/schun/nektar/build/CMakeFiles/CheckFortran/CMakeFiles/3.24.4/CompilerIdFortran/a.out"

Detecting Fortran compiler ABI info compiled with the following output:
Change Dir: /Users/schun/nektar/build/CMakeFiles/CheckFortran/CMakeFiles/CMakeTmp

Run Build Command(s):/opt/local/bin/gmake -f Makefile cmTC_02b1c/fast && /opt/local/bin/gmake  -f CMakeFiles/cmTC_02b1c.dir/build.make CMakeFiles/cmTC_02b1c.dir/build
gmake[1]: Entering directory '/Users/schun/nektar/build/CMakeFiles/CheckFortran/CMakeFiles/CMakeTmp'
Building Fortran object CMakeFiles/cmTC_02b1c.dir/CMakeFortranCompilerABI.F90.o
/opt/homebrew/bin/gfortran   -isysroot /Applications/Xcode.app/Contents/Developer/Platforms/MacOSX.platform/Developer/SDKs/MacOSX14.2.sdk   -v -Wl,-v -c /opt/local/share/cmake-3.24/Modules/CMakeFortranCompilerABI.F90 -o CMakeFiles/cmTC_02b1c.dir/CMakeFortranCompilerABI.F90.o
Using built-in specs.
COLLECT_GCC=/opt/homebrew/bin/gfortran
Target: aarch64-apple-darwin23
Configured with: ../configure --prefix=/opt/homebrew/opt/gcc --libdir=/opt/homebrew/opt/gcc/lib/gcc/current --disable-nls --enable-checking=release --with-gcc-major-version-only --enable-languages=c,c++,objc,obj-c++,fortran --program-suffix=-13 --with-gmp=/opt/homebrew/opt/gmp --with-mpfr=/opt/homebrew/opt/mpfr --with-mpc=/opt/homebrew/opt/libmpc --with-isl=/opt/homebrew/opt/isl --with-zstd=/opt/homebrew/opt/zstd --with-pkgversion='Homebrew GCC 13.2.0' --with-bugurl=https://github.com/Homebrew/homebrew-core/issues --with-system-zlib --build=aarch64-apple-darwin23 --with-sysroot=/Library/Developer/CommandLineTools/SDKs/MacOSX14.sdk --with-ld=/Library/Developer/CommandLineTools/usr/bin/ld-classic
Thread model: posix
Supported LTO compression algorithms: zlib zstd
gcc version 13.2.0 (Homebrew GCC 13.2.0) 
COLLECT_GCC_OPTIONS='-isysroot' '/Applications/Xcode.app/Contents/Developer/Platforms/MacOSX.platform/Developer/SDKs/MacOSX14.2.sdk' '-v' '-c' '-o' 'CMakeFiles/cmTC_02b1c.dir/CMakeFortranCompilerABI.F90.o' '-mmacosx-version-min=14.0.0' '-asm_macosx_version_min=14.0' '-nodefaultexport' '-mlittle-endian' '-mabi=lp64' '-dumpdir' 'CMakeFiles/cmTC_02b1c.dir/'
 /opt/homebrew/Cellar/gcc/13.2.0/bin/../libexec/gcc/aarch64-apple-darwin23/13/f951 /opt/local/share/cmake-3.24/Modules/CMakeFortranCompilerABI.F90 -cpp=/var/folders/2v/kh6yp92x5td279r888mkkjyw0000gn/T//ccaAH9fS.f90 -quiet -v -iprefix /opt/homebrew/Cellar/gcc/13.2.0/bin/../lib/gcc/current/gcc/aarch64-apple-darwin23/13/ -D__DYNAMIC__ -isysroot /Applications/Xcode.app/Contents/Developer/Platforms/MacOSX.platform/Developer/SDKs/MacOSX14.2.sdk /opt/local/share/cmake-3.24/Modules/CMakeFortranCompilerABI.F90 -fPIC -quiet -dumpdir CMakeFiles/cmTC_02b1c.dir/ -dumpbase CMakeFortranCompilerABI.F90.F90 -dumpbase-ext .F90 -mmacosx-version-min=14.0.0 -mlittle-endian -mabi=lp64 -version -fintrinsic-modules-path /opt/homebrew/Cellar/gcc/13.2.0/bin/../lib/gcc/current/gcc/aarch64-apple-darwin23/13/finclude -o /var/folders/2v/kh6yp92x5td279r888mkkjyw0000gn/T//ccQhlPkh.s
GNU Fortran (Homebrew GCC 13.2.0) version 13.2.0 (aarch64-apple-darwin23)
	compiled by GNU C version 13.2.0, GMP version 6.2.1, MPFR version 4.2.0-p12, MPC version 1.3.1, isl version isl-0.26-GMP

GGC heuristics: --param ggc-min-expand=100 --param ggc-min-heapsize=131072
ignoring nonexistent directory "/opt/homebrew/Cellar/gcc/13.2.0/bin/../lib/gcc/current/gcc/aarch64-apple-darwin23/13/../../../../../../aarch64-apple-darwin23/include"
ignoring duplicate directory "/opt/homebrew/Cellar/gcc/13.2.0/bin/../lib/gcc/current/gcc/../../../../lib/gcc/current/gcc/aarch64-apple-darwin23/13/include"
ignoring nonexistent directory "/Applications/Xcode.app/Contents/Developer/Platforms/MacOSX.platform/Developer/SDKs/MacOSX14.2.sdk/usr/local/include"
ignoring duplicate directory "/opt/homebrew/Cellar/gcc/13.2.0/bin/../lib/gcc/current/gcc/../../../../lib/gcc/current/gcc/aarch64-apple-darwin23/13/include-fixed"
ignoring nonexistent directory "/opt/homebrew/Cellar/gcc/13.2.0/bin/../lib/gcc/current/gcc/../../../../lib/gcc/current/gcc/aarch64-apple-darwin23/13/../../../../../../aarch64-apple-darwin23/include"
#include "..." search starts here:
#include <...> search starts here:
 /opt/homebrew/Cellar/gcc/13.2.0/bin/../lib/gcc/current/gcc/aarch64-apple-darwin23/13/finclude
 /opt/homebrew/Cellar/gcc/13.2.0/bin/../lib/gcc/current/gcc/aarch64-apple-darwin23/13/include
 /opt/homebrew/Cellar/gcc/13.2.0/bin/../lib/gcc/current/gcc/aarch64-apple-darwin23/13/include-fixed
 /Applications/Xcode.app/Contents/Developer/Platforms/MacOSX.platform/Developer/SDKs/MacOSX14.2.sdk/usr/include
End of search list.
COLLECT_GCC_OPTIONS='-isysroot' '/Applications/Xcode.app/Contents/Developer/Platforms/MacOSX.platform/Developer/SDKs/MacOSX14.2.sdk' '-v' '-c' '-o' 'CMakeFiles/cmTC_02b1c.dir/CMakeFortranCompilerABI.F90.o' '-mmacosx-version-min=14.0.0'  '-nodefaultexport' '-mlittle-endian' '-mabi=lp64' '-dumpdir' 'CMakeFiles/cmTC_02b1c.dir/'
 as -arch arm64 -v -mmacosx-version-min=14.0 -o CMakeFiles/cmTC_02b1c.dir/CMakeFortranCompilerABI.F90.o /var/folders/2v/kh6yp92x5td279r888mkkjyw0000gn/T//ccQhlPkh.s
Apple clang version 15.0.0 (clang-1500.1.0.2.5)
Target: arm64-apple-darwin23.3.0
Thread model: posix
InstalledDir: /Applications/Xcode.app/Contents/Developer/Toolchains/XcodeDefault.xctoolchain/usr/bin
 "/Applications/Xcode.app/Contents/Developer/Toolchains/XcodeDefault.xctoolchain/usr/bin/clang" -cc1as -triple arm64-apple-macosx14.0.0 -filetype obj -main-file-name ccQhlPkh.s -target-cpu apple-m1 -target-feature +v8.5a -target-feature +crc -target-feature +lse -target-feature +rdm -target-feature +crypto -target-feature +dotprod -target-feature +fp-armv8 -target-feature +neon -target-feature +fp16fml -target-feature +ras -target-feature +rcpc -target-feature +zcm -target-feature +zcz -target-feature +fullfp16 -target-feature +sm4 -target-feature +sha3 -target-feature +sha2 -target-feature +aes -fdebug-compilation-dir=/Users/schun/nektar/build/CMakeFiles/CheckFortran/CMakeFiles/CMakeTmp -dwarf-debug-producer "Apple clang version 15.0.0 (clang-1500.1.0.2.5)" -dwarf-version=4 -mrelocation-model pic --mrelax-relocations -mllvm -disable-aligned-alloc-awareness=1 -o CMakeFiles/cmTC_02b1c.dir/CMakeFortranCompilerABI.F90.o /var/folders/2v/kh6yp92x5td279r888mkkjyw0000gn/T//ccQhlPkh.s
COMPILER_PATH=/opt/homebrew/Cellar/gcc/13.2.0/bin/../libexec/gcc/aarch64-apple-darwin23/13/:/opt/homebrew/Cellar/gcc/13.2.0/bin/../libexec/gcc/
LIBRARY_PATH=/opt/homebrew/Cellar/gcc/13.2.0/bin/../lib/gcc/current/gcc/aarch64-apple-darwin23/13/:/opt/homebrew/Cellar/gcc/13.2.0/bin/../lib/gcc/current/gcc/:/opt/homebrew/Cellar/gcc/13.2.0/bin/../lib/gcc/current/gcc/aarch64-apple-darwin23/13/../../../
COLLECT_GCC_OPTIONS='-isysroot' '/Applications/Xcode.app/Contents/Developer/Platforms/MacOSX.platform/Developer/SDKs/MacOSX14.2.sdk' '-v' '-c' '-o' 'CMakeFiles/cmTC_02b1c.dir/CMakeFortranCompilerABI.F90.o' '-mmacosx-version-min=14.0.0'  '-nodefaultexport' '-mlittle-endian' '-mabi=lp64' '-dumpdir' 'CMakeFiles/cmTC_02b1c.dir/CMakeFortranCompilerABI.F90.'
Linking Fortran executable cmTC_02b1c
/opt/local/bin/cmake -E cmake_link_script CMakeFiles/cmTC_02b1c.dir/link.txt --verbose=1
/opt/homebrew/bin/gfortran  -v -Wl,-v  -isysroot /Applications/Xcode.app/Contents/Developer/Platforms/MacOSX.platform/Developer/SDKs/MacOSX14.2.sdk CMakeFiles/cmTC_02b1c.dir/CMakeFortranCompilerABI.F90.o -o cmTC_02b1c 
Driving: /opt/homebrew/bin/gfortran -v -Wl,-v -isysroot /Applications/Xcode.app/Contents/Developer/Platforms/MacOSX.platform/Developer/SDKs/MacOSX14.2.sdk CMakeFiles/cmTC_02b1c.dir/CMakeFortranCompilerABI.F90.o -o cmTC_02b1c -mmacosx-version-min=14.0.0 -asm_macosx_version_min=14.0 -nodefaultexport -l gfortran
Using built-in specs.
COLLECT_GCC=/opt/homebrew/bin/gfortran
COLLECT_LTO_WRAPPER=/opt/homebrew/Cellar/gcc/13.2.0/bin/../libexec/gcc/aarch64-apple-darwin23/13/lto-wrapper
Target: aarch64-apple-darwin23
Configured with: ../configure --prefix=/opt/homebrew/opt/gcc --libdir=/opt/homebrew/opt/gcc/lib/gcc/current --disable-nls --enable-checking=release --with-gcc-major-version-only --enable-languages=c,c++,objc,obj-c++,fortran --program-suffix=-13 --with-gmp=/opt/homebrew/opt/gmp --with-mpfr=/opt/homebrew/opt/mpfr --with-mpc=/opt/homebrew/opt/libmpc --with-isl=/opt/homebrew/opt/isl --with-zstd=/opt/homebrew/opt/zstd --with-pkgversion='Homebrew GCC 13.2.0' --with-bugurl=https://github.com/Homebrew/homebrew-core/issues --with-system-zlib --build=aarch64-apple-darwin23 --with-sysroot=/Library/Developer/CommandLineTools/SDKs/MacOSX14.sdk --with-ld=/Library/Developer/CommandLineTools/usr/bin/ld-classic
Thread model: posix
Supported LTO compression algorithms: zlib zstd
gcc version 13.2.0 (Homebrew GCC 13.2.0) 
Reading specs from /opt/homebrew/Cellar/gcc/13.2.0/bin/../lib/gcc/current/gcc/aarch64-apple-darwin23/13/../../../libgfortran.spec
rename spec lib to liborig
COLLECT_GCC_OPTIONS='-v' '-isysroot' '/Applications/Xcode.app/Contents/Developer/Platforms/MacOSX.platform/Developer/SDKs/MacOSX14.2.sdk' '-o' 'cmTC_02b1c' '-mmacosx-version-min=14.0.0' '-asm_macosx_version_min=14.0' '-nodefaultexport' '-mlittle-endian' '-mabi=lp64' '-dumpdir' 'cmTC_02b1c-'
COMPILER_PATH=/opt/homebrew/Cellar/gcc/13.2.0/bin/../libexec/gcc/aarch64-apple-darwin23/13/:/opt/homebrew/Cellar/gcc/13.2.0/bin/../libexec/gcc/
LIBRARY_PATH=/opt/homebrew/Cellar/gcc/13.2.0/bin/../lib/gcc/current/gcc/aarch64-apple-darwin23/13/:/opt/homebrew/Cellar/gcc/13.2.0/bin/../lib/gcc/current/gcc/:/opt/homebrew/Cellar/gcc/13.2.0/bin/../lib/gcc/current/gcc/aarch64-apple-darwin23/13/../../../
COLLECT_GCC_OPTIONS='-v' '-isysroot' '/Applications/Xcode.app/Contents/Developer/Platforms/MacOSX.platform/Developer/SDKs/MacOSX14.2.sdk' '-o' 'cmTC_02b1c' '-mmacosx-version-min=14.0.0' '-asm_macosx_version_min=14.0' '-nodefaultexport' '-mlittle-endian' '-mabi=lp64' '-dumpdir' 'cmTC_02b1c.'
 /opt/homebrew/Cellar/gcc/13.2.0/bin/../libexec/gcc/aarch64-apple-darwin23/13/collect2 -dynamic -arch arm64 -syslibroot /Applications/Xcode.app/Contents/Developer/Platforms/MacOSX.platform/Developer/SDKs/MacOSX14.2.sdk -platform_version macos 14.0.0 0.0 -o cmTC_02b1c -L/opt/homebrew/Cellar/gcc/13.2.0/bin/../lib/gcc/current/gcc/aarch64-apple-darwin23/13 -L/opt/homebrew/Cellar/gcc/13.2.0/bin/../lib/gcc/current/gcc -L/opt/homebrew/Cellar/gcc/13.2.0/bin/../lib/gcc/current/gcc/aarch64-apple-darwin23/13/../../.. -v CMakeFiles/cmTC_02b1c.dir/CMakeFortranCompilerABI.F90.o -lgfortran -lemutls_w -lgcc -lquadmath -lemutls_w -lgcc -lSystem -lgcc -no_compact_unwind -rpath @loader_path -rpath /opt/homebrew/Cellar/gcc/13.2.0/lib/gcc/current/gcc/aarch64-apple-darwin23/13 -rpath /opt/homebrew/Cellar/gcc/13.2.0/lib/gcc/current/gcc -rpath /opt/homebrew/Cellar/gcc/13.2.0/lib/gcc/current
collect2 version 13.2.0
/Library/Developer/CommandLineTools/usr/bin/ld-classic -dynamic -arch arm64 -syslibroot /Applications/Xcode.app/Contents/Developer/Platforms/MacOSX.platform/Developer/SDKs/MacOSX14.2.sdk -platform_version macos 14.0.0 0.0 -o cmTC_02b1c -L/opt/homebrew/Cellar/gcc/13.2.0/bin/../lib/gcc/current/gcc/aarch64-apple-darwin23/13 -L/opt/homebrew/Cellar/gcc/13.2.0/bin/../lib/gcc/current/gcc -L/opt/homebrew/Cellar/gcc/13.2.0/bin/../lib/gcc/current/gcc/aarch64-apple-darwin23/13/../../.. -v CMakeFiles/cmTC_02b1c.dir/CMakeFortranCompilerABI.F90.o -lgfortran -lemutls_w -lgcc -lquadmath -lemutls_w -lgcc -lSystem -lgcc -no_compact_unwind -rpath @loader_path -rpath /opt/homebrew/Cellar/gcc/13.2.0/lib/gcc/current/gcc/aarch64-apple-darwin23/13 -rpath /opt/homebrew/Cellar/gcc/13.2.0/lib/gcc/current/gcc -rpath /opt/homebrew/Cellar/gcc/13.2.0/lib/gcc/current
@(#)PROGRAM:ld-classic  PROJECT:ld64-907
BUILD 13:00:55 Nov 10 2023
configured to support archs: armv6 armv7 armv7s arm64 arm64e arm64_32 i386 x86_64 x86_64h armv6m armv7k armv7m armv7em
Library search paths:
	/opt/homebrew/Cellar/gcc/13.2.0/lib/gcc/current/gcc/aarch64-apple-darwin23/13
	/opt/homebrew/Cellar/gcc/13.2.0/lib/gcc/current/gcc
	/opt/homebrew/Cellar/gcc/13.2.0/lib/gcc/current
	/Applications/Xcode.app/Contents/Developer/Platforms/MacOSX.platform/Developer/SDKs/MacOSX14.2.sdk/usr/lib
Framework search paths:
	/Applications/Xcode.app/Contents/Developer/Platforms/MacOSX.platform/Developer/SDKs/MacOSX14.2.sdk/System/Library/Frameworks/
gmake[1]: Leaving directory '/Users/schun/nektar/build/CMakeFiles/CheckFortran/CMakeFiles/CMakeTmp'



Parsed Fortran implicit include dir info from above output: rv=done
  found start of include info
  found start of implicit include info
    add: [/opt/homebrew/Cellar/gcc/13.2.0/bin/../lib/gcc/current/gcc/aarch64-apple-darwin23/13/finclude]
    add: [/opt/homebrew/Cellar/gcc/13.2.0/bin/../lib/gcc/current/gcc/aarch64-apple-darwin23/13/include]
    add: [/opt/homebrew/Cellar/gcc/13.2.0/bin/../lib/gcc/current/gcc/aarch64-apple-darwin23/13/include-fixed]
    add: [/Applications/Xcode.app/Contents/Developer/Platforms/MacOSX.platform/Developer/SDKs/MacOSX14.2.sdk/usr/include]
  end of search list found
  collapse include dir [/opt/homebrew/Cellar/gcc/13.2.0/bin/../lib/gcc/current/gcc/aarch64-apple-darwin23/13/finclude] ==> [/opt/homebrew/Cellar/gcc/13.2.0/lib/gcc/current/gcc/aarch64-apple-darwin23/13/finclude]
  collapse include dir [/opt/homebrew/Cellar/gcc/13.2.0/bin/../lib/gcc/current/gcc/aarch64-apple-darwin23/13/include] ==> [/opt/homebrew/Cellar/gcc/13.2.0/lib/gcc/current/gcc/aarch64-apple-darwin23/13/include]
  collapse include dir [/opt/homebrew/Cellar/gcc/13.2.0/bin/../lib/gcc/current/gcc/aarch64-apple-darwin23/13/include-fixed] ==> [/opt/homebrew/Cellar/gcc/13.2.0/lib/gcc/current/gcc/aarch64-apple-darwin23/13/include-fixed]
  collapse include dir [/Applications/Xcode.app/Contents/Developer/Platforms/MacOSX.platform/Developer/SDKs/MacOSX14.2.sdk/usr/include] ==> [/Applications/Xcode.app/Contents/Developer/Platforms/MacOSX.platform/Developer/SDKs/MacOSX14.2.sdk/usr/include]
  implicit include dirs: [/opt/homebrew/Cellar/gcc/13.2.0/lib/gcc/current/gcc/aarch64-apple-darwin23/13/finclude;/opt/homebrew/Cellar/gcc/13.2.0/lib/gcc/current/gcc/aarch64-apple-darwin23/13/include;/opt/homebrew/Cellar/gcc/13.2.0/lib/gcc/current/gcc/aarch64-apple-darwin23/13/include-fixed;/Applications/Xcode.app/Contents/Developer/Platforms/MacOSX.platform/Developer/SDKs/MacOSX14.2.sdk/usr/include]


Parsed Fortran implicit link information from above output:
  link line regex: [^( *|.*[/\])(ld|CMAKE_LINK_STARTFILE-NOTFOUND|([^/\]+-)?ld|collect2)[^/\]*( |$)]
  ignore line: [Change Dir: /Users/schun/nektar/build/CMakeFiles/CheckFortran/CMakeFiles/CMakeTmp]
  ignore line: []
  ignore line: [Run Build Command(s):/opt/local/bin/gmake -f Makefile cmTC_02b1c/fast && /opt/local/bin/gmake  -f CMakeFiles/cmTC_02b1c.dir/build.make CMakeFiles/cmTC_02b1c.dir/build]
  ignore line: [gmake[1]: Entering directory '/Users/schun/nektar/build/CMakeFiles/CheckFortran/CMakeFiles/CMakeTmp']
  ignore line: [Building Fortran object CMakeFiles/cmTC_02b1c.dir/CMakeFortranCompilerABI.F90.o]
  ignore line: [/opt/homebrew/bin/gfortran   -isysroot /Applications/Xcode.app/Contents/Developer/Platforms/MacOSX.platform/Developer/SDKs/MacOSX14.2.sdk   -v -Wl -v -c /opt/local/share/cmake-3.24/Modules/CMakeFortranCompilerABI.F90 -o CMakeFiles/cmTC_02b1c.dir/CMakeFortranCompilerABI.F90.o]
  ignore line: [Using built-in specs.]
  ignore line: [COLLECT_GCC=/opt/homebrew/bin/gfortran]
  ignore line: [Target: aarch64-apple-darwin23]
  ignore line: [Configured with: ../configure --prefix=/opt/homebrew/opt/gcc --libdir=/opt/homebrew/opt/gcc/lib/gcc/current --disable-nls --enable-checking=release --with-gcc-major-version-only --enable-languages=c,c++,objc,obj-c++,fortran --program-suffix=-13 --with-gmp=/opt/homebrew/opt/gmp --with-mpfr=/opt/homebrew/opt/mpfr --with-mpc=/opt/homebrew/opt/libmpc --with-isl=/opt/homebrew/opt/isl --with-zstd=/opt/homebrew/opt/zstd --with-pkgversion='Homebrew GCC 13.2.0' --with-bugurl=https://github.com/Homebrew/homebrew-core/issues --with-system-zlib --build=aarch64-apple-darwin23 --with-sysroot=/Library/Developer/CommandLineTools/SDKs/MacOSX14.sdk --with-ld=/Library/Developer/CommandLineTools/usr/bin/ld-classic]
  ignore line: [Thread model: posix]
  ignore line: [Supported LTO compression algorithms: zlib zstd]
  ignore line: [gcc version 13.2.0 (Homebrew GCC 13.2.0) ]
  ignore line: [COLLECT_GCC_OPTIONS='-isysroot' '/Applications/Xcode.app/Contents/Developer/Platforms/MacOSX.platform/Developer/SDKs/MacOSX14.2.sdk' '-v' '-c' '-o' 'CMakeFiles/cmTC_02b1c.dir/CMakeFortranCompilerABI.F90.o' '-mmacosx-version-min=14.0.0' '-asm_macosx_version_min=14.0' '-nodefaultexport' '-mlittle-endian' '-mabi=lp64' '-dumpdir' 'CMakeFiles/cmTC_02b1c.dir/']
  ignore line: [ /opt/homebrew/Cellar/gcc/13.2.0/bin/../libexec/gcc/aarch64-apple-darwin23/13/f951 /opt/local/share/cmake-3.24/Modules/CMakeFortranCompilerABI.F90 -cpp=/var/folders/2v/kh6yp92x5td279r888mkkjyw0000gn/T//ccaAH9fS.f90 -quiet -v -iprefix /opt/homebrew/Cellar/gcc/13.2.0/bin/../lib/gcc/current/gcc/aarch64-apple-darwin23/13/ -D__DYNAMIC__ -isysroot /Applications/Xcode.app/Contents/Developer/Platforms/MacOSX.platform/Developer/SDKs/MacOSX14.2.sdk /opt/local/share/cmake-3.24/Modules/CMakeFortranCompilerABI.F90 -fPIC -quiet -dumpdir CMakeFiles/cmTC_02b1c.dir/ -dumpbase CMakeFortranCompilerABI.F90.F90 -dumpbase-ext .F90 -mmacosx-version-min=14.0.0 -mlittle-endian -mabi=lp64 -version -fintrinsic-modules-path /opt/homebrew/Cellar/gcc/13.2.0/bin/../lib/gcc/current/gcc/aarch64-apple-darwin23/13/finclude -o /var/folders/2v/kh6yp92x5td279r888mkkjyw0000gn/T//ccQhlPkh.s]
  ignore line: [GNU Fortran (Homebrew GCC 13.2.0) version 13.2.0 (aarch64-apple-darwin23)]
  ignore line: [	compiled by GNU C version 13.2.0  GMP version 6.2.1  MPFR version 4.2.0-p12  MPC version 1.3.1  isl version isl-0.26-GMP]
  ignore line: []
  ignore line: [GGC heuristics: --param ggc-min-expand=100 --param ggc-min-heapsize=131072]
  ignore line: [ignoring nonexistent directory "/opt/homebrew/Cellar/gcc/13.2.0/bin/../lib/gcc/current/gcc/aarch64-apple-darwin23/13/../../../../../../aarch64-apple-darwin23/include"]
  ignore line: [ignoring duplicate directory "/opt/homebrew/Cellar/gcc/13.2.0/bin/../lib/gcc/current/gcc/../../../../lib/gcc/current/gcc/aarch64-apple-darwin23/13/include"]
  ignore line: [ignoring nonexistent directory "/Applications/Xcode.app/Contents/Developer/Platforms/MacOSX.platform/Developer/SDKs/MacOSX14.2.sdk/usr/local/include"]
  ignore line: [ignoring duplicate directory "/opt/homebrew/Cellar/gcc/13.2.0/bin/../lib/gcc/current/gcc/../../../../lib/gcc/current/gcc/aarch64-apple-darwin23/13/include-fixed"]
  ignore line: [ignoring nonexistent directory "/opt/homebrew/Cellar/gcc/13.2.0/bin/../lib/gcc/current/gcc/../../../../lib/gcc/current/gcc/aarch64-apple-darwin23/13/../../../../../../aarch64-apple-darwin23/include"]
  ignore line: [#include "..." search starts here:]
  ignore line: [#include <...> search starts here:]
  ignore line: [ /opt/homebrew/Cellar/gcc/13.2.0/bin/../lib/gcc/current/gcc/aarch64-apple-darwin23/13/finclude]
  ignore line: [ /opt/homebrew/Cellar/gcc/13.2.0/bin/../lib/gcc/current/gcc/aarch64-apple-darwin23/13/include]
  ignore line: [ /opt/homebrew/Cellar/gcc/13.2.0/bin/../lib/gcc/current/gcc/aarch64-apple-darwin23/13/include-fixed]
  ignore line: [ /Applications/Xcode.app/Contents/Developer/Platforms/MacOSX.platform/Developer/SDKs/MacOSX14.2.sdk/usr/include]
  ignore line: [End of search list.]
  ignore line: [COLLECT_GCC_OPTIONS='-isysroot' '/Applications/Xcode.app/Contents/Developer/Platforms/MacOSX.platform/Developer/SDKs/MacOSX14.2.sdk' '-v' '-c' '-o' 'CMakeFiles/cmTC_02b1c.dir/CMakeFortranCompilerABI.F90.o' '-mmacosx-version-min=14.0.0'  '-nodefaultexport' '-mlittle-endian' '-mabi=lp64' '-dumpdir' 'CMakeFiles/cmTC_02b1c.dir/']
  ignore line: [ as -arch arm64 -v -mmacosx-version-min=14.0 -o CMakeFiles/cmTC_02b1c.dir/CMakeFortranCompilerABI.F90.o /var/folders/2v/kh6yp92x5td279r888mkkjyw0000gn/T//ccQhlPkh.s]
  ignore line: [Apple clang version 15.0.0 (clang-1500.1.0.2.5)]
  ignore line: [Target: arm64-apple-darwin23.3.0]
  ignore line: [Thread model: posix]
  ignore line: [InstalledDir: /Applications/Xcode.app/Contents/Developer/Toolchains/XcodeDefault.xctoolchain/usr/bin]
  ignore line: [ "/Applications/Xcode.app/Contents/Developer/Toolchains/XcodeDefault.xctoolchain/usr/bin/clang" -cc1as -triple arm64-apple-macosx14.0.0 -filetype obj -main-file-name ccQhlPkh.s -target-cpu apple-m1 -target-feature +v8.5a -target-feature +crc -target-feature +lse -target-feature +rdm -target-feature +crypto -target-feature +dotprod -target-feature +fp-armv8 -target-feature +neon -target-feature +fp16fml -target-feature +ras -target-feature +rcpc -target-feature +zcm -target-feature +zcz -target-feature +fullfp16 -target-feature +sm4 -target-feature +sha3 -target-feature +sha2 -target-feature +aes -fdebug-compilation-dir=/Users/schun/nektar/build/CMakeFiles/CheckFortran/CMakeFiles/CMakeTmp -dwarf-debug-producer "Apple clang version 15.0.0 (clang-1500.1.0.2.5)" -dwarf-version=4 -mrelocation-model pic --mrelax-relocations -mllvm -disable-aligned-alloc-awareness=1 -o CMakeFiles/cmTC_02b1c.dir/CMakeFortranCompilerABI.F90.o /var/folders/2v/kh6yp92x5td279r888mkkjyw0000gn/T//ccQhlPkh.s]
  ignore line: [COMPILER_PATH=/opt/homebrew/Cellar/gcc/13.2.0/bin/../libexec/gcc/aarch64-apple-darwin23/13/:/opt/homebrew/Cellar/gcc/13.2.0/bin/../libexec/gcc/]
  ignore line: [LIBRARY_PATH=/opt/homebrew/Cellar/gcc/13.2.0/bin/../lib/gcc/current/gcc/aarch64-apple-darwin23/13/:/opt/homebrew/Cellar/gcc/13.2.0/bin/../lib/gcc/current/gcc/:/opt/homebrew/Cellar/gcc/13.2.0/bin/../lib/gcc/current/gcc/aarch64-apple-darwin23/13/../../../]
  ignore line: [COLLECT_GCC_OPTIONS='-isysroot' '/Applications/Xcode.app/Contents/Developer/Platforms/MacOSX.platform/Developer/SDKs/MacOSX14.2.sdk' '-v' '-c' '-o' 'CMakeFiles/cmTC_02b1c.dir/CMakeFortranCompilerABI.F90.o' '-mmacosx-version-min=14.0.0'  '-nodefaultexport' '-mlittle-endian' '-mabi=lp64' '-dumpdir' 'CMakeFiles/cmTC_02b1c.dir/CMakeFortranCompilerABI.F90.']
  ignore line: [Linking Fortran executable cmTC_02b1c]
  ignore line: [/opt/local/bin/cmake -E cmake_link_script CMakeFiles/cmTC_02b1c.dir/link.txt --verbose=1]
  ignore line: [/opt/homebrew/bin/gfortran  -v -Wl -v  -isysroot /Applications/Xcode.app/Contents/Developer/Platforms/MacOSX.platform/Developer/SDKs/MacOSX14.2.sdk CMakeFiles/cmTC_02b1c.dir/CMakeFortranCompilerABI.F90.o -o cmTC_02b1c ]
  ignore line: [Driving: /opt/homebrew/bin/gfortran -v -Wl -v -isysroot /Applications/Xcode.app/Contents/Developer/Platforms/MacOSX.platform/Developer/SDKs/MacOSX14.2.sdk CMakeFiles/cmTC_02b1c.dir/CMakeFortranCompilerABI.F90.o -o cmTC_02b1c -mmacosx-version-min=14.0.0 -asm_macosx_version_min=14.0 -nodefaultexport -l gfortran]
  ignore line: [Using built-in specs.]
  ignore line: [COLLECT_GCC=/opt/homebrew/bin/gfortran]
  ignore line: [COLLECT_LTO_WRAPPER=/opt/homebrew/Cellar/gcc/13.2.0/bin/../libexec/gcc/aarch64-apple-darwin23/13/lto-wrapper]
  ignore line: [Target: aarch64-apple-darwin23]
  ignore line: [Configured with: ../configure --prefix=/opt/homebrew/opt/gcc --libdir=/opt/homebrew/opt/gcc/lib/gcc/current --disable-nls --enable-checking=release --with-gcc-major-version-only --enable-languages=c,c++,objc,obj-c++,fortran --program-suffix=-13 --with-gmp=/opt/homebrew/opt/gmp --with-mpfr=/opt/homebrew/opt/mpfr --with-mpc=/opt/homebrew/opt/libmpc --with-isl=/opt/homebrew/opt/isl --with-zstd=/opt/homebrew/opt/zstd --with-pkgversion='Homebrew GCC 13.2.0' --with-bugurl=https://github.com/Homebrew/homebrew-core/issues --with-system-zlib --build=aarch64-apple-darwin23 --with-sysroot=/Library/Developer/CommandLineTools/SDKs/MacOSX14.sdk --with-ld=/Library/Developer/CommandLineTools/usr/bin/ld-classic]
  ignore line: [Thread model: posix]
  ignore line: [Supported LTO compression algorithms: zlib zstd]
  ignore line: [gcc version 13.2.0 (Homebrew GCC 13.2.0) ]
  ignore line: [Reading specs from /opt/homebrew/Cellar/gcc/13.2.0/bin/../lib/gcc/current/gcc/aarch64-apple-darwin23/13/../../../libgfortran.spec]
  ignore line: [rename spec lib to liborig]
  ignore line: [COLLECT_GCC_OPTIONS='-v' '-isysroot' '/Applications/Xcode.app/Contents/Developer/Platforms/MacOSX.platform/Developer/SDKs/MacOSX14.2.sdk' '-o' 'cmTC_02b1c' '-mmacosx-version-min=14.0.0' '-asm_macosx_version_min=14.0' '-nodefaultexport' '-mlittle-endian' '-mabi=lp64' '-dumpdir' 'cmTC_02b1c-']
  ignore line: [COMPILER_PATH=/opt/homebrew/Cellar/gcc/13.2.0/bin/../libexec/gcc/aarch64-apple-darwin23/13/:/opt/homebrew/Cellar/gcc/13.2.0/bin/../libexec/gcc/]
  ignore line: [LIBRARY_PATH=/opt/homebrew/Cellar/gcc/13.2.0/bin/../lib/gcc/current/gcc/aarch64-apple-darwin23/13/:/opt/homebrew/Cellar/gcc/13.2.0/bin/../lib/gcc/current/gcc/:/opt/homebrew/Cellar/gcc/13.2.0/bin/../lib/gcc/current/gcc/aarch64-apple-darwin23/13/../../../]
  ignore line: [COLLECT_GCC_OPTIONS='-v' '-isysroot' '/Applications/Xcode.app/Contents/Developer/Platforms/MacOSX.platform/Developer/SDKs/MacOSX14.2.sdk' '-o' 'cmTC_02b1c' '-mmacosx-version-min=14.0.0' '-asm_macosx_version_min=14.0' '-nodefaultexport' '-mlittle-endian' '-mabi=lp64' '-dumpdir' 'cmTC_02b1c.']
  link line: [ /opt/homebrew/Cellar/gcc/13.2.0/bin/../libexec/gcc/aarch64-apple-darwin23/13/collect2 -dynamic -arch arm64 -syslibroot /Applications/Xcode.app/Contents/Developer/Platforms/MacOSX.platform/Developer/SDKs/MacOSX14.2.sdk -platform_version macos 14.0.0 0.0 -o cmTC_02b1c -L/opt/homebrew/Cellar/gcc/13.2.0/bin/../lib/gcc/current/gcc/aarch64-apple-darwin23/13 -L/opt/homebrew/Cellar/gcc/13.2.0/bin/../lib/gcc/current/gcc -L/opt/homebrew/Cellar/gcc/13.2.0/bin/../lib/gcc/current/gcc/aarch64-apple-darwin23/13/../../.. -v CMakeFiles/cmTC_02b1c.dir/CMakeFortranCompilerABI.F90.o -lgfortran -lemutls_w -lgcc -lquadmath -lemutls_w -lgcc -lSystem -lgcc -no_compact_unwind -rpath @loader_path -rpath /opt/homebrew/Cellar/gcc/13.2.0/lib/gcc/current/gcc/aarch64-apple-darwin23/13 -rpath /opt/homebrew/Cellar/gcc/13.2.0/lib/gcc/current/gcc -rpath /opt/homebrew/Cellar/gcc/13.2.0/lib/gcc/current]
    arg [/opt/homebrew/Cellar/gcc/13.2.0/bin/../libexec/gcc/aarch64-apple-darwin23/13/collect2] ==> ignore
    arg [-dynamic] ==> ignore
    arg [-arch] ==> ignore
    arg [arm64] ==> ignore
    arg [-syslibroot] ==> ignore
    arg [/Applications/Xcode.app/Contents/Developer/Platforms/MacOSX.platform/Developer/SDKs/MacOSX14.2.sdk] ==> ignore
    arg [-platform_version] ==> ignore
    arg [macos] ==> ignore
    arg [14.0.0] ==> ignore
    arg [0.0] ==> ignore
    arg [-o] ==> ignore
    arg [cmTC_02b1c] ==> ignore
    arg [-L/opt/homebrew/Cellar/gcc/13.2.0/bin/../lib/gcc/current/gcc/aarch64-apple-darwin23/13] ==> dir [/opt/homebrew/Cellar/gcc/13.2.0/bin/../lib/gcc/current/gcc/aarch64-apple-darwin23/13]
    arg [-L/opt/homebrew/Cellar/gcc/13.2.0/bin/../lib/gcc/current/gcc] ==> dir [/opt/homebrew/Cellar/gcc/13.2.0/bin/../lib/gcc/current/gcc]
    arg [-L/opt/homebrew/Cellar/gcc/13.2.0/bin/../lib/gcc/current/gcc/aarch64-apple-darwin23/13/../../..] ==> dir [/opt/homebrew/Cellar/gcc/13.2.0/bin/../lib/gcc/current/gcc/aarch64-apple-darwin23/13/../../..]
    arg [-v] ==> ignore
    arg [CMakeFiles/cmTC_02b1c.dir/CMakeFortranCompilerABI.F90.o] ==> ignore
    arg [-lgfortran] ==> lib [gfortran]
    arg [-lemutls_w] ==> lib [emutls_w]
    arg [-lgcc] ==> lib [gcc]
    arg [-lquadmath] ==> lib [quadmath]
    arg [-lemutls_w] ==> lib [emutls_w]
    arg [-lgcc] ==> lib [gcc]
    arg [-lSystem] ==> lib [System]
    arg [-lgcc] ==> lib [gcc]
    arg [-no_compact_unwind] ==> ignore
    arg [-rpath] ==> ignore
    arg [@loader_path] ==> ignore
    arg [-rpath] ==> ignore
    arg [/opt/homebrew/Cellar/gcc/13.2.0/lib/gcc/current/gcc/aarch64-apple-darwin23/13] ==> ignore
    arg [-rpath] ==> ignore
    arg [/opt/homebrew/Cellar/gcc/13.2.0/lib/gcc/current/gcc] ==> ignore
    arg [-rpath] ==> ignore
    arg [/opt/homebrew/Cellar/gcc/13.2.0/lib/gcc/current] ==> ignore
  Library search paths: [;/opt/homebrew/Cellar/gcc/13.2.0/lib/gcc/current/gcc/aarch64-apple-darwin23/13;/opt/homebrew/Cellar/gcc/13.2.0/lib/gcc/current/gcc;/opt/homebrew/Cellar/gcc/13.2.0/lib/gcc/current;/Applications/Xcode.app/Contents/Developer/Platforms/MacOSX.platform/Developer/SDKs/MacOSX14.2.sdk/usr/lib]
  Framework search paths: [;/Applications/Xcode.app/Contents/Developer/Platforms/MacOSX.platform/Developer/SDKs/MacOSX14.2.sdk/System/Library/Frameworks/]
  remove lib [System]
  collapse library dir [/opt/homebrew/Cellar/gcc/13.2.0/bin/../lib/gcc/current/gcc/aarch64-apple-darwin23/13] ==> [/opt/homebrew/Cellar/gcc/13.2.0/lib/gcc/current/gcc/aarch64-apple-darwin23/13]
  collapse library dir [/opt/homebrew/Cellar/gcc/13.2.0/bin/../lib/gcc/current/gcc] ==> [/opt/homebrew/Cellar/gcc/13.2.0/lib/gcc/current/gcc]
  collapse library dir [/opt/homebrew/Cellar/gcc/13.2.0/bin/../lib/gcc/current/gcc/aarch64-apple-darwin23/13/../../..] ==> [/opt/homebrew/Cellar/gcc/13.2.0/lib/gcc/current]
  collapse library dir [/opt/homebrew/Cellar/gcc/13.2.0/lib/gcc/current/gcc/aarch64-apple-darwin23/13] ==> [/opt/homebrew/Cellar/gcc/13.2.0/lib/gcc/current/gcc/aarch64-apple-darwin23/13]
  collapse library dir [/opt/homebrew/Cellar/gcc/13.2.0/lib/gcc/current/gcc] ==> [/opt/homebrew/Cellar/gcc/13.2.0/lib/gcc/current/gcc]
  collapse library dir [/opt/homebrew/Cellar/gcc/13.2.0/lib/gcc/current] ==> [/opt/homebrew/Cellar/gcc/13.2.0/lib/gcc/current]
  collapse library dir [/Applications/Xcode.app/Contents/Developer/Platforms/MacOSX.platform/Developer/SDKs/MacOSX14.2.sdk/usr/lib] ==> [/Applications/Xcode.app/Contents/Developer/Platforms/MacOSX.platform/Developer/SDKs/MacOSX14.2.sdk/usr/lib]
  collapse framework dir [/Applications/Xcode.app/Contents/Developer/Platforms/MacOSX.platform/Developer/SDKs/MacOSX14.2.sdk/System/Library/Frameworks/] ==> [/Applications/Xcode.app/Contents/Developer/Platforms/MacOSX.platform/Developer/SDKs/MacOSX14.2.sdk/System/Library/Frameworks]
  implicit libs: [gfortran;emutls_w;gcc;quadmath;emutls_w;gcc;gcc]
  implicit objs: []
  implicit dirs: [/opt/homebrew/Cellar/gcc/13.2.0/lib/gcc/current/gcc/aarch64-apple-darwin23/13;/opt/homebrew/Cellar/gcc/13.2.0/lib/gcc/current/gcc;/opt/homebrew/Cellar/gcc/13.2.0/lib/gcc/current;/Applications/Xcode.app/Contents/Developer/Platforms/MacOSX.platform/Developer/SDKs/MacOSX14.2.sdk/usr/lib]
  implicit fwks: [/Applications/Xcode.app/Contents/Developer/Platforms/MacOSX.platform/Developer/SDKs/MacOSX14.2.sdk/System/Library/Frameworks]


