Compiling the C compiler identification source file "CMakeCCompilerId.c" failed.
Compiler: /Applications/Xcode.app/Contents/Developer/Toolchains/XcodeDefault.xctoolchain/usr/bin/cc 
Build flags: 
Id flags:  

The output was:
1
ld: library 'System' not found
clang: error: linker command failed with exit code 1 (use -v to see invocation)


Compiling the CXX compiler identification source file "CMakeCXXCompilerId.cpp" failed.
Compiler: /Applications/Xcode.app/Contents/Developer/Toolchains/XcodeDefault.xctoolchain/usr/bin/c++ 
Build flags: 
Id flags:  

The output was:
1
ld: library 'c++' not found
clang: error: linker command failed with exit code 1 (use -v to see invocation)


Determining if the function dgemm_ exists failed with the following output:
Change Dir: /Users/schun/nektar/build/CMakeFiles/CMakeTmp

Run Build Command(s):/opt/local/bin/gmake -f Makefile cmTC_f5462/fast && /opt/local/bin/gmake  -f CMakeFiles/cmTC_f5462.dir/build.make CMakeFiles/cmTC_f5462.dir/build
gmake[1]: Entering directory '/Users/schun/nektar/build/CMakeFiles/CMakeTmp'
Building C object CMakeFiles/cmTC_f5462.dir/CheckFunctionExists.c.o
/Applications/Xcode.app/Contents/Developer/Toolchains/XcodeDefault.xctoolchain/usr/bin/cc   -DCHECK_FUNCTION_EXISTS=dgemm_ -arch arm64 -isysroot /Applications/Xcode.app/Contents/Developer/Platforms/MacOSX.platform/Developer/SDKs/MacOSX14.2.sdk -MD -MT CMakeFiles/cmTC_f5462.dir/CheckFunctionExists.c.o -MF CMakeFiles/cmTC_f5462.dir/CheckFunctionExists.c.o.d -o CMakeFiles/cmTC_f5462.dir/CheckFunctionExists.c.o -c /opt/local/share/cmake-3.24/Modules/CheckFunctionExists.c
Linking C executable cmTC_f5462
/opt/local/bin/cmake -E cmake_link_script CMakeFiles/cmTC_f5462.dir/link.txt --verbose=1
/Applications/Xcode.app/Contents/Developer/Toolchains/XcodeDefault.xctoolchain/usr/bin/cc  -DCHECK_FUNCTION_EXISTS=dgemm_ -arch arm64 -isysroot /Applications/Xcode.app/Contents/Developer/Platforms/MacOSX.platform/Developer/SDKs/MacOSX14.2.sdk -Wl,-search_paths_first -Wl,-headerpad_max_install_names CMakeFiles/cmTC_f5462.dir/CheckFunctionExists.c.o -o cmTC_f5462 
ld: Undefined symbols:
  _dgemm_, referenced from:
      _main in CheckFunctionExists.c.o
clang: error: linker command failed with exit code 1 (use -v to see invocation)
gmake[1]: *** [CMakeFiles/cmTC_f5462.dir/build.make:100: cmTC_f5462] Error 1
gmake[1]: Leaving directory '/Users/schun/nektar/build/CMakeFiles/CMakeTmp'
gmake: *** [Makefile:127: cmTC_f5462/fast] Error 2



Determining if files mpi.h exist failed with the following output:
Change Dir: /Users/schun/nektar/build/CMakeFiles/CMakeTmp

Run Build Command(s):/opt/local/bin/gmake -f Makefile cmTC_1f34e/fast && /opt/local/bin/gmake  -f CMakeFiles/cmTC_1f34e.dir/build.make CMakeFiles/cmTC_1f34e.dir/build
gmake[1]: Entering directory '/Users/schun/nektar/build/CMakeFiles/CMakeTmp'
Building C object CMakeFiles/cmTC_1f34e.dir/HAVE_MPI_H.c.o
/Applications/Xcode.app/Contents/Developer/Toolchains/XcodeDefault.xctoolchain/usr/bin/cc   -arch arm64 -isysroot /Applications/Xcode.app/Contents/Developer/Platforms/MacOSX.platform/Developer/SDKs/MacOSX14.2.sdk -MD -MT CMakeFiles/cmTC_1f34e.dir/HAVE_MPI_H.c.o -MF CMakeFiles/cmTC_1f34e.dir/HAVE_MPI_H.c.o.d -o CMakeFiles/cmTC_1f34e.dir/HAVE_MPI_H.c.o -c /Users/schun/nektar/build/CMakeFiles/CheckIncludeFiles/HAVE_MPI_H.c
/Users/schun/nektar/build/CMakeFiles/CheckIncludeFiles/HAVE_MPI_H.c:2:10: fatal error: 'mpi.h' file not found
#include <mpi.h>
         ^~~~~~~
1 error generated.
gmake[1]: *** [CMakeFiles/cmTC_1f34e.dir/build.make:79: CMakeFiles/cmTC_1f34e.dir/HAVE_MPI_H.c.o] Error 1
gmake[1]: Leaving directory '/Users/schun/nektar/build/CMakeFiles/CMakeTmp'
gmake: *** [Makefile:127: cmTC_1f34e/fast] Error 2


Source:
/* */
#include <mpi.h>


int main(void){return 0;}

Determining if the function MPI_Send exists failed with the following output:
Change Dir: /Users/schun/nektar/build/CMakeFiles/CMakeTmp

Run Build Command(s):/opt/local/bin/gmake -f Makefile cmTC_1a2db/fast && /opt/local/bin/gmake  -f CMakeFiles/cmTC_1a2db.dir/build.make CMakeFiles/cmTC_1a2db.dir/build
gmake[1]: Entering directory '/Users/schun/nektar/build/CMakeFiles/CMakeTmp'
Building C object CMakeFiles/cmTC_1a2db.dir/CheckFunctionExists.c.o
/Applications/Xcode.app/Contents/Developer/Toolchains/XcodeDefault.xctoolchain/usr/bin/cc   -DCHECK_FUNCTION_EXISTS=MPI_Send -arch arm64 -isysroot /Applications/Xcode.app/Contents/Developer/Platforms/MacOSX.platform/Developer/SDKs/MacOSX14.2.sdk -MD -MT CMakeFiles/cmTC_1a2db.dir/CheckFunctionExists.c.o -MF CMakeFiles/cmTC_1a2db.dir/CheckFunctionExists.c.o.d -o CMakeFiles/cmTC_1a2db.dir/CheckFunctionExists.c.o -c /opt/local/share/cmake-3.24/Modules/CheckFunctionExists.c
Linking C executable cmTC_1a2db
/opt/local/bin/cmake -E cmake_link_script CMakeFiles/cmTC_1a2db.dir/link.txt --verbose=1
/Applications/Xcode.app/Contents/Developer/Toolchains/XcodeDefault.xctoolchain/usr/bin/cc  -DCHECK_FUNCTION_EXISTS=MPI_Send -arch arm64 -isysroot /Applications/Xcode.app/Contents/Developer/Platforms/MacOSX.platform/Developer/SDKs/MacOSX14.2.sdk -Wl,-search_paths_first -Wl,-headerpad_max_install_names CMakeFiles/cmTC_1a2db.dir/CheckFunctionExists.c.o -o cmTC_1a2db 
ld: Undefined symbols:
  _MPI_Send, referenced from:
      _main in CheckFunctionExists.c.o
clang: error: linker command failed with exit code 1 (use -v to see invocation)
gmake[1]: *** [CMakeFiles/cmTC_1a2db.dir/build.make:100: cmTC_1a2db] Error 1
gmake[1]: Leaving directory '/Users/schun/nektar/build/CMakeFiles/CMakeTmp'
gmake: *** [Makefile:127: cmTC_1a2db/fast] Error 2



