Cm = 1.87e-11, Cn = 3.14e-09, Rf = 1.26e+08, Cm * Rf = 0.39564
v_InitObject: Node = 4800, Myelin = 1440, extracell = 0
Max Anistrength_1  = 12.9582, Anistrength_2 = 12.9582, Min Anistrength 1 = 1, Anistrength 2 = 1
*** 1st Moving frames are NOT in unit length, Avg mag. = 11.3752 *** 
*** 2nd Moving frames are NOT in unit length, Avg mag. = 11.3752 *** 
*** Moving frames are Orthogonal
*** MF 0 = ( 0 , 11.3752 , 0 ) 
*** MF 1 = ( 11.3752 , 0 , 0 ) 
*** MF 2 = ( 0 , 0 , 1 ) 
============ End of MMFInitObect ============
Compute Varcoeff for phim ====================== 
k = 0, m_varcoeff = ( 0 , 11.3752 , 0 , 1.39065e-12 , 147.271 ) 
k = 1, m_varcoeff = ( 11.3752 , 0 , 0 , 2.76616e-12 , 147.271 ) 
k = 2, m_varcoeff = ( 0 , 0 , 1 , 0 , 1 ) 
 ::::: 2D Varcoeff is Successfully Created ::::: 

=======================================================================
	        EquationType: MMFNeuralEP
	        Session Name: NeuralEP2DL2mono_w025_reri2
	        Spatial Dim.: 3
	  Max SEM Exp. Order: 5
	      Expansion Dim.: 2
	     Projection Type: Continuous Galerkin
	 Advect. advancement: explicit
	Diffuse. advancement: implicit
	           Time Step: 1e-07
	        No. of Steps: 20000000
	 Checkpoints (steps): 100000
	    Integration Type: IMEX
	             Surface: Plane
	           DerivType: Euclidean
	          MediumType: Anisotropy
	              MMFdir: TangentY
	        NeuralEPType: NeuralEP2D
	    SolverSchemeType: Default
	             TimeMap: DeActivated
	        TimeMapStart: 0
	          TimeMapEnd: 10000
	         ElemNodeEnd: 47
	       ElemMyelenEnd: 207
	         Temperature: 24
	            diameter: 0.025
	             Helmtau: 1
	         ratio_re_ri: 2
=======================================================================
Initial Conditions:
  - Field um: 0
Elemid = 0, Nodeid = 0, x = 0.0125, y = 0.005, dist = 0.0177992, e1mag = 1, e2mag = 1, inarray = 0
Elemid = 1, Nodeid = 0, x = 0.005, y = 0.0125, dist = 0.0177992, e1mag = 1, e2mag = 1, inarray = 0
Elemid = 2, Nodeid = 0, x = 0.02, y = 0.0125, dist = 0.0177992, e1mag = 1, e2mag = 1, inarray = 0
Elemid = 3, Nodeid = 0, x = 0.0125, y = 0.02, dist = 0.0177992, e1mag = 1, e2mag = 1, inarray = 0
Elemid = 4, Nodeid = 1, x = 0.02, y = 0.0375, dist = 0.0177992, e1mag = 1, e2mag = 1, inarray = 0
Elemid = 5, Nodeid = 1, x = 0.0125, y = 0.045, dist = 0.0177992, e1mag = 1, e2mag = 1, inarray = 0
Elemid = 6, Nodeid = 1, x = 0.0125, y = 0.03, dist = 0.0177992, e1mag = 1, e2mag = 1, inarray = 0
Elemid = 7, Nodeid = 1, x = 0.005, y = 0.0375, dist = 0.0177992, e1mag = 1, e2mag = 1, inarray = 0
Elemid = 8, Nodeid = 2, x = 0.005, y = 0.2625, dist = 0.0177992, e1mag = 1, e2mag = 1, inarray = 0
Elemid = 9, Nodeid = 2, x = 0.02, y = 0.2625, dist = 0.0177992, e1mag = 1, e2mag = 1, inarray = 0
Elemid = 10, Nodeid = 2, x = 0.0125, y = 0.255, dist = 0.0177992, e1mag = 1, e2mag = 1, inarray = 0
Elemid = 11, Nodeid = 2, x = 0.0125, y = 0.27, dist = 0.0177992, e1mag = 1, e2mag = 1, inarray = 0
Elemid = 12, Nodeid = 3, x = 0.02, y = 0.4875, dist = 0.0177992, e1mag = 1, e2mag = 1, inarray = 0
Elemid = 13, Nodeid = 3, x = 0.0125, y = 0.495, dist = 0.0177992, e1mag = 1, e2mag = 1, inarray = 0
Elemid = 14, Nodeid = 3, x = 0.0125, y = 0.48, dist = 0.0177992, e1mag = 1, e2mag = 1, inarray = 0
Elemid = 15, Nodeid = 3, x = 0.005, y = 0.4875, dist = 0.0177992, e1mag = 1, e2mag = 1, inarray = 0
Elemid = 16, Nodeid = 4, x = 0.005, y = 0.7125, dist = 0.0177992, e1mag = 1, e2mag = 1, inarray = 0
Elemid = 17, Nodeid = 4, x = 0.0125, y = 0.72, dist = 0.0177992, e1mag = 1, e2mag = 1, inarray = 0
Elemid = 18, Nodeid = 4, x = 0.0125, y = 0.705, dist = 0.0177992, e1mag = 1, e2mag = 1, inarray = 0
Elemid = 19, Nodeid = 4, x = 0.02, y = 0.7125, dist = 0.0177992, e1mag = 1, e2mag = 1, inarray = 0
Elemid = 20, Nodeid = 5, x = 0.005, y = 0.9375, dist = 0.0177992, e1mag = 1, e2mag = 1, inarray = 0
Elemid = 21, Nodeid = 5, x = 0.0125, y = 0.93, dist = 0.0177992, e1mag = 1, e2mag = 1, inarray = 0
Elemid = 22, Nodeid = 5, x = 0.0125, y = 0.945, dist = 0.0177992, e1mag = 1, e2mag = 1, inarray = 0
Elemid = 23, Nodeid = 5, x = 0.02, y = 0.9375, dist = 0.0177992, e1mag = 1, e2mag = 1, inarray = 0
Elemid = 24, Nodeid = 6, x = 0.0125, y = 1.155, dist = 0.0177992, e1mag = 1, e2mag = 1, inarray = 0
Elemid = 25, Nodeid = 6, x = 0.0125, y = 1.17, dist = 0.0177992, e1mag = 1, e2mag = 1, inarray = 0
Elemid = 26, Nodeid = 6, x = 0.005, y = 1.1625, dist = 0.0177992, e1mag = 1, e2mag = 1, inarray = 0
Elemid = 27, Nodeid = 6, x = 0.02, y = 1.1625, dist = 0.0177992, e1mag = 1, e2mag = 1, inarray = 0
Elemid = 28, Nodeid = 7, x = 0.0125, y = 1.38, dist = 0.0177992, e1mag = 1, e2mag = 1, inarray = 0
Elemid = 29, Nodeid = 7, x = 0.0125, y = 1.395, dist = 0.0177992, e1mag = 1, e2mag = 1, inarray = 0
Elemid = 30, Nodeid = 7, x = 0.005, y = 1.3875, dist = 0.0177992, e1mag = 1, e2mag = 1, inarray = 0
Elemid = 31, Nodeid = 7, x = 0.02, y = 1.3875, dist = 0.0177992, e1mag = 1, e2mag = 1, inarray = 0
Elemid = 32, Nodeid = 8, x = 0.0125, y = 1.62, dist = 0.0177992, e1mag = 1, e2mag = 1, inarray = 0
Elemid = 33, Nodeid = 8, x = 0.0125, y = 1.605, dist = 0.0177992, e1mag = 1, e2mag = 1, inarray = 0
Elemid = 34, Nodeid = 8, x = 0.005, y = 1.6125, dist = 0.0177992, e1mag = 1, e2mag = 1, inarray = 0
Elemid = 35, Nodeid = 8, x = 0.02, y = 1.6125, dist = 0.0177992, e1mag = 1, e2mag = 1, inarray = 0
Elemid = 36, Nodeid = 9, x = 0.0125, y = 1.83, dist = 0.0177992, e1mag = 1, e2mag = 1, inarray = 0
Elemid = 37, Nodeid = 9, x = 0.0125, y = 1.845, dist = 0.0177992, e1mag = 1, e2mag = 1, inarray = 0
Elemid = 38, Nodeid = 9, x = 0.005, y = 1.8375, dist = 0.0177992, e1mag = 1, e2mag = 1, inarray = 0
Elemid = 39, Nodeid = 9, x = 0.02, y = 1.8375, dist = 0.0177992, e1mag = 1, e2mag = 1, inarray = 0
Elemid = 40, Nodeid = 10, x = 0.0125, y = 2.055, dist = 0.0177992, e1mag = 1, e2mag = 1, inarray = 0
Elemid = 41, Nodeid = 10, x = 0.0125, y = 2.07, dist = 0.0177992, e1mag = 1, e2mag = 1, inarray = 0
Elemid = 42, Nodeid = 10, x = 0.005, y = 2.0625, dist = 0.0177992, e1mag = 1, e2mag = 1, inarray = 0
Elemid = 43, Nodeid = 10, x = 0.02, y = 2.0625, dist = 0.0177992, e1mag = 1, e2mag = 1, inarray = 0
Elemid = 44, Nodeid = 11, x = 0.005, y = 2.2875, dist = 0.0177992, e1mag = 1, e2mag = 1, inarray = 0
Elemid = 45, Nodeid = 11, x = 0.0125, y = 2.295, dist = 0.0177992, e1mag = 1, e2mag = 1, inarray = 0
Elemid = 46, Nodeid = 11, x = 0.0125, y = 2.28, dist = 0.0177992, e1mag = 1, e2mag = 1, inarray = 0
Elemid = 47, Nodeid = 11, x = 0.02, y = 2.2875, dist = 0.0177992, e1mag = 1, e2mag = 1, inarray = 0
Elemid = 48, Nodeid = -1, x = 0.01125, y = 0.1575, dist = 0.0237141, e1mag = 12.9582, e2mag = 12.9582, inarray = 0
Elemid = 49, Nodeid = -1, x = 0.01125, y = 0.2075, dist = 0.0237141, e1mag = 12.9582, e2mag = 12.9582, inarray = 0
Elemid = 50, Nodeid = -1, x = 0.01375, y = 0.2425, dist = 0.0237141, e1mag = 12.9582, e2mag = 12.9582, inarray = 0
Elemid = 51, Nodeid = -1, x = 0.01375, y = 0.1925, dist = 0.0237141, e1mag = 12.9582, e2mag = 12.9582, inarray = 0
Elemid = 52, Nodeid = -1, x = 0.01125, y = 0.0575, dist = 0.0237141, e1mag = 12.9582, e2mag = 12.9582, inarray = 0
Elemid = 53, Nodeid = -1, x = 0.01375, y = 0.0925, dist = 0.0237141, e1mag = 12.9582, e2mag = 12.9582, inarray = 0
Elemid = 54, Nodeid = -1, x = 0.01125, y = 0.1075, dist = 0.0237141, e1mag = 12.9582, e2mag = 12.9582, inarray = 0
Elemid = 55, Nodeid = -1, x = 0.01375, y = 0.1425, dist = 0.0237141, e1mag = 12.9582, e2mag = 12.9582, inarray = 0
Elemid = 56, Nodeid = -1, x = 0.00375, y = 0.0775, dist = 0.0470861, e1mag = 12.9582, e2mag = 12.9582, inarray = 0
Elemid = 57, Nodeid = -1, x = 0.02125, y = 0.0725, dist = 0.0470861, e1mag = 12.9582, e2mag = 12.9582, inarray = 0
Elemid = 58, Nodeid = -1, x = 0.00375, y = 0.2275, dist = 0.0470861, e1mag = 12.9582, e2mag = 12.9582, inarray = 0
Elemid = 59, Nodeid = -1, x = 0.02125, y = 0.2225, dist = 0.0470861, e1mag = 12.9582, e2mag = 12.9582, inarray = 0
Elemid = 60, Nodeid = -1, x = 0.00375, y = 0.1275, dist = 0.0470861, e1mag = 12.9582, e2mag = 12.9582, inarray = 0
Elemid = 61, Nodeid = -1, x = 0.00375, y = 0.1775, dist = 0.0470861, e1mag = 12.9582, e2mag = 12.9582, inarray = 0
Elemid = 62, Nodeid = -1, x = 0.02125, y = 0.1225, dist = 0.0470861, e1mag = 12.9582, e2mag = 12.9582, inarray = 0
Elemid = 63, Nodeid = -1, x = 0.02125, y = 0.1725, dist = 0.0470861, e1mag = 12.9582, e2mag = 12.9582, inarray = 0
Elemid = 64, Nodeid = -1, x = 0.01125, y = 0.4325, dist = 0.0237141, e1mag = 12.9582, e2mag = 12.9582, inarray = 0
Elemid = 65, Nodeid = -1, x = 0.01375, y = 0.3175, dist = 0.0237141, e1mag = 12.9582, e2mag = 12.9582, inarray = 0
Elemid = 66, Nodeid = -1, x = 0.01375, y = 0.4175, dist = 0.0237141, e1mag = 12.9582, e2mag = 12.9582, inarray = 0
Elemid = 67, Nodeid = -1, x = 0.01125, y = 0.3825, dist = 0.0237141, e1mag = 12.9582, e2mag = 12.9582, inarray = 0
Elemid = 68, Nodeid = -1, x = 0.01125, y = 0.3325, dist = 0.0237141, e1mag = 12.9582, e2mag = 12.9582, inarray = 0
Elemid = 69, Nodeid = -1, x = 0.01375, y = 0.3675, dist = 0.0237141, e1mag = 12.9582, e2mag = 12.9582, inarray = 0
Elemid = 70, Nodeid = -1, x = 0.01125, y = 0.2825, dist = 0.0237141, e1mag = 12.9582, e2mag = 12.9582, inarray = 0
Elemid = 71, Nodeid = -1, x = 0.01375, y = 0.4675, dist = 0.0237141, e1mag = 12.9582, e2mag = 12.9582, inarray = 0
Elemid = 72, Nodeid = -1, x = 0.00375, y = 0.3025, dist = 0.0470861, e1mag = 12.9582, e2mag = 12.9582, inarray = 0
Elemid = 73, Nodeid = -1, x = 0.02125, y = 0.2975, dist = 0.0470861, e1mag = 12.9582, e2mag = 12.9582, inarray = 0
Elemid = 74, Nodeid = -1, x = 0.00375, y = 0.4525, dist = 0.0470861, e1mag = 12.9582, e2mag = 12.9582, inarray = 0
Elemid = 75, Nodeid = -1, x = 0.02125, y = 0.4475, dist = 0.0470861, e1mag = 12.9582, e2mag = 12.9582, inarray = 0
Elemid = 76, Nodeid = -1, x = 0.00375, y = 0.3525, dist = 0.0470861, e1mag = 12.9582, e2mag = 12.9582, inarray = 0
Elemid = 77, Nodeid = -1, x = 0.00375, y = 0.4025, dist = 0.0470861, e1mag = 12.9582, e2mag = 12.9582, inarray = 0
Elemid = 78, Nodeid = -1, x = 0.02125, y = 0.3475, dist = 0.0470861, e1mag = 12.9582, e2mag = 12.9582, inarray = 0
Elemid = 79, Nodeid = -1, x = 0.02125, y = 0.3975, dist = 0.0470861, e1mag = 12.9582, e2mag = 12.9582, inarray = 0
Elemid = 80, Nodeid = -1, x = 0.01125, y = 0.5575, dist = 0.0237141, e1mag = 12.9582, e2mag = 12.9582, inarray = 0
Elemid = 81, Nodeid = -1, x = 0.01375, y = 0.6425, dist = 0.0237141, e1mag = 12.9582, e2mag = 12.9582, inarray = 0
Elemid = 82, Nodeid = -1, x = 0.01375, y = 0.6925, dist = 0.0237141, e1mag = 12.9582, e2mag = 12.9582, inarray = 0
Elemid = 83, Nodeid = -1, x = 0.01125, y = 0.6575, dist = 0.0237141, e1mag = 12.9582, e2mag = 12.9582, inarray = 0
Elemid = 84, Nodeid = -1, x = 0.01125, y = 0.6075, dist = 0.0237141, e1mag = 12.9582, e2mag = 12.9582, inarray = 0
Elemid = 85, Nodeid = -1, x = 0.01375, y = 0.5925, dist = 0.0237141, e1mag = 12.9582, e2mag = 12.9582, inarray = 0
Elemid = 86, Nodeid = -1, x = 0.01375, y = 0.5425, dist = 0.0237141, e1mag = 12.9582, e2mag = 12.9582, inarray = 0
Elemid = 87, Nodeid = -1, x = 0.01125, y = 0.5075, dist = 0.0237141, e1mag = 12.9582, e2mag = 12.9582, inarray = 0
Elemid = 88, Nodeid = -1, x = 0.00375, y = 0.5275, dist = 0.0470861, e1mag = 12.9582, e2mag = 12.9582, inarray = 0
Elemid = 89, Nodeid = -1, x = 0.02125, y = 0.5225, dist = 0.0470861, e1mag = 12.9582, e2mag = 12.9582, inarray = 0
Elemid = 90, Nodeid = -1, x = 0.00375, y = 0.6775, dist = 0.0470861, e1mag = 12.9582, e2mag = 12.9582, inarray = 0
Elemid = 91, Nodeid = -1, x = 0.02125, y = 0.6725, dist = 0.0470861, e1mag = 12.9582, e2mag = 12.9582, inarray = 0
Elemid = 92, Nodeid = -1, x = 0.00375, y = 0.5775, dist = 0.0470861, e1mag = 12.9582, e2mag = 12.9582, inarray = 0
Elemid = 93, Nodeid = -1, x = 0.00375, y = 0.6275, dist = 0.0470861, e1mag = 12.9582, e2mag = 12.9582, inarray = 0
Elemid = 94, Nodeid = -1, x = 0.02125, y = 0.5725, dist = 0.0470861, e1mag = 12.9582, e2mag = 12.9582, inarray = 0
Elemid = 95, Nodeid = -1, x = 0.02125, y = 0.6225, dist = 0.0470861, e1mag = 12.9582, e2mag = 12.9582, inarray = 0
Elemid = 96, Nodeid = -1, x = 0.01125, y = 0.8825, dist = 0.0237141, e1mag = 12.9582, e2mag = 12.9582, inarray = 0
Elemid = 97, Nodeid = -1, x = 0.01375, y = 0.7675, dist = 0.0237141, e1mag = 12.9582, e2mag = 12.9582, inarray = 0
Elemid = 98, Nodeid = -1, x = 0.01125, y = 0.7325, dist = 0.0237141, e1mag = 12.9582, e2mag = 12.9582, inarray = 0
Elemid = 99, Nodeid = -1, x = 0.01125, y = 0.8325, dist = 0.0237141, e1mag = 12.9582, e2mag = 12.9582, inarray = 0
Elemid = 100, Nodeid = -1, x = 0.01375, y = 0.8675, dist = 0.0237141, e1mag = 12.9582, e2mag = 12.9582, inarray = 0
Elemid = 101, Nodeid = -1, x = 0.01125, y = 0.7825, dist = 0.0237141, e1mag = 12.9582, e2mag = 12.9582, inarray = 0
Elemid = 102, Nodeid = -1, x = 0.01375, y = 0.8175, dist = 0.0237141, e1mag = 12.9582, e2mag = 12.9582, inarray = 0
Elemid = 103, Nodeid = -1, x = 0.01375, y = 0.9175, dist = 0.0237141, e1mag = 12.9582, e2mag = 12.9582, inarray = 0
Elemid = 104, Nodeid = -1, x = 0.00375, y = 0.7525, dist = 0.0470861, e1mag = 12.9582, e2mag = 12.9582, inarray = 0
Elemid = 105, Nodeid = -1, x = 0.02125, y = 0.7475, dist = 0.0470861, e1mag = 12.9582, e2mag = 12.9582, inarray = 0
Elemid = 106, Nodeid = -1, x = 0.00375, y = 0.9025, dist = 0.0470861, e1mag = 12.9582, e2mag = 12.9582, inarray = 0
Elemid = 107, Nodeid = -1, x = 0.02125, y = 0.8975, dist = 0.0470861, e1mag = 12.9582, e2mag = 12.9582, inarray = 0
Elemid = 108, Nodeid = -1, x = 0.00375, y = 0.8025, dist = 0.0470861, e1mag = 12.9582, e2mag = 12.9582, inarray = 0
Elemid = 109, Nodeid = -1, x = 0.00375, y = 0.8525, dist = 0.0470861, e1mag = 12.9582, e2mag = 12.9582, inarray = 0
Elemid = 110, Nodeid = -1, x = 0.02125, y = 0.7975, dist = 0.0470861, e1mag = 12.9582, e2mag = 12.9582, inarray = 0
Elemid = 111, Nodeid = -1, x = 0.02125, y = 0.8475, dist = 0.0470861, e1mag = 12.9582, e2mag = 12.9582, inarray = 0
Elemid = 112, Nodeid = -1, x = 0.01125, y = 1.1075, dist = 0.0237141, e1mag = 12.9582, e2mag = 12.9582, inarray = 0
Elemid = 113, Nodeid = -1, x = 0.01375, y = 0.9925, dist = 0.0237141, e1mag = 12.9582, e2mag = 12.9582, inarray = 0
Elemid = 114, Nodeid = -1, x = 0.01125, y = 0.9575, dist = 0.0237141, e1mag = 12.9582, e2mag = 12.9582, inarray = 0
Elemid = 115, Nodeid = -1, x = 0.01125, y = 1.0575, dist = 0.0237141, e1mag = 12.9582, e2mag = 12.9582, inarray = 0
Elemid = 116, Nodeid = -1, x = 0.01125, y = 1.0075, dist = 0.0237141, e1mag = 12.9582, e2mag = 12.9582, inarray = 0
Elemid = 117, Nodeid = -1, x = 0.01375, y = 1.0425, dist = 0.0237141, e1mag = 12.9582, e2mag = 12.9582, inarray = 0
Elemid = 118, Nodeid = -1, x = 0.01375, y = 1.0925, dist = 0.0237141, e1mag = 12.9582, e2mag = 12.9582, inarray = 0
Elemid = 119, Nodeid = -1, x = 0.01375, y = 1.1425, dist = 0.0237141, e1mag = 12.9582, e2mag = 12.9582, inarray = 0
Elemid = 120, Nodeid = -1, x = 0.00375, y = 0.9775, dist = 0.0470861, e1mag = 12.9582, e2mag = 12.9582, inarray = 0
Elemid = 121, Nodeid = -1, x = 0.02125, y = 0.9725, dist = 0.0470861, e1mag = 12.9582, e2mag = 12.9582, inarray = 0
Elemid = 122, Nodeid = -1, x = 0.00375, y = 1.1275, dist = 0.0470861, e1mag = 12.9582, e2mag = 12.9582, inarray = 0
Elemid = 123, Nodeid = -1, x = 0.02125, y = 1.1225, dist = 0.0470861, e1mag = 12.9582, e2mag = 12.9582, inarray = 0
Elemid = 124, Nodeid = -1, x = 0.00375, y = 1.0275, dist = 0.0470861, e1mag = 12.9582, e2mag = 12.9582, inarray = 0
Elemid = 125, Nodeid = -1, x = 0.00375, y = 1.0775, dist = 0.0470861, e1mag = 12.9582, e2mag = 12.9582, inarray = 0
Elemid = 126, Nodeid = -1, x = 0.02125, y = 1.0225, dist = 0.0470861, e1mag = 12.9582, e2mag = 12.9582, inarray = 0
Elemid = 127, Nodeid = -1, x = 0.02125, y = 1.0725, dist = 0.0470861, e1mag = 12.9582, e2mag = 12.9582, inarray = 0
Elemid = 128, Nodeid = -1, x = 0.01125, y = 1.3325, dist = 0.0237141, e1mag = 12.9582, e2mag = 12.9582, inarray = 0
Elemid = 129, Nodeid = -1, x = 0.01375, y = 1.3175, dist = 0.0237141, e1mag = 12.9582, e2mag = 12.9582, inarray = 0
Elemid = 130, Nodeid = -1, x = 0.01125, y = 1.1825, dist = 0.0237141, e1mag = 12.9582, e2mag = 12.9582, inarray = 0
Elemid = 131, Nodeid = -1, x = 0.01125, y = 1.2325, dist = 0.0237141, e1mag = 12.9582, e2mag = 12.9582, inarray = 0
Elemid = 132, Nodeid = -1, x = 0.01375, y = 1.2675, dist = 0.0237141, e1mag = 12.9582, e2mag = 12.9582, inarray = 0
Elemid = 133, Nodeid = -1, x = 0.01125, y = 1.2825, dist = 0.0237141, e1mag = 12.9582, e2mag = 12.9582, inarray = 0
Elemid = 134, Nodeid = -1, x = 0.01375, y = 1.2175, dist = 0.0237141, e1mag = 12.9582, e2mag = 12.9582, inarray = 0
Elemid = 135, Nodeid = -1, x = 0.01375, y = 1.3675, dist = 0.0237141, e1mag = 12.9582, e2mag = 12.9582, inarray = 0
Elemid = 136, Nodeid = -1, x = 0.00375, y = 1.2025, dist = 0.0470861, e1mag = 12.9582, e2mag = 12.9582, inarray = 0
Elemid = 137, Nodeid = -1, x = 0.02125, y = 1.1975, dist = 0.0470861, e1mag = 12.9582, e2mag = 12.9582, inarray = 0
Elemid = 138, Nodeid = -1, x = 0.00375, y = 1.3525, dist = 0.0470861, e1mag = 12.9582, e2mag = 12.9582, inarray = 0
Elemid = 139, Nodeid = -1, x = 0.02125, y = 1.3475, dist = 0.0470861, e1mag = 12.9582, e2mag = 12.9582, inarray = 0
Elemid = 140, Nodeid = -1, x = 0.00375, y = 1.2525, dist = 0.0470861, e1mag = 12.9582, e2mag = 12.9582, inarray = 0
Elemid = 141, Nodeid = -1, x = 0.00375, y = 1.3025, dist = 0.0470861, e1mag = 12.9582, e2mag = 12.9582, inarray = 0
Elemid = 142, Nodeid = -1, x = 0.02125, y = 1.2475, dist = 0.0470861, e1mag = 12.9582, e2mag = 12.9582, inarray = 0
Elemid = 143, Nodeid = -1, x = 0.02125, y = 1.2975, dist = 0.0470861, e1mag = 12.9582, e2mag = 12.9582, inarray = 0
Elemid = 144, Nodeid = -1, x = 0.01125, y = 1.5575, dist = 0.0237141, e1mag = 12.9582, e2mag = 12.9582, inarray = 0
Elemid = 145, Nodeid = -1, x = 0.01125, y = 1.5075, dist = 0.0237141, e1mag = 12.9582, e2mag = 12.9582, inarray = 0
Elemid = 146, Nodeid = -1, x = 0.01125, y = 1.4575, dist = 0.0237141, e1mag = 12.9582, e2mag = 12.9582, inarray = 0
Elemid = 147, Nodeid = -1, x = 0.01375, y = 1.4425, dist = 0.0237141, e1mag = 12.9582, e2mag = 12.9582, inarray = 0
Elemid = 148, Nodeid = -1, x = 0.01125, y = 1.4075, dist = 0.0237141, e1mag = 12.9582, e2mag = 12.9582, inarray = 0
Elemid = 149, Nodeid = -1, x = 0.01375, y = 1.4925, dist = 0.0237141, e1mag = 12.9582, e2mag = 12.9582, inarray = 0
Elemid = 150, Nodeid = -1, x = 0.01375, y = 1.5425, dist = 0.0237141, e1mag = 12.9582, e2mag = 12.9582, inarray = 0
Elemid = 151, Nodeid = -1, x = 0.01375, y = 1.5925, dist = 0.0237141, e1mag = 12.9582, e2mag = 12.9582, inarray = 0
Elemid = 152, Nodeid = -1, x = 0.00375, y = 1.4275, dist = 0.0470861, e1mag = 12.9582, e2mag = 12.9582, inarray = 0
Elemid = 153, Nodeid = -1, x = 0.02125, y = 1.4225, dist = 0.0470861, e1mag = 12.9582, e2mag = 12.9582, inarray = 0
Elemid = 154, Nodeid = -1, x = 0.00375, y = 1.5775, dist = 0.0470861, e1mag = 12.9582, e2mag = 12.9582, inarray = 0
Elemid = 155, Nodeid = -1, x = 0.02125, y = 1.5725, dist = 0.0470861, e1mag = 12.9582, e2mag = 12.9582, inarray = 0
Elemid = 156, Nodeid = -1, x = 0.00375, y = 1.4775, dist = 0.0470861, e1mag = 12.9582, e2mag = 12.9582, inarray = 0
Elemid = 157, Nodeid = -1, x = 0.00375, y = 1.5275, dist = 0.0470861, e1mag = 12.9582, e2mag = 12.9582, inarray = 0
Elemid = 158, Nodeid = -1, x = 0.02125, y = 1.4725, dist = 0.0470861, e1mag = 12.9582, e2mag = 12.9582, inarray = 0
Elemid = 159, Nodeid = -1, x = 0.02125, y = 1.5225, dist = 0.0470861, e1mag = 12.9582, e2mag = 12.9582, inarray = 0
Elemid = 160, Nodeid = -1, x = 0.01125, y = 1.7825, dist = 0.0237141, e1mag = 12.9582, e2mag = 12.9582, inarray = 0
Elemid = 161, Nodeid = -1, x = 0.01375, y = 1.7675, dist = 0.0237141, e1mag = 12.9582, e2mag = 12.9582, inarray = 0
Elemid = 162, Nodeid = -1, x = 0.01125, y = 1.6325, dist = 0.0237141, e1mag = 12.9582, e2mag = 12.9582, inarray = 0
Elemid = 163, Nodeid = -1, x = 0.01375, y = 1.7175, dist = 0.0237141, e1mag = 12.9582, e2mag = 12.9582, inarray = 0
Elemid = 164, Nodeid = -1, x = 0.01125, y = 1.6825, dist = 0.0237141, e1mag = 12.9582, e2mag = 12.9582, inarray = 0
Elemid = 165, Nodeid = -1, x = 0.01125, y = 1.7325, dist = 0.0237141, e1mag = 12.9582, e2mag = 12.9582, inarray = 0
Elemid = 166, Nodeid = -1, x = 0.01375, y = 1.6675, dist = 0.0237141, e1mag = 12.9582, e2mag = 12.9582, inarray = 0
Elemid = 167, Nodeid = -1, x = 0.01375, y = 1.8175, dist = 0.0237141, e1mag = 12.9582, e2mag = 12.9582, inarray = 0
Elemid = 168, Nodeid = -1, x = 0.00375, y = 1.6525, dist = 0.0470861, e1mag = 12.9582, e2mag = 12.9582, inarray = 0
Elemid = 169, Nodeid = -1, x = 0.02125, y = 1.6475, dist = 0.0470861, e1mag = 12.9582, e2mag = 12.9582, inarray = 0
Elemid = 170, Nodeid = -1, x = 0.00375, y = 1.8025, dist = 0.0470861, e1mag = 12.9582, e2mag = 12.9582, inarray = 0
Elemid = 171, Nodeid = -1, x = 0.02125, y = 1.7975, dist = 0.0470861, e1mag = 12.9582, e2mag = 12.9582, inarray = 0
Elemid = 172, Nodeid = -1, x = 0.00375, y = 1.7025, dist = 0.0470861, e1mag = 12.9582, e2mag = 12.9582, inarray = 0
Elemid = 173, Nodeid = -1, x = 0.00375, y = 1.7525, dist = 0.0470861, e1mag = 12.9582, e2mag = 12.9582, inarray = 0
Elemid = 174, Nodeid = -1, x = 0.02125, y = 1.6975, dist = 0.0470861, e1mag = 12.9582, e2mag = 12.9582, inarray = 0
Elemid = 175, Nodeid = -1, x = 0.02125, y = 1.7475, dist = 0.0470861, e1mag = 12.9582, e2mag = 12.9582, inarray = 0
Elemid = 176, Nodeid = -1, x = 0.01125, y = 2.0075, dist = 0.0237141, e1mag = 12.9582, e2mag = 12.9582, inarray = 0
Elemid = 177, Nodeid = -1, x = 0.01125, y = 1.8575, dist = 0.0237141, e1mag = 12.9582, e2mag = 12.9582, inarray = 0
Elemid = 178, Nodeid = -1, x = 0.01125, y = 1.9575, dist = 0.0237141, e1mag = 12.9582, e2mag = 12.9582, inarray = 0
Elemid = 179, Nodeid = -1, x = 0.01375, y = 1.8925, dist = 0.0237141, e1mag = 12.9582, e2mag = 12.9582, inarray = 0
Elemid = 180, Nodeid = -1, x = 0.01125, y = 1.9075, dist = 0.0237141, e1mag = 12.9582, e2mag = 12.9582, inarray = 0
Elemid = 181, Nodeid = -1, x = 0.01375, y = 1.9925, dist = 0.0237141, e1mag = 12.9582, e2mag = 12.9582, inarray = 0
Elemid = 182, Nodeid = -1, x = 0.01375, y = 1.9425, dist = 0.0237141, e1mag = 12.9582, e2mag = 12.9582, inarray = 0
Elemid = 183, Nodeid = -1, x = 0.01375, y = 2.0425, dist = 0.0237141, e1mag = 12.9582, e2mag = 12.9582, inarray = 0
Elemid = 184, Nodeid = -1, x = 0.00375, y = 1.8775, dist = 0.0470861, e1mag = 12.9582, e2mag = 12.9582, inarray = 0
Elemid = 185, Nodeid = -1, x = 0.02125, y = 1.8725, dist = 0.0470861, e1mag = 12.9582, e2mag = 12.9582, inarray = 0
Elemid = 186, Nodeid = -1, x = 0.00375, y = 2.0275, dist = 0.0470861, e1mag = 12.9582, e2mag = 12.9582, inarray = 0
Elemid = 187, Nodeid = -1, x = 0.02125, y = 2.0225, dist = 0.0470861, e1mag = 12.9582, e2mag = 12.9582, inarray = 0
Elemid = 188, Nodeid = -1, x = 0.00375, y = 1.9275, dist = 0.0470861, e1mag = 12.9582, e2mag = 12.9582, inarray = 0
Elemid = 189, Nodeid = -1, x = 0.00375, y = 1.9775, dist = 0.0470861, e1mag = 12.9582, e2mag = 12.9582, inarray = 0
Elemid = 190, Nodeid = -1, x = 0.02125, y = 1.9225, dist = 0.0470861, e1mag = 12.9582, e2mag = 12.9582, inarray = 0
Elemid = 191, Nodeid = -1, x = 0.02125, y = 1.9725, dist = 0.0470861, e1mag = 12.9582, e2mag = 12.9582, inarray = 0
Elemid = 192, Nodeid = -1, x = 0.01125, y = 2.2325, dist = 0.0237141, e1mag = 12.9582, e2mag = 12.9582, inarray = 0
Elemid = 193, Nodeid = -1, x = 0.01125, y = 2.1325, dist = 0.0237141, e1mag = 12.9582, e2mag = 12.9582, inarray = 0
Elemid = 194, Nodeid = -1, x = 0.01375, y = 2.1175, dist = 0.0237141, e1mag = 12.9582, e2mag = 12.9582, inarray = 0
Elemid = 195, Nodeid = -1, x = 0.01125, y = 2.0825, dist = 0.0237141, e1mag = 12.9582, e2mag = 12.9582, inarray = 0
Elemid = 196, Nodeid = -1, x = 0.01125, y = 2.1825, dist = 0.0237141, e1mag = 12.9582, e2mag = 12.9582, inarray = 0
Elemid = 197, Nodeid = -1, x = 0.01375, y = 2.2175, dist = 0.0237141, e1mag = 12.9582, e2mag = 12.9582, inarray = 0
Elemid = 198, Nodeid = -1, x = 0.01375, y = 2.1675, dist = 0.0237141, e1mag = 12.9582, e2mag = 12.9582, inarray = 0
Elemid = 199, Nodeid = -1, x = 0.01375, y = 2.2675, dist = 0.0237141, e1mag = 12.9582, e2mag = 12.9582, inarray = 0
Elemid = 200, Nodeid = -1, x = 0.00375, y = 2.1025, dist = 0.0470861, e1mag = 12.9582, e2mag = 12.9582, inarray = 0
Elemid = 201, Nodeid = -1, x = 0.02125, y = 2.0975, dist = 0.0470861, e1mag = 12.9582, e2mag = 12.9582, inarray = 0
Elemid = 202, Nodeid = -1, x = 0.00375, y = 2.2525, dist = 0.0470861, e1mag = 12.9582, e2mag = 12.9582, inarray = 0
Elemid = 203, Nodeid = -1, x = 0.02125, y = 2.2475, dist = 0.0470861, e1mag = 12.9582, e2mag = 12.9582, inarray = 0
Elemid = 204, Nodeid = -1, x = 0.00375, y = 2.1525, dist = 0.0470861, e1mag = 12.9582, e2mag = 12.9582, inarray = 0
Elemid = 205, Nodeid = -1, x = 0.00375, y = 2.2025, dist = 0.0470861, e1mag = 12.9582, e2mag = 12.9582, inarray = 0
Elemid = 206, Nodeid = -1, x = 0.02125, y = 2.1475, dist = 0.0470861, e1mag = 12.9582, e2mag = 12.9582, inarray = 0
Elemid = 207, Nodeid = -1, x = 0.02125, y = 2.1975, dist = 0.0470861, e1mag = 12.9582, e2mag = 12.9582, inarray = 0
Initial: max um = 0
Writing: "NeuralEP2DL2mono_w025_reri2_initial.chk"
 (0s, XML)
Steps: 100000   Time: 0.01        
 CPU Time: 10.415 min.

um_max = 131.908 at x = 0, y = 0, z = 0
 
(Nodeid,phim): (0,125.486), (1,88.4419), (2,0.784062), (3,5.4184e-05), (4,-0.0010672), (5,-0.0010688), (6,-0.00106244), (7,-0.00106244), (8,-0.00106244), (9,-0.00106244), (10,-0.00106244), (11,-0.00107102),  

Writing: "NeuralEP2DL2mono_w025_reri2_1.chk"
 (0s, XML)
Steps: 200000   Time: 0.02        
 CPU Time: 10.6013 min.

um_max = 117.128 at x = 0, y = 0.0279368, z = 0
 
(Nodeid,phim): (0,113.434), (1,94.53), (2,0.826253), (3,8.94727e-05), (4,-0.00108728), (5,-0.00108896), (6,-0.00108249), (7,-0.00108249), (8,-0.00108249), (9,-0.00108249), (10,-0.00108249), (11,-0.00109121),  

Writing: "NeuralEP2DL2mono_w025_reri2_2.chk"
 (0s, XML)
Steps: 300000   Time: 0.03        
 CPU Time: 10.6141 min.

um_max = 118.556 at x = 0, y = 0.0279368, z = 0
 
(Nodeid,phim): (0,115.76), (1,106.54), (2,1.9087), (3,0.00162188), (4,-0.00110172), (5,-0.00110561), (6,-0.00109905), (7,-0.00109905), (8,-0.00109905), (9,-0.00109905), (10,-0.00109905), (11,-0.0011079),  

Writing: "NeuralEP2DL2mono_w025_reri2_3.chk"
 (0s, XML)
Steps: 400000   Time: 0.04        
 CPU Time: 10.6093 min.

um_max = 118.429 at x = 0.0110316, y = 0.0389684, z = 0
 
(Nodeid,phim): (0,116.401), (1,112.755), (2,3.35674), (3,0.00366132), (4,-0.00111249), (5,-0.00111933), (6,-0.0011127), (7,-0.0011127), (8,-0.0011127), (9,-0.0011127), (10,-0.0011127), (11,-0.00112165),  

Writing: "NeuralEP2DL2mono_w025_reri2_4.chk"
 (0s, XML)
Steps: 500000   Time: 0.05        
 CPU Time: 10.6058 min.

um_max = 117.564 at x = 0.0110316, y = 0.0389684, z = 0
 
(Nodeid,phim): (0,116.365), (1,115.012), (2,5.344), (3,0.00586649), (4,-0.00112058), (5,-0.00113061), (6,-0.00112392), (7,-0.00112392), (8,-0.00112392), (9,-0.00112392), (10,-0.00112392), (11,-0.00113296),  

Writing: "NeuralEP2DL2mono_w025_reri2_5.chk"
 (0s, XML)
Steps: 600000   Time: 0.06        
 CPU Time: 10.5983 min.

um_max = 116.511 at x = 0.0110316, y = 0.0389684, z = 0
 
(Nodeid,phim): (0,115.964), (1,115.657), (2,8.99117), (3,0.00734654), (4,-0.00112762), (5,-0.00113985), (6,-0.00113311), (7,-0.00113311), (8,-0.00113311), (9,-0.00113311), (10,-0.00113311), (11,-0.00114221),  

Writing: "NeuralEP2DL2mono_w025_reri2_6.chk"
 (0s, XML)
Steps: 700000   Time: 0.07        
 CPU Time: 10.5999 min.

um_max = 116.08 at x = 0.0235316, y = 0.0459398, z = 0
 
(Nodeid,phim): (0,115.329), (1,115.519), (2,13.216), (3,-9.8512e-07), (4,-0.0011454), (5,-0.00114739), (6,-0.0011406), (7,-0.0011406), (8,-0.0011406), (9,-0.0011406), (10,-0.0011406), (11,-0.00114976),  

Writing: "NeuralEP2DL2mono_w025_reri2_7.chk"
 (0s, XML)
Steps: 800000   Time: 0.08        
 CPU Time: 10.595 min.

um_max = 115.98 at x = 0.0235316, y = 0.0485316, z = 0
 
(Nodeid,phim): (0,114.52), (1,114.96), (2,19.0679), (3,-0.0226436), (4,-0.00118405), (5,-0.00115353), (6,-0.00114666), (7,-0.00114666), (8,-0.00114666), (9,-0.00114666), (10,-0.00114666), (11,-0.00115586),  

Writing: "NeuralEP2DL2mono_w025_reri2_8.chk"
 (0s, XML)
Steps: 900000   Time: 0.09        
 CPU Time: 10.6009 min.

um_max = 117.984 at x = 0.0014684, y = 0.251468, z = 0
 
(Nodeid,phim): (0,113.573), (1,114.17), (2,24.7196), (3,-0.0391343), (4,-0.00121295), (5,-0.00115846), (6,-0.00115152), (7,-0.00115152), (8,-0.00115152), (9,-0.00115152), (10,-0.00115152), (11,-0.00116076),  

Writing: "NeuralEP2DL2mono_w025_reri2_9.chk"
 (0s, XML)
Steps: 1000000  Time: 0.1         
 CPU Time: 10.6043 min.

um_max = 119.375 at x = 0, y = 0.252937, z = 0
 
(Nodeid,phim): (0,112.509), (1,113.234), (2,31.9044), (3,-0.032862), (4,-0.00120859), (5,-0.00116233), (6,-0.00115539), (7,-0.00115538), (8,-0.00115538), (9,-0.00115538), (10,-0.00115539), (11,-0.00116466),  

Writing: "NeuralEP2DL2mono_w025_reri2_10.chk"
 (0s, XML)
Steps: 1100000  Time: 0.11        
 CPU Time: 10.6019 min.

um_max = 117.465 at x = 0.025, y = 0.252937, z = 0
 
(Nodeid,phim): (0,111.34), (1,112.179), (2,43.9274), (3,0.0261848), (4,-0.00112716), (5,-0.00116525), (6,-0.00115841), (7,-0.00115841), (8,-0.00115841), (9,-0.00115841), (10,-0.00115841), (11,-0.0011677),  

Writing: "NeuralEP2DL2mono_w025_reri2_11.chk"
 (0s, XML)
Steps: 1200000  Time: 0.12        
 CPU Time: 10.6215 min.

um_max = 118.993 at x = 0.0014684, y = 0.25406, z = 0
 
(Nodeid,phim): (0,110.076), (1,111.004), (2,56.1972), (3,0.0682244), (4,-0.00106785), (5,-0.00116749), (6,-0.00116073), (7,-0.00116073), (8,-0.00116073), (9,-0.00116073), (10,-0.00116073), (11,-0.00117004),  

Writing: "NeuralEP2DL2mono_w025_reri2_12.chk"
 (0s, XML)
Steps: 1300000  Time: 0.13        
 CPU Time: 10.6467 min.

um_max = 119.031 at x = 0.0205327, y = 0.256355, z = 0
 
(Nodeid,phim): (0,108.726), (1,109.721), (2,70.4397), (3,0.0455277), (4,-0.00110077), (5,-0.00116927), (6,-0.00116245), (7,-0.00116246), (8,-0.00116246), (9,-0.00116246), (10,-0.00116246), (11,-0.00117178),  

Writing: "NeuralEP2DL2mono_w025_reri2_13.chk"
 (0s, XML)
Steps: 1400000  Time: 0.14        
 CPU Time: 10.6134 min.

um_max = 119.848 at x = 0, y = 0.258935, z = 0
 
(Nodeid,phim): (0,107.297), (1,108.357), (2,85.3287), (3,-0.0226813), (4,-0.00120097), (5,-0.00117065), (6,-0.00116369), (7,-0.00116369), (8,-0.00116369), (9,-0.00116369), (10,-0.00116369), (11,-0.00117302),  

Writing: "NeuralEP2DL2mono_w025_reri2_14.chk"
 (0s, XML)
Steps: 1500000  Time: 0.15        
 CPU Time: 10.6036 min.

um_max = 118.626 at x = 0.025, y = 0.258935, z = 0
 
(Nodeid,phim): (0,105.795), (1,106.911), (2,96.1332), (3,0.0711361), (4,-0.00107194), (5,-0.0011713), (6,-0.00116451), (7,-0.00116451), (8,-0.00116451), (9,-0.00116451), (10,-0.00116451), (11,-0.00117385),  

Writing: "NeuralEP2DL2mono_w025_reri2_15.chk"
 (0s, XML)
Steps: 1600000  Time: 0.16        
 CPU Time: 10.6129 min.

um_max = 116.699 at x = 0.0169673, y = 0.261226, z = 0
 
(Nodeid,phim): (0,104.227), (1,105.386), (2,104.065), (3,0.413754), (4,-0.000581182), (5,-0.00117107), (6,-0.00116498), (7,-0.00116499), (8,-0.00116499), (9,-0.00116499), (10,-0.00116499), (11,-0.00117433),  

Writing: "NeuralEP2DL2mono_w025_reri2_16.chk"
 (0s, XML)
Steps: 1700000  Time: 0.17        
 CPU Time: 10.597 min.

um_max = 119.829 at x = 0, y = 0.266065, z = 0
 
(Nodeid,phim): (0,102.597), (1,103.799), (2,108.313), (3,0.902511), (4,0.000118655), (5,-0.00117026), (6,-0.00116516), (7,-0.00116518), (8,-0.00116518), (9,-0.00116518), (10,-0.00116518), (11,-0.00117451),  

Writing: "NeuralEP2DL2mono_w025_reri2_17.chk"
 (0s, XML)
Steps: 1800000  Time: 0.18        
 CPU Time: 10.6389 min.

um_max = 120.474 at x = 0, y = 0.266065, z = 0
 
(Nodeid,phim): (0,100.911), (1,102.153), (2,110.652), (3,1.85612), (4,0.00148063), (5,-0.00116826), (6,-0.0011651), (7,-0.00116512), (8,-0.00116512), (9,-0.00116512), (10,-0.00116512), (11,-0.00117446),  

Writing: "NeuralEP2DL2mono_w025_reri2_18.chk"
 (0s, XML)
Steps: 1900000  Time: 0.19        
 CPU Time: 10.6014 min.

um_max = 117.875 at x = 0.025, y = 0.266065, z = 0
 
(Nodeid,phim): (0,99.1755), (1,100.453), (2,112.197), (3,3.30719), (4,0.00354145), (5,-0.00116504), (6,-0.00116483), (7,-0.00116487), (8,-0.00116487), (9,-0.00116487), (10,-0.00116487), (11,-0.00117421),  

Writing: "NeuralEP2DL2mono_w025_reri2_19.chk"
 (0s, XML)
Steps: 2000000  Time: 0.2         
 CPU Time: 10.5719 min.

um_max = 116.537 at x = 0.0044673, y = 0.270533, z = 0
 
(Nodeid,phim): (0,97.3945), (1,98.7016), (2,112.586), (3,5.26074), (4,0.00575801), (5,-0.00116143), (6,-0.00116439), (7,-0.00116445), (8,-0.00116445), (9,-0.00116445), (10,-0.00116445), (11,-0.00117378),  

Writing: "NeuralEP2DL2mono_w025_reri2_20.chk"
 (0s, XML)
Steps: 2100000  Time: 0.21        
 CPU Time: 10.5996 min.

um_max = 116.143 at x = 0.0205327, y = 0.270533, z = 0
 
(Nodeid,phim): (0,95.573), (1,96.9048), (2,112.26), (3,8.86179), (4,0.00732435), (5,-0.00115857), (6,-0.00116382), (7,-0.0011639), (8,-0.0011639), (9,-0.0011639), (10,-0.0011639), (11,-0.00117322),  

Writing: "NeuralEP2DL2mono_w025_reri2_21.chk"
 (0s, XML)
Steps: 2200000  Time: 0.22        
 CPU Time: 10.6023 min.

um_max = 116.037 at x = 0.0147912, y = 0.270533, z = 0
 
(Nodeid,phim): (0,93.7155), (1,95.0676), (2,111.471), (3,13.0603), (4,0.000515691), (5,-0.0011674), (6,-0.00116321), (7,-0.00116323), (8,-0.00116323), (9,-0.00116323), (10,-0.00116323), (11,-0.00117255),  

Writing: "NeuralEP2DL2mono_w025_reri2_22.chk"
 (0s, XML)
Steps: 2300000  Time: 0.23        
 CPU Time: 10.5922 min.

um_max = 115.955 at x = 0.0156466, y = 0.273532, z = 0
 
(Nodeid,phim): (0,91.8264), (1,93.1949), (2,110.402), (3,18.8763), (4,-0.0219704), (5,-0.00119895), (6,-0.00116268), (7,-0.00116247), (8,-0.00116247), (9,-0.00116247), (10,-0.00116247), (11,-0.00117179),  

Writing: "NeuralEP2DL2mono_w025_reri2_23.chk"
 (0s, XML)
Steps: 2400000  Time: 0.24        
 CPU Time: 10.5993 min.

um_max = 117.902 at x = 0.0014684, y = 0.476468, z = 0
 
(Nodeid,phim): (0,89.9096), (1,91.2911), (2,109.179), (3,24.5462), (4,-0.0388171), (5,-0.00122263), (6,-0.00116201), (7,-0.00116164), (8,-0.00116164), (9,-0.00116164), (10,-0.00116164), (11,-0.00117095),  

Writing: "NeuralEP2DL2mono_w025_reri2_24.chk"
 (0s, XML)
Steps: 2500000  Time: 0.25        
 CPU Time: 10.6032 min.

um_max = 119.355 at x = 0, y = 0.477937, z = 0
 
(Nodeid,phim): (0,87.9686), (1,89.3603), (2,107.862), (3,31.5881), (4,-0.0338433), (5,-0.00121533), (6,-0.00116108), (7,-0.00116075), (8,-0.00116075), (9,-0.00116075), (10,-0.00116075), (11,-0.00117004),  

Writing: "NeuralEP2DL2mono_w025_reri2_25.chk"
 (0s, XML)
Steps: 2600000  Time: 0.26        
 CPU Time: 10.5692 min.

um_max = 117.578 at x = 0.025, y = 0.477937, z = 0
 
(Nodeid,phim): (0,86.0071), (1,87.4062), (2,106.464), (3,43.5302), (4,0.0240659), (5,-0.00113163), (6,-0.00115957), (7,-0.0011598), (8,-0.0011598), (9,-0.0011598), (10,-0.0011598), (11,-0.00116909),  

Writing: "NeuralEP2DL2mono_w025_reri2_26.chk"
 (0s, XML)
Steps: 2700000  Time: 0.27        
 CPU Time: 10.5726 min.

um_max = 118.993 at x = 0.0235316, y = 0.47906, z = 0
 
(Nodeid,phim): (0,84.0283), (1,85.4323), (2,104.977), (3,55.8005), (4,0.0677358), (5,-0.00106667), (6,-0.00115814), (7,-0.00115882), (8,-0.00115882), (9,-0.00115882), (10,-0.00115882), (11,-0.0011681),  

Writing: "NeuralEP2DL2mono_w025_reri2_27.chk"
 (0s, XML)
Steps: 2800000  Time: 0.28        
 CPU Time: 10.5953 min.

um_max = 119.107 at x = 0.0044673, y = 0.481355, z = 0
 
(Nodeid,phim): (0,82.0351), (1,83.4418), (2,103.41), (3,69.9263), (4,0.0475525), (5,-0.00109323), (6,-0.00115731), (7,-0.00115781), (8,-0.00115781), (9,-0.00115781), (10,-0.00115781), (11,-0.00116708),  

Writing: "NeuralEP2DL2mono_w025_reri2_28.chk"
 (0s, XML)
Steps: 2900000  Time: 0.29        
 CPU Time: 10.5827 min.

um_max = 119.775 at x = 0.025, y = 0.483935, z = 0
 
(Nodeid,phim): (0,80.0306), (1,81.4378), (2,101.785), (3,84.9334), (4,-0.0215757), (5,-0.00119234), (6,-0.00115697), (7,-0.00115678), (8,-0.00115678), (9,-0.00115678), (10,-0.00115678), (11,-0.00116604),  

Writing: "NeuralEP2DL2mono_w025_reri2_29.chk"
 (0s, XML)
Steps: 3000000  Time: 0.3         
 CPU Time: 10.6006 min.

um_max = 118.76 at x = 0.025, y = 0.483935, z = 0
 
(Nodeid,phim): (0,78.0175), (1,79.4233), (2,100.103), (3,95.8273), (4,0.0634279), (5,-0.00107404), (6,-0.00115515), (7,-0.00115573), (8,-0.00115573), (9,-0.00115573), (10,-0.00115573), (11,-0.00116499),  

Writing: "NeuralEP2DL2mono_w025_reri2_30.chk"
 (0s, XML)
Steps: 3100000  Time: 0.31        
 CPU Time: 10.5832 min.

um_max = 116.713 at x = 0.0169673, y = 0.486226, z = 0
 
(Nodeid,phim): (0,75.9987), (1,77.4012), (2,98.3633), (3,103.873), (4,0.401304), (5,-0.000588721), (6,-0.00115077), (7,-0.00115466), (8,-0.00115467), (9,-0.00115467), (10,-0.00115467), (11,-0.00116392),  

Writing: "NeuralEP2DL2mono_w025_reri2_31.chk"
 (0s, XML)
Steps: 3200000  Time: 0.32        
 CPU Time: 10.6095 min.

um_max = 119.709 at x = 0, y = 0.491065, z = 0
 
(Nodeid,phim): (0,73.9772), (1,75.3744), (2,96.5814), (3,108.221), (4,0.882219), (5,0.000101278), (6,-0.00114499), (7,-0.00115359), (8,-0.0011536), (9,-0.0011536), (10,-0.0011536), (11,-0.00116284),  

Writing: "NeuralEP2DL2mono_w025_reri2_32.chk"
 (0s, XML)
Steps: 3300000  Time: 0.33        
 CPU Time: 10.6033 min.

um_max = 120.539 at x = 0, y = 0.491065, z = 0
 
(Nodeid,phim): (0,71.9558), (1,73.3459), (2,94.761), (3,110.586), (4,1.81491), (5,0.00143426), (6,-0.00113482), (7,-0.00115251), (8,-0.00115253), (9,-0.00115253), (10,-0.00115253), (11,-0.00116176),  

Writing: "NeuralEP2DL2mono_w025_reri2_33.chk"
 (0s, XML)
Steps: 3400000  Time: 0.34        
 CPU Time: 10.6005 min.

um_max = 117.949 at x = 0.025, y = 0.491065, z = 0
 
(Nodeid,phim): (0,69.9377), (1,71.3187), (2,92.9048), (3,112.167), (4,3.25735), (5,0.0034863), (6,-0.00111963), (7,-0.00115142), (8,-0.00115146), (9,-0.00115146), (10,-0.00115146), (11,-0.00116068),  

Writing: "NeuralEP2DL2mono_w025_reri2_34.chk"
 (0s, XML)
Steps: 3500000  Time: 0.35        
 CPU Time: 10.6076 min.

um_max = 116.545 at x = 0.0205327, y = 0.495533, z = 0
 
(Nodeid,phim): (0,67.9262), (1,69.2961), (2,91.0152), (3,112.588), (4,5.1781), (5,0.0057014), (6,-0.0011033), (7,-0.00115033), (8,-0.00115039), (9,-0.00115039), (10,-0.00115039), (11,-0.0011596),  

Writing: "NeuralEP2DL2mono_w025_reri2_35.chk"
 (0s, XML)
Steps: 3600000  Time: 0.36        
 CPU Time: 10.5952 min.

um_max = 116.159 at x = 0.0044673, y = 0.495533, z = 0
 
(Nodeid,phim): (0,65.9249), (1,67.2814), (2,89.0968), (3,112.279), (4,8.73071), (5,0.00733955), (6,-0.00109076), (7,-0.00114924), (8,-0.00114933), (9,-0.00114933), (10,-0.00114933), (11,-0.00115853),  

Writing: "NeuralEP2DL2mono_w025_reri2_36.chk"
 (0s, XML)
Steps: 3700000  Time: 0.37        
 CPU Time: 10.5627 min.

um_max = 116.044 at x = 0.0147912, y = 0.495533, z = 0
 
(Nodeid,phim): (0,63.9373), (1,65.2783), (2,87.1538), (3,111.502), (4,12.9056), (5,0.00104992), (6,-0.00113161), (7,-0.00114824), (8,-0.00114827), (9,-0.00114827), (10,-0.00114827), (11,-0.00115746),  

Writing: "NeuralEP2DL2mono_w025_reri2_37.chk"
 (0s, XML)
Steps: 3800000  Time: 0.38        
 CPU Time: 10.562 min.

um_max = 115.959 at x = 0.0156466, y = 0.498532, z = 0
 
(Nodeid,phim): (0,61.9672), (1,63.2904), (2,85.1901), (3,110.44), (4,18.6824), (5,-0.0212512), (6,-0.00128373), (7,-0.00114741), (8,-0.00114722), (9,-0.00114722), (10,-0.00114722), (11,-0.0011564),  

Writing: "NeuralEP2DL2mono_w025_reri2_38.chk"
 (0s, XML)
Steps: 3900000  Time: 0.39        
 CPU Time: 10.5833 min.

um_max = 117.811 at x = 0.0014684, y = 0.701468, z = 0
 
(Nodeid,phim): (0,60.0184), (1,61.3214), (2,83.2093), (3,109.221), (4,24.372), (5,-0.0384536), (6,-0.00140235), (7,-0.00114654), (8,-0.00114617), (9,-0.00114617), (10,-0.00114617), (11,-0.00115535),  

Writing: "NeuralEP2DL2mono_w025_reri2_39.chk"
 (0s, XML)
Steps: 4000000  Time: 0.4         
 CPU Time: 10.5807 min.

um_max = 119.327 at x = 0, y = 0.702937, z = 0
 
(Nodeid,phim): (0,58.0944), (1,59.3751), (2,81.2149), (3,107.906), (4,31.2772), (5,-0.0347358), (6,-0.00137922), (7,-0.00114548), (8,-0.00114514), (9,-0.00114514), (10,-0.00114514), (11,-0.00115431),  

Writing: "NeuralEP2DL2mono_w025_reri2_40.chk"
 (0s, XML)
Steps: 4100000  Time: 0.41        
 CPU Time: 10.5865 min.

um_max = 117.689 at x = 0, y = 0.702937, z = 0
 
(Nodeid,phim): (0,56.1985), (1,57.4548), (2,79.2102), (3,106.511), (4,43.1304), (5,0.0219267), (6,-0.000991321), (7,-0.0011439), (8,-0.00114412), (9,-0.00114412), (10,-0.00114412), (11,-0.00115327),  

Writing: "NeuralEP2DL2mono_w025_reri2_41.chk"
 (0s, XML)
Steps: 4200000  Time: 0.42        
 CPU Time: 10.5806 min.

um_max = 118.989 at x = 0.0014684, y = 0.70406, z = 0
 
(Nodeid,phim): (0,54.3332), (1,55.5635), (2,77.1983), (3,105.027), (4,55.404), (5,0.0671974), (6,-0.000673513), (7,-0.00114243), (8,-0.0011431), (9,-0.0011431), (10,-0.0011431), (11,-0.00115225),  

Writing: "NeuralEP2DL2mono_w025_reri2_42.chk"
 (0s, XML)
Steps: 4300000  Time: 0.43        
 CPU Time: 10.572 min.

um_max = 119.179 at x = 0.0205327, y = 0.706355, z = 0
 
(Nodeid,phim): (0,52.5002), (1,53.7033), (2,75.1823), (3,103.462), (4,69.4137), (5,0.0495138), (6,-0.000787236), (7,-0.00114158), (8,-0.0011421), (9,-0.0011421), (10,-0.0011421), (11,-0.00115124),  

Writing: "NeuralEP2DL2mono_w025_reri2_43.chk"
 (0s, XML)
Steps: 4400000  Time: 0.44        
 CPU Time: 10.5791 min.

um_max = 119.696 at x = 0, y = 0.708935, z = 0
 
(Nodeid,phim): (0,50.7), (1,51.8755), (2,73.1656), (3,101.839), (4,84.5314), (5,-0.0203038), (6,-0.0012692), (7,-0.00114129), (8,-0.00114111), (9,-0.00114111), (10,-0.00114111), (11,-0.00115024),  

Writing: "NeuralEP2DL2mono_w025_reri2_44.chk"
 (0s, XML)
Steps: 4500000  Time: 0.45        
 CPU Time: 10.5688 min.

um_max = 118.89 at x = 0.025, y = 0.708935, z = 0
 
(Nodeid,phim): (0,48.9321), (1,50.0802), (2,71.1511), (3,100.158), (4,95.5176), (5,0.0560267), (6,-0.000766762), (7,-0.00113962), (8,-0.00114013), (9,-0.00114013), (10,-0.00114013), (11,-0.00114926),  

Writing: "NeuralEP2DL2mono_w025_reri2_45.chk"
 (0s, XML)
Steps: 4600000  Time: 0.46        
 CPU Time: 10.5682 min.

um_max = 116.727 at x = 0.0080327, y = 0.711226, z = 0
 
(Nodeid,phim): (0,47.1943), (1,48.3162), (2,69.1423), (3,98.4203), (4,103.675), (5,0.38891), (6,0.0015147), (7,-0.00113539), (8,-0.00113916), (9,-0.00113916), (10,-0.00113916), (11,-0.00114828),  

Writing: "NeuralEP2DL2mono_w025_reri2_46.chk"
 (0s, XML)
Steps: 4700000  Time: 0.47        
 CPU Time: 10.6205 min.

um_max = 119.582 at x = 0.025, y = 0.716065, z = 0
 
(Nodeid,phim): (0,45.4829), (1,46.5806), (2,67.1421), (3,96.6396), (4,108.127), (5,0.862309), (6,0.00475922), (7,-0.00112979), (8,-0.00113821), (9,-0.00113821), (10,-0.00113821), (11,-0.00114732),  

Writing: "NeuralEP2DL2mono_w025_reri2_47.chk"
 (0s, XML)
Steps: 4800000  Time: 0.48        
 CPU Time: 10.5679 min.

um_max = 120.601 at x = 0.025, y = 0.716065, z = 0
 
(Nodeid,phim): (0,43.7926), (1,44.8693), (2,65.154), (3,94.8205), (4,110.52), (5,1.77422), (6,0.0109869), (7,-0.00111995), (8,-0.00113727), (9,-0.00113727), (10,-0.00113727), (11,-0.00114637),  

Writing: "NeuralEP2DL2mono_w025_reri2_48.chk"
 (0s, XML)
Steps: 4900000  Time: 0.49        
 CPU Time: 10.567 min.

um_max = 118.024 at x = 0.025, y = 0.716065, z = 0
 
(Nodeid,phim): (0,42.1166), (1,43.1762), (2,63.181), (3,92.9653), (4,112.136), (5,3.20778), (6,0.0207459), (7,-0.00110498), (8,-0.00113634), (9,-0.00113634), (10,-0.00113634), (11,-0.00114543),  

Writing: "NeuralEP2DL2mono_w025_reri2_49.chk"
 (0s, XML)
Steps: 5000000  Time: 0.5         
 CPU Time: 10.5574 min.

um_max = 116.552 at x = 0.0205327, y = 0.720533, z = 0
 
(Nodeid,phim): (0,40.446), (1,41.4936), (2,61.2261), (3,91.0768), (4,112.588), (5,5.09739), (6,0.0313221), (7,-0.00108882), (8,-0.00113542), (9,-0.00113542), (10,-0.00113542), (11,-0.00114451),  

Writing: "NeuralEP2DL2mono_w025_reri2_50.chk"
 (0s, XML)
Steps: 5100000  Time: 0.51        
 CPU Time: 10.5895 min.

um_max = 116.175 at x = 0.0205327, y = 0.720533, z = 0
 
(Nodeid,phim): (0,38.7704), (1,39.8121), (2,59.292), (3,89.1592), (4,112.297), (5,8.5993), (6,0.039462), (7,-0.001076), (8,-0.00113452), (9,-0.00113452), (10,-0.00113452), (11,-0.00114359),  

Writing: "NeuralEP2DL2mono_w025_reri2_51.chk"
 (0s, XML)
Steps: 5200000  Time: 0.52        
 CPU Time: 10.5821 min.

um_max = 116.051 at x = 0.0102088, y = 0.720533, z = 0
 
(Nodeid,phim): (0,37.0769), (1,38.1201), (2,57.381), (3,87.217), (4,111.532), (5,12.7534), (6,0.0117774), (7,-0.00111361), (8,-0.00113362), (9,-0.00113362), (10,-0.00113362), (11,-0.00114269),  

Writing: "NeuralEP2DL2mono_w025_reri2_52.chk"
 (0s, XML)
Steps: 5300000  Time: 0.53        
 CPU Time: 10.627 min.

um_max = 115.962 at x = 0.00935344, y = 0.723532, z = 0
 
(Nodeid,phim): (0,35.3508), (1,36.404), (2,55.495), (3,85.2538), (4,110.477), (5,18.4877), (6,-0.0938268), (7,-0.00126431), (8,-0.00113274), (9,-0.00113274), (10,-0.00113274), (11,-0.00114181),  

Writing: "NeuralEP2DL2mono_w025_reri2_53.chk"
 (0s, XML)
Steps: 5400000  Time: 0.54        
 CPU Time: 10.6005 min.

um_max = 117.713 at x = 0.0235316, y = 0.926468, z = 0
 
(Nodeid,phim): (0,33.5749), (1,34.6479), (2,53.635), (3,83.2736), (4,109.261), (5,24.1983), (6,-0.177753), (7,-0.00138548), (8,-0.00113188), (9,-0.00113187), (10,-0.00113187), (11,-0.00114093),  

Writing: "NeuralEP2DL2mono_w025_reri2_54.chk"
 (0s, XML)
Steps: 5500000  Time: 0.55        
 CPU Time: 10.577 min.

um_max = 119.292 at x = 0.025, y = 0.927937, z = 0
 
(Nodeid,phim): (0,31.7297), (1,32.8336), (2,51.8009), (3,81.2796), (4,107.949), (5,30.9734), (6,-0.16573), (7,-0.00137069), (8,-0.00113102), (9,-0.00113102), (10,-0.00113102), (11,-0.00114007),  

Writing: "NeuralEP2DL2mono_w025_reri2_55.chk"
 (0s, XML)
Steps: 5600000  Time: 0.56        
 CPU Time: 10.6039 min.

um_max = 117.799 at x = 0.025, y = 0.927937, z = 0
 
(Nodeid,phim): (0,29.7949), (1,30.9414), (2,49.992), (3,79.2751), (4,106.556), (5,42.7297), (6,0.0988114), (7,-0.000992495), (8,-0.00113017), (9,-0.00113017), (10,-0.00113017), (11,-0.00113922),  

Writing: "NeuralEP2DL2mono_w025_reri2_56.chk"
 (0s, XML)
Steps: 5700000  Time: 0.57        
 CPU Time: 10.62 min.

um_max = 118.982 at x = 0.0235316, y = 0.92906, z = 0
 
(Nodeid,phim): (0,27.751), (1,28.9515), (2,48.206), (3,77.2634), (4,105.076), (5,55.0088), (6,0.322766), (7,-0.000664163), (8,-0.00112934), (9,-0.00112934), (10,-0.00112934), (11,-0.00113838),  

Writing: "NeuralEP2DL2mono_w025_reri2_57.chk"
 (0s, XML)
Steps: 5800000  Time: 0.58        
 CPU Time: 10.6357 min.

um_max = 119.245 at x = 0.0044673, y = 0.931355, z = 0
 
(Nodeid,phim): (0,25.5844), (1,26.8478), (2,46.4391), (3,75.2475), (4,103.513), (5,68.9037), (6,0.250022), (7,-0.000761061), (8,-0.00112852), (9,-0.00112852), (10,-0.00112852), (11,-0.00113755),  

Writing: "NeuralEP2DL2mono_w025_reri2_58.chk"
 (0s, XML)
Steps: 5900000  Time: 0.59        
 CPU Time: 10.6381 min.

um_max = 119.61 at x = 0.025, y = 0.933935, z = 0
 
(Nodeid,phim): (0,23.295), (1,24.6237), (2,44.6861), (3,73.2307), (4,101.891), (5,84.124), (6,-0.0860499), (7,-0.00124575), (8,-0.00112771), (9,-0.00112771), (10,-0.00112771), (11,-0.00113674),  

Writing: "NeuralEP2DL2mono_w025_reri2_59.chk"
 (0s, XML)
Steps: 6000000  Time: 0.6         
 CPU Time: 10.6386 min.

um_max = 119.015 at x = 0, y = 0.933935, z = 0
 
(Nodeid,phim): (0,20.9056), (1,22.2908), (2,42.9404), (3,71.2162), (4,100.212), (5,95.2052), (6,0.238387), (7,-0.00080154), (8,-0.00112691), (9,-0.00112691), (10,-0.00112692), (11,-0.00113593),  

Writing: "NeuralEP2DL2mono_w025_reri2_60.chk"
 (0s, XML)
Steps: 6100000  Time: 0.61        
 CPU Time: 10.6265 min.

um_max = 116.739 at x = 0.0080327, y = 0.936226, z = 0
 
(Nodeid,phim): (0,18.4669), (1,19.8852), (2,41.1936), (3,69.2071), (4,98.4764), (5,103.473), (6,1.80515), (7,0.0014428), (8,-0.0011261), (9,-0.00112612), (10,-0.00112613), (11,-0.00113514),  

Writing: "NeuralEP2DL2mono_w025_reri2_61.chk"
 (0s, XML)
Steps: 6200000  Time: 0.62        
 CPU Time: 10.6184 min.

um_max = 119.45 at x = 0.025, y = 0.941065, z = 0
 
(Nodeid,phim): (0,16.0522), (1,17.4668), (2,39.4361), (3,67.2066), (4,96.6969), (5,108.031), (6,4.03457), (7,0.00463857), (8,-0.00112529), (9,-0.00112534), (10,-0.00112535), (11,-0.00113436),  

Writing: "NeuralEP2DL2mono_w025_reri2_62.chk"
 (0s, XML)
Steps: 6300000  Time: 0.63        
 CPU Time: 10.56 min.

um_max = 120.658 at x = 0.025, y = 0.941065, z = 0
 
(Nodeid,phim): (0,13.7417), (1,15.1092), (2,37.6577), (3,65.2181), (4,94.879), (5,110.452), (6,8.29655), (7,0.0107252), (8,-0.00112445), (9,-0.00112457), (10,-0.00112459), (11,-0.00113359),  

Writing: "NeuralEP2DL2mono_w025_reri2_63.chk"
 (0s, XML)
Steps: 6400000  Time: 0.64        
 CPU Time: 10.5701 min.

um_max = 118.1 at x = 0.025, y = 0.941065, z = 0
 
(Nodeid,phim): (0,11.6039), (1,12.8834), (2,35.8479), (3,63.2445), (4,93.025), (5,112.103), (6,15.0828), (7,0.0204312), (8,-0.00112358), (9,-0.00112379), (10,-0.00112384), (11,-0.00113283),  

Writing: "NeuralEP2DL2mono_w025_reri2_64.chk"
 (0s, XML)
Steps: 6500000  Time: 0.65        
 CPU Time: 10.5786 min.

um_max = 116.559 at x = 0.0205327, y = 0.945533, z = 0
 
(Nodeid,phim): (0,9.68418), (1,10.8449), (2,33.997), (3,61.289), (4,91.1374), (5,112.588), (6,23.4771), (7,0.0309939), (8,-0.00112271), (9,-0.00112303), (10,-0.0011231), (11,-0.00113208),  

Writing: "NeuralEP2DL2mono_w025_reri2_65.chk"
 (0s, XML)
Steps: 6600000  Time: 0.66        
 CPU Time: 10.5862 min.

um_max = 116.19 at x = 0.0205327, y = 0.945533, z = 0
 
(Nodeid,phim): (0,8.00289), (1,9.02681), (2,32.0969), (3,59.3543), (4,89.2208), (5,112.314), (6,37.124), (7,0.0394174), (8,-0.00112187), (9,-0.00112228), (10,-0.00112237), (11,-0.00113134),  

Writing: "NeuralEP2DL2mono_w025_reri2_66.chk"
 (0s, XML)
Steps: 6700000  Time: 0.67        
 CPU Time: 10.5728 min.

um_max = 116.058 at x = 0.0102088, y = 0.945533, z = 0
 
(Nodeid,phim): (0,6.55946), (1,7.44102), (2,30.142), (3,57.4427), (4,87.2792), (5,111.562), (6,49.245), (7,0.0140485), (8,-0.00112145), (9,-0.00112161), (10,-0.00112165), (11,-0.00113062),  

Writing: "NeuralEP2DL2mono_w025_reri2_67.chk"
 (0s, XML)
Steps: 6800000  Time: 0.68        
 CPU Time: 10.5751 min.

um_max = 115.965 at x = 0.00935344, y = 0.948532, z = 0
 
(Nodeid,phim): (0,5.33935), (1,6.08249), (2,28.1299), (3,55.5559), (4,85.3167), (5,110.513), (6,59.8262), (7,-0.0903551), (8,-0.001122), (9,-0.00112111), (10,-0.00112094), (11,-0.0011299),  

Writing: "NeuralEP2DL2mono_w025_reri2_68.chk"
 (0s, XML)
Steps: 6900000  Time: 0.69        
 CPU Time: 10.5425 min.

um_max = 117.608 at x = 0.0014684, y = 1.15147, z = 0
 
(Nodeid,phim): (0,4.32046), (1,4.93529), (2,26.0623), (3,53.695), (4,83.3369), (5,109.301), (6,70.705), (7,-0.175915), (8,-0.00112235), (9,-0.0011206), (10,-0.00112024), (11,-0.0011292),  

Writing: "NeuralEP2DL2mono_w025_reri2_69.chk"
 (0s, XML)
Steps: 7000000  Time: 0.7         
 CPU Time: 10.547 min.

um_max = 119.251 at x = 0.025, y = 1.15294, z = 0
 
(Nodeid,phim): (0,3.4778), (1,3.97767), (2,23.9468), (3,51.8602), (4,81.3433), (5,107.992), (6,80.8807), (7,-0.169414), (8,-0.00112161), (9,-0.0011199), (10,-0.00111955), (11,-0.0011285),  

Writing: "NeuralEP2DL2mono_w025_reri2_70.chk"
 (0s, XML)
Steps: 7100000  Time: 0.71        
 CPU Time: 10.5576 min.

um_max = 117.907 at x = 0.025, y = 1.15294, z = 0
 
(Nodeid,phim): (0,2.78639), (1,3.1858), (2,21.7978), (3,50.0505), (4,79.3391), (5,106.602), (6,95.1201), (7,0.0882803), (8,-0.00111784), (9,-0.0011187), (10,-0.00111887), (11,-0.00112781),  

Writing: "NeuralEP2DL2mono_w025_reri2_71.chk"
 (0s, XML)
Steps: 7200000  Time: 0.72        
 CPU Time: 10.5628 min.

um_max = 118.97 at x = 0.0014684, y = 1.15406, z = 0
 
(Nodeid,phim): (0,2.22279), (1,2.53608), (2,19.6378), (3,48.2637), (4,77.3276), (5,105.124), (6,104.911), (7,0.319555), (8,-0.00111431), (9,-0.00111753), (10,-0.00111819), (11,-0.00112714),  

Writing: "NeuralEP2DL2mono_w025_reri2_72.chk"
 (0s, XML)
Steps: 7300000  Time: 0.73        
 CPU Time: 10.5718 min.

um_max = 119.306 at x = 0.0205327, y = 1.15635, z = 0
 
(Nodeid,phim): (0,1.76586), (1,2.00648), (2,17.4967), (3,46.4962), (4,75.3118), (5,103.564), (6,111.288), (7,0.25853), (8,-0.00111433), (9,-0.00111698), (10,-0.00111753), (11,-0.00112647),  

Writing: "NeuralEP2DL2mono_w025_reri2_73.chk"
 (0s, XML)
Steps: 7400000  Time: 0.74        
 CPU Time: 10.5577 min.

um_max = 119.518 at x = 0.025, y = 1.15893, z = 0
 
(Nodeid,phim): (0,1.39697), (1,1.57712), (2,15.4096), (3,44.7428), (4,73.295), (5,101.944), (6,114.084), (7,-0.0786997), (8,-0.00111778), (9,-0.00111703), (10,-0.00111688), (11,-0.00112582),  

Writing: "NeuralEP2DL2mono_w025_reri2_74.chk"
 (0s, XML)
Steps: 7500000  Time: 0.75        
 CPU Time: 10.5974 min.

um_max = 119.135 at x = 0.025, y = 1.15893, z = 0
 
(Nodeid,phim): (0,1.10004), (1,1.2305), (2,13.4128), (3,42.9969), (4,71.2803), (5,100.267), (6,114.259), (7,0.206012), (8,-0.00111391), (9,-0.00111587), (10,-0.00111624), (11,-0.00112517),  

Writing: "NeuralEP2DL2mono_w025_reri2_75.chk"
 (0s, XML)
Steps: 7600000  Time: 0.76        
 CPU Time: 10.583 min.

um_max = 116.75 at x = 0.0169673, y = 1.16123, z = 0
 
(Nodeid,phim): (0,0.861398), (1,0.951509), (2,11.5401), (3,41.2501), (4,69.271), (5,98.5325), (6,113.194), (7,1.74644), (8,-0.00109468), (9,-0.00111208), (10,-0.00111561), (11,-0.00112453),  

Writing: "NeuralEP2DL2mono_w025_reri2_76.chk"
 (0s, XML)
Steps: 7700000  Time: 0.77        
 CPU Time: 10.5875 min.

um_max = 119.312 at x = 0, y = 1.16607, z = 0
 
(Nodeid,phim): (0,0.669572), (1,0.727311), (2,9.81812), (3,39.493), (4,67.2702), (5,96.7543), (6,112.37), (7,3.94307), (8,-0.0010675), (9,-0.00110694), (10,-0.00111498), (11,-0.00112391),  

Writing: "NeuralEP2DL2mono_w025_reri2_77.chk"
 (0s, XML)
Steps: 7800000  Time: 0.78        
 CPU Time: 10.6018 min.

um_max = 120.711 at x = 0, y = 1.16607, z = 0
 
(Nodeid,phim): (0,0.515088), (1,0.547135), (2,8.26474), (3,37.7152), (4,65.2812), (5,94.9375), (6,111.46), (7,8.10801), (8,-0.00101675), (9,-0.00109784), (10,-0.00111435), (11,-0.00112329),  

Writing: "NeuralEP2DL2mono_w025_reri2_78.chk"
 (0s, XML)
Steps: 7900000  Time: 0.79        
 CPU Time: 10.5855 min.

um_max = 118.178 at x = 0, y = 1.16607, z = 0
 
(Nodeid,phim): (0,0.390201), (1,0.402077), (2,6.88797), (3,35.9065), (4,63.3072), (5,93.0847), (6,110.216), (7,14.8513), (8,-0.000934725), (9,-0.00108335), (10,-0.00111373), (11,-0.00112268),  

Writing: "NeuralEP2DL2mono_w025_reri2_79.chk"
 (0s, XML)
Steps: 8000000  Time: 0.8         
 CPU Time: 10.5698 min.

um_max = 116.565 at x = 0.0044673, y = 1.17053, z = 0
 
(Nodeid,phim): (0,0.288653), (1,0.284863), (2,5.68719), (3,34.057), (4,61.3511), (5,91.1981), (6,109.106), (7,23.149), (8,-0.000845094), (9,-0.00106756), (10,-0.00111311), (11,-0.00112208),  

Writing: "NeuralEP2DL2mono_w025_reri2_80.chk"
 (0s, XML)
Steps: 8100000  Time: 0.81        
 CPU Time: 10.5685 min.

um_max = 116.206 at x = 0.0205327, y = 1.17053, z = 0
 
(Nodeid,phim): (0,0.205439), (1,0.189618), (2,4.65478), (3,32.1585), (4,59.4157), (5,89.2823), (6,107.952), (7,36.6368), (8,-0.000771096), (9,-0.0010543), (10,-0.0011125), (11,-0.00112148),  

Writing: "NeuralEP2DL2mono_w025_reri2_81.chk"
 (0s, XML)
Steps: 8200000  Time: 0.82        
 CPU Time: 10.5888 min.

um_max = 116.064 at x = 0.0102088, y = 1.17053, z = 0
 
(Nodeid,phim): (0,0.136586), (1,0.111644), (2,3.77823), (3,30.2054), (4,57.5033), (5,87.3415), (6,106.633), (7,48.9397), (8,-0.000964719), (9,-0.00108578), (10,-0.00111197), (11,-0.0011209),  

Writing: "NeuralEP2DL2mono_w025_reri2_82.chk"
 (0s, XML)
Steps: 8300000  Time: 0.83        
 CPU Time: 10.5683 min.

um_max = 115.968 at x = 0.00935344, y = 1.17353, z = 0
 
(Nodeid,phim): (0,0.0789691), (1,0.0472119), (2,3.0421), (3,28.195), (4,55.6157), (5,85.3796), (6,105.164), (7,59.4321), (8,-0.00183336), (9,-0.0012329), (10,-0.00111161), (11,-0.00112032),  

Writing: "NeuralEP2DL2mono_w025_reri2_83.chk"
 (0s, XML)
Steps: 8400000  Time: 0.84        
 CPU Time: 10.5869 min.

um_max = 117.497 at x = 0.0014684, y = 1.37647, z = 0
 
(Nodeid,phim): (0,0.0301438), (1,-0.0066127), (2,2.42967), (3,26.1291), (4,53.754), (5,83.4003), (6,103.601), (7,70.4273), (8,-0.00256952), (9,-0.00135901), (10,-0.00111123), (11,-0.00111976),  

Writing: "NeuralEP2DL2mono_w025_reri2_84.chk"
 (0s, XML)
Steps: 8500000  Time: 0.85        
 CPU Time: 10.5721 min.

um_max = 119.203 at x = 0, y = 1.37794, z = 0
 
(Nodeid,phim): (0,-0.0117895), (1,-0.052127), (2,1.92416), (3,24.015), (4,51.9183), (5,81.4071), (6,101.978), (7,80.447), (8,-0.00256141), (9,-0.00135983), (10,-0.00111068), (11,-0.0011192),  

Writing: "NeuralEP2DL2mono_w025_reri2_85.chk"
 (0s, XML)
Steps: 8600000  Time: 0.86        
 CPU Time: 10.5765 min.

um_max = 118.013 at x = 0, y = 1.37794, z = 0
 
(Nodeid,phim): (0,-0.0483005), (1,-0.0911185), (2,1.50963), (3,21.8668), (4,50.1079), (5,79.4032), (6,100.304), (7,94.7341), (8,-0.0004504), (9,-0.00100272), (10,-0.00110963), (11,-0.00111865),  

Writing: "NeuralEP2DL2mono_w025_reri2_86.chk"
 (0s, XML)
Steps: 8700000  Time: 0.87        
 CPU Time: 10.559 min.

um_max = 118.955 at x = 0.0014684, y = 1.37906, z = 0
 
(Nodeid,phim): (0,-0.0805216), (1,-0.124971), (2,1.17145), (3,19.7068), (4,48.3204), (5,77.3918), (6,98.572), (7,104.648), (8,0.00156678), (9,-0.000654097), (10,-0.00110858), (11,-0.0011181),  

Writing: "NeuralEP2DL2mono_w025_reri2_87.chk"
 (0s, XML)
Steps: 8800000  Time: 0.88        
 CPU Time: 10.5705 min.

um_max = 119.36 at x = 0.0205327, y = 1.38135, z = 0
 
(Nodeid,phim): (0,-0.109322), (1,-0.154754), (2,0.896645), (3,17.5646), (4,46.5523), (5,75.3762), (6,96.7864), (7,111.143), (8,0.00115583), (9,-0.000717869), (10,-0.00110813), (11,-0.00111757),  

Writing: "NeuralEP2DL2mono_w025_reri2_88.chk"
 (0s, XML)
Steps: 8900000  Time: 0.89        
 CPU Time: 10.5655 min.

um_max = 119.42 at x = 0, y = 1.38393, z = 0
 
(Nodeid,phim): (0,-0.135368), (1,-0.181286), (2,0.673912), (3,15.4751), (4,44.7986), (5,73.3593), (6,94.9624), (7,114.042), (8,-0.00169192), (9,-0.00120347), (10,-0.00110831), (11,-0.00111704),  

Writing: "NeuralEP2DL2mono_w025_reri2_89.chk"
 (0s, XML)
Steps: 9000000  Time: 0.9         
 CPU Time: 10.5705 min.

um_max = 119.25 at x = 0.025, y = 1.38393, z = 0
 
(Nodeid,phim): (0,-0.159168), (1,-0.205197), (2,0.49362), (3,13.475), (4,43.0526), (5,71.3445), (6,93.1021), (7,114.282), (8,0.000364469), (9,-0.000871476), (10,-0.00110735), (11,-0.00111652),  

Writing: "NeuralEP2DL2mono_w025_reri2_90.chk"
 (0s, XML)
Steps: 9100000  Time: 0.91        
 CPU Time: 10.5835 min.

um_max = 116.76 at x = 0.0080327, y = 1.38623, z = 0
 
(Nodeid,phim): (0,-0.181111), (1,-0.22697), (2,0.347653), (3,11.5978), (4,41.306), (5,69.335), (6,91.2062), (7,113.228), (8,0.0131227), (9,0.00129317), (10,-0.00110375), (11,-0.00111601),  

Writing: "NeuralEP2DL2mono_w025_reri2_91.chk"
 (0s, XML)
Steps: 9200000  Time: 0.92        
 CPU Time: 10.5708 min.

um_max = 119.169 at x = 0, y = 1.39107, z = 0
 
(Nodeid,phim): (0,-0.201494), (1,-0.246971), (2,0.229259), (3,9.8708), (4,39.5493), (5,67.3339), (6,89.2838), (7,112.392), (8,0.0313886), (9,0.00439819), (10,-0.0010988), (11,-0.00111551),  

Writing: "NeuralEP2DL2mono_w025_reri2_92.chk"
 (0s, XML)
Steps: 9300000  Time: 0.93        
 CPU Time: 10.5902 min.

um_max = 120.759 at x = 0, y = 1.39107, z = 0
 
(Nodeid,phim): (0,-0.220544), (1,-0.265483), (2,0.132881), (3,8.31187), (4,37.7724), (5,65.3445), (6,87.339), (7,111.498), (8,0.0656488), (9,0.0102088), (10,-0.00109001), (11,-0.00111501),  

Writing: "NeuralEP2DL2mono_w025_reri2_93.chk"
 (0s, XML)
Steps: 9400000  Time: 0.94        
 CPU Time: 10.5814 min.

um_max = 118.257 at x = 0, y = 1.39107, z = 0
 
(Nodeid,phim): (0,-0.238435), (1,-0.282722), (2,0.0539965), (3,6.92946), (4,35.9648), (5,63.3699), (6,85.374), (7,110.253), (8,0.119587), (9,0.0197968), (10,-0.00107574), (11,-0.00111451),  

Writing: "NeuralEP2DL2mono_w025_reri2_94.chk"
 (0s, XML)
Steps: 9500000  Time: 0.95        
 CPU Time: 10.5893 min.

um_max = 116.571 at x = 0.0205327, y = 1.39553, z = 0
 
(Nodeid,phim): (0,-0.2553), (1,-0.298853), (2,-0.0110399), (3,5.72315), (4,34.1168), (5,61.4132), (6,83.3912), (7,109.141), (8,0.120137), (9,0.030329), (10,-0.00106008), (11,-0.00111402),  

Writing: "NeuralEP2DL2mono_w025_reri2_95.chk"
 (0s, XML)
Steps: 9600000  Time: 0.96        
 CPU Time: 10.5539 min.

um_max = 116.221 at x = 0.0205327, y = 1.39553, z = 0
 
(Nodeid,phim): (0,-0.271243), (1,-0.314003), (2,-0.0651379), (3,4.68555), (4,32.22), (5,59.4771), (6,81.3938), (7,107.991), (8,-0.242857), (9,0.0392443), (10,-0.00104662), (11,-0.00111354),  

Writing: "NeuralEP2DL2mono_w025_reri2_96.chk"
 (0s, XML)
Steps: 9700000  Time: 0.97        
 CPU Time: 10.5802 min.

um_max = 116.071 at x = 0.0102088, y = 1.39553, z = 0
 
(Nodeid,phim): (0,-0.286345), (1,-0.328271), (2,-0.110603), (3,3.80425), (4,30.2687), (5,57.5639), (6,79.3855), (7,106.678), (8,-0.697355), (9,0.0182443), (10,-0.00107517), (11,-0.00111308),  

Writing: "NeuralEP2DL2mono_w025_reri2_97.chk"
 (0s, XML)
Steps: 9800000  Time: 0.98        
 CPU Time: 10.5796 min.

um_max = 115.97 at x = 0.00935344, y = 1.39853, z = 0
 
(Nodeid,phim): (0,-0.300669), (1,-0.341735), (2,-0.149252), (3,3.0639), (4,28.2602), (5,55.6755), (6,77.3693), (7,105.213), (8,-0.271909), (9,-0.0832888), (10,-0.00122014), (11,-0.00111267),  

Writing: "NeuralEP2DL2mono_w025_reri2_98.chk"
 (0s, XML)
Steps: 9900000  Time: 0.99        
 CPU Time: 10.5925 min.

um_max = 117.379 at x = 0.0014684, y = 1.60147, z = 0
 
(Nodeid,phim): (0,-0.314266), (1,-0.354456), (2,-0.182504), (3,2.44779), (4,26.196), (5,53.813), (6,75.3486), (7,103.652), (8,0.933768), (9,-0.172022), (10,-0.00134861), (11,-0.00111225),  

Writing: "NeuralEP2DL2mono_w025_reri2_99.chk"
 (0s, XML)
Steps: 10000000 Time: 1           
 CPU Time: 10.6053 min.

um_max = 119.149 at x = 0, y = 1.60294, z = 0
 
(Nodeid,phim): (0,-0.327177), (1,-0.366483), (2,-0.211468), (3,1.93912), (4,24.0832), (5,51.9765), (6,73.3265), (7,102.031), (8,1.38128), (9,-0.175864), (10,-0.00135668), (11,-0.00111181),  

Writing: "NeuralEP2DL2mono_w025_reri2_100.chk"
 (0s, XML)
Steps: 10100000 Time: 1.01        
 CPU Time: 10.5878 min.

um_max = 118.118 at x = 0.025, y = 1.60294, z = 0
 
(Nodeid,phim): (0,-0.339436), (1,-0.377854), (2,-0.237005), (3,1.52192), (4,21.9358), (5,50.1653), (6,71.3063), (7,100.358), (8,1.30231), (9,0.066973), (10,-0.00101087), (11,-0.00111126),  

Writing: "NeuralEP2DL2mono_w025_reri2_101.chk"
 (0s, XML)
Steps: 10200000 Time: 1.02        
 CPU Time: 10.581 min.

um_max = 118.937 at x = 0.0014684, y = 1.60406, z = 0
 
(Nodeid,phim): (0,-0.351071), (1,-0.388605), (2,-0.259781), (3,1.18151), (4,19.7758), (5,48.3771), (6,69.2912), (7,98.6282), (8,3.8117), (9,0.312287), (10,-0.000652526), (11,-0.00111071),  

Writing: "NeuralEP2DL2mono_w025_reri2_102.chk"
 (0s, XML)
Steps: 10300000 Time: 1.03        
 CPU Time: 10.5821 min.

um_max = 119.408 at x = 0.0205327, y = 1.60635, z = 0
 
(Nodeid,phim): (0,-0.362107), (1,-0.398761), (2,-0.280309), (3,0.904859), (4,17.6325), (5,46.6085), (6,67.2847), (7,96.844), (8,11.3322), (9,0.274262), (10,-0.000700026), (11,-0.0011103),  

Writing: "NeuralEP2DL2mono_w025_reri2_103.chk"
 (0s, XML)
Steps: 10400000 Time: 1.04        
 CPU Time: 10.5871 min.

um_max = 119.315 at x = 0, y = 1.60893, z = 0
 
(Nodeid,phim): (0,-0.372566), (1,-0.408347), (2,-0.298985), (3,0.680617), (4,15.5409), (5,44.8545), (6,65.2901), (7,95.0211), (8,23.0326), (9,-0.0622482), (10,-0.00118391), (11,-0.00111002),  

Writing: "NeuralEP2DL2mono_w025_reri2_104.chk"
 (0s, XML)
Steps: 10500000 Time: 1.05        
 CPU Time: 10.5884 min.

um_max = 119.359 at x = 0.025, y = 1.60893, z = 0
 
(Nodeid,phim): (0,-0.382465), (1,-0.417384), (2,-0.316114), (3,0.499099), (4,13.5373), (5,43.1083), (6,63.3109), (7,93.162), (8,38.1814), (9,0.146008), (10,-0.000905734), (11,-0.00110953),  

Writing: "NeuralEP2DL2mono_w025_reri2_105.chk"
 (0s, XML)
Steps: 10600000 Time: 1.06        
 CPU Time: 10.5926 min.

um_max = 116.769 at x = 0.0169673, y = 1.61123, z = 0
 
(Nodeid,phim): (0,-0.391824), (1,-0.425892), (2,-0.33193), (3,0.352142), (4,11.6558), (5,41.3618), (6,61.3504), (7,91.2671), (8,56.8318), (9,1.62987), (10,0.00121626), (11,-0.00110847),  

Writing: "NeuralEP2DL2mono_w025_reri2_106.chk"
 (0s, XML)
Steps: 10700000 Time: 1.07        
 CPU Time: 10.6125 min.

um_max = 119.02 at x = 0, y = 1.61607, z = 0
 
(Nodeid,phim): (0,-0.400657), (1,-0.433886), (2,-0.346614), (3,0.232955), (4,9.92365), (5,39.6057), (6,59.4115), (7,89.3455), (8,73.0057), (9,3.7655), (10,0.00427919), (11,-0.00110713),  

Writing: "NeuralEP2DL2mono_w025_reri2_107.chk"
 (0s, XML)
Steps: 10800000 Time: 1.08        
 CPU Time: 10.6036 min.

um_max = 120.802 at x = 0, y = 1.61607, z = 0
 
(Nodeid,phim): (0,-0.408981), (1,-0.441384), (2,-0.360306), (3,0.135945), (4,8.35919), (5,37.8296), (6,57.4971), (7,87.4013), (8,88.9014), (9,7.74083), (10,0.00995532), (11,-0.00110501),  

Writing: "NeuralEP2DL2mono_w025_reri2_108.chk"
 (0s, XML)
Steps: 10900000 Time: 1.09        
 CPU Time: 10.6065 min.

um_max = 118.337 at x = 0, y = 1.61607, z = 0
 
(Nodeid,phim): (0,-0.416811), (1,-0.4484), (2,-0.373114), (3,0.056557), (4,6.9711), (5,36.0232), (6,55.6091), (7,85.437), (8,103.194), (9,14.3912), (10,0.019478), (11,-0.0011017),  

Writing: "NeuralEP2DL2mono_w025_reri2_109.chk"
 (0s, XML)
Steps: 11000000 Time: 1.1         
 CPU Time: 10.5963 min.

um_max = 116.576 at x = 0.0044673, y = 1.62053, z = 0
 
(Nodeid,phim): (0,-0.424159), (1,-0.454949), (2,-0.385124), (3,-0.008878), (4,5.75926), (5,34.1765), (6,53.749), (7,83.4547), (8,110.566), (9,22.5108), (10,0.0299933), (11,-0.00109808),  

Writing: "NeuralEP2DL2mono_w025_reri2_110.chk"
 (0s, XML)
Steps: 11100000 Time: 1.11        
 CPU Time: 10.5696 min.

um_max = 116.236 at x = 0.0205327, y = 1.62053, z = 0
 
(Nodeid,phim): (0,-0.431039), (1,-0.461044), (2,-0.396401), (3,-0.0632918), (4,4.71644), (5,32.2814), (6,51.9172), (7,81.4578), (8,113.792), (9,35.6546), (10,0.0391204), (11,-0.00109487),  

Writing: "NeuralEP2DL2mono_w025_reri2_111.chk"
 (0s, XML)
Steps: 11200000 Time: 1.12        
 CPU Time: 10.5717 min.

um_max = 116.076 at x = 0.0102088, y = 1.62053, z = 0
 
(Nodeid,phim): (0,-0.437465), (1,-0.466699), (2,-0.406999), (3,-0.109007), (4,3.83038), (5,30.3319), (6,50.1131), (7,79.4497), (8,114.845), (9,48.3222), (10,0.0201708), (11,-0.00110006),  

Writing: "NeuralEP2DL2mono_w025_reri2_112.chk"
 (0s, XML)
Steps: 11300000 Time: 1.13        
 CPU Time: 10.5914 min.

um_max = 115.971 at x = 0.0156466, y = 1.62353, z = 0
 
(Nodeid,phim): (0,-0.44345), (1,-0.471927), (2,-0.416963), (3,-0.147854), (4,3.08578), (5,28.3253), (6,48.3348), (7,77.4338), (8,114.698), (9,58.6509), (10,-0.0796981), (11,-0.00113012),  

Writing: "NeuralEP2DL2mono_w025_reri2_113.chk"
 (0s, XML)
Steps: 11400000 Time: 1.14        
 CPU Time: 10.5796 min.

um_max = 117.254 at x = 0.0235316, y = 1.82647, z = 0
 
(Nodeid,phim): (0,-0.449005), (1,-0.476741), (2,-0.426326), (3,-0.181265), (4,2.46595), (5,26.2628), (6,46.5788), (7,75.4131), (8,114.043), (9,69.8631), (10,-0.169973), (11,-0.00115767),  

Writing: "NeuralEP2DL2mono_w025_reri2_114.chk"
 (0s, XML)
Steps: 11500000 Time: 1.15        
 CPU Time: 10.6099 min.

um_max = 119.088 at x = 0, y = 1.82794, z = 0
 
(Nodeid,phim): (0,-0.454145), (1,-0.481152), (2,-0.43512), (3,-0.210357), (4,1.95411), (5,24.1514), (6,44.8403), (7,73.391), (8,113.215), (9,79.6052), (10,-0.178649), (11,-0.00116059),  

Writing: "NeuralEP2DL2mono_w025_reri2_115.chk"
 (0s, XML)
Steps: 11600000 Time: 1.16        
 CPU Time: 10.5786 min.

um_max = 118.219 at x = 0, y = 1.82794, z = 0
 
(Nodeid,phim): (0,-0.45888), (1,-0.485174), (2,-0.443368), (3,-0.235997), (4,1.53421), (5,22.0049), (6,43.1126), (7,71.3707), (8,112.288), (9,93.9418), (10,0.0562434), (11,-0.00108918),  

Writing: "NeuralEP2DL2mono_w025_reri2_116.chk"
 (0s, XML)
Steps: 11700000 Time: 1.17        
 CPU Time: 10.5738 min.

um_max = 118.914 at x = 0.0014684, y = 1.82906, z = 0
 
(Nodeid,phim): (0,-0.463223), (1,-0.488819), (2,-0.451095), (3,-0.258856), (4,1.19156), (5,19.8448), (6,41.3875), (7,69.3554), (8,111.202), (9,104.112), (10,0.308235), (11,-0.0010106),  

Writing: "NeuralEP2DL2mono_w025_reri2_117.chk"
 (0s, XML)
Steps: 11800000 Time: 1.18        
 CPU Time: 10.5805 min.

um_max = 119.449 at x = 0.0044673, y = 1.83135, z = 0
 
(Nodeid,phim): (0,-0.467185), (1,-0.492097), (2,-0.458318), (3,-0.279454), (4,0.913052), (5,17.7005), (6,39.6547), (7,67.3486), (8,109.945), (9,110.842), (10,0.281471), (11,-0.00101702),  

Writing: "NeuralEP2DL2mono_w025_reri2_118.chk"
 (0s, XML)
Steps: 11900000 Time: 1.19        
 CPU Time: 10.5572 min.

um_max = 119.204 at x = 0, y = 1.83393, z = 0
 
(Nodeid,phim): (0,-0.470779), (1,-0.495021), (2,-0.465056), (3,-0.298188), (4,0.68729), (5,15.6067), (6,37.9021), (7,65.3536), (8,108.614), (9,113.951), (10,-0.0532302), (11,-0.00111912),  

Writing: "NeuralEP2DL2mono_w025_reri2_119.chk"
 (0s, XML)
Steps: 12000000 Time: 1.2         
 CPU Time: 10.5599 min.

um_max = 119.462 at x = 0.025, y = 1.83393, z = 0
 
(Nodeid,phim): (0,-0.474016), (1,-0.497602), (2,-0.471326), (3,-0.315367), (4,0.504537), (5,13.5998), (6,36.1159), (7,63.3738), (8,107.207), (9,114.322), (10,0.118406), (11,-0.00107075),  

Writing: "NeuralEP2DL2mono_w025_reri2_120.chk"
 (0s, XML)
Steps: 12100000 Time: 1.21        
 CPU Time: 10.5496 min.

um_max = 116.776 at x = 0.0080327, y = 1.83623, z = 0
 
(Nodeid,phim): (0,-0.476908), (1,-0.499851), (2,-0.477143), (3,-0.331226), (4,0.356584), (5,11.7139), (6,34.2818), (7,61.4126), (8,105.694), (9,113.298), (10,1.572), (11,-0.000628175),  

Writing: "NeuralEP2DL2mono_w025_reri2_121.chk"
 (0s, XML)
Steps: 12200000 Time: 1.22        
 CPU Time: 10.5611 min.

um_max = 118.865 at x = 0, y = 1.84107, z = 0
 
(Nodeid,phim): (0,-0.479464), (1,-0.50178), (2,-0.48252), (3,-0.345949), (4,0.236598), (5,9.97664), (6,32.3861), (7,59.4731), (8,104.123), (9,112.435), (10,3.67934), (11,1.57206e-05),  

Writing: "NeuralEP2DL2mono_w025_reri2_122.chk"
 (0s, XML)
Steps: 12300000 Time: 1.23        
 CPU Time: 10.5595 min.

um_max = 120.84 at x = 0, y = 1.84107, z = 0
 
(Nodeid,phim): (0,-0.481698), (1,-0.503399), (2,-0.487473), (3,-0.359674), (4,0.13895), (5,8.40664), (6,30.4184), (7,57.5578), (8,102.507), (9,111.573), (10,7.56246), (11,0.00119645),  

Writing: "NeuralEP2DL2mono_w025_reri2_123.chk"
 (0s, XML)
Steps: 12400000 Time: 1.24        
 CPU Time: 10.5943 min.

um_max = 118.418 at x = 0, y = 1.84107, z = 0
 
(Nodeid,phim): (0,-0.483618), (1,-0.504719), (2,-0.492014), (3,-0.372513), (4,0.0590565), (5,7.01289), (6,28.3742), (7,55.6689), (8,100.84), (9,110.329), (10,14.1625), (11,0.00320941),  

Writing: "NeuralEP2DL2mono_w025_reri2_124.chk"
 (0s, XML)
Steps: 12500000 Time: 1.25        
 CPU Time: 10.5563 min.

um_max = 116.581 at x = 0.0205327, y = 1.84553, z = 0
 
(Nodeid,phim): (0,-0.485237), (1,-0.505751), (2,-0.496156), (3,-0.384551), (4,-0.00677939), (5,5.7955), (6,26.2576), (7,53.8079), (8,99.1147), (9,109.211), (10,22.2002), (11,0.00544484),  

Writing: "NeuralEP2DL2mono_w025_reri2_125.chk"
 (0s, XML)
Steps: 12600000 Time: 1.26        
 CPU Time: 10.5706 min.

um_max = 116.251 at x = 0.0205327, y = 1.84553, z = 0
 
(Nodeid,phim): (0,-0.486565), (1,-0.506504), (2,-0.499911), (3,-0.395854), (4,-0.0615104), (5,4.74745), (6,24.0819), (7,51.9753), (8,97.3385), (9,108.069), (10,35.1611), (11,0.0074292),  

Writing: "NeuralEP2DL2mono_w025_reri2_126.chk"
 (0s, XML)
Steps: 12700000 Time: 1.27        
 CPU Time: 10.5571 min.

um_max = 116.082 at x = 0.0102088, y = 1.84553, z = 0
 
(Nodeid,phim): (0,-0.487611), (1,-0.50699), (2,-0.503293), (3,-0.406478), (4,-0.107477), (5,3.8566), (6,21.8692), (7,50.1703), (8,95.5178), (9,106.767), (10,48.009), (11,0.00381253),  

Writing: "NeuralEP2DL2mono_w025_reri2_127.chk"
 (0s, XML)
Steps: 12800000 Time: 1.28        
 CPU Time: 10.5594 min.

um_max = 115.972 at x = 0.00935344, y = 1.84853, z = 0
 
(Nodeid,phim): (0,-0.488387), (1,-0.507218), (2,-0.506312), (3,-0.416465), (4,-0.146523), (5,3.10774), (6,19.6486), (7,48.3912), (8,93.6585), (9,105.31), (10,58.2647), (11,-0.0170653),  

Writing: "NeuralEP2DL2mono_w025_reri2_128.chk"
 (0s, XML)
Steps: 12900000 Time: 1.29        
 CPU Time: 10.5711 min.

um_max = 117.121 at x = 0.0014684, y = 2.05147, z = 0
 
(Nodeid,phim): (0,-0.488901), (1,-0.507198), (2,-0.508981), (3,-0.42585), (4,-0.180093), (5,2.48419), (6,17.4533), (7,46.6346), (8,91.7658), (9,103.754), (10,69.5757), (11,-0.0366088),  

Writing: "NeuralEP2DL2mono_w025_reri2_129.chk"
 (0s, XML)
Steps: 13000000 Time: 1.3         
 CPU Time: 10.5783 min.

um_max = 119.019 at x = 0.025, y = 2.05294, z = 0
 
(Nodeid,phim): (0,-0.489165), (1,-0.506939), (2,-0.511311), (3,-0.434665), (4,-0.209312), (5,1.96914), (6,15.3188), (7,44.8956), (8,89.8443), (9,102.136), (10,79.1976), (11,-0.0394406),  

Writing: "NeuralEP2DL2mono_w025_reri2_130.chk"
 (0s, XML)
Steps: 13100000 Time: 1.31        
 CPU Time: 10.595 min.

um_max = 118.319 at x = 0.025, y = 2.05294, z = 0
 
(Nodeid,phim): (0,-0.489187), (1,-0.506452), (2,-0.513313), (3,-0.442934), (4,-0.235054), (5,1.54654), (6,13.2805), (7,43.1677), (8,87.898), (9,100.466), (10,93.5353), (11,0.0088157),  

Writing: "NeuralEP2DL2mono_w025_reri2_131.chk"
 (0s, XML)
Steps: 13200000 Time: 1.32        
 CPU Time: 10.5937 min.

um_max = 118.888 at x = 0.0235316, y = 2.05406, z = 0
 
(Nodeid,phim): (0,-0.488977), (1,-0.505744), (2,-0.514998), (3,-0.45068), (4,-0.257997), (5,1.20163), (6,11.3719), (7,41.4427), (8,85.9305), (9,98.7403), (10,103.84), (11,0.0638385),  

Writing: "NeuralEP2DL2mono_w025_reri2_132.chk"
 (0s, XML)
Steps: 13300000 Time: 1.33        
 CPU Time: 10.5946 min.

um_max = 119.483 at x = 0.0205327, y = 2.05635, z = 0
 
(Nodeid,phim): (0,-0.488544), (1,-0.504826), (2,-0.516378), (3,-0.457923), (4,-0.278664), (5,0.921257), (6,9.62112), (7,39.7103), (8,83.9451), (9,96.9592), (10,110.686), (11,0.0605056),  

Writing: "NeuralEP2DL2mono_w025_reri2_133.chk"
 (0s, XML)
Steps: 13400000 Time: 1.34        
 CPU Time: 10.5899 min.

um_max = 119.087 at x = 0.025, y = 2.05893, z = 0
 
(Nodeid,phim): (0,-0.487897), (1,-0.503705), (2,-0.517462), (3,-0.46468), (4,-0.297456), (5,0.693966), (6,8.04793), (7,37.9585), (8,81.9451), (9,95.1385), (10,113.901), (11,-0.0101768),  

Writing: "NeuralEP2DL2mono_w025_reri2_134.chk"
 (0s, XML)
Steps: 13500000 Time: 1.35        
 CPU Time: 10.5898 min.

um_max = 119.559 at x = 0, y = 2.05893, z = 0
 
(Nodeid,phim): (0,-0.487044), (1,-0.502391), (2,-0.518262), (3,-0.470968), (4,-0.314684), (5,0.509969), (6,6.66201), (7,36.1736), (8,79.9337), (9,93.2818), (10,114.34), (11,0.0188043),  

Writing: "NeuralEP2DL2mono_w025_reri2_135.chk"
 (0s, XML)
Steps: 13600000 Time: 1.36        
 CPU Time: 10.5914 min.

um_max = 116.783 at x = 0.0169673, y = 2.06123, z = 0
 
(Nodeid,phim): (0,-0.485996), (1,-0.500892), (2,-0.518788), (3,-0.476802), (4,-0.330586), (5,0.361014), (6,5.46268), (7,34.3413), (8,77.9138), (9,91.389), (10,113.334), (11,0.321567),  

Writing: "NeuralEP2DL2mono_w025_reri2_136.chk"
 (0s, XML)
Steps: 13700000 Time: 1.37        
 CPU Time: 10.6142 min.

um_max = 118.705 at x = 0.025, y = 2.06607, z = 0
 
(Nodeid,phim): (0,-0.484759), (1,-0.499216), (2,-0.51905), (3,-0.482196), (4,-0.345346), (5,0.240224), (6,4.44071), (7,32.4477), (8,75.8885), (9,89.4688), (10,112.457), (11,0.764538),  

Writing: "NeuralEP2DL2mono_w025_reri2_137.chk"
 (0s, XML)
Steps: 13800000 Time: 1.38        
 CPU Time: 10.5853 min.

um_max = 120.872 at x = 0.025, y = 2.06607, z = 0
 
(Nodeid,phim): (0,-0.483342), (1,-0.497372), (2,-0.519058), (3,-0.487166), (4,-0.359105), (5,0.141936), (6,3.58108), (7,30.4824), (8,73.8609), (9,87.5261), (10,111.61), (11,1.57215),  

Writing: "NeuralEP2DL2mono_w025_reri2_138.chk"
 (0s, XML)
Steps: 13900000 Time: 1.39        
 CPU Time: 10.5843 min.

um_max = 118.501 at x = 0.025, y = 2.06607, z = 0
 
(Nodeid,phim): (0,-0.481754), (1,-0.495366), (2,-0.518821), (3,-0.491722), (4,-0.371974), (5,0.0615329), (6,2.86561), (7,28.4407), (8,71.834), (9,85.563), (10,110.367), (11,2.96906),  

Writing: "NeuralEP2DL2mono_w025_reri2_139.chk"
 (0s, XML)
Steps: 14000000 Time: 1.4         
 CPU Time: 10.5934 min.

um_max = 116.586 at x = 0.0205327, y = 2.07053, z = 0
 
(Nodeid,phim): (0,-0.480001), (1,-0.493207), (2,-0.518349), (3,-0.49588), (4,-0.384039), (5,-0.00470621), (6,2.27522), (7,26.3263), (8,69.8111), (9,83.5817), (10,109.246), (11,4.7345),  

Writing: "NeuralEP2DL2mono_w025_reri2_140.chk"
 (0s, XML)
Steps: 14100000 Time: 1.41        
 CPU Time: 10.565 min.

um_max = 116.266 at x = 0.0205327, y = 2.07053, z = 0
 
(Nodeid,phim): (0,-0.478092), (1,-0.490902), (2,-0.517652), (3,-0.499651), (4,-0.395368), (5,-0.0597561), (6,1.79138), (7,24.1522), (8,67.7956), (9,81.5856), (10,108.107), (11,7.94058),  

Writing: "NeuralEP2DL2mono_w025_reri2_141.chk"
 (0s, XML)
Steps: 14200000 Time: 1.42        
 CPU Time: 10.5863 min.

um_max = 116.087 at x = 0.0102088, y = 2.07053, z = 0
 
(Nodeid,phim): (0,-0.476034), (1,-0.488459), (2,-0.516738), (3,-0.503047), (4,-0.406016), (5,-0.105975), (6,1.39704), (7,21.9403), (8,65.791), (9,79.5782), (10,106.812), (11,11.9912),  

Writing: "NeuralEP2DL2mono_w025_reri2_142.chk"
 (0s, XML)
Steps: 14300000 Time: 1.43        
 CPU Time: 10.5973 min.

um_max = 115.972 at x = 0.00935344, y = 2.07353, z = 0
 
(Nodeid,phim): (0,-0.473835), (1,-0.485883), (2,-0.515617), (3,-0.50608), (4,-0.416025), (5,-0.145221), (6,1.07704), (7,19.7194), (8,63.8008), (9,77.5626), (10,105.358), (11,17.123),  

Writing: "NeuralEP2DL2mono_w025_reri2_143.chk"
 (0s, XML)
Steps: 14400000 Time: 1.44        
 CPU Time: 10.6029 min.

um_max = 116.934 at x = 0.0014684, y = 2.27647, z = 0
 
(Nodeid,phim): (0,-0.4715), (1,-0.483183), (2,-0.514298), (3,-0.508763), (4,-0.425432), (5,-0.17895), (6,0.818179), (7,17.5228), (8,61.8286), (9,75.5422), (10,103.804), (11,22.6372),  

Writing: "NeuralEP2DL2mono_w025_reri2_144.chk"
 (0s, XML)
Steps: 14500000 Time: 1.45        
 CPU Time: 10.5755 min.

um_max = 118.912 at x = 0, y = 2.27794, z = 0
 
(Nodeid,phim): (0,-0.469037), (1,-0.480365), (2,-0.512788), (3,-0.511106), (4,-0.434268), (5,-0.208296), (6,0.609194), (7,15.3858), (8,59.8778), (9,73.5201), (10,102.188), (11,28.5211),  

Writing: "NeuralEP2DL2mono_w025_reri2_145.chk"
 (0s, XML)
Steps: 14600000 Time: 1.46        
 CPU Time: 10.581 min.

um_max = 118.416 at x = 0.025, y = 2.27794, z = 0
 
(Nodeid,phim): (0,-0.466454), (1,-0.477434), (2,-0.511097), (3,-0.513121), (4,-0.442557), (5,-0.234141), (6,0.440565), (7,13.3439), (8,57.9517), (9,71.4996), (10,100.52), (11,39.9755),  

Writing: "NeuralEP2DL2mono_w025_reri2_146.chk"
 (0s, XML)
Steps: 14700000 Time: 1.47        
 CPU Time: 10.5618 min.

um_max = 118.69 at x = 0.0014684, y = 2.27906, z = 0
 
(Nodeid,phim): (0,-0.463755), (1,-0.474398), (2,-0.509232), (3,-0.514819), (4,-0.450322), (5,-0.257168), (6,0.304365), (7,11.4307), (8,56.0529), (9,69.4839), (10,98.7963), (11,53.2636),  

Writing: "NeuralEP2DL2mono_w025_reri2_147.chk"
 (0s, XML)
Steps: 14800000 Time: 1.48        
 CPU Time: 10.5771 min.

um_max = 119.42 at x = 0.0044673, y = 2.28135, z = 0
 
(Nodeid,phim): (0,-0.460948), (1,-0.471263), (2,-0.507202), (3,-0.516211), (4,-0.457584), (5,-0.277904), (6,0.194059), (7,9.67451), (8,54.1836), (9,67.4764), (10,97.0166), (11,66.3149),  

Writing: "NeuralEP2DL2mono_w025_reri2_148.chk"
 (0s, XML)
Steps: 14900000 Time: 1.49        
 CPU Time: 10.5813 min.

um_max = 118.496 at x = 0, y = 2.28393, z = 0
 
(Nodeid,phim): (0,-0.458038), (1,-0.468034), (2,-0.505014), (3,-0.517307), (4,-0.464359), (5,-0.296753), (6,0.10432), (7,8.09544), (8,52.3448), (9,65.4805), (10,95.1967), (11,80.7853),  

Writing: "NeuralEP2DL2mono_w025_reri2_149.chk"
 (0s, XML)
Steps: 15000000 Time: 1.5         
 CPU Time: 10.5905 min.

um_max = 119.66 at x = 0, y = 2.28393, z = 0
 
(Nodeid,phim): (0,-0.455031), (1,-0.464717), (2,-0.502675), (3,-0.518118), (4,-0.470664), (5,-0.31403), (6,0.0308451), (7,6.7035), (8,50.5367), (9,63.4997), (10,93.3417), (11,91.8279),  

Writing: "NeuralEP2DL2mono_w025_reri2_150.chk"
 (0s, XML)
Steps: 15100000 Time: 1.51        
 CPU Time: 10.6386 min.

um_max = 116.706 at x = 0.0080327, y = 2.28623, z = 0
 
(Nodeid,phim): (0,-0.451934), (1,-0.461318), (2,-0.500194), (3,-0.518655), (4,-0.476515), (5,-0.329974), (6,-0.0298058), (7,5.49831), (8,48.7582), (9,61.5372), (10,91.4506), (11,101.671),  

Writing: "NeuralEP2DL2mono_w025_reri2_151.chk"
 (0s, XML)
Steps: 15200000 Time: 1.52        
 CPU Time: 10.6921 min.

um_max = 116.803 at x = 0.0235316, y = 2.29065, z = 0
 
(Nodeid,phim): (0,-0.448751), (1,-0.457841), (2,-0.497577), (3,-0.518928), (4,-0.481926), (5,-0.34477), (6,-0.0803655), (7,4.47089), (8,47.0067), (9,59.5962), (10,89.5319), (11,109.015),  

Writing: "NeuralEP2DL2mono_w025_reri2_152.chk"
 (0s, XML)
Steps: 15300000 Time: 1.53        
 CPU Time: 10.6745 min.

um_max = 116.947 at x = 0.025, y = 2.29107, z = 0
 
(Nodeid,phim): (0,-0.445489), (1,-0.454293), (2,-0.494831), (3,-0.518946), (4,-0.486911), (5,-0.358562), (6,-0.122988), (7,3.60634), (8,45.2782), (9,57.6793), (10,87.5907), (11,113.047),  

Writing: "NeuralEP2DL2mono_w025_reri2_153.chk"
 (0s, XML)
Steps: 15400000 Time: 1.54        
 CPU Time: 10.6992 min.

um_max = 116.424 at x = 0.0112258, y = 2.29197, z = 0
 
(Nodeid,phim): (0,-0.442151), (1,-0.450678), (2,-0.491963), (3,-0.518719), (4,-0.491483), (5,-0.37146), (6,-0.159359), (7,2.88656), (8,43.5668), (9,55.7887), (10,85.6274), (11,113.844),  

Writing: "NeuralEP2DL2mono_w025_reri2_154.chk"
 (0s, XML)
Steps: 15500000 Time: 1.55        
 CPU Time: 10.6882 min.

um_max = 116.186 at x = 0.0112258, y = 2.29197, z = 0
 
(Nodeid,phim): (0,-0.438744), (1,-0.447001), (2,-0.48898), (3,-0.518257), (4,-0.495656), (5,-0.383553), (6,-0.190792), (7,2.29247), (8,41.8645), (9,53.9259), (10,83.6459), (11,113.529),  

Writing: "NeuralEP2DL2mono_w025_reri2_155.chk"
 (0s, XML)
Steps: 15600000 Time: 1.56        
 CPU Time: 10.6733 min.

um_max = 116.004 at x = 0, y = 2.29706, z = 0
 
(Nodeid,phim): (0,-0.435271), (1,-0.443266), (2,-0.485888), (3,-0.517569), (4,-0.499441), (5,-0.394907), (6,-0.218304), (7,1.80549), (8,40.1613), (9,52.0914), (10,81.6498), (11,112.814),  

Writing: "NeuralEP2DL2mono_w025_reri2_156.chk"
 (0s, XML)
Steps: 15700000 Time: 1.57        
 CPU Time: 10.7055 min.

um_max = 116.154 at x = 0, y = 2.3, z = 0
 
(Nodeid,phim): (0,-0.431739), (1,-0.439478), (2,-0.482693), (3,-0.516664), (4,-0.502851), (5,-0.405578), (6,-0.242681), (7,1.40854), (8,38.445), (9,50.2848), (10,79.6425), (11,111.879),  

Writing: "NeuralEP2DL2mono_w025_reri2_157.chk"
 (0s, XML)
Steps: 15800000 Time: 1.58        
 CPU Time: 10.7067 min.

um_max = 116.089 at x = 0.0156466, y = 2.29853, z = 0
 
(Nodeid,phim): (0,-0.42815), (1,-0.435642), (2,-0.479401), (3,-0.515552), (4,-0.505898), (5,-0.41561), (6,-0.264527), (7,1.08637), (8,36.7016), (9,48.5041), (10,77.6271), (11,110.792),  

Writing: "NeuralEP2DL2mono_w025_reri2_158.chk"
 (0s, XML)
Steps: 15900000 Time: 1.59        
 CPU Time: 10.695 min.

um_max = 115.931 at x = 0.0160654, y = 2.3, z = 0
 
(Nodeid,phim): (0,-0.42451), (1,-0.431762), (2,-0.476019), (3,-0.514241), (4,-0.508594), (5,-0.425038), (6,-0.284306), (7,0.825746), (8,34.9157), (9,46.7461), (10,75.6067), (11,109.584),  

Writing: "NeuralEP2DL2mono_w025_reri2_159.chk"
 (0s, XML)
Steps: 16000000 Time: 1.6         
 CPU Time: 10.6796 min.

um_max = 115.461 at x = 0.00893461, y = 2.3, z = 0
 
(Nodeid,phim): (0,-0.420823), (1,-0.427841), (2,-0.472551), (3,-0.512739), (4,-0.51095), (5,-0.433894), (6,-0.302374), (7,0.61532), (8,33.0713), (9,45.0062), (10,73.5846), (11,108.275),  

Writing: "NeuralEP2DL2mono_w025_reri2_160.chk"
 (0s, XML)
Steps: 16100000 Time: 1.61        
 CPU Time: 10.6679 min.

um_max = 114.763 at x = 0.0160654, y = 2.3, z = 0
 
(Nodeid,phim): (0,-0.417093), (1,-0.423884), (2,-0.469003), (3,-0.511055), (4,-0.512977), (5,-0.442203), (6,-0.319005), (7,0.445531), (8,31.1525), (9,43.2779), (10,71.564), (11,106.877),  

Writing: "NeuralEP2DL2mono_w025_reri2_161.chk"
 (0s, XML)
Steps: 16200000 Time: 1.62        
 CPU Time: 10.6734 min.

um_max = 113.896 at x = 0.0160654, y = 2.3, z = 0
 
(Nodeid,phim): (0,-0.413323), (1,-0.419894), (2,-0.465381), (3,-0.509198), (4,-0.514688), (5,-0.449987), (6,-0.334409), (7,0.308401), (8,29.1463), (9,41.5529), (10,69.548), (11,105.4),  

Writing: "NeuralEP2DL2mono_w025_reri2_162.chk"
 (0s, XML)
Steps: 16300000 Time: 1.63        
 CPU Time: 10.6815 min.

um_max = 112.891 at x = 0.0160654, y = 2.3, z = 0
 
(Nodeid,phim): (0,-0.409518), (1,-0.415875), (2,-0.46169), (3,-0.507175), (4,-0.516091), (5,-0.457266), (6,-0.348747), (7,0.197354), (8,27.0462), (9,39.8214), (10,67.5402), (11,103.852),  

Writing: "NeuralEP2DL2mono_w025_reri2_163.chk"
 (0s, XML)
Steps: 16400000 Time: 1.64        
 CPU Time: 10.6546 min.

um_max = 111.769 at x = 0.0160654, y = 2.3, z = 0
 
(Nodeid,phim): (0,-0.405681), (1,-0.41183), (2,-0.457934), (3,-0.504993), (4,-0.517199), (5,-0.464058), (6,-0.362144), (7,0.107026), (8,24.8562), (9,38.0712), (10,65.5439), (11,102.239),  

Writing: "NeuralEP2DL2mono_w025_reri2_164.chk"
 (0s, XML)
Steps: 16500000 Time: 1.65        
 CPU Time: 10.6488 min.

um_max = 110.542 at x = 0.0160654, y = 2.3, z = 0
 
(Nodeid,phim): (0,-0.401816), (1,-0.407763), (2,-0.454118), (3,-0.502661), (4,-0.518021), (5,-0.47038), (6,-0.374698), (7,0.033087), (8,22.5934), (9,36.2889), (10,63.5626), (11,100.567),  

Writing: "NeuralEP2DL2mono_w025_reri2_165.chk"
 (0s, XML)
Steps: 16600000 Time: 1.66        
 CPU Time: 10.6588 min.

um_max = 109.222 at x = 0.0160654, y = 2.3, z = 0
 
(Nodeid,phim): (0,-0.397925), (1,-0.403676), (2,-0.450248), (3,-0.500186), (4,-0.518568), (5,-0.476248), (6,-0.386484), (7,-0.0279303), (8,20.2892), (9,34.46), (10,61.5995), (11,98.8423),  

Writing: "NeuralEP2DL2mono_w025_reri2_166.chk"
 (0s, XML)
Steps: 16700000 Time: 1.67        
 CPU Time: 10.6543 min.

um_max = 107.816 at x = 0.0160654, y = 2.3, z = 0
 
(Nodeid,phim): (0,-0.394013), (1,-0.399574), (2,-0.446327), (3,-0.497575), (4,-0.518851), (5,-0.481675), (6,-0.397563), (7,-0.0787785), (8,17.9863), (9,32.5707), (10,59.6577), (11,97.0702),  

Writing: "NeuralEP2DL2mono_w025_reri2_167.chk"
 (0s, XML)
Steps: 16800000 Time: 1.68        
 CPU Time: 10.6769 min.

um_max = 106.333 at x = 0.0160654, y = 2.3, z = 0
 
(Nodeid,phim): (0,-0.390082), (1,-0.395459), (2,-0.44236), (3,-0.494835), (4,-0.518879), (5,-0.486675), (6,-0.407982), (7,-0.121628), (8,15.7346), (9,30.6103), (10,57.74), (11,95.2557),  

Writing: "NeuralEP2DL2mono_w025_reri2_168.chk"
 (0s, XML)
Steps: 16900000 Time: 1.69        
 CPU Time: 10.6684 min.

um_max = 104.778 at x = 0.0160654, y = 2.3, z = 0
 
(Nodeid,phim): (0,-0.386135), (1,-0.391333), (2,-0.438351), (3,-0.491973), (4,-0.518661), (5,-0.491262), (6,-0.417782), (7,-0.158179), (8,13.5847), (9,28.5735), (10,55.8486), (11,93.4035),  

Writing: "NeuralEP2DL2mono_w025_reri2_169.chk"
 (0s, XML)
Steps: 17000000 Time: 1.7         
 CPU Time: 10.6546 min.

um_max = 103.159 at x = 0.0160654, y = 2.3, z = 0
 
(Nodeid,phim): (0,-0.382176), (1,-0.387199), (2,-0.434304), (3,-0.488995), (4,-0.518209), (5,-0.495449), (6,-0.426995), (7,-0.189755), (8,11.581), (9,26.4634), (10,53.9849), (11,91.5181),  

Writing: "NeuralEP2DL2mono_w025_reri2_170.chk"
 (0s, XML)
Steps: 17100000 Time: 1.71        
 CPU Time: 10.6794 min.

um_max = 101.48 at x = 0.0160654, y = 2.3, z = 0
 
(Nodeid,phim): (0,-0.378206), (1,-0.383061), (2,-0.430222), (3,-0.485908), (4,-0.517529), (5,-0.499249), (6,-0.435648), (7,-0.217381), (8,9.75702), (9,24.2925), (10,52.1495), (11,89.6037),  

Writing: "NeuralEP2DL2mono_w025_reri2_171.chk"
 (0s, XML)
Steps: 17200000 Time: 1.72        
 CPU Time: 10.6757 min.

um_max = 99.7477 at x = 0.0160654, y = 2.3, z = 0
 
(Nodeid,phim): (0,-0.374228), (1,-0.37892), (2,-0.42611), (3,-0.482718), (4,-0.516633), (5,-0.502673), (6,-0.443765), (7,-0.24185), (8,8.13199), (9,22.0823), (10,50.3419), (11,87.6643),  

Writing: "NeuralEP2DL2mono_w025_reri2_172.chk"
 (0s, XML)
Steps: 17300000 Time: 1.73        
 CPU Time: 10.6988 min.

um_max = 97.9677 at x = 0.0160654, y = 2.3, z = 0
 
(Nodeid,phim): (0,-0.370245), (1,-0.374778), (2,-0.421972), (3,-0.479431), (4,-0.515529), (5,-0.505733), (6,-0.451367), (7,-0.263771), (8,6.71171), (9,19.8611), (10,48.5605), (11,85.7036),  

Writing: "NeuralEP2DL2mono_w025_reri2_173.chk"
 (0s, XML)
Steps: 17400000 Time: 1.74        
 CPU Time: 10.6904 min.

um_max = 96.1448 at x = 0.0160654, y = 2.3, z = 0
 
(Nodeid,phim): (0,-0.36626), (1,-0.370639), (2,-0.417809), (3,-0.476052), (4,-0.514226), (5,-0.508442), (6,-0.458473), (7,-0.283612), (8,5.49074), (9,17.6619), (10,46.8019), (11,83.7251),  

Writing: "NeuralEP2DL2mono_w025_reri2_174.chk"
 (0s, XML)
Steps: 17500000 Time: 1.75        
 CPU Time: 10.6922 min.

um_max = 94.2838 at x = 0.0160654, y = 2.3, z = 0
 
(Nodeid,phim): (0,-0.362274), (1,-0.366504), (2,-0.413627), (3,-0.472589), (4,-0.512732), (5,-0.51081), (6,-0.465099), (7,-0.301732), (8,4.45563), (9,15.52), (10,45.0614), (11,81.7323),  

Writing: "NeuralEP2DL2mono_w025_reri2_175.chk"
 (0s, XML)
Steps: 17600000 Time: 1.76        
 CPU Time: 10.6915 min.

um_max = 92.3892 at x = 0.0160654, y = 2.3, z = 0
 
(Nodeid,phim): (0,-0.35829), (1,-0.362375), (2,-0.409427), (3,-0.469045), (4,-0.511055), (5,-0.51285), (6,-0.471262), (7,-0.318408), (8,3.58821), (9,13.471), (10,43.3328), (11,79.7283),  

Writing: "NeuralEP2DL2mono_w025_reri2_176.chk"
 (0s, XML)
Steps: 17700000 Time: 1.77        
 CPU Time: 10.674 min.

um_max = 90.4651 at x = 0.0160654, y = 2.3, z = 0
 
(Nodeid,phim): (0,-0.354309), (1,-0.358255), (2,-0.405213), (3,-0.465427), (4,-0.509205), (5,-0.514572), (6,-0.476976), (7,-0.33385), (8,2.86824), (9,11.5487), (10,41.608), (11,77.7165),  

Writing: "NeuralEP2DL2mono_w025_reri2_177.chk"
 (0s, XML)
Steps: 17800000 Time: 1.78        
 CPU Time: 10.6597 min.

um_max = 88.5155 at x = 0.0160654, y = 2.3, z = 0
 
(Nodeid,phim): (0,-0.350334), (1,-0.354144), (2,-0.400988), (3,-0.461739), (4,-0.507188), (5,-0.515986), (6,-0.482255), (7,-0.348222), (8,2.2754), (9,9.78175), (10,39.8768), (11,75.6999),  

Writing: "NeuralEP2DL2mono_w025_reri2_178.chk"
 (0s, XML)
Steps: 17900000 Time: 1.79        
 CPU Time: 10.6744 min.

um_max = 86.544 at x = 0.0160654, y = 2.3, z = 0
 
(Nodeid,phim): (0,-0.346367), (1,-0.350045), (2,-0.396755), (3,-0.457987), (4,-0.505013), (5,-0.517105), (6,-0.487113), (7,-0.361649), (8,1.79048), (9,8.19097), (10,38.1275), (11,73.6817),  

Writing: "NeuralEP2DL2mono_w025_reri2_179.chk"
 (0s, XML)
Steps: 18000000 Time: 1.8         
 CPU Time: 10.6609 min.

um_max = 84.5539 at x = 0.0160654, y = 2.3, z = 0
 
(Nodeid,phim): (0,-0.34241), (1,-0.34596), (2,-0.392517), (3,-0.454174), (4,-0.502687), (5,-0.517938), (6,-0.491563), (7,-0.37423), (8,1.39605), (9,6.78698), (10,36.3464), (11,71.665),  

Writing: "NeuralEP2DL2mono_w025_reri2_180.chk"
 (0s, XML)
Steps: 18100000 Time: 1.81        
 CPU Time: 10.6521 min.

um_max = 82.5484 at x = 0.0160654, y = 2.3, z = 0
 
(Nodeid,phim): (0,-0.338463), (1,-0.34189), (2,-0.388275), (3,-0.450307), (4,-0.500218), (5,-0.518496), (6,-0.495618), (7,-0.386041), (8,1.07665), (9,5.57005), (10,34.5192), (11,69.653),  

Writing: "NeuralEP2DL2mono_w025_reri2_181.chk"
 (0s, XML)
Steps: 18200000 Time: 1.82        
 CPU Time: 10.6508 min.

um_max = 80.5305 at x = 0.0160654, y = 2.3, z = 0
 
(Nodeid,phim): (0,-0.33453), (1,-0.337836), (2,-0.384032), (3,-0.446389), (4,-0.497613), (5,-0.518788), (6,-0.49929), (7,-0.397144), (8,0.818815), (9,4.53168), (10,32.6321), (11,67.6489),  

Writing: "NeuralEP2DL2mono_w025_reri2_182.chk"
 (0s, XML)
Steps: 18300000 Time: 1.83        
 CPU Time: 10.6575 min.

um_max = 78.5033 at x = 0.0160654, y = 2.3, z = 0
 
(Nodeid,phim): (0,-0.330611), (1,-0.333801), (2,-0.379791), (3,-0.442425), (4,-0.494878), (5,-0.518825), (6,-0.50259), (7,-0.407585), (8,0.61103), (9,3.65724), (10,30.674), (11,65.6559),  

Writing: "NeuralEP2DL2mono_w025_reri2_183.chk"
 (0s, XML)
Steps: 18400000 Time: 1.84        
 CPU Time: 10.6586 min.

um_max = 76.4695 at x = 0.0160654, y = 2.3, z = 0
 
(Nodeid,phim): (0,-0.326707), (1,-0.329785), (2,-0.375554), (3,-0.438418), (4,-0.492021), (5,-0.518617), (6,-0.505532), (7,-0.417406), (8,0.443581), (9,2.92878), (10,28.6396), (11,63.6772),  

Writing: "NeuralEP2DL2mono_w025_reri2_184.chk"
 (0s, XML)
Steps: 18500000 Time: 1.85        
 CPU Time: 10.6632 min.

um_max = 74.4321 at x = 0.0160654, y = 2.3, z = 0
 
(Nodeid,phim): (0,-0.322821), (1,-0.32579), (2,-0.371323), (3,-0.434373), (4,-0.489048), (5,-0.518173), (6,-0.508127), (7,-0.426639), (8,0.308409), (9,2.32722), (10,26.5318), (11,61.7159),  

Writing: "NeuralEP2DL2mono_w025_reri2_185.chk"
 (0s, XML)
Steps: 18600000 Time: 1.86        
 CPU Time: 10.6653 min.

um_max = 72.3942 at x = 0.0160654, y = 2.3, z = 0
 
(Nodeid,phim): (0,-0.318953), (1,-0.321816), (2,-0.3671), (3,-0.430294), (4,-0.485965), (5,-0.517502), (6,-0.510385), (7,-0.435311), (8,0.198922), (9,1.83393), (10,24.3625), (11,59.7748),  

Writing: "NeuralEP2DL2mono_w025_reri2_186.chk"
 (0s, XML)
Steps: 18700000 Time: 1.87        
 CPU Time: 10.6805 min.

um_max = 70.3588 at x = 0.0160654, y = 2.3, z = 0
 
(Nodeid,phim): (0,-0.315105), (1,-0.317866), (2,-0.362886), (3,-0.426184), (4,-0.482779), (5,-0.516614), (6,-0.512319), (7,-0.443447), (8,0.109782), (9,1.4317), (10,22.1532), (11,57.8563),  

Writing: "NeuralEP2DL2mono_w025_reri2_187.chk"
 (0s, XML)
Steps: 18800000 Time: 1.88        
 CPU Time: 10.6614 min.

um_max = 68.3295 at x = 0.0160654, y = 2.3, z = 0
 
(Nodeid,phim): (0,-0.311278), (1,-0.313939), (2,-0.358685), (3,-0.422047), (4,-0.479496), (5,-0.515518), (6,-0.513939), (7,-0.451067), (8,0.0367101), (9,1.10517), (10,19.9318), (11,55.9624),  

Writing: "NeuralEP2DL2mono_w025_reri2_188.chk"
 (0s, XML)
Steps: 18900000 Time: 1.89        
 CPU Time: 10.6766 min.

um_max = 66.3097 at x = 0.0160654, y = 2.3, z = 0
 
(Nodeid,phim): (0,-0.307473), (1,-0.310038), (2,-0.354497), (3,-0.417887), (4,-0.476122), (5,-0.514222), (6,-0.515256), (7,-0.458189), (8,-0.023703), (9,0.840964), (10,17.7314), (11,54.0945),  

Writing: "NeuralEP2DL2mono_w025_reri2_189.chk"
 (0s, XML)
Steps: 19000000 Time: 1.9         
 CPU Time: 10.6474 min.

um_max = 64.3031 at x = 0.0160654, y = 2.3, z = 0
 
(Nodeid,phim): (0,-0.30369), (1,-0.306163), (2,-0.350324), (3,-0.413706), (4,-0.472662), (5,-0.512735), (6,-0.516281), (7,-0.464832), (8,-0.0741542), (9,0.627633), (10,15.5871), (11,52.2528),  

Writing: "NeuralEP2DL2mono_w025_reri2_190.chk"
 (0s, XML)
Steps: 19100000 Time: 1.91        
 CPU Time: 10.6703 min.

um_max = 62.3137 at x = 0.0160654, y = 2.3, z = 0
 
(Nodeid,phim): (0,-0.299932), (1,-0.302315), (2,-0.346168), (3,-0.409508), (4,-0.469122), (5,-0.511066), (6,-0.517024), (7,-0.471011), (8,-0.116766), (9,0.455498), (10,13.5347), (11,50.4368),  

Writing: "NeuralEP2DL2mono_w025_reri2_191.chk"
 (0s, XML)
Steps: 19200000 Time: 1.92        
 CPU Time: 10.6771 min.

um_max = 60.3452 at x = 0.0160654, y = 2.3, z = 0
 
(Nodeid,phim): (0,-0.296199), (1,-0.298495), (2,-0.342031), (3,-0.405296), (4,-0.465507), (5,-0.509222), (6,-0.517495), (7,-0.47674), (8,-0.153198), (9,0.316488), (10,11.6078), (11,48.6447),  

Writing: "NeuralEP2DL2mono_w025_reri2_192.chk"
 (0s, XML)
Steps: 19300000 Time: 1.93        
 CPU Time: 10.6736 min.

um_max = 58.4014 at x = 0.0160654, y = 2.3, z = 0
 
(Nodeid,phim): (0,-0.292492), (1,-0.294703), (2,-0.337912), (3,-0.401072), (4,-0.461823), (5,-0.507212), (6,-0.517705), (7,-0.482034), (8,-0.184745), (9,0.203944), (10,9.83556), (11,46.8732),  

Writing: "NeuralEP2DL2mono_w025_reri2_193.chk"
 (0s, XML)
Steps: 19400000 Time: 1.94        
 CPU Time: 10.6318 min.

um_max = 56.4854 at x = 0.0160654, y = 2.3, z = 0
 
(Nodeid,phim): (0,-0.288811), (1,-0.29094), (2,-0.333815), (3,-0.39684), (4,-0.458073), (5,-0.505043), (6,-0.517663), (7,-0.486907), (8,-0.212408), (9,0.112428), (10,8.23894), (11,45.1177),  

Writing: "NeuralEP2DL2mono_w025_reri2_194.chk"
 (0s, XML)
Steps: 19500000 Time: 1.95        
 CPU Time: 10.6404 min.

um_max = 54.5999 at x = 0.0160654, y = 2.3, z = 0
 
(Nodeid,phim): (0,-0.285158), (1,-0.287208), (2,-0.32974), (3,-0.392603), (4,-0.454264), (5,-0.502723), (6,-0.517379), (7,-0.491371), (8,-0.236962), (9,0.0375509), (10,6.82893), (11,43.3717),  

Writing: "NeuralEP2DL2mono_w025_reri2_195.chk"
 (0s, XML)
Steps: 19600000 Time: 1.96        
 CPU Time: 10.6477 min.

um_max = 52.7467 at x = 0.0160654, y = 2.3, z = 0
 
(Nodeid,phim): (0,-0.281532), (1,-0.283506), (2,-0.325689), (3,-0.388362), (4,-0.450399), (5,-0.500259), (6,-0.516863), (7,-0.49544), (8,-0.259002), (9,-0.0242061), (10,5.60613), (11,41.6274),  

Writing: "NeuralEP2DL2mono_w025_reri2_196.chk"
 (0s, XML)
Steps: 19700000 Time: 1.97        
 CPU Time: 10.6392 min.

um_max = 50.9263 at x = 0.0160654, y = 2.3, z = 0
 
(Nodeid,phim): (0,-0.277936), (1,-0.279835), (2,-0.321662), (3,-0.38412), (4,-0.446483), (5,-0.497659), (6,-0.516124), (7,-0.499125), (8,-0.278986), (9,-0.0756368), (10,4.56225), (11,39.8755),  

Writing: "NeuralEP2DL2mono_w025_reri2_197.chk"
 (0s, XML)
Steps: 19800000 Time: 1.98        
 CPU Time: 10.6563 min.

um_max = 49.1379 at x = 0.0160654, y = 2.3, z = 0
 
(Nodeid,phim): (0,-0.274368), (1,-0.276196), (2,-0.31766), (3,-0.37988), (4,-0.442521), (5,-0.494929), (6,-0.51517), (7,-0.502439), (8,-0.297266), (9,-0.118945), (10,3.68285), (11,38.1059),  

Writing: "NeuralEP2DL2mono_w025_reri2_198.chk"
 (0s, XML)
Steps: 19900000 Time: 1.99        
 CPU Time: 10.6177 min.

um_max = 47.3792 at x = 0.0160654, y = 2.3, z = 0
 
(Nodeid,phim): (0,-0.270831), (1,-0.27259), (2,-0.313685), (3,-0.375644), (4,-0.438517), (5,-0.492077), (6,-0.514011), (7,-0.505394), (8,-0.314112), (9,-0.155859), (10,2.95002), (11,36.3081),  

Writing: "NeuralEP2DL2mono_w025_reri2_199.chk"
 (0s, XML)
Steps: 20000000 Time: 2           
 CPU Time: 10.6568 min.

um_max = 45.6462 at x = 0.00893461, y = 2.3, z = 0
 
(Nodeid,phim): (0,-0.267323), (1,-0.269015), (2,-0.309738), (3,-0.371413), (4,-0.434474), (5,-0.489109), (6,-0.512656), (7,-0.508), (8,-0.329731), (9,-0.187722), (10,2.3447), (11,34.4721),  

Writing: "NeuralEP2DL2mono_w025_reri2_200.chk"
 (0s, XML)
Time-integration  : 127277s
Writing: "NeuralEP2DL2mono_w025_reri2.fld"
 (0s, XML)
-------------------------------------------
Total Computation Time = 127279s
-------------------------------------------
L 2 error (variable um) : 1.54636
L inf error (variable um) : 45.6462
