Anisotropy = [ 2 , 4 ] 
MMFActivation = 6720 /  6720 ( 100 % ) 
*** 1st Moving frames are NOT in unit length, Avg mag. = 1.96842 *** 
*** 2nd Moving frames are in unit length ***
*** Moving frames are Orthogonal
*** MF 0 = ( 1.96842 , 0 , 0 ) 
*** MF 1 = ( 0 , 1 , 0 ) 
*** MF 2 = ( 0 , 0 , 1 ) 
================== SetUP Time Map moving frames ==================
*** 1st Moving frames are in unit length ***
*** 2nd Moving frames are in unit length ***
*** Moving frames are Orthogonal
*** MF 0 = ( 0.707107 , 0.707107 , 0 ) 
*** MF 1 = ( 0.707107 , 0.707107 , 0 ) 
*** MF 2 = ( 0 , 0 , 1 ) 
k = 0, m_varcoeff = ( 1.96842 , 0 , 0 , 0.0442546 , 3.89546 ) 
k = 1, m_varcoeff = ( 0 , 1 , 0 , 1.16285e-14 , 1 ) 
k = 2, m_varcoeff = ( 0 , 0 , 1 , 0 , 1 ) 
 ::::: 2D Varcoeff is Successfully Created ::::: 

=======================================================================
	        EquationType: MMFCardiacEP
	        Session Name: CardiacTimeMapDeformGaussX2
	        Spatial Dim.: 3
	  Max SEM Exp. Order: 6
	      Expansion Dim.: 2
	     Projection Type: Continuous Galerkin
	 Advect. advancement: explicit
	Diffuse. advancement: implicit
	           Time Step: 0.001
	        No. of Steps: 100000
	 Checkpoints (steps): 10000
	    Integration Type: IMEX
	             Surface: Plane
	           DerivType: Euclidean
	              MMFdir: TangentX
	    SolverSchemeType: MMFZero
	       TimeMapScheme: 0
	        TimeMapStart: 0
	          TimeMapEnd: 10000
	         TimeMapIapp: 0
	      m_TimeMapDelay: 0
	      AniRegionStart: 0
	        AniRegionEnd: 1000000
	  AnisotropyStrength: 2
	               urest: 0
	          Cell model: Aliev-Panfilov
	                   k: 8
	                   a: 0.15
	                 eps: 0.002
	                 mu1: 0.2
	                 mu2: 0.3
=======================================================================
Initial Conditions:
  - Field u: 0 (default)
Writing: "CardiacTimeMapDeformGaussX2_initialcondition.chk"
 (0.00090114s, XML)
ValidTimeMap = 1008 / 6720 ( 15 % ) is De-Acitvated
Initial: u = 1.40138, max u = 4.35157
Writing: "CardiacTimeMapDeformGaussX2_initial.chk"
 (0.000706315s, XML)
xmax = 40, xmin = -40, ymax = 0.5, ymin = -0.5
Steps: 10000    Time: 10          
 CPU Time: 0.557477 min.
u_max = 0.996352 at x = -8.73442, y = -0.110244, z = 0
u_min = 4.74352e-19 at x = 40, y = 0.5, z = 0
Writing: "CardiacTimeMapDeformGaussX2_TimeMap_1.chk"
 (0.00487898s, XML)
Time Map: Max = 9.99404, Min = 0, vel mag max = 9.97435
Writing: "CardiacTimeMapDeformGaussX2_1.chk"
 (0.000726393s, XML)
Steps: 20000    Time: 20          
 CPU Time: 0.557159 min.
u_max = 0.996266 at x = 17.0849, y = 8.1532e-17, z = 0
u_min = 6.64431e-07 at x = 40, y = 0.5, z = 0
Writing: "CardiacTimeMapDeformGaussX2_TimeMap_2.chk"
 (0.00501595s, XML)
Time Map: Max = 19.9911, Min = 0, vel mag max = 9.93555
Writing: "CardiacTimeMapDeformGaussX2_2.chk"
 (0.000791644s, XML)
Steps: 30000    Time: 30          
 CPU Time: 0.55773 min.
u_max = 0.995002 at x = 40, y = 0.5, z = 0
u_min = 0.00319788 at x = -24.3903, y = 0.367212, z = 0
Writing: "CardiacTimeMapDeformGaussX2_TimeMap_3.chk"
 (0.00505387s, XML)
Time Map: Max = 24.7861, Min = 0, vel mag max = 9.72243
Writing: "CardiacTimeMapDeformGaussX2_3.chk"
 (0.000805871s, XML)
Steps: 40000    Time: 40          
 CPU Time: 0.558301 min.
u_max = 0.954689 at x = 40, y = -0.5, z = 0
u_min = 7.06293e-09 at x = -40, y = -0.5, z = 0
Writing: "CardiacTimeMapDeformGaussX2_TimeMap_4.chk"
 (0.00505606s, XML)
Time Map: Max = 24.7861, Min = 0, vel mag max = 9.72243
Writing: "CardiacTimeMapDeformGaussX2_4.chk"
 (0.000754174s, XML)
Steps: 50000    Time: 50          
 CPU Time: 0.558447 min.
u_max = 0.0121951 at x = 40, y = 0.5, z = 0
u_min = 2.61452e-13 at x = -40, y = -0.5, z = 0
Writing: "CardiacTimeMapDeformGaussX2_TimeMap_5.chk"
 (0.00503006s, XML)
Time Map: Max = 24.7861, Min = 0, vel mag max = 9.72243
Writing: "CardiacTimeMapDeformGaussX2_5.chk"
 (0.000746751s, XML)
Steps: 60000    Time: 60          
 CPU Time: 0.558198 min.
u_max = 2.3555e-09 at x = 40, y = -0.5, z = 0
u_min = 5.41494e-17 at x = -40, y = -0.5, z = 0
Writing: "CardiacTimeMapDeformGaussX2_TimeMap_6.chk"
 (0.00502288s, XML)
Time Map: Max = 24.7861, Min = 0, vel mag max = 9.72243
Writing: "CardiacTimeMapDeformGaussX2_6.chk"
 (0.000766276s, XML)
Steps: 70000    Time: 70          
 CPU Time: 0.55822 min.
u_max = 5.08072e-15 at x = 40, y = -0.5, z = 0
u_min = 1.07945e-20 at x = -40, y = -0.5, z = 0
Writing: "CardiacTimeMapDeformGaussX2_TimeMap_7.chk"
 (0.00499971s, XML)
Time Map: Max = 24.7861, Min = 0, vel mag max = 9.72243
Writing: "CardiacTimeMapDeformGaussX2_7.chk"
 (0.00079449s, XML)
Steps: 80000    Time: 80          
 CPU Time: 0.558183 min.
u_max = 1.63765e-20 at x = 40, y = -0.5, z = 0
u_min = 1.20255e-24 at x = -40, y = -0.5, z = 0
Writing: "CardiacTimeMapDeformGaussX2_TimeMap_8.chk"
 (0.0050392s, XML)
Time Map: Max = 24.7861, Min = 0, vel mag max = 9.72243
Writing: "CardiacTimeMapDeformGaussX2_8.chk"
 (0.000808466s, XML)
Steps: 90000    Time: 90          
 CPU Time: 0.558557 min.
u_max = 6.29984e-26 at x = 40, y = -0.5, z = 0
u_min = 4.55126e-29 at x = -40, y = -0.5, z = 0
Writing: "CardiacTimeMapDeformGaussX2_TimeMap_9.chk"
 (0.00505482s, XML)
Time Map: Max = 24.7861, Min = 0, vel mag max = 9.72243
Writing: "CardiacTimeMapDeformGaussX2_9.chk"
 (0.000800511s, XML)
Steps: 100000   Time: 100         
 CPU Time: 0.557528 min.
u_max = 2.68125e-31 at x = 40, y = -0.5, z = 0
u_min = 8.49362e-34 at x = -40, y = -0.5, z = 0
Writing: "CardiacTimeMapDeformGaussX2_TimeMap_10.chk"
 (0.00494339s, XML)
Time Map: Max = 24.7861, Min = 0, vel mag max = 9.72243
Writing: "CardiacTimeMapDeformGaussX2_10.chk"
 (0.000790021s, XML)
Time-integration  : 334.788s
Writing: "CardiacTimeMapDeformGaussX2.fld"
 (0.000787256s, XML)
-------------------------------------------
Total Computation Time = 2251.21s
-------------------------------------------
L 2 error (variable u) : 0
L inf error (variable u) : 2.68125e-31
