Anisotropy = [ 1 , 1 ] 
MMFActivation = 6720 /  6720 ( 100 % ) 
*** 1st Moving frames are in unit length ***
*** 2nd Moving frames are in unit length ***
*** Moving frames are Orthogonal
*** MF 0 = ( 1 , 0 , 0 ) 
*** MF 1 = ( 0 , 1 , 0 ) 
*** MF 2 = ( 0 , 0 , 1 ) 
================== SetUP Time Map moving frames ==================
*** 1st Moving frames are in unit length ***
*** 2nd Moving frames are in unit length ***
*** Moving frames are Orthogonal
*** MF 0 = ( 0.707107 , 0.707107 , 0 ) 
*** MF 1 = ( 0.707107 , 0.707107 , 0 ) 
*** MF 2 = ( 0 , 0 , 1 ) 
k = 0, m_varcoeff = ( 1 , 0 , 0 , 5.81426e-15 , 1 ) 
k = 1, m_varcoeff = ( 0 , 1 , 0 , 1.16285e-14 , 1 ) 
k = 2, m_varcoeff = ( 0 , 0 , 1 , 0 , 1 ) 
 ::::: 2D Varcoeff is Successfully Created ::::: 

=======================================================================
	        EquationType: MMFCardiacEP
	        Session Name: CardiacTimeMapDeformX1
	        Spatial Dim.: 3
	  Max SEM Exp. Order: 6
	      Expansion Dim.: 2
	     Projection Type: Continuous Galerkin
	 Advect. advancement: explicit
	Diffuse. advancement: implicit
	           Time Step: 0.001
	        No. of Steps: 100000
	 Checkpoints (steps): 10000
	    Integration Type: IMEX
	             Surface: Plane
	           DerivType: Euclidean
	              MMFdir: TangentX
	    SolverSchemeType: MMFZero
	       TimeMapScheme: 0
	        TimeMapStart: 0
	          TimeMapEnd: 10000
	         TimeMapIapp: 0
	      m_TimeMapDelay: 0
	      AniRegionStart: 60
	        AniRegionEnd: 100
	  AnisotropyStrength: 1
	               urest: 0
	          Cell model: Aliev-Panfilov
	                   k: 8
	                   a: 0.15
	                 eps: 0.002
	                 mu1: 0.2
	                 mu2: 0.3
=======================================================================
Initial Conditions:
  - Field u: 0 (default)
Writing: "CardiacTimeMapDeformX1_initialcondition.chk"
 (0.000909065s, XML)
ValidTimeMap = 1008 / 6720 ( 15 % ) is De-Acitvated
Initial: u = 1.40138, max u = 4.35157
Writing: "CardiacTimeMapDeformX1_initial.chk"
 (0.000712306s, XML)
xmax = 40, xmin = -40, ymax = 0.5, ymin = -0.5
Steps: 10000    Time: 10          
 CPU Time: 0.560695 min.
u_max = 0.996266 at x = -18.8755, y = -0.132788, z = 0
u_min = 1.83429e-50 at x = 40, y = 0.5, z = 0
Writing: "CardiacTimeMapDeformX1_TimeMap_1.chk"
 (0.00490985s, XML)
Time Map: Max = 9.99701, Min = 0, vel mag max = 7.30459
Writing: "CardiacTimeMapDeformX1_1.chk"
 (0.000728586s, XML)
Steps: 20000    Time: 20          
 CPU Time: 0.562633 min.
u_max = 0.996266 at x = -4.91511, y = -1.43625e-12, z = 0
u_min = 6.35626e-36 at x = 40, y = -0.5, z = 0
Writing: "CardiacTimeMapDeformX1_TimeMap_2.chk"
 (0.00495518s, XML)
Time Map: Max = 19.9852, Min = 0, vel mag max = 7.27534
Writing: "CardiacTimeMapDeformX1_2.chk"
 (0.000723818s, XML)
Steps: 30000    Time: 30          
 CPU Time: 0.560579 min.
u_max = 0.996266 at x = 9.07048, y = -0.042444, z = 0
u_min = 8.34999e-24 at x = 40, y = 0.5, z = 0
Writing: "CardiacTimeMapDeformX1_TimeMap_3.chk"
 (0.00502191s, XML)
Time Map: Max = 29.9985, Min = 0, vel mag max = 7.27174
Writing: "CardiacTimeMapDeformX1_3.chk"
 (0.000733876s, XML)
Steps: 40000    Time: 40          
 CPU Time: 0.561782 min.
u_max = 0.996266 at x = 23.0398, y = -0.042444, z = 0
u_min = 1.07515e-11 at x = 40, y = -0.5, z = 0
Writing: "CardiacTimeMapDeformX1_TimeMap_4.chk"
 (0.00507485s, XML)
Time Map: Max = 39.9842, Min = 0, vel mag max = 7.28311
Writing: "CardiacTimeMapDeformX1_4.chk"
 (0.000733986s, XML)
Steps: 50000    Time: 50          
 CPU Time: 0.560805 min.
u_max = 0.998384 at x = 40, y = 0.234424, z = 0
u_min = 2.81962e-14 at x = -40, y = 0.5, z = 0
Writing: "CardiacTimeMapDeformX1_TimeMap_5.chk"
 (0.00512269s, XML)
Time Map: Max = 48.7397, Min = 0, vel mag max = 7.68564
Writing: "CardiacTimeMapDeformX1_5.chk"
 (0.000743103s, XML)
Steps: 60000    Time: 60          
 CPU Time: 0.562704 min.
u_max = 0.980251 at x = 40, y = 0.234424, z = 0
u_min = 1.63912e-18 at x = -40, y = 0.5, z = 0
Writing: "CardiacTimeMapDeformX1_TimeMap_6.chk"
 (0.00510813s, XML)
Time Map: Max = 48.7397, Min = 0, vel mag max = 7.68564
Writing: "CardiacTimeMapDeformX1_6.chk"
 (0.00070362s, XML)
Steps: 70000    Time: 70          
 CPU Time: 0.561067 min.
u_max = 0.808995 at x = 40, y = 0.234424, z = 0
u_min = 3.27539e-22 at x = -40, y = -0.5, z = 0
Writing: "CardiacTimeMapDeformX1_TimeMap_7.chk"
 (0.00510225s, XML)
Time Map: Max = 48.7397, Min = 0, vel mag max = 7.68564
Writing: "CardiacTimeMapDeformX1_7.chk"
 (0.000707487s, XML)
Steps: 80000    Time: 80          
 CPU Time: 0.562059 min.
u_max = 5.46315e-07 at x = 40, y = 0.234424, z = 0
u_min = 6.74251e-26 at x = -40, y = 0.5, z = 0
Writing: "CardiacTimeMapDeformX1_TimeMap_8.chk"
 (0.00511697s, XML)
Time Map: Max = 48.7397, Min = 0, vel mag max = 7.68564
Writing: "CardiacTimeMapDeformX1_8.chk"
 (0.000722394s, XML)
Steps: 90000    Time: 90          
 CPU Time: 0.561194 min.
u_max = 8.21434e-13 at x = 40, y = 0.234424, z = 0
u_min = 1.39642e-29 at x = -40, y = 0.5, z = 0
Writing: "CardiacTimeMapDeformX1_TimeMap_9.chk"
 (0.00512395s, XML)
Time Map: Max = 48.7397, Min = 0, vel mag max = 7.68564
Writing: "CardiacTimeMapDeformX1_9.chk"
 (0.000734237s, XML)
Steps: 100000   Time: 100         
 CPU Time: 0.555727 min.
u_max = 2.36214e-18 at x = 40, y = 0.234424, z = 0
u_min = 2.91576e-33 at x = -40, y = 0.5, z = 0
Writing: "CardiacTimeMapDeformX1_TimeMap_10.chk"
 (0.00493164s, XML)
Time Map: Max = 48.7397, Min = 0, vel mag max = 7.68564
Writing: "CardiacTimeMapDeformX1_10.chk"
 (0.000720371s, XML)
Time-integration  : 336.555s
Writing: "CardiacTimeMapDeformX1.fld"
 (0.000698199s, XML)
-------------------------------------------
Total Computation Time = 2305.37s
-------------------------------------------
L 2 error (variable u) : 0
L inf error (variable u) : 2.36214e-18
