Anisotropy = [ 0.574456 , 1 ] 
MMFActivation = 6720 /  6720 ( 100 % ) 
*** 1st Moving frames are NOT in unit length, Avg mag. = 0.945312 *** 
*** 2nd Moving frames are in unit length ***
*** Moving frames are Orthogonal
*** MF 0 = ( 0.945312 , 0 , 0 ) 
*** MF 1 = ( 0 , 1 , 0 ) 
*** MF 2 = ( 0 , 0 , 1 ) 
================== SetUP Time Map moving frames ==================
*** 1st Moving frames are in unit length ***
*** 2nd Moving frames are in unit length ***
*** Moving frames are Orthogonal
*** MF 0 = ( 0.707107 , 0.707107 , 0 ) 
*** MF 1 = ( 0.707107 , 0.707107 , 0 ) 
*** MF 2 = ( 0 , 0 , 1 ) 
k = 0, m_varcoeff = ( 0.945312 , 0 , 0 , 5.58631e-15 , 0.912414 ) 
k = 1, m_varcoeff = ( 0 , 1 , 0 , 1.16285e-14 , 1 ) 
k = 2, m_varcoeff = ( 0 , 0 , 1 , 0 , 1 ) 
 ::::: 2D Varcoeff is Successfully Created ::::: 

=======================================================================
	        EquationType: MMFCardiacEP
	        Session Name: CardiacTimeMapDeformX033
	        Spatial Dim.: 3
	  Max SEM Exp. Order: 6
	      Expansion Dim.: 2
	     Projection Type: Continuous Galerkin
	 Advect. advancement: explicit
	Diffuse. advancement: implicit
	           Time Step: 0.001
	        No. of Steps: 100000
	 Checkpoints (steps): 10000
	    Integration Type: IMEX
	             Surface: Plane
	           DerivType: Euclidean
	              MMFdir: TangentX
	    SolverSchemeType: MMFZero
	       TimeMapScheme: 0
	        TimeMapStart: 0
	          TimeMapEnd: 10000
	         TimeMapIapp: 0
	      m_TimeMapDelay: 0
	      AniRegionStart: 60
	        AniRegionEnd: 100
	  AnisotropyStrength: 0.33
	               urest: 0
	          Cell model: Aliev-Panfilov
	                   k: 8
	                   a: 0.15
	                 eps: 0.002
	                 mu1: 0.2
	                 mu2: 0.3
=======================================================================
Initial Conditions:
  - Field u: 0 (default)
Writing: "CardiacTimeMapDeformX033_initialcondition.chk"
 (0.000896551s, XML)
ValidTimeMap = 1008 / 6720 ( 15 % ) is De-Acitvated
Initial: u = 1.40138, max u = 4.35157
Writing: "CardiacTimeMapDeformX033_initial.chk"
 (0.000713407s, XML)
xmax = 40, xmin = -40, ymax = 0.5, ymin = -0.5
Steps: 10000    Time: 10          
 CPU Time: 0.556948 min.
u_max = 0.996266 at x = -18.8755, y = -0.132788, z = 0
u_min = -1.00825e-13 at x = -2.16978, y = 0.5, z = 0
Writing: "CardiacTimeMapDeformX033_TimeMap_1.chk"
 (0.00486061s, XML)
Time Map: Max = 9.99701, Min = 0, vel mag max = 7.30459
Writing: "CardiacTimeMapDeformX033_1.chk"
 (0.000719119s, XML)
Steps: 20000    Time: 20          
 CPU Time: 0.557855 min.
u_max = 0.996281 at x = -6, y = -0.5, z = 0
u_min = -6.95689e-13 at x = 7.46885, y = -0.5, z = 0
Writing: "CardiacTimeMapDeformX033_TimeMap_2.chk"
 (0.00491197s, XML)
Time Map: Max = 19.9862, Min = 0, vel mag max = 6.03833
Writing: "CardiacTimeMapDeformX033_2.chk"
 (0.000729358s, XML)
Steps: 30000    Time: 30          
 CPU Time: 0.558353 min.
u_max = 0.996276 at x = 4.57095, y = 0.457556, z = 0
u_min = 3.0374e-29 at x = 40, y = -0.5, z = 0
Writing: "CardiacTimeMapDeformX033_TimeMap_3.chk"
 (0.00492289s, XML)
Time Map: Max = 29.9965, Min = 0, vel mag max = 5.45
Writing: "CardiacTimeMapDeformX033_3.chk"
 (0.000736661s, XML)
Steps: 40000    Time: 40          
 CPU Time: 0.559388 min.
u_max = 0.996269 at x = 16.571, y = 0.457556, z = 0
u_min = 3.16002e-17 at x = 40, y = -0.5, z = 0
Writing: "CardiacTimeMapDeformX033_TimeMap_4.chk"
 (0.00500317s, XML)
Time Map: Max = 39.999, Min = 0, vel mag max = 7.3892
Writing: "CardiacTimeMapDeformX033_4.chk"
 (0.000732354s, XML)
Steps: 50000    Time: 50          
 CPU Time: 0.559304 min.
u_max = 0.99627 at x = 30.5312, y = -0.5, z = 0
u_min = 2.82084e-14 at x = -40, y = 0.5, z = 0
Writing: "CardiacTimeMapDeformX033_TimeMap_5.chk"
 (0.00504481s, XML)
Time Map: Max = 49.9785, Min = 0, vel mag max = 7.42281
Writing: "CardiacTimeMapDeformX033_5.chk"
 (0.000734097s, XML)
Steps: 60000    Time: 60          
 CPU Time: 0.55901 min.
u_max = 0.992868 at x = 40, y = 0.234424, z = 0
u_min = 1.47362e-18 at x = -40, y = 0.5, z = 0
Writing: "CardiacTimeMapDeformX033_TimeMap_6.chk"
 (0.00505819s, XML)
Time Map: Max = 53.3464, Min = 0, vel mag max = 7.68623
Writing: "CardiacTimeMapDeformX033_6.chk"
 (0.000717295s, XML)
Steps: 70000    Time: 70          
 CPU Time: 0.558 min.
u_max = 0.938289 at x = 40, y = 0.234424, z = 0
u_min = 2.58732e-22 at x = -40, y = 0.5, z = 0
Writing: "CardiacTimeMapDeformX033_TimeMap_7.chk"
 (0.00583254s, XML)
Time Map: Max = 53.3464, Min = 0, vel mag max = 7.68623
Writing: "CardiacTimeMapDeformX033_7.chk"
 (0.000728776s, XML)
Steps: 80000    Time: 80          
 CPU Time: 0.557037 min.
u_max = 0.000681574 at x = 40, y = 0.234424, z = 0
u_min = 5.20622e-26 at x = -40, y = 0.5, z = 0
Writing: "CardiacTimeMapDeformX033_TimeMap_8.chk"
 (0.00510872s, XML)
Time Map: Max = 53.3464, Min = 0, vel mag max = 7.68623
Writing: "CardiacTimeMapDeformX033_8.chk"
 (0.000702998s, XML)
Steps: 90000    Time: 90          
 CPU Time: 0.556619 min.
u_max = 3.43932e-10 at x = 40, y = 0.234424, z = 0
u_min = 1.08824e-29 at x = -40, y = -0.5, z = 0
Writing: "CardiacTimeMapDeformX033_TimeMap_9.chk"
 (0.00509085s, XML)
Time Map: Max = 53.3464, Min = 0, vel mag max = 7.68623
Writing: "CardiacTimeMapDeformX033_9.chk"
 (0.000712536s, XML)
Steps: 100000   Time: 100         
 CPU Time: 0.554953 min.
u_max = 8.09657e-16 at x = 40, y = 0.234424, z = 0
u_min = 2.53199e-33 at x = -40, y = 0.5, z = 0
Writing: "CardiacTimeMapDeformX033_TimeMap_10.chk"
 (0.00493165s, XML)
Time Map: Max = 53.3464, Min = 0, vel mag max = 7.68623
Writing: "CardiacTimeMapDeformX033_10.chk"
 (0.000710933s, XML)
Time-integration  : 334.648s
Writing: "CardiacTimeMapDeformX033.fld"
 (0.000693481s, XML)
-------------------------------------------
Total Computation Time = 2265.95s
-------------------------------------------
L 2 error (variable u) : 2.30986e-15
L inf error (variable u) : 8.09657e-16
