Anisotropy = [ 1 , 1.73205 ] 
MMFActivation = 6720 /  6720 ( 100 % ) 
*** 1st Moving frames are NOT in unit length, Avg mag. = 1.08766 *** 
*** 2nd Moving frames are in unit length ***
*** Moving frames are Orthogonal
*** MF 0 = ( 1.08766 , 0 , 0 ) 
*** MF 1 = ( 0 , 1 , 0 ) 
*** MF 2 = ( 0 , 0 , 1 ) 
================== SetUP Time Map moving frames ==================
*** 1st Moving frames are in unit length ***
*** 2nd Moving frames are in unit length ***
*** Moving frames are Orthogonal
*** MF 0 = ( 0.707107 , 0.707107 , 0 ) 
*** MF 1 = ( 0.707107 , 0.707107 , 0 ) 
*** MF 2 = ( 0 , 0 , 1 ) 
k = 0, m_varcoeff = ( 1.08766 , 0 , 0 , 5.98204e-15 , 1.22474 ) 
k = 1, m_varcoeff = ( 0 , 1 , 0 , 1.16285e-14 , 1 ) 
k = 2, m_varcoeff = ( 0 , 0 , 1 , 0 , 1 ) 
 ::::: 2D Varcoeff is Successfully Created ::::: 

=======================================================================
	        EquationType: MMFCardiacEP
	        Session Name: CardiacTimeMapDeformX3
	        Spatial Dim.: 3
	  Max SEM Exp. Order: 6
	      Expansion Dim.: 2
	     Projection Type: Continuous Galerkin
	 Advect. advancement: explicit
	Diffuse. advancement: implicit
	           Time Step: 0.001
	        No. of Steps: 100000
	 Checkpoints (steps): 10000
	    Integration Type: IMEX
	             Surface: Plane
	           DerivType: Euclidean
	              MMFdir: TangentX
	    SolverSchemeType: MMFZero
	       TimeMapScheme: 0
	        TimeMapStart: 0
	          TimeMapEnd: 10000
	         TimeMapIapp: 0
	      m_TimeMapDelay: 0
	      AniRegionStart: 60
	        AniRegionEnd: 100
	  AnisotropyStrength: 3
	               urest: 0
	          Cell model: Aliev-Panfilov
	                   k: 8
	                   a: 0.15
	                 eps: 0.002
	                 mu1: 0.2
	                 mu2: 0.3
=======================================================================
Initial Conditions:
  - Field u: 0 (default)
Writing: "CardiacTimeMapDeformX3_initialcondition.chk"
 (0.000897944s, XML)
ValidTimeMap = 1008 / 6720 ( 15 % ) is De-Acitvated
Initial: u = 1.40138, max u = 4.35157
Writing: "CardiacTimeMapDeformX3_initial.chk"
 (0.000711124s, XML)
xmax = 40, xmin = -40, ymax = 0.5, ymin = -0.5
Steps: 10000    Time: 10          
 CPU Time: 0.555031 min.
u_max = 0.996266 at x = -18.8755, y = 0.132788, z = 0
u_min = 3.10874e-45 at x = 40, y = 0.5, z = 0
Writing: "CardiacTimeMapDeformX3_TimeMap_1.chk"
 (0.00483593s, XML)
Time Map: Max = 9.99701, Min = 0, vel mag max = 7.30459
Writing: "CardiacTimeMapDeformX3_1.chk"
 (0.000708348s, XML)
Steps: 20000    Time: 20          
 CPU Time: 0.55577 min.
u_max = 0.996262 at x = -3.60974, y = 0.367212, z = 0
u_min = 9.29661e-32 at x = 40, y = 0.5, z = 0
Writing: "CardiacTimeMapDeformX3_TimeMap_2.chk"
 (0.00491338s, XML)
Time Map: Max = 19.9916, Min = 0, vel mag max = 9.50459
Writing: "CardiacTimeMapDeformX3_2.chk"
 (0.00072555s, XML)
Steps: 30000    Time: 30          
 CPU Time: 0.556523 min.
u_max = 0.996276 at x = 13.8302, y = -0.5, z = 0
u_min = 8.97269e-20 at x = 40, y = -0.5, z = 0
Writing: "CardiacTimeMapDeformX3_TimeMap_3.chk"
 (0.00499171s, XML)
Time Map: Max = 29.9945, Min = 0, vel mag max = 7.22737
Writing: "CardiacTimeMapDeformX3_3.chk"
 (0.000741521s, XML)
Steps: 40000    Time: 40          
 CPU Time: 0.55677 min.
u_max = 0.996267 at x = 27.7597, y = 0.457556, z = 0
u_min = 9.27565e-09 at x = -34.2403, y = -0.457556, z = 0
Writing: "CardiacTimeMapDeformX3_TimeMap_4.chk"
 (0.00506315s, XML)
Time Map: Max = 39.9785, Min = 0, vel mag max = 7.19029
Writing: "CardiacTimeMapDeformX3_4.chk"
 (0.000745097s, XML)
Steps: 50000    Time: 50          
 CPU Time: 0.556467 min.
u_max = 0.995676 at x = 40, y = 0.234424, z = 0
u_min = 2.81773e-14 at x = -40, y = 0.5, z = 0
Writing: "CardiacTimeMapDeformX3_TimeMap_5.chk"
 (0.00503804s, XML)
Time Map: Max = 45.336, Min = 0, vel mag max = 7.68986
Writing: "CardiacTimeMapDeformX3_5.chk"
 (0.000732193s, XML)
Steps: 60000    Time: 60          
 CPU Time: 0.556576 min.
u_max = 0.959663 at x = 40, y = 0.234424, z = 0
u_min = 1.84277e-18 at x = -40, y = 0.5, z = 0
Writing: "CardiacTimeMapDeformX3_TimeMap_6.chk"
 (0.0059236s, XML)
Time Map: Max = 45.336, Min = 0, vel mag max = 7.68986
Writing: "CardiacTimeMapDeformX3_6.chk"
 (0.000718397s, XML)
Steps: 70000    Time: 70          
 CPU Time: 0.55659 min.
u_max = 0.0465642 at x = 40, y = 0.234424, z = 0
u_min = 4.19732e-22 at x = -40, y = 0.5, z = 0
Writing: "CardiacTimeMapDeformX3_TimeMap_7.chk"
 (0.0050499s, XML)
Time Map: Max = 45.336, Min = 0, vel mag max = 7.68986
Writing: "CardiacTimeMapDeformX3_7.chk"
 (0.000711975s, XML)
Steps: 80000    Time: 80          
 CPU Time: 0.556533 min.
u_max = 4.94533e-09 at x = 40, y = 0.234424, z = 0
u_min = 8.31548e-26 at x = -40, y = 0.5, z = 0
Writing: "CardiacTimeMapDeformX3_TimeMap_8.chk"
 (0.00505611s, XML)
Time Map: Max = 45.336, Min = 0, vel mag max = 7.68986
Writing: "CardiacTimeMapDeformX3_8.chk"
 (0.000731121s, XML)
Steps: 90000    Time: 90          
 CPU Time: 0.556113 min.
u_max = 1.02685e-14 at x = 40, y = 0.234424, z = 0
u_min = 1.50516e-29 at x = -40, y = 0.5, z = 0
Writing: "CardiacTimeMapDeformX3_TimeMap_9.chk"
 (0.00507658s, XML)
Time Map: Max = 45.336, Min = 0, vel mag max = 7.68986
Writing: "CardiacTimeMapDeformX3_9.chk"
 (0.000731091s, XML)
Steps: 100000   Time: 100         
 CPU Time: 0.55421 min.
u_max = 3.2645e-20 at x = 40, y = 0.234424, z = 0
u_min = 2.9727e-33 at x = -40, y = 0.5, z = 0
Writing: "CardiacTimeMapDeformX3_TimeMap_10.chk"
 (0.00493807s, XML)
Time Map: Max = 45.336, Min = 0, vel mag max = 7.68986
Writing: "CardiacTimeMapDeformX3_10.chk"
 (0.000733756s, XML)
Time-integration  : 333.635s
Writing: "CardiacTimeMapDeformX3.fld"
 (0.000727273s, XML)
-------------------------------------------
Total Computation Time = 2258.47s
-------------------------------------------
L 2 error (variable u) : 0
L inf error (variable u) : 3.2645e-20
