Anisotropy = [ 0.707107 , 1 ] 
MMFActivation = 6720 /  6720 ( 100 % ) 
*** 1st Moving frames are NOT in unit length, Avg mag. = 0.962692 *** 
*** 2nd Moving frames are in unit length ***
*** Moving frames are Orthogonal
*** MF 0 = ( 0.962692 , 0 , 0 ) 
*** MF 1 = ( 0 , 1 , 0 ) 
*** MF 2 = ( 0 , 0 , 1 ) 
================== SetUP Time Map moving frames ==================
*** 1st Moving frames are in unit length ***
*** 2nd Moving frames are in unit length ***
*** Moving frames are Orthogonal
*** MF 0 = ( 0.707107 , 0.707107 , 0 ) 
*** MF 1 = ( 0.707107 , 0.707107 , 0 ) 
*** MF 2 = ( 0 , 0 , 1 ) 
k = 0, m_varcoeff = ( 0.962692 , 0 , 0 , 5.76484e-15 , 0.935414 ) 
k = 1, m_varcoeff = ( 0 , 1 , 0 , 1.16285e-14 , 1 ) 
k = 2, m_varcoeff = ( 0 , 0 , 1 , 0 , 1 ) 
 ::::: 2D Varcoeff is Successfully Created ::::: 

=======================================================================
	        EquationType: MMFCardiacEP
	        Session Name: CardiacTimeMapDeformX05
	        Spatial Dim.: 3
	  Max SEM Exp. Order: 6
	      Expansion Dim.: 2
	     Projection Type: Continuous Galerkin
	 Advect. advancement: explicit
	Diffuse. advancement: implicit
	           Time Step: 0.001
	        No. of Steps: 100000
	 Checkpoints (steps): 10000
	    Integration Type: IMEX
	             Surface: Plane
	           DerivType: Euclidean
	              MMFdir: TangentX
	    SolverSchemeType: MMFZero
	       TimeMapScheme: 0
	        TimeMapStart: 0
	          TimeMapEnd: 10000
	         TimeMapIapp: 0
	      m_TimeMapDelay: 0
	      AniRegionStart: 60
	        AniRegionEnd: 100
	  AnisotropyStrength: 0.5
	               urest: 0
	          Cell model: Aliev-Panfilov
	                   k: 8
	                   a: 0.15
	                 eps: 0.002
	                 mu1: 0.2
	                 mu2: 0.3
=======================================================================
Initial Conditions:
  - Field u: 0 (default)
Writing: "CardiacTimeMapDeformX05_initialcondition.chk"
 (0.000881112s, XML)
ValidTimeMap = 1008 / 6720 ( 15 % ) is De-Acitvated
Initial: u = 1.40138, max u = 4.35157
Writing: "CardiacTimeMapDeformX05_initial.chk"
 (0.000707627s, XML)
xmax = 40, xmin = -40, ymax = 0.5, ymin = -0.5
Steps: 10000    Time: 10          
 CPU Time: 0.554432 min.
u_max = 0.996266 at x = -18.8755, y = -0.132788, z = 0
u_min = -1.65016e-25 at x = 9.83022, y = 0.5, z = 0
Writing: "CardiacTimeMapDeformX05_TimeMap_1.chk"
 (0.00487626s, XML)
Time Map: Max = 9.99701, Min = 0, vel mag max = 7.30459
Writing: "CardiacTimeMapDeformX05_1.chk"
 (0.000716483s, XML)
Steps: 20000    Time: 20          
 CPU Time: 0.55557 min.
u_max = 0.99627 at x = -5.60974, y = -0.367212, z = 0
u_min = 3.12776e-39 at x = 40, y = -0.5, z = 0
Writing: "CardiacTimeMapDeformX05_TimeMap_2.chk"
 (0.00488663s, XML)
Time Map: Max = 19.9737, Min = 0, vel mag max = 6.13309
Writing: "CardiacTimeMapDeformX05_2.chk"
 (0.000729979s, XML)
Steps: 30000    Time: 30          
 CPU Time: 0.555247 min.
u_max = 0.996265 at x = 6.08489, y = 6.245e-17, z = 0
u_min = 5.01059e-27 at x = 40, y = 0.5, z = 0
Writing: "CardiacTimeMapDeformX05_TimeMap_3.chk"
 (0.00494798s, XML)
Time Map: Max = 29.9945, Min = 0, vel mag max = 6.92939
Writing: "CardiacTimeMapDeformX05_3.chk"
 (0.000738836s, XML)
Steps: 40000    Time: 40          
 CPU Time: 0.557302 min.
u_max = 0.996267 at x = 19.2205, y = -0.132788, z = 0
u_min = 5.4444e-15 at x = 40, y = 0.5, z = 0
Writing: "CardiacTimeMapDeformX05_TimeMap_4.chk"
 (0.00503125s, XML)
Time Map: Max = 39.997, Min = 0, vel mag max = 7.3126
Writing: "CardiacTimeMapDeformX05_4.chk"
 (0.00073567s, XML)
Steps: 50000    Time: 50          
 CPU Time: 0.557017 min.
u_max = 0.996266 at x = 33.2205, y = -0.132788, z = 0
u_min = 2.82045e-14 at x = -40, y = 0.5, z = 0
Writing: "CardiacTimeMapDeformX05_TimeMap_5.chk"
 (0.00508264s, XML)
Time Map: Max = 49.9867, Min = 0, vel mag max = 7.32822
Writing: "CardiacTimeMapDeformX05_5.chk"
 (0.000729237s, XML)
Steps: 60000    Time: 60          
 CPU Time: 0.557803 min.
u_max = 0.98902 at x = 40, y = 0.234424, z = 0
u_min = 1.53158e-18 at x = -40, y = 0.5, z = 0
Writing: "CardiacTimeMapDeformX05_TimeMap_6.chk"
 (0.00508061s, XML)
Time Map: Max = 51.4626, Min = 0, vel mag max = 7.68923
Writing: "CardiacTimeMapDeformX05_6.chk"
 (0.000720701s, XML)
Steps: 70000    Time: 70          
 CPU Time: 0.557429 min.
u_max = 0.905822 at x = 40, y = 0.234424, z = 0
u_min = 2.82322e-22 at x = -40, y = 0.5, z = 0
Writing: "CardiacTimeMapDeformX05_TimeMap_7.chk"
 (0.00508052s, XML)
Time Map: Max = 51.4626, Min = 0, vel mag max = 7.68923
Writing: "CardiacTimeMapDeformX05_7.chk"
 (0.000707036s, XML)
Steps: 80000    Time: 80          
 CPU Time: 0.558345 min.
u_max = 3.04074e-05 at x = 40, y = 0.234424, z = 0
u_min = 5.73151e-26 at x = -40, y = 0.5, z = 0
Writing: "CardiacTimeMapDeformX05_TimeMap_8.chk"
 (0.00506865s, XML)
Time Map: Max = 51.4626, Min = 0, vel mag max = 7.68923
Writing: "CardiacTimeMapDeformX05_8.chk"
 (0.000709811s, XML)
Steps: 90000    Time: 90          
 CPU Time: 0.55791 min.
u_max = 2.85867e-11 at x = 40, y = 0.234424, z = 0
u_min = 1.21432e-29 at x = -40, y = 0.5, z = 0
Writing: "CardiacTimeMapDeformX05_TimeMap_9.chk"
 (0.00506155s, XML)
Time Map: Max = 51.4626, Min = 0, vel mag max = 7.68923
Writing: "CardiacTimeMapDeformX05_9.chk"
 (0.000711874s, XML)
Steps: 100000   Time: 100         
 CPU Time: 0.554877 min.
u_max = 7.3914e-17 at x = 40, y = 0.234424, z = 0
u_min = 2.756e-33 at x = -40, y = 0.5, z = 0
Writing: "CardiacTimeMapDeformX05_TimeMap_10.chk"
 (0.00491373s, XML)
Time Map: Max = 51.4626, Min = 0, vel mag max = 7.68923
Writing: "CardiacTimeMapDeformX05_10.chk"
 (0.000706325s, XML)
Time-integration  : 333.956s
Writing: "CardiacTimeMapDeformX05.fld"
 (0.000693531s, XML)
-------------------------------------------
Total Computation Time = 2276.28s
-------------------------------------------
L 2 error (variable u) : 0
L inf error (variable u) : 7.3914e-17
