Anisotropy = [ 1 , 1.41421 ] 
MMFActivation = 6720 /  6720 ( 100 % ) 
*** 1st Moving frames are NOT in unit length, Avg mag. = 1.0505 *** 
*** 2nd Moving frames are in unit length ***
*** Moving frames are Orthogonal
*** MF 0 = ( 1.0505 , 0 , 0 ) 
*** MF 1 = ( 0 , 1 , 0 ) 
*** MF 2 = ( 0 , 0 , 1 ) 
================== SetUP Time Map moving frames ==================
*** 1st Moving frames are in unit length ***
*** 2nd Moving frames are in unit length ***
*** Moving frames are Orthogonal
*** MF 0 = ( 0.707107 , 0.707107 , 0 ) 
*** MF 1 = ( 0.707107 , 0.707107 , 0 ) 
*** MF 2 = ( 0 , 0 , 1 ) 
k = 0, m_varcoeff = ( 1.0505 , 0 , 0 , 5.89026e-15 , 1.11803 ) 
k = 1, m_varcoeff = ( 0 , 1 , 0 , 1.16285e-14 , 1 ) 
k = 2, m_varcoeff = ( 0 , 0 , 1 , 0 , 1 ) 
 ::::: 2D Varcoeff is Successfully Created ::::: 

=======================================================================
	        EquationType: MMFCardiacEP
	        Session Name: CardiacTimeMapDeformX2
	        Spatial Dim.: 3
	  Max SEM Exp. Order: 6
	      Expansion Dim.: 2
	     Projection Type: Continuous Galerkin
	 Advect. advancement: explicit
	Diffuse. advancement: implicit
	           Time Step: 0.001
	        No. of Steps: 100000
	 Checkpoints (steps): 10000
	    Integration Type: IMEX
	             Surface: Plane
	           DerivType: Euclidean
	              MMFdir: TangentX
	    SolverSchemeType: MMFZero
	       TimeMapScheme: 0
	        TimeMapStart: 0
	          TimeMapEnd: 10000
	         TimeMapIapp: 0
	      m_TimeMapDelay: 0
	      AniRegionStart: 60
	        AniRegionEnd: 100
	  AnisotropyStrength: 2
	               urest: 0
	          Cell model: Aliev-Panfilov
	                   k: 8
	                   a: 0.15
	                 eps: 0.002
	                 mu1: 0.2
	                 mu2: 0.3
=======================================================================
Initial Conditions:
  - Field u: 0 (default)
Writing: "CardiacTimeMapDeformX2_initialcondition.chk"
 (0.000900819s, XML)
ValidTimeMap = 1008 / 6720 ( 15 % ) is De-Acitvated
Initial: u = 1.40138, max u = 4.35157
Writing: "CardiacTimeMapDeformX2_initial.chk"
 (0.00070409s, XML)
xmax = 40, xmin = -40, ymax = 0.5, ymin = -0.5
Steps: 10000    Time: 10          
 CPU Time: 0.561818 min.
u_max = 0.996266 at x = -18.8755, y = -0.132788, z = 0
u_min = 6.00915e-47 at x = 40, y = -0.5, z = 0
Writing: "CardiacTimeMapDeformX2_TimeMap_1.chk"
 (0.0048634s, XML)
Time Map: Max = 9.99701, Min = 0, vel mag max = 7.30459
Writing: "CardiacTimeMapDeformX2_1.chk"
 (0.000715622s, XML)
Steps: 20000    Time: 20          
 CPU Time: 0.562601 min.
u_max = 0.996265 at x = -4.08489, y = 0.457556, z = 0
u_min = 3.67988e-33 at x = 40, y = -0.5, z = 0
Writing: "CardiacTimeMapDeformX2_TimeMap_2.chk"
 (0.00491537s, XML)
Time Map: Max = 19.9896, Min = 0, vel mag max = 8.58627
Writing: "CardiacTimeMapDeformX2_2.chk"
 (0.000737924s, XML)
Steps: 30000    Time: 30          
 CPU Time: 0.564183 min.
u_max = 0.996291 at x = 12.2656, y = -0.172167, z = 0
u_min = 3.98476e-21 at x = 40, y = -0.5, z = 0
Writing: "CardiacTimeMapDeformX2_TimeMap_3.chk"
 (0.00504061s, XML)
Time Map: Max = 29.9965, Min = 0, vel mag max = 7.58919
Writing: "CardiacTimeMapDeformX2_3.chk"
 (0.000728977s, XML)
Steps: 40000    Time: 40          
 CPU Time: 0.563617 min.
u_max = 0.996262 at x = 26.2656, y = -0.172167, z = 0
u_min = 5.94339e-09 at x = 40, y = 0.5, z = 0
Writing: "CardiacTimeMapDeformX2_TimeMap_4.chk"
 (0.00512111s, XML)
Time Map: Max = 39.9718, Min = 0, vel mag max = 7.55857
Writing: "CardiacTimeMapDeformX2_4.chk"
 (0.000737643s, XML)
Steps: 50000    Time: 50          
 CPU Time: 0.563509 min.
u_max = 0.996868 at x = 40, y = 0.234424, z = 0
u_min = 2.81853e-14 at x = -40, y = 0.5, z = 0
Writing: "CardiacTimeMapDeformX2_TimeMap_5.chk"
 (0.00514189s, XML)
Time Map: Max = 46.4752, Min = 0, vel mag max = 7.68788
Writing: "CardiacTimeMapDeformX2_5.chk"
 (0.000742382s, XML)
Steps: 60000    Time: 60          
 CPU Time: 0.564323 min.
u_max = 0.968243 at x = 40, y = 0.234424, z = 0
u_min = 1.76227e-18 at x = -40, y = 0.5, z = 0
Writing: "CardiacTimeMapDeformX2_TimeMap_6.chk"
 (0.0051282s, XML)
Time Map: Max = 46.4752, Min = 0, vel mag max = 7.68788
Writing: "CardiacTimeMapDeformX2_6.chk"
 (0.000711745s, XML)
Steps: 70000    Time: 70          
 CPU Time: 0.564275 min.
u_max = 0.439159 at x = 40, y = 0.234424, z = 0
u_min = 3.82199e-22 at x = -40, y = 0.5, z = 0
Writing: "CardiacTimeMapDeformX2_TimeMap_7.chk"
 (0.00513381s, XML)
Time Map: Max = 46.4752, Min = 0, vel mag max = 7.68788
Writing: "CardiacTimeMapDeformX2_7.chk"
 (0.000724929s, XML)
Steps: 80000    Time: 80          
 CPU Time: 0.564272 min.
u_max = 2.33003e-08 at x = 40, y = 0.234424, z = 0
u_min = 7.80411e-26 at x = -40, y = 0.5, z = 0
Writing: "CardiacTimeMapDeformX2_TimeMap_8.chk"
 (0.00527952s, XML)
Time Map: Max = 46.4752, Min = 0, vel mag max = 7.68788
Writing: "CardiacTimeMapDeformX2_8.chk"
 (0.000722806s, XML)
Steps: 90000    Time: 90          
 CPU Time: 0.564351 min.
u_max = 4.4261e-14 at x = 40, y = 0.234424, z = 0
u_min = 1.48509e-29 at x = -40, y = 0.5, z = 0
Writing: "CardiacTimeMapDeformX2_TimeMap_9.chk"
 (0.00513848s, XML)
Time Map: Max = 46.4752, Min = 0, vel mag max = 7.68788
Writing: "CardiacTimeMapDeformX2_9.chk"
 (0.000727484s, XML)
Steps: 100000   Time: 100         
 CPU Time: 0.563829 min.
u_max = 1.36496e-19 at x = 40, y = 0.234424, z = 0
u_min = 2.95492e-33 at x = -40, y = 0.5, z = 0
Writing: "CardiacTimeMapDeformX2_TimeMap_10.chk"
 (0.00495802s, XML)
Time Map: Max = 46.4752, Min = 0, vel mag max = 7.68788
Writing: "CardiacTimeMapDeformX2_10.chk"
 (0.00073073s, XML)
Time-integration  : 338.207s
Writing: "CardiacTimeMapDeformX2.fld"
 (0.000718978s, XML)
-------------------------------------------
Total Computation Time = 2253.33s
-------------------------------------------
L 2 error (variable u) : 0
L inf error (variable u) : 1.36496e-19
