Anisotropy = [ 0.5 , 1 ] 
MMFActivation = 6720 /  6720 ( 100 % ) 
*** 1st Moving frames are NOT in unit length, Avg mag. = 0.935414 *** 
*** 2nd Moving frames are in unit length ***
*** Moving frames are Orthogonal
*** MF 0 = ( 0.935414 , 0 , 0 ) 
*** MF 1 = ( 0 , 1 , 0 ) 
*** MF 2 = ( 0 , 0 , 1 ) 
================== SetUP Time Map moving frames ==================
*** 1st Moving frames are in unit length ***
*** 2nd Moving frames are in unit length ***
*** Moving frames are Orthogonal
*** MF 0 = ( 0.707107 , 0.707107 , 0 ) 
*** MF 1 = ( 0.707107 , 0.707107 , 0 ) 
*** MF 2 = ( 0 , 0 , 1 ) 
k = 0, m_varcoeff = ( 0.935414 , 0 , 0 , 5.60238e-15 , 0.901388 ) 
k = 1, m_varcoeff = ( 0 , 1 , 0 , 1.16285e-14 , 1 ) 
k = 2, m_varcoeff = ( 0 , 0 , 1 , 0 , 1 ) 
 ::::: 2D Varcoeff is Successfully Created ::::: 

=======================================================================
	        EquationType: MMFCardiacEP
	        Session Name: CardiacTimeMapDeformX025
	        Spatial Dim.: 3
	  Max SEM Exp. Order: 6
	      Expansion Dim.: 2
	     Projection Type: Continuous Galerkin
	 Advect. advancement: explicit
	Diffuse. advancement: implicit
	           Time Step: 0.001
	        No. of Steps: 100000
	 Checkpoints (steps): 10000
	    Integration Type: IMEX
	             Surface: Plane
	           DerivType: Euclidean
	              MMFdir: TangentX
	    SolverSchemeType: MMFZero
	       TimeMapScheme: 0
	        TimeMapStart: 0
	          TimeMapEnd: 10000
	         TimeMapIapp: 0
	      m_TimeMapDelay: 0
	      AniRegionStart: 60
	        AniRegionEnd: 100
	  AnisotropyStrength: 0.25
	               urest: 0
	          Cell model: Aliev-Panfilov
	                   k: 8
	                   a: 0.15
	                 eps: 0.002
	                 mu1: 0.2
	                 mu2: 0.3
=======================================================================
Initial Conditions:
  - Field u: 0 (default)
Writing: "CardiacTimeMapDeformX025_initialcondition.chk"
 (0.000898324s, XML)
ValidTimeMap = 1008 / 6720 ( 15 % ) is De-Acitvated
Initial: u = 1.40138, max u = 4.35157
Writing: "CardiacTimeMapDeformX025_initial.chk"
 (0.000706935s, XML)
xmax = 40, xmin = -40, ymax = 0.5, ymin = -0.5
Steps: 10000    Time: 10          
 CPU Time: 0.555002 min.
u_max = 0.996266 at x = -18.8755, y = -0.132788, z = 0
u_min = -1.26245e-11 at x = -4.53115, y = 0.5, z = 0
Writing: "CardiacTimeMapDeformX025_TimeMap_1.chk"
 (0.00489332s, XML)
Time Map: Max = 9.99701, Min = 0, vel mag max = 7.30459
Writing: "CardiacTimeMapDeformX025_1.chk"
 (0.00070932s, XML)
Steps: 20000    Time: 20          
 CPU Time: 0.555654 min.
u_max = 0.996273 at x = -6.24025, y = 0.457556, z = 0
u_min = -3.79311e-09 at x = 3.83022, y = -0.5, z = 0
Writing: "CardiacTimeMapDeformX025_TimeMap_2.chk"
 (0.00486478s, XML)
Time Map: Max = 19.9847, Min = 0, vel mag max = 6.54865
Writing: "CardiacTimeMapDeformX025_2.chk"
 (0.000718037s, XML)
Steps: 30000    Time: 30          
 CPU Time: 0.556612 min.
u_max = 0.996271 at x = 3.60974, y = 0.367212, z = 0
u_min = 6.36876e-31 at x = 40, y = -0.5, z = 0
Writing: "CardiacTimeMapDeformX025_TimeMap_3.chk"
 (0.00492496s, XML)
Time Map: Max = 29.9625, Min = 0, vel mag max = 6.07047
Writing: "CardiacTimeMapDeformX025_3.chk"
 (0.000723486s, XML)
Steps: 40000    Time: 40          
 CPU Time: 0.556129 min.
u_max = 0.996261 at x = 14.6557, y = -0.367212, z = 0
u_min = 8.48904e-19 at x = 40, y = -0.5, z = 0
Writing: "CardiacTimeMapDeformX025_TimeMap_4.chk"
 (0.0058045s, XML)
Time Map: Max = 39.9896, Min = 0, vel mag max = 7.25976
Writing: "CardiacTimeMapDeformX025_4.chk"
 (0.000722044s, XML)
Steps: 50000    Time: 50          
 CPU Time: 0.557068 min.
u_max = 0.996268 at x = 28.6557, y = 0.367212, z = 0
u_min = 2.82107e-14 at x = -40, y = 0.5, z = 0
Writing: "CardiacTimeMapDeformX025_TimeMap_5.chk"
 (0.0050719s, XML)
Time Map: Max = 49.998, Min = 0, vel mag max = 7.29483
Writing: "CardiacTimeMapDeformX025_5.chk"
 (0.000721994s, XML)
Steps: 60000    Time: 60          
 CPU Time: 0.556538 min.
u_max = 0.994918 at x = 40, y = 0.234424, z = 0
u_min = 1.43737e-18 at x = -40, y = 0.5, z = 0
Writing: "CardiacTimeMapDeformX025_TimeMap_6.chk"
 (0.00508358s, XML)
Time Map: Max = 54.7212, Min = 0, vel mag max = 7.6898
Writing: "CardiacTimeMapDeformX025_6.chk"
 (0.000719699s, XML)
Steps: 70000    Time: 70          
 CPU Time: 0.556277 min.
u_max = 0.954062 at x = 40, y = 0.234424, z = 0
u_min = 2.44194e-22 at x = -40, y = 0.5, z = 0
Writing: "CardiacTimeMapDeformX025_TimeMap_7.chk"
 (0.00579939s, XML)
Time Map: Max = 54.7212, Min = 0, vel mag max = 7.6898
Writing: "CardiacTimeMapDeformX025_7.chk"
 (0.000704982s, XML)
Steps: 80000    Time: 80          
 CPU Time: 0.556502 min.
u_max = 0.0105198 at x = 40, y = 0.234424, z = 0
u_min = 4.88205e-26 at x = -40, y = 0.5, z = 0
Writing: "CardiacTimeMapDeformX025_TimeMap_8.chk"
 (0.00507161s, XML)
Time Map: Max = 54.7212, Min = 0, vel mag max = 7.6898
Writing: "CardiacTimeMapDeformX025_8.chk"
 (0.000712035s, XML)
Steps: 90000    Time: 90          
 CPU Time: 0.556087 min.
u_max = 2.15893e-09 at x = 40, y = 0.234424, z = 0
u_min = 1.01185e-29 at x = -40, y = 0.5, z = 0
Writing: "CardiacTimeMapDeformX025_TimeMap_9.chk"
 (0.00508796s, XML)
Time Map: Max = 54.7212, Min = 0, vel mag max = 7.6898
Writing: "CardiacTimeMapDeformX025_9.chk"
 (0.000711785s, XML)
Steps: 100000   Time: 100         
 CPU Time: 0.556396 min.
u_max = 4.67675e-15 at x = 40, y = 0.234424, z = 0
u_min = 2.32741e-33 at x = -40, y = 0.5, z = 0
Writing: "CardiacTimeMapDeformX025_TimeMap_10.chk"
 (0.0050183s, XML)
Time Map: Max = 54.7212, Min = 0, vel mag max = 7.6898
Writing: "CardiacTimeMapDeformX025_10.chk"
 (0.000718878s, XML)
Time-integration  : 333.736s
Writing: "CardiacTimeMapDeformX025.fld"
 (0.000697859s, XML)
-------------------------------------------
Total Computation Time = 2232.36s
-------------------------------------------
L 2 error (variable u) : 1.32305e-14
L inf error (variable u) : 4.67675e-15
