Anisotropy = [ 1 , 2 ] 
MMFActivation = 6720 /  6720 ( 100 % ) 
*** 1st Moving frames are NOT in unit length, Avg mag. = 1.11803 *** 
*** 2nd Moving frames are in unit length ***
*** Moving frames are Orthogonal
*** MF 0 = ( 1.11803 , 0 , 0 ) 
*** MF 1 = ( 0 , 1 , 0 ) 
*** MF 2 = ( 0 , 0 , 1 ) 
================== SetUP Time Map moving frames ==================
*** 1st Moving frames are in unit length ***
*** 2nd Moving frames are in unit length ***
*** Moving frames are Orthogonal
*** MF 0 = ( 0.707107 , 0.707107 , 0 ) 
*** MF 1 = ( 0.707107 , 0.707107 , 0 ) 
*** MF 2 = ( 0 , 0 , 1 ) 
k = 0, m_varcoeff = ( 1.11803 , 0 , 0 , 7.03449e-15 , 1.32288 ) 
k = 1, m_varcoeff = ( 0 , 1 , 0 , 1.16285e-14 , 1 ) 
k = 2, m_varcoeff = ( 0 , 0 , 1 , 0 , 1 ) 
 ::::: 2D Varcoeff is Successfully Created ::::: 

=======================================================================
	        EquationType: MMFCardiacEP
	        Session Name: CardiacTimeMapDeformX4
	        Spatial Dim.: 3
	  Max SEM Exp. Order: 6
	      Expansion Dim.: 2
	     Projection Type: Continuous Galerkin
	 Advect. advancement: explicit
	Diffuse. advancement: implicit
	           Time Step: 0.001
	        No. of Steps: 100000
	 Checkpoints (steps): 10000
	    Integration Type: IMEX
	             Surface: Plane
	           DerivType: Euclidean
	              MMFdir: TangentX
	    SolverSchemeType: MMFZero
	       TimeMapScheme: 0
	        TimeMapStart: 0
	          TimeMapEnd: 10000
	         TimeMapIapp: 0
	      m_TimeMapDelay: 0
	      AniRegionStart: 60
	        AniRegionEnd: 100
	  AnisotropyStrength: 4
	               urest: 0
	          Cell model: Aliev-Panfilov
	                   k: 8
	                   a: 0.15
	                 eps: 0.002
	                 mu1: 0.2
	                 mu2: 0.3
=======================================================================
Initial Conditions:
  - Field u: 0 (default)
Writing: "CardiacTimeMapDeformX4_initialcondition.chk"
 (0.000894097s, XML)
ValidTimeMap = 1008 / 6720 ( 15 % ) is De-Acitvated
Initial: u = 1.40138, max u = 4.35157
Writing: "CardiacTimeMapDeformX4_initial.chk"
 (0.000706384s, XML)
xmax = 40, xmin = -40, ymax = 0.5, ymin = -0.5
Steps: 10000    Time: 10          
 CPU Time: 0.561795 min.
u_max = 0.996266 at x = -18.8755, y = -0.132788, z = 0
u_min = 3.80085e-44 at x = 40, y = -0.5, z = 0
Writing: "CardiacTimeMapDeformX4_TimeMap_1.chk"
 (0.00487262s, XML)
Time Map: Max = 9.99701, Min = 0, vel mag max = 7.30459
Writing: "CardiacTimeMapDeformX4_1.chk"
 (0.000713197s, XML)
Steps: 20000    Time: 20          
 CPU Time: 0.559585 min.
u_max = 0.996261 at x = -3.22049, y = -0.132788, z = 0
u_min = 7.5622e-31 at x = 40, y = -0.5, z = 0
Writing: "CardiacTimeMapDeformX4_TimeMap_2.chk"
 (0.00492032s, XML)
Time Map: Max = 19.9813, Min = 0, vel mag max = 9.97806
Writing: "CardiacTimeMapDeformX4_2.chk"
 (0.00071463s, XML)
Steps: 30000    Time: 30          
 CPU Time: 0.560074 min.
u_max = 0.996269 at x = 14.8755, y = -0.132788, z = 0
u_min = 6.89246e-19 at x = 40, y = 0.5, z = 0
Writing: "CardiacTimeMapDeformX4_TimeMap_3.chk"
 (0.00500111s, XML)
Time Map: Max = 30, Min = 0, vel mag max = 7.20398
Writing: "CardiacTimeMapDeformX4_3.chk"
 (0.000735369s, XML)
Steps: 40000    Time: 40          
 CPU Time: 0.559551 min.
u_max = 0.996266 at x = 28.7795, y = -0.132788, z = 0
u_min = 9.27564e-09 at x = -34.2403, y = -0.457556, z = 0
Writing: "CardiacTimeMapDeformX4_TimeMap_4.chk"
 (0.00513387s, XML)
Time Map: Max = 39.9995, Min = 0, vel mag max = 7.18605
Writing: "CardiacTimeMapDeformX4_4.chk"
 (0.000748584s, XML)
Steps: 50000    Time: 50          
 CPU Time: 0.560421 min.
u_max = 0.994762 at x = 40, y = 0.234424, z = 0
u_min = 2.81707e-14 at x = -40, y = 0.5, z = 0
Writing: "CardiacTimeMapDeformX4_TimeMap_5.chk"
 (0.00512248s, XML)
Time Map: Max = 44.6025, Min = 0, vel mag max = 7.68924
Writing: "CardiacTimeMapDeformX4_5.chk"
 (0.000724869s, XML)
Steps: 60000    Time: 60          
 CPU Time: 0.560578 min.
u_max = 0.952889 at x = 40, y = 0.234424, z = 0
u_min = 1.90423e-18 at x = -40, y = 0.5, z = 0
Writing: "CardiacTimeMapDeformX4_TimeMap_6.chk"
 (0.00507273s, XML)
Time Map: Max = 44.6025, Min = 0, vel mag max = 7.68924
Writing: "CardiacTimeMapDeformX4_6.chk"
 (0.000702487s, XML)
Steps: 70000    Time: 70          
 CPU Time: 0.562154 min.
u_max = 0.00807075 at x = 40, y = 0.234424, z = 0
u_min = 4.48956e-22 at x = -40, y = 0.5, z = 0
Writing: "CardiacTimeMapDeformX4_TimeMap_7.chk"
 (0.00510083s, XML)
Time Map: Max = 44.6025, Min = 0, vel mag max = 7.68924
Writing: "CardiacTimeMapDeformX4_7.chk"
 (0.000704221s, XML)
Steps: 80000    Time: 80          
 CPU Time: 0.562523 min.
u_max = 1.84086e-09 at x = 40, y = 0.234424, z = 0
u_min = 8.59964e-26 at x = -40, y = 0.5, z = 0
Writing: "CardiacTimeMapDeformX4_TimeMap_8.chk"
 (0.00513192s, XML)
Time Map: Max = 44.6025, Min = 0, vel mag max = 7.68924
Writing: "CardiacTimeMapDeformX4_8.chk"
 (0.000719449s, XML)
Steps: 90000    Time: 90          
 CPU Time: 0.562182 min.
u_max = 4.01884e-15 at x = 40, y = 0.234424, z = 0
u_min = 1.51381e-29 at x = -40, y = 0.5, z = 0
Writing: "CardiacTimeMapDeformX4_TimeMap_9.chk"
 (0.00507133s, XML)
Time Map: Max = 44.6025, Min = 0, vel mag max = 7.68924
Writing: "CardiacTimeMapDeformX4_9.chk"
 (0.000738575s, XML)
Steps: 100000   Time: 100         
 CPU Time: 0.561838 min.
u_max = 1.30109e-20 at x = 40, y = 0.234424, z = 0
u_min = 2.99098e-33 at x = -40, y = 0.5, z = 0
Writing: "CardiacTimeMapDeformX4_TimeMap_10.chk"
 (0.0050971s, XML)
Time Map: Max = 44.6025, Min = 0, vel mag max = 7.68924
Writing: "CardiacTimeMapDeformX4_10.chk"
 (0.000748033s, XML)
Time-integration  : 336.642s
Writing: "CardiacTimeMapDeformX4.fld"
 (0.00073062s, XML)
-------------------------------------------
Total Computation Time = 2225.33s
-------------------------------------------
L 2 error (variable u) : 0
L inf error (variable u) : 1.30109e-20
