SetUp 2D MF: ***********************************************************
LOCAL construction for 1946 elements, adapated from MF1 = 852, MF2 = 795, MF3 = 299
*** 1st Moving frames are in unit length ***
*** 2nd Moving frames are in unit length ***
*** Moving frames are Orthogonal
*** MF 0 = ( 0.700511 , 0.713642 , 0 ) 
*** MF 1 = ( 0.713642 , 0.700511 , 0 ) 
*** MF 2 = ( 0 , 0 , 1 ) 
============ End of MMFInitObect ============
k = 0, m_varcoeff = ( 0.700511 , 0.713642 , 0 , 1.81355e-08 , 1 ) 
k = 1, m_varcoeff = ( 0.713642 , 0.700511 , 0 , 1.93964e-08 , 1 ) 
k = 2, m_varcoeff = ( 0 , 0 , 1 , 0 , 1 ) 
 ::::: 2D Varcoeff is Successfully Created ::::: 

=======================================================================
	        EquationType: MMFCardiacEP
	        Session Name: FHNPlaneh30PointTM
	        Spatial Dim.: 3
	  Max SEM Exp. Order: 5
	      Expansion Dim.: 2
	     Projection Type: Discontinuous Galerkin
	 Advect. advancement: explicit
	Diffuse. advancement: implicit
	           Time Step: 0.001
	        No. of Steps: 100000
	 Checkpoints (steps): 1000
	    Integration Type: IMEX
	             Surface: PlanePoint
	           DerivType: Euclidean
	          MediumType: Isotropy
	              MMFdir: LOCAL
	    SolverSchemeType: Default
	             TimeMap: Activated
	        TimeMapStart: 0
	          TimeMapEnd: 10000
	    AnisotropyRegion: 1000000
	  AnisotropyStrength: 4
	          TimeMapEnd: 10000
	          Cell model: Aliev-Panfilov
	                   k: 8
	                   a: 0.15
	                 eps: 0.002
	                 mu1: 0.2
	                 mu2: 0.3
=======================================================================
Initial Conditions:
  - Field u: 0 (default)
total 0 / 58380 is init-Acitvated
Initial: max u = 9.97527
Writing: "FHNPlaneh30PointTM_initial.chk"
 (0s, XML)
xmax = 40, xmin = -40, ymax = 40, ymin = -40
Steps: 1000     Time: 1           
 CPU Time: 0.752473 min.
u_max = 1.06744 at x = -1.92803, y = -2.37886, z = 0
u_min = -0.00764766 at x = 3.97095, y = -6.09376, z = 0
Writing: "FHNPlaneh30PointTM_TimeMap_1.chk"
 (0s, XML)
Time Map: Max = 0.999002, Min = 0
Writing: "FHNPlaneh30PointTM_1.chk"
 (0s, XML)
Steps: 2000     Time: 2           
 CPU Time: 0.700846 min.
u_max = 1.03788 at x = 1.12672, y = -4.38775, z = 0
u_min = -0.0137029 at x = 2.69701, y = 8.785, z = 0
Writing: "FHNPlaneh30PointTM_TimeMap_2.chk"
 (0s, XML)
Time Map: Max = 2, Min = 0
Writing: "FHNPlaneh30PointTM_2.chk"
 (0s, XML)
Steps: 3000     Time: 3           
 CPU Time: 0.7053 min.
u_max = 1.0325 at x = -4.6861, y = 2.66588, z = 0
u_min = -0.00364424 at x = 6.45461, y = 7.91206, z = 0
Writing: "FHNPlaneh30PointTM_TimeMap_3.chk"
 (0s, XML)
Time Map: Max = 3, Min = 0
Writing: "FHNPlaneh30PointTM_3.chk"
 (0s, XML)
Steps: 4000     Time: 4           
 CPU Time: 0.706263 min.
u_max = 1.02157 at x = -0.449845, y = -6.96063, z = 0
u_min = -0.0106744 at x = -3.72347, y = -11.3502, z = 0
Writing: "FHNPlaneh30PointTM_TimeMap_4.chk"
 (0s, XML)
Time Map: Max = 4, Min = 0
Writing: "FHNPlaneh30PointTM_4.chk"
 (0s, XML)
Steps: 5000     Time: 5           
 CPU Time: 0.703568 min.
u_max = 1.00006 at x = -0.22649, y = -0.27945, z = 0
u_min = -0.00976472 at x = -9.67518, y = -8.84477, z = 0
Writing: "FHNPlaneh30PointTM_TimeMap_5.chk"
 (0s, XML)
Time Map: Max = 4.99901, Min = 0
Writing: "FHNPlaneh30PointTM_5.chk"
 (0s, XML)
Steps: 6000     Time: 6           
 CPU Time: 0.704322 min.
u_max = 1.01749 at x = -6.2202, y = -7.56182, z = 0
u_min = -0.0221212 at x = -12.9967, y = 5.70978, z = 0
Writing: "FHNPlaneh30PointTM_TimeMap_6.chk"
 (0s, XML)
Time Map: Max = 6, Min = 0
Writing: "FHNPlaneh30PointTM_6.chk"
 (0s, XML)
Steps: 7000     Time: 7           
 CPU Time: 0.705061 min.
u_max = 1.02289 at x = -10.0412, y = 3.80952, z = 0
u_min = -0.0163138 at x = -13.0383, y = 8.92832, z = 0
Writing: "FHNPlaneh30PointTM_TimeMap_7.chk"
 (0s, XML)
Time Map: Max = 6.9995, Min = 0
Writing: "FHNPlaneh30PointTM_7.chk"
 (0s, XML)
Steps: 8000     Time: 8           
 CPU Time: 0.705011 min.
u_max = 1.0189 at x = -10.1017, y = 6.63728, z = 0
u_min = -0.01157 at x = 11.5973, y = 12.2764, z = 0
Writing: "FHNPlaneh30PointTM_TimeMap_8.chk"
 (0s, XML)
Time Map: Max = 7.9995, Min = 0
Writing: "FHNPlaneh30PointTM_8.chk"
 (0s, XML)
Steps: 9000     Time: 9           
 CPU Time: 0.704946 min.
u_max = 1.05263 at x = -9.67518, y = -8.84477, z = 0
u_min = -0.0300034 at x = -18.3174, y = 0.643652, z = 0
Writing: "FHNPlaneh30PointTM_TimeMap_9.chk"
 (0s, XML)
Time Map: Max = 9, Min = 0
Writing: "FHNPlaneh30PointTM_9.chk"
 (0s, XML)
Steps: 10000    Time: 10          
 CPU Time: 0.706609 min.
u_max = 1.03118 at x = 12.083, y = 9.03888, z = 0
u_min = -0.0136599 at x = 18.0523, y = 7.77102, z = 0
Writing: "FHNPlaneh30PointTM_TimeMap_10.chk"
 (0s, XML)
Time Map: Max = 9.999, Min = 0
Writing: "FHNPlaneh30PointTM_10.chk"
 (0s, XML)
Steps: 11000    Time: 11          
 CPU Time: 0.706546 min.
u_max = 1.01334 at x = 14.5722, y = 6.77998, z = 0
u_min = -0.0142325 at x = 20.0174, y = 4.91344, z = 0
Writing: "FHNPlaneh30PointTM_TimeMap_11.chk"
 (0s, XML)
Time Map: Max = 11, Min = 0
Writing: "FHNPlaneh30PointTM_11.chk"
 (0s, XML)
Steps: 12000    Time: 12          
 CPU Time: 0.705329 min.
u_max = 1.02322 at x = -11.2515, y = -13.9238, z = 0
u_min = -0.0146665 at x = -22.1612, y = 0.00099479, z = 0
Writing: "FHNPlaneh30PointTM_TimeMap_12.chk"
 (0s, XML)
Time Map: Max = 12, Min = 0
Writing: "FHNPlaneh30PointTM_12.chk"
 (0s, XML)
Steps: 13000    Time: 13          
 CPU Time: 0.708432 min.
u_max = 1.02177 at x = -18.3174, y = 0.643652, z = 0
u_min = -0.012295 at x = 4.03291, y = -23.2629, z = 0
Writing: "FHNPlaneh30PointTM_TimeMap_13.chk"
 (0s, XML)
Time Map: Max = 13, Min = 0
Writing: "FHNPlaneh30PointTM_13.chk"
 (0s, XML)
Steps: 14000    Time: 14          
 CPU Time: 0.70567 min.
u_max = 1.04796 at x = 14.1397, y = -14.285, z = 0
u_min = -0.0377435 at x = -25.1349, y = -2.0666, z = 0
Writing: "FHNPlaneh30PointTM_TimeMap_14.chk"
 (0s, XML)
Time Map: Max = 14, Min = 0
Writing: "FHNPlaneh30PointTM_14.chk"
 (0s, XML)
Steps: 15000    Time: 15          
 CPU Time: 0.706765 min.
u_max = 1.03941 at x = -5.75012, y = -20.6106, z = 0
u_min = -0.0271615 at x = 20.1696, y = -16.4104, z = 0
Writing: "FHNPlaneh30PointTM_TimeMap_15.chk"
 (0s, XML)
Time Map: Max = 14.9995, Min = 0
Writing: "FHNPlaneh30PointTM_15.chk"
 (0s, XML)
Steps: 16000    Time: 16          
 CPU Time: 0.705977 min.
u_max = 1.03691 at x = -9.57273, y = -21.0523, z = 0
u_min = -0.0278849 at x = -8.39925, y = -26.1876, z = 0
Writing: "FHNPlaneh30PointTM_TimeMap_16.chk"
 (0s, XML)
Time Map: Max = 16, Min = 0
Writing: "FHNPlaneh30PointTM_16.chk"
 (0s, XML)
Steps: 17000    Time: 17          
 CPU Time: 0.705734 min.
u_max = 1.024 at x = -5.7787, y = -23.8725, z = 0
u_min = -0.0257442 at x = -24.0617, y = 16.1687, z = 0
Writing: "FHNPlaneh30PointTM_TimeMap_17.chk"
 (0s, XML)
Time Map: Max = 17, Min = 0
Writing: "FHNPlaneh30PointTM_17.chk"
 (0s, XML)
Steps: 18000    Time: 18          
 CPU Time: 0.705564 min.
u_max = 1.05844 at x = 21.906, y = -13.2087, z = 0
u_min = -0.0135524 at x = -29.961, y = 6.3393, z = 0
Writing: "FHNPlaneh30PointTM_TimeMap_18.chk"
 (0s, XML)
Time Map: Max = 18, Min = 0
Writing: "FHNPlaneh30PointTM_18.chk"
 (0s, XML)
Steps: 19000    Time: 19          
 CPU Time: 0.706585 min.
u_max = 1.04804 at x = -5.17373, y = 25.9853, z = 0
u_min = -0.038527 at x = 27.3673, y = -15.9059, z = 0
Writing: "FHNPlaneh30PointTM_TimeMap_19.chk"
 (0s, XML)
Time Map: Max = 18.9995, Min = 0
Writing: "FHNPlaneh30PointTM_19.chk"
 (0s, XML)
Steps: 20000    Time: 20          
 CPU Time: 0.706044 min.
u_max = 1.02329 at x = -8.71646, y = -26.3818, z = 0
u_min = -0.0275361 at x = -13.0253, y = 30.2617, z = 0
Writing: "FHNPlaneh30PointTM_TimeMap_20.chk"
 (0s, XML)
Time Map: Max = 20, Min = 0
Writing: "FHNPlaneh30PointTM_20.chk"
 (0s, XML)
Steps: 21000    Time: 21          
 CPU Time: 0.706092 min.
u_max = 1.03409 at x = 4.23965, y = -29.6069, z = 0
u_min = -0.0174741 at x = -0.160657, y = 34.7779, z = 0
Writing: "FHNPlaneh30PointTM_TimeMap_21.chk"
 (0s, XML)
Time Map: Max = 21, Min = 0
Writing: "FHNPlaneh30PointTM_21.chk"
 (0s, XML)
Steps: 22000    Time: 22          
 CPU Time: 0.70698 min.
u_max = 1.04199 at x = -13.6162, y = -28.0987, z = 0
u_min = -0.0357781 at x = 26.2444, y = -24.2005, z = 0
Writing: "FHNPlaneh30PointTM_TimeMap_22.chk"
 (0s, XML)
Time Map: Max = 22, Min = 0
Writing: "FHNPlaneh30PointTM_22.chk"
 (0s, XML)
Steps: 23000    Time: 23          
 CPU Time: 0.706653 min.
u_max = 1.03507 at x = 10.953, y = 30.7222, z = 0
u_min = -0.0240228 at x = -37.0839, y = -2.31231, z = 0
Writing: "FHNPlaneh30PointTM_TimeMap_23.chk"
 (0s, XML)
Time Map: Max = 23, Min = 0
Writing: "FHNPlaneh30PointTM_23.chk"
 (0s, XML)
Steps: 24000    Time: 24          
 CPU Time: 0.705603 min.
u_max = 1.01771 at x = 28.1554, y = -19.235, z = 0
u_min = -0.0287276 at x = 36.5441, y = -11.8583, z = 0
Writing: "FHNPlaneh30PointTM_TimeMap_24.chk"
 (0s, XML)
Time Map: Max = 24, Min = 0
Writing: "FHNPlaneh30PointTM_24.chk"
 (0s, XML)
Steps: 25000    Time: 25          
 CPU Time: 0.707299 min.
u_max = 1.02719 at x = 8.86898, y = 34.2304, z = 0
u_min = -0.0395636 at x = -40, y = 4.44444, z = 0
Writing: "FHNPlaneh30PointTM_TimeMap_25.chk"
 (0s, XML)
Time Map: Max = 25, Min = 0
Writing: "FHNPlaneh30PointTM_25.chk"
 (0s, XML)
Steps: 26000    Time: 26          
 CPU Time: 0.705539 min.
u_max = 1.01927 at x = -31.2724, y = 18.6343, z = 0
u_min = -0.00136258 at x = 40, y = -10.3704, z = 0
Writing: "FHNPlaneh30PointTM_TimeMap_26.chk"
 (0s, XML)
Time Map: Max = 25.999, Min = 0
Writing: "FHNPlaneh30PointTM_26.chk"
 (0s, XML)
Steps: 27000    Time: 27          
 CPU Time: 0.705837 min.
u_max = 0.997871 at x = 36.6284, y = 7.23554, z = 0
u_min = -7.86515e-06 at x = -39.7193, y = 24.8367, z = 0
Writing: "FHNPlaneh30PointTM_TimeMap_27.chk"
 (0s, XML)
Time Map: Max = 27, Min = 0
Writing: "FHNPlaneh30PointTM_27.chk"
 (0s, XML)
Steps: 28000    Time: 28          
 CPU Time: 0.705981 min.
u_max = 1.00865 at x = 22.4484, y = -32.2827, z = 0
u_min = -0.00011925 at x = -39.7193, y = 24.8367, z = 0
Writing: "FHNPlaneh30PointTM_TimeMap_28.chk"
 (0s, XML)
Time Map: Max = 28, Min = 0
Writing: "FHNPlaneh30PointTM_28.chk"
 (0s, XML)
Steps: 29000    Time: 29          
 CPU Time: 0.705566 min.
u_max = 0.998208 at x = -40, y = 11.4293, z = 0
u_min = -0.00130375 at x = 39.719, y = -24.8371, z = 0
Writing: "FHNPlaneh30PointTM_TimeMap_29.chk"
 (0s, XML)
Time Map: Max = 29, Min = 0
Writing: "FHNPlaneh30PointTM_29.chk"
 (0s, XML)
Steps: 30000    Time: 30          
 CPU Time: 0.705512 min.
u_max = 0.998104 at x = 15.2374, y = -40, z = 0
u_min = -0.0345454 at x = -40, y = 25.1852, z = 0
Writing: "FHNPlaneh30PointTM_TimeMap_30.chk"
 (0s, XML)
Time Map: Max = 30, Min = 0
Writing: "FHNPlaneh30PointTM_30.chk"
 (0s, XML)
Steps: 31000    Time: 31          
 CPU Time: 0.701593 min.
u_max = 1.00644 at x = 37.6083, y = -22.2225, z = 0
u_min = -1.7762e-06 at x = 39.6739, y = -33.8406, z = 0
Writing: "FHNPlaneh30PointTM_TimeMap_31.chk"
 (0s, XML)
Time Map: Max = 30.9995, Min = 0
Writing: "FHNPlaneh30PointTM_31.chk"
 (0s, XML)
Steps: 32000    Time: 32          
 CPU Time: 0.696293 min.
u_max = 0.997926 at x = 39.8996, y = -21.2877, z = 0
u_min = -0.0107999 at x = 32.3517, y = -37.1316, z = 0
Writing: "FHNPlaneh30PointTM_TimeMap_32.chk"
 (0s, XML)
Time Map: Max = 32, Min = 0
Writing: "FHNPlaneh30PointTM_32.chk"
 (0s, XML)
Steps: 33000    Time: 33          
 CPU Time: 0.696015 min.
u_max = 1.00982 at x = 29.2974, y = -35.5726, z = 0
u_min = -0.001209 at x = 39.6305, y = -33.8558, z = 0
Writing: "FHNPlaneh30PointTM_TimeMap_33.chk"
 (0s, XML)
Time Map: Max = 32.9975, Min = 0
Writing: "FHNPlaneh30PointTM_33.chk"
 (0s, XML)
Steps: 34000    Time: 34          
 CPU Time: 0.696204 min.
u_max = 0.997763 at x = 39.815, y = -26.4067, z = 0
u_min = -0.00971216 at x = -34.0741, y = -40, z = 0
Writing: "FHNPlaneh30PointTM_TimeMap_34.chk"
 (0s, XML)
Time Map: Max = 34, Min = 0
Writing: "FHNPlaneh30PointTM_34.chk"
 (0s, XML)
Steps: 35000    Time: 35          
 CPU Time: 0.694344 min.
u_max = 1.03272 at x = 36.8545, y = -32.2162, z = 0
u_min = -0.000148275 at x = -39.683, y = -39.683, z = 0
Writing: "FHNPlaneh30PointTM_TimeMap_35.chk"
 (0s, XML)
Time Map: Max = 34.9985, Min = 0
Writing: "FHNPlaneh30PointTM_35.chk"
 (0s, XML)
Steps: 36000    Time: 36          
 CPU Time: 0.69585 min.
u_max = 0.997685 at x = 39.8796, y = 31.3869, z = 0
u_min = -0.000441592 at x = 39.683, y = -39.683, z = 0
Writing: "FHNPlaneh30PointTM_TimeMap_36.chk"
 (0s, XML)
Time Map: Max = 35.9965, Min = 0
Writing: "FHNPlaneh30PointTM_36.chk"
 (0s, XML)
Steps: 37000    Time: 37          
 CPU Time: 0.695098 min.
u_max = 0.99761 at x = 33.0152, y = 40, z = 0
u_min = 1.02258e-06 at x = 0, y = 0, z = 0
Writing: "FHNPlaneh30PointTM_TimeMap_37.chk"
 (0s, XML)
Time Map: Max = 36.9941, Min = 0
Writing: "FHNPlaneh30PointTM_37.chk"
 (0s, XML)
Steps: 38000    Time: 38          
 CPU Time: 0.696682 min.
u_max = 0.998985 at x = 37.3012, y = -37.3012, z = 0
u_min = 2.83704e-07 at x = 0, y = 0, z = 0
Writing: "FHNPlaneh30PointTM_TimeMap_38.chk"
 (0s, XML)
Time Map: Max = 37.6081, Min = 0
Writing: "FHNPlaneh30PointTM_38.chk"
 (0s, XML)
Steps: 39000    Time: 39          
 CPU Time: 0.695339 min.
u_max = 0.998713 at x = 40, y = -40, z = 0
u_min = 8.80907e-08 at x = 0, y = 0, z = 0
Writing: "FHNPlaneh30PointTM_TimeMap_39.chk"
 (0s, XML)
Time Map: Max = 37.6547, Min = 0
Writing: "FHNPlaneh30PointTM_39.chk"
 (0s, XML)
Steps: 40000    Time: 40          
 CPU Time: 0.695971 min.
u_max = 0.998115 at x = 40, y = -40, z = 0
u_min = 3.04245e-08 at x = 0, y = 0, z = 0
Writing: "FHNPlaneh30PointTM_TimeMap_40.chk"
 (0s, XML)
Time Map: Max = 37.6547, Min = 0
Writing: "FHNPlaneh30PointTM_40.chk"
 (0s, XML)
Steps: 41000    Time: 41          
 CPU Time: 0.695963 min.
u_max = 0.997341 at x = 40, y = -40, z = 0
u_min = 1.14628e-08 at x = 0, y = 0, z = 0
Writing: "FHNPlaneh30PointTM_TimeMap_41.chk"
 (0s, XML)
Time Map: Max = 37.6547, Min = 0
Writing: "FHNPlaneh30PointTM_41.chk"
 (0s, XML)
Steps: 42000    Time: 42          
 CPU Time: 0.696239 min.
u_max = 0.996407 at x = 40, y = -40, z = 0
u_min = 4.5943e-09 at x = 0, y = 0, z = 0
Writing: "FHNPlaneh30PointTM_TimeMap_42.chk"
 (0s, XML)
Time Map: Max = 37.6547, Min = 0
Writing: "FHNPlaneh30PointTM_42.chk"
 (0s, XML)
Steps: 43000    Time: 43          
 CPU Time: 0.695787 min.
u_max = 0.99528 at x = 40, y = -40, z = 0
u_min = 1.91538e-09 at x = 0, y = 0, z = 0
Writing: "FHNPlaneh30PointTM_TimeMap_43.chk"
 (0s, XML)
Time Map: Max = 37.6547, Min = 0
Writing: "FHNPlaneh30PointTM_43.chk"
 (0s, XML)
Steps: 44000    Time: 44          
 CPU Time: 0.696206 min.
u_max = 0.993918 at x = 40, y = -40, z = 0
u_min = 8.17234e-10 at x = 0, y = 0, z = 0
Writing: "FHNPlaneh30PointTM_TimeMap_44.chk"
 (0s, XML)
Time Map: Max = 37.6547, Min = 0
Writing: "FHNPlaneh30PointTM_44.chk"
 (0s, XML)
Steps: 45000    Time: 45          
 CPU Time: 0.695954 min.
u_max = 0.992271 at x = 40, y = -40, z = 0
u_min = 3.53176e-10 at x = 0, y = 0, z = 0
Writing: "FHNPlaneh30PointTM_TimeMap_45.chk"
 (0s, XML)
Time Map: Max = 37.6547, Min = 0
Writing: "FHNPlaneh30PointTM_45.chk"
 (0s, XML)
Steps: 46000    Time: 46          
 CPU Time: 0.695805 min.
u_max = 0.990276 at x = 40, y = -40, z = 0
u_min = 1.53645e-10 at x = 0, y = 0, z = 0
Writing: "FHNPlaneh30PointTM_TimeMap_46.chk"
 (0s, XML)
Time Map: Max = 37.6547, Min = 0
Writing: "FHNPlaneh30PointTM_46.chk"
 (0s, XML)
Steps: 47000    Time: 47          
 CPU Time: 0.695187 min.
u_max = 0.987857 at x = 40, y = -40, z = 0
u_min = 6.70517e-11 at x = 0, y = 0, z = 0
Writing: "FHNPlaneh30PointTM_TimeMap_47.chk"
 (0s, XML)
Time Map: Max = 37.6547, Min = 0
Writing: "FHNPlaneh30PointTM_47.chk"
 (0s, XML)
Steps: 48000    Time: 48          
 CPU Time: 0.694651 min.
u_max = 0.984916 at x = 40, y = -40, z = 0
u_min = 2.92977e-11 at x = 0, y = 0, z = 0
Writing: "FHNPlaneh30PointTM_TimeMap_48.chk"
 (0s, XML)
Time Map: Max = 37.6547, Min = 0
Writing: "FHNPlaneh30PointTM_48.chk"
 (0s, XML)
Steps: 49000    Time: 49          
 CPU Time: 0.695341 min.
u_max = 0.981332 at x = 40, y = -40, z = 0
u_min = 1.2804e-11 at x = 0, y = 0, z = 0
Writing: "FHNPlaneh30PointTM_TimeMap_49.chk"
 (0s, XML)
Time Map: Max = 37.6547, Min = 0
Writing: "FHNPlaneh30PointTM_49.chk"
 (0s, XML)
Steps: 50000    Time: 50          
 CPU Time: 0.695882 min.
u_max = 0.976954 at x = 40, y = -40, z = 0
u_min = 5.59398e-12 at x = 0, y = 0, z = 0
Writing: "FHNPlaneh30PointTM_TimeMap_50.chk"
 (0s, XML)
Time Map: Max = 37.6547, Min = 0
Writing: "FHNPlaneh30PointTM_50.chk"
 (0s, XML)
Steps: 51000    Time: 51          
 CPU Time: 0.696144 min.
u_max = 0.971582 at x = 40, y = -40, z = 0
u_min = 2.44263e-12 at x = 0, y = 0, z = 0
Writing: "FHNPlaneh30PointTM_TimeMap_51.chk"
 (0s, XML)
Time Map: Max = 37.6547, Min = 0
Writing: "FHNPlaneh30PointTM_51.chk"
 (0s, XML)
Steps: 52000    Time: 52          
 CPU Time: 0.695393 min.
u_max = 0.964961 at x = 40, y = -40, z = 0
u_min = 1.0659e-12 at x = 0, y = 0, z = 0
Writing: "FHNPlaneh30PointTM_TimeMap_52.chk"
 (0s, XML)
Time Map: Max = 37.6547, Min = 0
Writing: "FHNPlaneh30PointTM_52.chk"
 (0s, XML)
Steps: 53000    Time: 53          
 CPU Time: 0.695558 min.
u_max = 0.956749 at x = 40, y = -40, z = 0
u_min = 4.6483e-13 at x = 0, y = 0, z = 0
Writing: "FHNPlaneh30PointTM_TimeMap_53.chk"
 (0s, XML)
Time Map: Max = 37.6547, Min = 0
Writing: "FHNPlaneh30PointTM_53.chk"
 (0s, XML)
Steps: 54000    Time: 54          
 CPU Time: 0.695485 min.
u_max = 0.946481 at x = 40, y = -40, z = 0
u_min = 2.02582e-13 at x = 0, y = 0, z = 0
Writing: "FHNPlaneh30PointTM_TimeMap_54.chk"
 (0s, XML)
Time Map: Max = 37.6547, Min = 0
Writing: "FHNPlaneh30PointTM_54.chk"
 (0s, XML)
Steps: 55000    Time: 55          
 CPU Time: 0.695239 min.
u_max = 0.933502 at x = 40, y = -40, z = 0
u_min = 8.82386e-14 at x = 0, y = 0, z = 0
Writing: "FHNPlaneh30PointTM_TimeMap_55.chk"
 (0s, XML)
Time Map: Max = 37.6547, Min = 0
Writing: "FHNPlaneh30PointTM_55.chk"
 (0s, XML)
Steps: 56000    Time: 56          
 CPU Time: 0.696494 min.
u_max = 0.916849 at x = 40, y = -40, z = 0
u_min = 3.84142e-14 at x = 0, y = 0, z = 0
Writing: "FHNPlaneh30PointTM_TimeMap_56.chk"
 (0s, XML)
Time Map: Max = 37.6547, Min = 0
Writing: "FHNPlaneh30PointTM_56.chk"
 (0s, XML)
Steps: 57000    Time: 57          
 CPU Time: 0.695849 min.
u_max = 0.895014 at x = 40, y = -40, z = 0
u_min = 1.67156e-14 at x = 0, y = 0, z = 0
Writing: "FHNPlaneh30PointTM_TimeMap_57.chk"
 (0s, XML)
Time Map: Max = 37.6547, Min = 0
Writing: "FHNPlaneh30PointTM_57.chk"
 (0s, XML)
Steps: 58000    Time: 58          
 CPU Time: 0.695422 min.
u_max = 0.865379 at x = 40, y = -40, z = 0
u_min = 7.2706e-15 at x = 0, y = 0, z = 0
Writing: "FHNPlaneh30PointTM_TimeMap_58.chk"
 (0s, XML)
Time Map: Max = 37.6547, Min = 0
Writing: "FHNPlaneh30PointTM_58.chk"
 (0s, XML)
Steps: 59000    Time: 59          
 CPU Time: 0.69558 min.
u_max = 0.822661 at x = 40, y = -40, z = 0
u_min = 3.16123e-15 at x = 0, y = 0, z = 0
Writing: "FHNPlaneh30PointTM_TimeMap_59.chk"
 (0s, XML)
Time Map: Max = 37.6547, Min = 0
Writing: "FHNPlaneh30PointTM_59.chk"
 (0s, XML)
Steps: 60000    Time: 60          
 CPU Time: 0.695293 min.
u_max = 0.75565 at x = 40, y = -40, z = 0
u_min = 1.37403e-15 at x = 0, y = 0, z = 0
Writing: "FHNPlaneh30PointTM_TimeMap_60.chk"
 (0s, XML)
Time Map: Max = 37.6547, Min = 0
Writing: "FHNPlaneh30PointTM_60.chk"
 (0s, XML)
Steps: 61000    Time: 61          
 CPU Time: 0.694775 min.
u_max = 0.58426 at x = 40, y = -40, z = 0
u_min = 5.97048e-16 at x = 0, y = 0, z = 0
Writing: "FHNPlaneh30PointTM_TimeMap_61.chk"
 (0s, XML)
Time Map: Max = 37.6547, Min = 0
Writing: "FHNPlaneh30PointTM_61.chk"
 (0s, XML)
Steps: 62000    Time: 62          
 CPU Time: 0.695689 min.
u_max = 0.129561 at x = 40, y = -40, z = 0
u_min = 2.59363e-16 at x = 0, y = 0, z = 0
Writing: "FHNPlaneh30PointTM_TimeMap_62.chk"
 (0s, XML)
Time Map: Max = 37.6547, Min = 0
Writing: "FHNPlaneh30PointTM_62.chk"
 (0s, XML)
Steps: 63000    Time: 63          
 CPU Time: 0.694618 min.
u_max = 0.00882699 at x = 40, y = -40, z = 0
u_min = 1.12645e-16 at x = 0, y = 0, z = 0
Writing: "FHNPlaneh30PointTM_TimeMap_63.chk"
 (0s, XML)
Time Map: Max = 37.6547, Min = 0
Writing: "FHNPlaneh30PointTM_63.chk"
 (0s, XML)
Steps: 64000    Time: 64          
 CPU Time: 0.695363 min.
u_max = 0.00101892 at x = 40, y = -40, z = 0
u_min = 4.89152e-17 at x = 0, y = 0, z = 0
Writing: "FHNPlaneh30PointTM_TimeMap_64.chk"
 (0s, XML)
Time Map: Max = 37.6547, Min = 0
Writing: "FHNPlaneh30PointTM_64.chk"
 (0s, XML)
Steps: 65000    Time: 65          
 CPU Time: 0.695573 min.
u_max = 0.000162158 at x = 40, y = -40, z = 0
u_min = 2.12387e-17 at x = 0, y = 0, z = 0
Writing: "FHNPlaneh30PointTM_TimeMap_65.chk"
 (0s, XML)
Time Map: Max = 37.6547, Min = 0
Writing: "FHNPlaneh30PointTM_65.chk"
 (0s, XML)
Steps: 66000    Time: 66          
 CPU Time: 0.696033 min.
u_max = 3.04134e-05 at x = 40, y = -40, z = 0
u_min = 9.22097e-18 at x = 0, y = 0, z = 0
Writing: "FHNPlaneh30PointTM_TimeMap_66.chk"
 (0s, XML)
Time Map: Max = 37.6547, Min = 0
Writing: "FHNPlaneh30PointTM_66.chk"
 (0s, XML)
Steps: 67000    Time: 67          
 CPU Time: 0.694235 min.
u_max = 6.28181e-06 at x = 40, y = -40, z = 0
u_min = 4.00289e-18 at x = 0, y = 0, z = 0
Writing: "FHNPlaneh30PointTM_TimeMap_67.chk"
 (0s, XML)
Time Map: Max = 37.6547, Min = 0
Writing: "FHNPlaneh30PointTM_67.chk"
 (0s, XML)
Steps: 68000    Time: 68          
 CPU Time: 0.69482 min.
u_max = 1.3819e-06 at x = 40, y = -40, z = 0
u_min = 1.73719e-18 at x = 0, y = 0, z = 0
Writing: "FHNPlaneh30PointTM_TimeMap_68.chk"
 (0s, XML)
Time Map: Max = 37.6547, Min = 0
Writing: "FHNPlaneh30PointTM_68.chk"
 (0s, XML)
Steps: 69000    Time: 69          
 CPU Time: 0.695225 min.
u_max = 3.1779e-07 at x = 40, y = -40, z = 0
u_min = 7.53436e-19 at x = 0, y = 0, z = 0
Writing: "FHNPlaneh30PointTM_TimeMap_69.chk"
 (0s, XML)
Time Map: Max = 37.6547, Min = 0
Writing: "FHNPlaneh30PointTM_69.chk"
 (0s, XML)
Steps: 70000    Time: 70          
 CPU Time: 0.694724 min.
u_max = 7.55304e-08 at x = 40, y = -40, z = 0
u_min = 3.26392e-19 at x = 0, y = 0, z = 0
Writing: "FHNPlaneh30PointTM_TimeMap_70.chk"
 (0s, XML)
Time Map: Max = 37.6547, Min = 0
Writing: "FHNPlaneh30PointTM_70.chk"
 (0s, XML)
Steps: 71000    Time: 71          
 CPU Time: 0.693781 min.
u_max = 1.84151e-08 at x = 40, y = -40, z = 0
u_min = 1.41129e-19 at x = 0, y = 0, z = 0
Writing: "FHNPlaneh30PointTM_TimeMap_71.chk"
 (0s, XML)
Time Map: Max = 37.6547, Min = 0
Writing: "FHNPlaneh30PointTM_71.chk"
 (0s, XML)
Steps: 72000    Time: 72          
 CPU Time: 0.6933 min.
u_max = 4.582e-09 at x = 40, y = -40, z = 0
u_min = 6.08586e-20 at x = 0, y = 0, z = 0
Writing: "FHNPlaneh30PointTM_TimeMap_72.chk"
 (0s, XML)
Time Map: Max = 37.6547, Min = 0
Writing: "FHNPlaneh30PointTM_72.chk"
 (0s, XML)
Steps: 73000    Time: 73          
 CPU Time: 0.693818 min.
u_max = 1.15917e-09 at x = 40, y = -40, z = 0
u_min = 2.61509e-20 at x = 0, y = 0, z = 0
Writing: "FHNPlaneh30PointTM_TimeMap_73.chk"
 (0s, XML)
Time Map: Max = 37.6547, Min = 0
Writing: "FHNPlaneh30PointTM_73.chk"
 (0s, XML)
Steps: 74000    Time: 74          
 CPU Time: 0.694211 min.
u_max = 2.97339e-10 at x = 40, y = -40, z = 0
u_min = 1.11885e-20 at x = 0, y = 0, z = 0
Writing: "FHNPlaneh30PointTM_TimeMap_74.chk"
 (0s, XML)
Time Map: Max = 37.6547, Min = 0
Writing: "FHNPlaneh30PointTM_74.chk"
 (0s, XML)
Steps: 75000    Time: 75          
 CPU Time: 0.69484 min.
u_max = 7.71696e-11 at x = 40, y = -40, z = 0
u_min = 4.76312e-21 at x = 0, y = 0, z = 0
Writing: "FHNPlaneh30PointTM_TimeMap_75.chk"
 (0s, XML)
Time Map: Max = 37.6547, Min = 0
Writing: "FHNPlaneh30PointTM_75.chk"
 (0s, XML)
Steps: 76000    Time: 76          
 CPU Time: 0.695362 min.
u_max = 2.02307e-11 at x = 40, y = -40, z = 0
u_min = 2.01671e-21 at x = 0, y = 0, z = 0
Writing: "FHNPlaneh30PointTM_TimeMap_76.chk"
 (0s, XML)
Time Map: Max = 37.6547, Min = 0
Writing: "FHNPlaneh30PointTM_76.chk"
 (0s, XML)
Steps: 77000    Time: 77          
 CPU Time: 0.694873 min.
u_max = 5.3502e-12 at x = 40, y = -40, z = 0
u_min = 8.48993e-22 at x = 0, y = 0, z = 0
Writing: "FHNPlaneh30PointTM_TimeMap_77.chk"
 (0s, XML)
Time Map: Max = 37.6547, Min = 0
Writing: "FHNPlaneh30PointTM_77.chk"
 (0s, XML)
Steps: 78000    Time: 78          
 CPU Time: 0.695229 min.
u_max = 1.4258e-12 at x = 40, y = -40, z = 0
u_min = 3.5533e-22 at x = 0, y = 0, z = 0
Writing: "FHNPlaneh30PointTM_TimeMap_78.chk"
 (0s, XML)
Time Map: Max = 37.6547, Min = 0
Writing: "FHNPlaneh30PointTM_78.chk"
 (0s, XML)
Steps: 79000    Time: 79          
 CPU Time: 0.694286 min.
u_max = 3.82554e-13 at x = 40, y = -40, z = 0
u_min = 1.47862e-22 at x = 0, y = 0, z = 0
Writing: "FHNPlaneh30PointTM_TimeMap_79.chk"
 (0s, XML)
Time Map: Max = 37.6547, Min = 0
Writing: "FHNPlaneh30PointTM_79.chk"
 (0s, XML)
Steps: 80000    Time: 80          
 CPU Time: 0.695059 min.
u_max = 1.03265e-13 at x = 40, y = -40, z = 0
u_min = 6.11878e-23 at x = 0, y = 0, z = 0
Writing: "FHNPlaneh30PointTM_TimeMap_80.chk"
 (0s, XML)
Time Map: Max = 37.6547, Min = 0
Writing: "FHNPlaneh30PointTM_80.chk"
 (0s, XML)
Steps: 81000    Time: 81          
 CPU Time: 0.695782 min.
u_max = 2.80264e-14 at x = 40, y = -40, z = 0
u_min = 2.51876e-23 at x = 0, y = 0, z = 0
Writing: "FHNPlaneh30PointTM_TimeMap_81.chk"
 (0s, XML)
Time Map: Max = 37.6547, Min = 0
Writing: "FHNPlaneh30PointTM_81.chk"
 (0s, XML)
Steps: 82000    Time: 82          
 CPU Time: 0.694887 min.
u_max = 7.64379e-15 at x = 40, y = -40, z = 0
u_min = 1.03176e-23 at x = 0, y = 0, z = 0
Writing: "FHNPlaneh30PointTM_TimeMap_82.chk"
 (0s, XML)
Time Map: Max = 37.6547, Min = 0
Writing: "FHNPlaneh30PointTM_82.chk"
 (0s, XML)
Steps: 83000    Time: 83          
 CPU Time: 0.695495 min.
u_max = 2.09402e-15 at x = 40, y = -40, z = 0
u_min = 4.20733e-24 at x = 0, y = 0, z = 0
Writing: "FHNPlaneh30PointTM_TimeMap_83.chk"
 (0s, XML)
Time Map: Max = 37.6547, Min = 0
Writing: "FHNPlaneh30PointTM_83.chk"
 (0s, XML)
Steps: 84000    Time: 84          
 CPU Time: 0.69516 min.
u_max = 5.75989e-16 at x = 40, y = -40, z = 0
u_min = 1.70861e-24 at x = 0, y = 0, z = 0
Writing: "FHNPlaneh30PointTM_TimeMap_84.chk"
 (0s, XML)
Time Map: Max = 37.6547, Min = 0
Writing: "FHNPlaneh30PointTM_84.chk"
 (0s, XML)
Steps: 85000    Time: 85          
 CPU Time: 0.695128 min.
u_max = 1.59023e-16 at x = 40, y = -40, z = 0
u_min = 6.91269e-25 at x = 0, y = 0, z = 0
Writing: "FHNPlaneh30PointTM_TimeMap_85.chk"
 (0s, XML)
Time Map: Max = 37.6547, Min = 0
Writing: "FHNPlaneh30PointTM_85.chk"
 (0s, XML)
Steps: 86000    Time: 86          
 CPU Time: 0.693414 min.
u_max = 4.40541e-17 at x = 40, y = -40, z = 0
u_min = 2.78714e-25 at x = 0, y = 0, z = 0
Writing: "FHNPlaneh30PointTM_TimeMap_86.chk"
 (0s, XML)
Time Map: Max = 37.6547, Min = 0
Writing: "FHNPlaneh30PointTM_86.chk"
 (0s, XML)
Steps: 87000    Time: 87          
 CPU Time: 0.69435 min.
u_max = 1.22428e-17 at x = 40, y = -40, z = 0
u_min = 1.12019e-25 at x = 0, y = 0, z = 0
Writing: "FHNPlaneh30PointTM_TimeMap_87.chk"
 (0s, XML)
Time Map: Max = 37.6547, Min = 0
Writing: "FHNPlaneh30PointTM_87.chk"
 (0s, XML)
Steps: 88000    Time: 88          
 CPU Time: 0.694564 min.
u_max = 3.41227e-18 at x = 40, y = -40, z = 0
u_min = 4.48882e-26 at x = 0, y = 0, z = 0
Writing: "FHNPlaneh30PointTM_TimeMap_88.chk"
 (0s, XML)
Time Map: Max = 37.6547, Min = 0
Writing: "FHNPlaneh30PointTM_88.chk"
 (0s, XML)
Steps: 89000    Time: 89          
 CPU Time: 0.694763 min.
u_max = 9.53635e-19 at x = 40, y = -40, z = 0
u_min = 1.79361e-26 at x = 0, y = 0, z = 0
Writing: "FHNPlaneh30PointTM_TimeMap_89.chk"
 (0s, XML)
Time Map: Max = 37.6547, Min = 0
Writing: "FHNPlaneh30PointTM_89.chk"
 (0s, XML)
Steps: 90000    Time: 90          
 CPU Time: 0.693448 min.
u_max = 2.67187e-19 at x = 40, y = -40, z = 0
u_min = 7.14651e-27 at x = 0, y = 0, z = 0
Writing: "FHNPlaneh30PointTM_TimeMap_90.chk"
 (0s, XML)
Time Map: Max = 37.6547, Min = 0
Writing: "FHNPlaneh30PointTM_90.chk"
 (0s, XML)
Steps: 91000    Time: 91          
 CPU Time: 0.693604 min.
u_max = 7.50365e-20 at x = 40, y = -40, z = 0
u_min = 2.83928e-27 at x = 0, y = 0, z = 0
Writing: "FHNPlaneh30PointTM_TimeMap_91.chk"
 (0s, XML)
Time Map: Max = 37.6547, Min = 0
Writing: "FHNPlaneh30PointTM_91.chk"
 (0s, XML)
Steps: 92000    Time: 92          
 CPU Time: 0.694473 min.
u_max = 2.11196e-20 at x = 40, y = -40, z = 0
u_min = 1.12465e-27 at x = 0, y = 0, z = 0
Writing: "FHNPlaneh30PointTM_TimeMap_92.chk"
 (0s, XML)
Time Map: Max = 37.6547, Min = 0
Writing: "FHNPlaneh30PointTM_92.chk"
 (0s, XML)
Steps: 93000    Time: 93          
 CPU Time: 0.69377 min.
u_max = 5.9566e-21 at x = 40, y = -40, z = 0
u_min = 4.44056e-28 at x = 0, y = 0, z = 0
Writing: "FHNPlaneh30PointTM_TimeMap_93.chk"
 (0s, XML)
Time Map: Max = 37.6547, Min = 0
Writing: "FHNPlaneh30PointTM_93.chk"
 (0s, XML)
Steps: 94000    Time: 94          
 CPU Time: 0.692936 min.
u_max = 1.68327e-21 at x = 40, y = -40, z = 0
u_min = 1.7473e-28 at x = 0, y = 0, z = 0
Writing: "FHNPlaneh30PointTM_TimeMap_94.chk"
 (0s, XML)
Time Map: Max = 37.6547, Min = 0
Writing: "FHNPlaneh30PointTM_94.chk"
 (0s, XML)
Steps: 95000    Time: 95          
 CPU Time: 0.692731 min.
u_max = 4.76546e-22 at x = 40, y = -40, z = 0
u_min = 6.84985e-29 at x = 0, y = 0, z = 0
Writing: "FHNPlaneh30PointTM_TimeMap_95.chk"
 (0s, XML)
Time Map: Max = 37.6547, Min = 0
Writing: "FHNPlaneh30PointTM_95.chk"
 (0s, XML)
Steps: 96000    Time: 96          
 CPU Time: 0.692917 min.
u_max = 1.35147e-22 at x = 40, y = -40, z = 0
u_min = 2.67455e-29 at x = 0, y = 0, z = 0
Writing: "FHNPlaneh30PointTM_TimeMap_96.chk"
 (0s, XML)
Time Map: Max = 37.6547, Min = 0
Writing: "FHNPlaneh30PointTM_96.chk"
 (0s, XML)
Steps: 97000    Time: 97          
 CPU Time: 0.692355 min.
u_max = 3.83899e-23 at x = 40, y = -40, z = 0
u_min = 1.03978e-29 at x = 0, y = 0, z = 0
Writing: "FHNPlaneh30PointTM_TimeMap_97.chk"
 (0s, XML)
Time Map: Max = 37.6547, Min = 0
Writing: "FHNPlaneh30PointTM_97.chk"
 (0s, XML)
Steps: 98000    Time: 98          
 CPU Time: 0.693963 min.
u_max = 1.09219e-23 at x = 40, y = -40, z = 0
u_min = 4.02366e-30 at x = 0, y = 0, z = 0
Writing: "FHNPlaneh30PointTM_TimeMap_98.chk"
 (0s, XML)
Time Map: Max = 37.6547, Min = 0
Writing: "FHNPlaneh30PointTM_98.chk"
 (0s, XML)
Steps: 99000    Time: 99          
 CPU Time: 0.693247 min.
u_max = 3.11184e-24 at x = 40, y = -40, z = 0
u_min = 1.54943e-30 at x = 0, y = 0, z = 0
Writing: "FHNPlaneh30PointTM_TimeMap_99.chk"
 (0s, XML)
Time Map: Max = 37.6547, Min = 0
Writing: "FHNPlaneh30PointTM_99.chk"
 (0s, XML)
Steps: 100000   Time: 100         
 CPU Time: 0.694534 min.
u_max = 8.8785e-25 at x = 40, y = -40, z = 0
u_min = 5.93586e-31 at x = 0, y = 0, z = 0
Writing: "FHNPlaneh30PointTM_TimeMap_100.chk"
 (0s, XML)
Time Map: Max = 37.6547, Min = 0
Writing: "FHNPlaneh30PointTM_100.chk"
 (0s, XML)
Time-integration  : 4192.34s
Writing: "FHNPlaneh30PointTM.fld"
 (0s, XML)
-------------------------------------------
Total Computation Time = 5985.02s
-------------------------------------------
L 2 error (variable u) : 0
L inf error (variable u) : 8.8785e-25
