MMFActivation = 66024 /  66024 ( 100 % ) 
*** 1st Moving frames are in unit length ***
*** 2nd Moving frames are in unit length ***
*** Moving frames are Orthogonal
*** MF 0 = ( 1 , 0 , 0 ) 
*** MF 1 = ( 0 , 1 , 0 ) 
*** MF 2 = ( 0 , 0 , 1 ) 
MMFInitObject is done ===========================
================== SetUP Time Map moving frames ==================
*** 1st Moving frames are in unit length ***
*** 2nd Moving frames are in unit length ***
*** Moving frames are Orthogonal
*** MF 0 = ( 0.710233 , 0.703966 , 0 ) 
*** MF 1 = ( 0.703966 , 0.710233 , 0 ) 
*** MF 2 = ( 0 , 0 , 1 ) 
k = 0, m_varcoeff = ( 1 , 0 , 0 , 3.45521e-15 , 1 ) 
k = 1, m_varcoeff = ( 0 , 1 , 0 , 3.47439e-15 , 1 ) 
k = 2, m_varcoeff = ( 0 , 0 , 1 , 0 , 1 ) 
 ::::: 2D Varcoeff is Successfully Created ::::: 

=======================================================================
	        EquationType: MMFCardiacEP
	        Session Name: FHNPlaneh30PointX3G4_2
	        Spatial Dim.: 3
	  Max SEM Exp. Order: 6
	      Expansion Dim.: 2
	     Projection Type: Continuous Galerkin
	 Advect. advancement: explicit
	Diffuse. advancement: implicit
	           Time Step: 0.001
	        No. of Steps: 50000
	 Checkpoints (steps): 5000
	    Integration Type: IMEX
	             Surface: Plane
	           DerivType: Euclidean
	              MMFdir: TangentX
	    SolverSchemeType: MMFZero
	       TimeMapScheme: 0
	        TimeMapStart: 0
	          TimeMapEnd: 10000
	         TimeMapIapp: 0
	      m_TimeMapDelay: 0
	      AniRegionStart: 0
	        AniRegionEnd: 182
	       Ani1Magnitude: 4
	       Ani2Magnitude: 4
	               urest: 0
	          Cell model: Aliev-Panfilov
	                   k: 8
	                   a: 0.15
	                 eps: 0.002
	                 mu1: 0.2
	                 mu2: 0.3
=======================================================================
Initial Conditions:
  - Field u: 0 (default)
Writing: "FHNPlaneh30PointX3G4_2_initialcondition.chk"
 (0.00966325s, XML)
ValidTimeMap = 1386 / 66024 ( 2.09924 % ) is De-Acitvated
Initial: u = 0.788545, max u = 9.97508
Writing: "FHNPlaneh30PointX3G4_2_initial.chk"
 (0.00944272s, XML)
xmax = 40, xmin = -40, ymax = 40, ymin = -40
Steps: 5000     Time: 5           
 CPU Time: 2.63188 min.
u_max = 1.00006 at x = -19.9144, y = -0.0917049, z = 0
u_min = -3.65768e-06 at x = -28.819, y = -13.7692, z = 0
Writing: "FHNPlaneh30PointX3G4_2_timemap_1.chk"
 (0.0476614s, XML)
Time Map: Max = 5, Min = 0
Writing: "FHNPlaneh30PointX3G4_2_1.chk"
 (0.00951898s, XML)
Steps: 10000    Time: 10          
 CPU Time: 2.61953 min.
u_max = 0.997253 at x = -19.9144, y = -0.0917049, z = 0
u_min = -0.000697643 at x = -33.3775, y = -15.1017, z = 0
Writing: "FHNPlaneh30PointX3G4_2_timemap_2.chk"
 (0.0475231s, XML)
Time Map: Max = 10, Min = 0
Writing: "FHNPlaneh30PointX3G4_2_2.chk"
 (0.0097824s, XML)
Steps: 15000    Time: 15          
 CPU Time: 3.6222 min.
u_max = 1.00057 at x = -33.6456, y = -15.3477, z = 0
u_min = -0.000926626 at x = -32.4244, y = -24.1164, z = 0
Writing: "FHNPlaneh30PointX3G4_2_timemap_3.chk"
 (0.0881707s, XML)
Time Map: Max = 15, Min = 0
Writing: "FHNPlaneh30PointX3G4_2_3.chk"
 (0.019275s, XML)
Steps: 20000    Time: 20          
 CPU Time: 5.1817 min.
u_max = 0.998905 at x = -35.7494, y = -22.0451, z = 0
u_min = -0.00250335 at x = -27.1119, y = -33.2502, z = 0
Writing: "FHNPlaneh30PointX3G4_2_timemap_4.chk"
 (0.0651607s, XML)
Time Map: Max = 19.9995, Min = 0
Writing: "FHNPlaneh30PointX3G4_2_4.chk"
 (0.0142585s, XML)
Steps: 25000    Time: 25          
 CPU Time: 4.24894 min.
u_max = 0.998163 at x = -11.6971, y = 33.5448, z = 0
u_min = -0.00029962 at x = -35.3262, y = -38.9946, z = 0
Writing: "FHNPlaneh30PointX3G4_2_timemap_5.chk"
 (0.066242s, XML)
Time Map: Max = 25, Min = 0
Writing: "FHNPlaneh30PointX3G4_2_5.chk"
 (0.0149179s, XML)
Steps: 30000    Time: 30          
 CPU Time: 4.38728 min.
u_max = 0.999241 at x = 3.37428, y = 33.1736, z = 0
u_min = -0.0008446 at x = 7.97374, y = -39.4252, z = 0
Writing: "FHNPlaneh30PointX3G4_2_timemap_6.chk"
 (0.0895104s, XML)
Time Map: Max = 30, Min = 0
Writing: "FHNPlaneh30PointX3G4_2_6.chk"
 (0.0204112s, XML)
Steps: 35000    Time: 35          
 CPU Time: 5.77917 min.
u_max = 0.997848 at x = 9.0623, y = -40, z = 0
u_min = -0.000589035 at x = 29.3523, y = 23.6757, z = 0
Writing: "FHNPlaneh30PointX3G4_2_timemap_7.chk"
 (0.087886s, XML)
Time Map: Max = 34.9995, Min = 0
Writing: "FHNPlaneh30PointX3G4_2_7.chk"
 (0.0195837s, XML)
Steps: 40000    Time: 40          
 CPU Time: 4.99829 min.
u_max = 0.998562 at x = 20.3396, y = 40, z = 0
u_min = -0.00875931 at x = 40, y = 12, z = 0
Writing: "FHNPlaneh30PointX3G4_2_timemap_8.chk"
 (0.0655161s, XML)
Time Map: Max = 39.9995, Min = 0
Writing: "FHNPlaneh30PointX3G4_2_8.chk"
 (0.0142807s, XML)
Steps: 45000    Time: 45          
 CPU Time: 4.09007 min.
u_max = 1.00029 at x = 36.039, y = 26.375, z = 0
u_min = -0.002099 at x = 35.6604, y = -40, z = 0
Writing: "FHNPlaneh30PointX3G4_2_timemap_9.chk"
 (0.0662699s, XML)
Time Map: Max = 44.997, Min = 0
Writing: "FHNPlaneh30PointX3G4_2_9.chk"
 (0.0143254s, XML)
Steps: 50000    Time: 50          
 CPU Time: 4.12966 min.
u_max = 0.998626 at x = 40, y = 40, z = 0
u_min = 5.15181e-12 at x = -20.5878, y = 0.0507646, z = 0
Writing: "FHNPlaneh30PointX3G4_2_timemap_10.chk"
 (0.0901863s, XML)
Time Map: Max = 48.8494, Min = 0
Writing: "FHNPlaneh30PointX3G4_2_10.chk"
 (0.0195015s, XML)
Time-integration  : 2501.4s
Writing: "FHNPlaneh30PointX3G4_2.fld"
 (0.0193141s, XML)
-------------------------------------------
Total Computation Time = 16897s
-------------------------------------------
L 2 error (variable u) : 43.995
L inf error (variable u) : 0.998626
