Anisotropy = [ 4 , 4 ], [ 1 , 1 ] 
MMFActivation = 108976 /  108976 ( 100 % ) 
*** 1st Moving frames are NOT in unit length, Avg mag. = 2 *** 
*** 2nd Moving frames are in unit length ***
*** Moving frames are Orthogonal
*** MF 0 = ( 2 , 0 , 0 ) 
*** MF 1 = ( 0 , 1 , 0 ) 
*** MF 2 = ( 0 , 0 , 1 ) 
MMFInitObject is done ===========================
================== SetUP Time Map moving frames ==================
*** 1st Moving frames are in unit length ***
*** 2nd Moving frames are in unit length ***
*** Moving frames are Orthogonal
*** MF 0 = ( 0.71464 , 0.699492 , 0 ) 
*** MF 1 = ( 0.699492 , 0.71464 , 0 ) 
*** MF 2 = ( 0 , 0 , 1 ) 
k = 0, m_varcoeff = ( 2 , 0 , 0 , 2.42891e-14 , 4 ) 
k = 1, m_varcoeff = ( 0 , 1 , 0 , 1.21282e-14 , 1 ) 
k = 2, m_varcoeff = ( 0 , 0 , 1 , 0 , 1 ) 
 ::::: 2D Varcoeff is Successfully Created ::::: 

=======================================================================
	        EquationType: MMFCardiacEP
	        Session Name: FHNPlaneh30PointX0
	        Spatial Dim.: 3
	  Max SEM Exp. Order: 7
	      Expansion Dim.: 2
	     Projection Type: Continuous Galerkin
	 Advect. advancement: explicit
	Diffuse. advancement: implicit
	           Time Step: 0.0002
	        No. of Steps: 250000
	 Checkpoints (steps): 25000
	    Integration Type: IMEX
	             Surface: Plane
	           DerivType: Euclidean
	              MMFdir: TangentX
	    SolverSchemeType: MMFZero
	       TimeMapScheme: 0
	        TimeMapStart: 0
	          TimeMapEnd: 10000
	         TimeMapIapp: 0
	      m_TimeMapDelay: 0
	      AniRegionStart: 0
	        AniRegionEnd: 1000000
	  AnisotropyStrength: 0
	               urest: 0
	          Cell model: Aliev-Panfilov
	                   k: 8
	                   a: 0.15
	                 eps: 0.002
	                 mu1: 0.2
	                 mu2: 0.3
=======================================================================
Initial Conditions:
  - Field u: 0 (default)
Writing: "FHNPlaneh30PointX0_initialcondition.chk"
 (0.00213224s, XML)
ValidTimeMap = 1904 / 108976 ( 1.74717 % ) is De-Acitvated
Initial: u = 0.767083, max u = 9.97516
Writing: "FHNPlaneh30PointX0_initial.chk"
 (0.0220498s, XML)
xmax = 40, xmin = -40, ymax = 40, ymin = -40
Steps: 25000    Time: 5           
 CPU Time: 25.623 min.
u_max = 1.00002 at x = -20.0664, y = -20.0672, z = 0
u_min = -4.87639e-15 at x = -23.7286, y = 6.18907, z = 0
Writing: "FHNPlaneh30PointX0_timemap_1.chk"
 (0.104304s, XML)
Time Map: Max = 4.9999, Min = 0
Writing: "FHNPlaneh30PointX0_1.chk"
 (0.0208011s, XML)
Steps: 50000    Time: 10          
 CPU Time: 24.417 min.
u_max = 0.997477 at x = -40, y = -29.3196, z = 0
u_min = -3.14297e-21 at x = -21.759, y = 20.6481, z = 0
Writing: "FHNPlaneh30PointX0_timemap_2.chk"
 (0.104077s, XML)
Time Map: Max = 10, Min = 0
Writing: "FHNPlaneh30PointX0_2.chk"
 (0.0209634s, XML)
Steps: 75000    Time: 15          
 CPU Time: 25.6113 min.
u_max = 0.99844 at x = -40, y = -40, z = 0
u_min = -3.92288e-17 at x = -32.3087, y = 22.1948, z = 0
Writing: "FHNPlaneh30PointX0_timemap_3.chk"
 (0.106027s, XML)
Time Map: Max = 14.9994, Min = 0
Writing: "FHNPlaneh30PointX0_3.chk"
 (0.0226671s, XML)
Steps: 100000   Time: 20          
 CPU Time: 24.989 min.
u_max = 0.997353 at x = 16.4863, y = -40, z = 0
u_min = -3.60206e-11 at x = -32.3087, y = 22.1948, z = 0
Writing: "FHNPlaneh30PointX0_timemap_4.chk"
 (0.0884761s, XML)
Time Map: Max = 19.9996, Min = 0
Writing: "FHNPlaneh30PointX0_4.chk"
 (0.0193676s, XML)
Steps: 125000   Time: 25          
 CPU Time: 23.2574 min.
u_max = 0.998623 at x = 40, y = -40, z = 0
u_min = -8.14216e-06 at x = -32.3087, y = 22.1948, z = 0
Writing: "FHNPlaneh30PointX0_timemap_5.chk"
 (0.0891859s, XML)
Time Map: Max = 24.9999, Min = 0
Writing: "FHNPlaneh30PointX0_5.chk"
 (0.0203055s, XML)
Steps: 150000   Time: 30          
 CPU Time: 22.4707 min.
u_max = 0.997524 at x = 40, y = 7.59742, z = 0
u_min = -4.94429e-11 at x = -21.3624, y = 35.2235, z = 0
Writing: "FHNPlaneh30PointX0_timemap_6.chk"
 (0.0889967s, XML)
Time Map: Max = 29.9996, Min = 0
Writing: "FHNPlaneh30PointX0_6.chk"
 (0.0200491s, XML)
Steps: 175000   Time: 35          
 CPU Time: 21.1252 min.
u_max = 0.997222 at x = 39.6299, y = 17.108, z = 0
u_min = -9.28935e-06 at x = -11.4183, y = 36.5347, z = 0
Writing: "FHNPlaneh30PointX0_timemap_7.chk"
 (0.0891606s, XML)
Time Map: Max = 34.9999, Min = 0
Writing: "FHNPlaneh30PointX0_7.chk"
 (0.0201168s, XML)
Steps: 200000   Time: 40          
 CPU Time: 21.1538 min.
u_max = 0.997017 at x = 39.5109, y = 25.5942, z = 0
u_min = 1.26764e-08 at x = 40, y = 39.81, z = 0
Writing: "FHNPlaneh30PointX0_timemap_8.chk"
 (0.0904789s, XML)
Time Map: Max = 39.9999, Min = 0
Writing: "FHNPlaneh30PointX0_8.chk"
 (0.0201253s, XML)
Steps: 225000   Time: 45          
 CPU Time: 21.1527 min.
u_max = 0.99819 at x = 16.9012, y = 40, z = 0
u_min = 3.48477e-10 at x = -26.0395, y = -20.0243, z = 0
Writing: "FHNPlaneh30PointX0_timemap_9.chk"
 (0.0908366s, XML)
Time Map: Max = 44.877, Min = 0
Writing: "FHNPlaneh30PointX0_9.chk"
 (0.0199962s, XML)
Steps: 250000   Time: 50          
 CPU Time: 21.0913 min.
u_max = 0.996512 at x = 40, y = 40, z = 0
u_min = 3.45863e-12 at x = -30.2259, y = -20.4363, z = 0
Writing: "FHNPlaneh30PointX0_timemap_10.chk"
 (0.0906855s, XML)
Time Map: Max = 45.9223, Min = 0
Writing: "FHNPlaneh30PointX0_10.chk"
 (0.0190304s, XML)
Time-integration  : 13853.5s
Writing: "FHNPlaneh30PointX0.fld"
 (0.0190209s, XML)
-------------------------------------------
Total Computation Time = 100582s
-------------------------------------------
L 2 error (variable u) : 40.0235
L inf error (variable u) : 0.996512
