Anisotropy = [ 1 , 4 ], [ 1 , 1 ] 
MMFActivation = 108976 /  108976 ( 100 % ) 
*** 1st Moving frames are NOT in unit length, Avg mag. = 1.92589 *** 
*** 2nd Moving frames are in unit length ***
*** Moving frames are Orthogonal
*** MF 0 = ( 1.92589 , 0 , 0 ) 
*** MF 1 = ( 0 , 1 , 0 ) 
*** MF 2 = ( 0 , 0 , 1 ) 
MMFInitObject is done ===========================
================== SetUP Time Map moving frames ==================
*** 1st Moving frames are in unit length ***
*** 2nd Moving frames are in unit length ***
*** Moving frames are Orthogonal
*** MF 0 = ( 0.71464 , 0.699492 , 0 ) 
*** MF 1 = ( 0.699492 , 0.71464 , 0 ) 
*** MF 2 = ( 0 , 0 , 1 ) 
k = 0, m_varcoeff = ( 1.92589 , 0 , 0 , 0.0148948 , 3.75622 ) 
k = 1, m_varcoeff = ( 0 , 1 , 0 , 1.21282e-14 , 1 ) 
k = 2, m_varcoeff = ( 0 , 0 , 1 , 0 , 1 ) 
 ::::: 2D Varcoeff is Successfully Created ::::: 

=======================================================================
	        EquationType: MMFCardiacEP
	        Session Name: FHNPlaneh30LeftX3G10
	        Spatial Dim.: 3
	  Max SEM Exp. Order: 7
	      Expansion Dim.: 2
	     Projection Type: Continuous Galerkin
	 Advect. advancement: explicit
	Diffuse. advancement: implicit
	           Time Step: 0.0002
	        No. of Steps: 250000
	 Checkpoints (steps): 25000
	    Integration Type: IMEX
	             Surface: Plane
	           DerivType: Euclidean
	              MMFdir: TangentX
	    SolverSchemeType: MMFZero
	       TimeMapScheme: 0
	        TimeMapStart: 0
	          TimeMapEnd: 10000
	         TimeMapIapp: 0
	      m_TimeMapDelay: 0
	      AniRegionStart: 0
	        AniRegionEnd: 1000000
	  AnisotropyStrength: 3
	               urest: 0
	          Cell model: Aliev-Panfilov
	                   k: 8
	                   a: 0.15
	                 eps: 0.002
	                 mu1: 0.2
	                 mu2: 0.3
=======================================================================
Initial Conditions:
  - Field u: 0 (default)
Writing: "FHNPlaneh30LeftX3G10_initialcondition.chk"
 (0.00211495s, XML)
ValidTimeMap = 18144 / 108976 ( 16.6495 % ) is De-Acitvated
Initial: u = 1.89531, max u = 5.71377
Writing: "FHNPlaneh30LeftX3G10_initial.chk"
 (0.0220381s, XML)
xmax = 40, xmin = -40, ymax = 40, ymin = -40
Steps: 25000    Time: 5           
 CPU Time: 34.3879 min.
u_max = 0.999331 at x = -35.236, y = -1.68737, z = 0
u_min = -6.67021e-31 at x = 27.1376, y = -0.195082, z = 0
Writing: "FHNPlaneh30LeftX3G10_timemap_1.chk"
 (0.105566s, XML)
Time Map: Max = 5, Min = 0
Writing: "FHNPlaneh30LeftX3G10_1.chk"
 (0.0223493s, XML)
Steps: 50000    Time: 10          
 CPU Time: 30.6828 min.
u_max = 0.996551 at x = -9.85637, y = 0.167324, z = 0
u_min = 8.13852e-24 at x = 39.7913, y = 0.138729, z = 0
Writing: "FHNPlaneh30LeftX3G10_timemap_2.chk"
 (0.107613s, XML)
Time Map: Max = 10, Min = 0
Writing: "FHNPlaneh30LeftX3G10_2.chk"
 (0.023978s, XML)
Steps: 75000    Time: 15          
 CPU Time: 31.5542 min.
u_max = 0.996588 at x = -1.00829, y = 0.208906, z = 0
u_min = 2.33056e-17 at x = 39.7913, y = 0.138729, z = 0
Writing: "FHNPlaneh30LeftX3G10_timemap_3.chk"
 (0.106143s, XML)
Time Map: Max = 15, Min = 0
Writing: "FHNPlaneh30LeftX3G10_3.chk"
 (0.0254678s, XML)
Steps: 100000   Time: 20          
 CPU Time: 29.3598 min.
u_max = 0.996656 at x = 7.18984, y = 0.336685, z = 0
u_min = 2.38984e-11 at x = 39.7913, y = 0.138729, z = 0
Writing: "FHNPlaneh30LeftX3G10_timemap_4.chk"
 (0.0901177s, XML)
Time Map: Max = 20, Min = 0
Writing: "FHNPlaneh30LeftX3G10_4.chk"
 (0.0222044s, XML)
Steps: 125000   Time: 25          
 CPU Time: 28.1281 min.
u_max = 0.996843 at x = 20.0576, y = -0.221532, z = 0
u_min = 2.25387e-05 at x = 39.9344, y = 0.256248, z = 0
Writing: "FHNPlaneh30LeftX3G10_timemap_5.chk"
 (0.0890662s, XML)
Time Map: Max = 25, Min = 0
Writing: "FHNPlaneh30LeftX3G10_5.chk"
 (0.02304s, XML)
Steps: 150000   Time: 30          
 CPU Time: 26.5963 min.
u_max = 0.998417 at x = 39.9344, y = 0.256248, z = 0
u_min = 0.00365806 at x = -23.9039, y = 39.8462, z = 0
Writing: "FHNPlaneh30LeftX3G10_timemap_6.chk"
 (0.0898015s, XML)
Time Map: Max = 28.2774, Min = 0
Writing: "FHNPlaneh30LeftX3G10_6.chk"
 (0.0230522s, XML)
Steps: 175000   Time: 35          
 CPU Time: 25.9558 min.
u_max = 0.993056 at x = 39.9344, y = 0.256248, z = 0
u_min = 1.1268e-05 at x = -28.8092, y = 39.8762, z = 0
Writing: "FHNPlaneh30LeftX3G10_timemap_7.chk"
 (0.0891834s, XML)
Time Map: Max = 28.2774, Min = 0
Writing: "FHNPlaneh30LeftX3G10_7.chk"
 (0.0219514s, XML)
Steps: 200000   Time: 40          
 CPU Time: 26.0091 min.
u_max = 0.979048 at x = 39.9344, y = 0.256248, z = 0
u_min = 1.3581e-08 at x = -40, y = -40, z = 0
Writing: "FHNPlaneh30LeftX3G10_timemap_8.chk"
 (0.0896907s, XML)
Time Map: Max = 28.2774, Min = 0
Writing: "FHNPlaneh30LeftX3G10_8.chk"
 (0.0210168s, XML)
Steps: 225000   Time: 45          
 CPU Time: 25.9885 min.
u_max = 0.93979 at x = 39.9344, y = 0.256248, z = 0
u_min = 3.07258e-11 at x = -40, y = 0.310073, z = 0
Writing: "FHNPlaneh30LeftX3G10_timemap_9.chk"
 (0.0900668s, XML)
Time Map: Max = 28.2774, Min = 0
Writing: "FHNPlaneh30LeftX3G10_9.chk"
 (0.0196238s, XML)
Steps: 250000   Time: 50          
 CPU Time: 25.5715 min.
u_max = 0.791184 at x = 39.9344, y = 0.256248, z = 0
u_min = 1.82181e-13 at x = -40, y = 0.310073, z = 0
Writing: "FHNPlaneh30LeftX3G10_timemap_10.chk"
 (0.088964s, XML)
Time Map: Max = 28.2774, Min = 0
Writing: "FHNPlaneh30LeftX3G10_10.chk"
 (0.0192833s, XML)
Time-integration  : 17054.1s
Writing: "FHNPlaneh30LeftX3G10.fld"
 (0.0192711s, XML)
-------------------------------------------
Total Computation Time = 104417s
-------------------------------------------
L 2 error (variable u) : 6.08284
L inf error (variable u) : 0.79117
