Total 392460 grid points have been flipped
SetUp 2D MF: ***********************************************************
LOCAL construction for 39388 elements, adapated from MF1 = 12859, MF2 = 12890, MF3 = 13639
*** 1st Moving frames are in unit length ***
*** 2nd Moving frames are in unit length ***
*** Moving frames are Orthogonal
*** MF 0 = ( 0.633851 , 0.516989 , 0.575287 ) 
*** MF 1 = ( 0.615276 , 0.530049 , 0.58351 ) 
*** MF 2 = ( 0.468689 , 0.672139 , 0.573202 ) 
============ End of MMFInitObect ============
k = 0, m_varcoeff = ( 0.633851 , 0.516989 , 0.575287 , 3.74423e-15 , 1 ) 
k = 1, m_varcoeff = ( 0.615276 , 0.530049 , 0.58351 , 3.68023e-15 , 1 ) 
k = 2, m_varcoeff = ( 0.468689 , 0.672139 , 0.573202 , 1.15316e-15 , 1 ) 
 ::::: 2D Varcoeff is Successfully Created ::::: 

=======================================================================
	        EquationType: MMFCardiacEP
	        Session Name: APatriumISOTM
	        Spatial Dim.: 3
	  Max SEM Exp. Order: 4
	      Expansion Dim.: 2
	     Projection Type: Discontinuous Galerkin
	 Advect. advancement: explicit
	Diffuse. advancement: implicit
	           Time Step: 0.01
	        No. of Steps: 10000
	 Checkpoints (steps): 1000
	    Integration Type: IMEX
	             Surface: Atrium
	           DerivType: Euclidean
	          MediumType: Isotropy
	              MMFdir: LOCAL
	    SolverSchemeType: Default
	    AnisotropyRegion: 1000000
	  AnisotropyStrength: 4
	          TimeMapEnd: 10000
	          Cell model: Aliev-Panfilov
	                   k: 8
	                   a: 0.15
	                 eps: 0.002
	                 mu1: 0.2
	                 mu2: 0.3
=======================================================================
Initial Conditions:
  - Field u: 0
total 0 / 787760 is init-Acitvated
Initial: max u = 2
Writing: "APatriumISOTM_initial.chk"
 (0s, XML)
xmax = 33.5879, xmin = -76.6759, ymax = 42.5444, ymin = -24.806
Steps: 1000     Time: 10          
 CPU Time: 12.5104 min.
u_max = 0.995929 at x = -18.764, y = 22.5469, z = -0.989723
u_min = -5.13427e-78 at x = -44.4592, y = 1.79328, z = -41.6397
Writing: "APatriumISOTM_TimeMap_1.chk"
 (0s, XML)
Time Map: Max = 10, Min = 0
Writing: "APatriumISOTM_1.chk"
 (0s, XML)
Steps: 2000     Time: 20          
 CPU Time: 11.3941 min.
u_max = 0.99629 at x = -26.0972, y = -0.35982, z = 25.3425
u_min = 3.88311e-51 at x = -44.9939, y = -3.63619, z = -36.7598
Writing: "APatriumISOTM_TimeMap_2.chk"
 (0s, XML)
Time Map: Max = 20, Min = 0
Writing: "APatriumISOTM_2.chk"
 (0s, XML)
Steps: 3000     Time: 30          
 CPU Time: 11.2651 min.
u_max = 0.998004 at x = 20.8661, y = 14.2878, z = 25.6273
u_min = 5.25965e-39 at x = -44.9939, y = -3.63619, z = -36.7598
Writing: "APatriumISOTM_TimeMap_3.chk"
 (0s, XML)
Time Map: Max = 30, Min = 0
Writing: "APatriumISOTM_3.chk"
 (0s, XML)
Steps: 4000     Time: 40          
 CPU Time: 11.2102 min.
u_max = 0.998142 at x = 26.6959, y = -0.869556, z = 6.86745
u_min = 2.91258e-27 at x = -44.8391, y = -3.78404, z = -36.6077
Writing: "APatriumISOTM_TimeMap_4.chk"
 (0s, XML)
Time Map: Max = 40, Min = 0
Writing: "APatriumISOTM_4.chk"
 (0s, XML)
Steps: 5000     Time: 50          
 CPU Time: 11.1726 min.
u_max = 0.998477 at x = -75.5085, y = 16.0704, z = -0.699309
u_min = 2.47422e-15 at x = -44.8391, y = -3.78404, z = -36.6077
Writing: "APatriumISOTM_TimeMap_5.chk"
 (0s, XML)
Time Map: Max = 50, Min = 0
Writing: "APatriumISOTM_5.chk"
 (0s, XML)
Steps: 6000     Time: 60          
 CPU Time: 11.1647 min.
u_max = 0.997819 at x = -48.1437, y = -6.02168, z = -27.4286
u_min = 2.85407e-15 at x = -15.2925, y = 14.6597, z = 7.58489
Writing: "APatriumISOTM_TimeMap_6.chk"
 (0s, XML)
Time Map: Max = 60, Min = 0
Writing: "APatriumISOTM_6.chk"
 (0s, XML)
Steps: 7000     Time: 70          
 CPU Time: 11.1546 min.
u_max = 0.989944 at x = -44.6843, y = -3.93189, z = -36.4555
u_min = 6.89754e-19 at x = -15.5131, y = 14.8462, z = 7.44426
Writing: "APatriumISOTM_TimeMap_7.chk"
 (0s, XML)
Time Map: Max = 61.5414, Min = 0
Writing: "APatriumISOTM_7.chk"
 (0s, XML)
Steps: 8000     Time: 80          
 CPU Time: 11.1165 min.
u_max = 0.913956 at x = -44.6843, y = -3.93189, z = -36.4555
u_min = 1.62193e-22 at x = -15.2925, y = 14.6597, z = 7.58489
Writing: "APatriumISOTM_TimeMap_8.chk"
 (0s, XML)
Time Map: Max = 61.5414, Min = 0
Writing: "APatriumISOTM_8.chk"
 (0s, XML)
Steps: 9000     Time: 90          
 CPU Time: 11.1086 min.
u_max = 2.47963e-05 at x = -44.6843, y = -3.93189, z = -36.4555
u_min = 3.79004e-26 at x = -15.1864, y = 14.7936, z = 7.48144
Writing: "APatriumISOTM_TimeMap_9.chk"
 (0s, XML)
Time Map: Max = 61.5414, Min = 0
Writing: "APatriumISOTM_9.chk"
 (0s, XML)
Steps: 10000    Time: 100         
 CPU Time: 11.0656 min.
u_max = 1.73359e-11 at x = -44.6843, y = -3.93189, z = -36.4555
u_min = 8.61694e-30 at x = -14.8487, y = 14.7594, z = 7.50253
Writing: "APatriumISOTM_TimeMap_10.chk"
 (0s, XML)
Time Map: Max = 61.5414, Min = 0
Writing: "APatriumISOTM_10.chk"
 (0s, XML)
Time-integration  : 6789.75s
Writing: "APatriumISOTM.fld"
 (0s, XML)
-------------------------------------------
Total Computation Time = 29065.8s
-------------------------------------------
L 2 error (variable u) : 2.26226e-10
L inf error (variable u) : 1.73359e-11
