Total 392460 grid points have been flipped
SetUp 2D MF: ***********************************************************
LOCAL construction for 39388 elements, adapated from MF1 = 12859, MF2 = 12890, MF3 = 13639
*** 1st Moving frames are in unit length ***
*** 2nd Moving frames are in unit length ***
*** Moving frames are Orthogonal
*** MF 0 = ( 0.633851 , 0.516989 , 0.575287 ) 
*** MF 1 = ( 0.615276 , 0.530049 , 0.58351 ) 
*** MF 2 = ( 0.468689 , 0.672139 , 0.573202 ) 
============ End of MMFInitObect ============
k = 0, m_varcoeff = ( 0.633851 , 0.516989 , 0.575287 , 3.74423e-15 , 1 ) 
k = 1, m_varcoeff = ( 0.615276 , 0.530049 , 0.58351 , 3.68023e-15 , 1 ) 
k = 2, m_varcoeff = ( 0.468689 , 0.672139 , 0.573202 , 1.15316e-15 , 1 ) 
 ::::: 2D Varcoeff is Successfully Created ::::: 

=======================================================================
	        EquationType: MMFCardiacEP
	        Session Name: CRatriumISOTM
	        Spatial Dim.: 3
	  Max SEM Exp. Order: 4
	      Expansion Dim.: 2
	     Projection Type: Discontinuous Galerkin
	 Advect. advancement: explicit
	Diffuse. advancement: implicit
	           Time Step: 0.002
	        No. of Steps: 50000
	 Checkpoints (steps): 5000
	    Integration Type: IMEX
	             Surface: Atrium
	           DerivType: Euclidean
	          MediumType: Isotropy
	              MMFdir: LOCAL
	    SolverSchemeType: Default
	    AnisotropyRegion: 1000000
	  AnisotropyStrength: 4
	          TimeMapEnd: 10000
	          Cell model: CourtemancheRamirezNattel98
	     Cell model var.: Original
=======================================================================
Initial Conditions:
  - Field u: -81.0
total 787760 / 787760 is init-Acitvated
Initial: max u = -31
Writing: "CRatriumISOTM_initial.chk"
 (0s, XML)
xmax = 33.5879, xmin = -76.6759, ymax = 42.5444, ymin = -24.806
Steps: 5000     Time: 10          
 CPU Time: 337.922 min.
u_max = 9.9102 at x = 3.16512, y = 16.6613, z = 8.33004
u_min = -95.8715 at x = -60.2808, y = -14.0456, z = 11.3076
Writing: "CRatriumISOTM_TimeMap_1.chk"
 (0s, XML)
Time Map: Max = 0, Min = 0
Writing: "CRatriumISOTM_1.chk"
 (0s, XML)
Steps: 10000    Time: 20          
 CPU Time: 331.654 min.
u_max = 8.72934 at x = 18.3964, y = 16.2545, z = 4.11505
u_min = -92.4871 at x = -60.2808, y = -14.0456, z = 11.3076
Writing: "CRatriumISOTM_TimeMap_2.chk"
 (0s, XML)
Time Map: Max = 0, Min = 0
Writing: "CRatriumISOTM_2.chk"
 (0s, XML)
Steps: 15000    Time: 30          
 CPU Time: 338.255 min.
u_max = 17.5313 at x = -58.8862, y = 12.0359, z = 31.7218
u_min = -90.365 at x = -60.2808, y = -14.0456, z = 11.3076
Writing: "CRatriumISOTM_TimeMap_3.chk"
 (0s, XML)
Time Map: Max = 0, Min = 0
Writing: "CRatriumISOTM_3.chk"
 (0s, XML)
Steps: 20000    Time: 40          
 CPU Time: 343.864 min.
u_max = 22.352 at x = -58.7013, y = -21.9531, z = 17.297
u_min = -82.0375 at x = -60.9427, y = -6.9648, z = -4.19938
Writing: "CRatriumISOTM_TimeMap_4.chk"
 (0s, XML)
Time Map: Max = 0, Min = 0
Writing: "CRatriumISOTM_4.chk"
 (0s, XML)
Steps: 25000    Time: 50          
 CPU Time: 302.114 min.
u_max = 12.9399 at x = -47.7118, y = -5.84318, z = -28.9686
u_min = -81.1217 at x = -44.7726, y = -3.98106, z = -36.3204
Writing: "CRatriumISOTM_TimeMap_5.chk"
 (0s, XML)
Time Map: Max = 0, Min = 0
Writing: "CRatriumISOTM_5.chk"
 (0s, XML)
Steps: 30000    Time: 60          
 CPU Time: 325.786 min.
u_max = -8.41417 at x = -44.6843, y = -3.93189, z = -36.4555
u_min = -16.4822 at x = -60.2808, y = -14.0456, z = 11.3076
Writing: "CRatriumISOTM_TimeMap_6.chk"
 (0s, XML)
Time Map: Max = 0, Min = 0
Writing: "CRatriumISOTM_6.chk"
 (0s, XML)
Steps: 35000    Time: 70          
 CPU Time: 328.836 min.
u_max = -9.36261 at x = -12.7808, y = 8.82525, z = 11.1512
u_min = -15.9966 at x = -60.2808, y = -14.0456, z = 11.3076
Writing: "CRatriumISOTM_TimeMap_7.chk"
 (0s, XML)
Time Map: Max = 0, Min = 0
Writing: "CRatriumISOTM_7.chk"
 (0s, XML)
Steps: 40000    Time: 80          
 CPU Time: 330.155 min.
u_max = -8.67561 at x = -7.2561, y = 18.6469, z = 3.06176
u_min = -14.3238 at x = -44.8391, y = -3.78404, z = -36.6077
Writing: "CRatriumISOTM_TimeMap_8.chk"
 (0s, XML)
Time Map: Max = 0, Min = 0
Writing: "CRatriumISOTM_8.chk"
 (0s, XML)
Steps: 45000    Time: 90          
 CPU Time: 330.662 min.
u_max = -8.30778 at x = -27.0031, y = 21.4959, z = 1.28355
u_min = -13.1753 at x = -44.9598, y = -3.80236, z = -36.5043
Writing: "CRatriumISOTM_TimeMap_9.chk"
 (0s, XML)
Time Map: Max = 0, Min = 0
Writing: "CRatriumISOTM_9.chk"
 (0s, XML)
Steps: 50000    Time: 100         
 CPU Time: 329.518 min.
u_max = -8.13029 at x = 19.1897, y = 18.6783, z = 19.951
u_min = -11.5613 at x = -44.9598, y = -3.80236, z = -36.5043
Writing: "CRatriumISOTM_TimeMap_10.chk"
 (0s, XML)
Time Map: Max = 0, Min = 0
Writing: "CRatriumISOTM_10.chk"
 (0s, XML)
Time-integration  : 197930s
Writing: "CRatriumISOTM.fld"
 (0s, XML)
-------------------------------------------
Total Computation Time = 307137s
-------------------------------------------
L 2 error (variable u) : 1187.64
L inf error (variable u) : 11.561
