SetUp 2D MF: ***********************************************************
LOCAL construction for 1946 elements, adapated from MF1 = 852, MF2 = 795, MF3 = 299
*** 1st Moving frames are in unit length ***
*** 2nd Moving frames are in unit length ***
*** Moving frames are Orthogonal
*** MF 0 = ( 0.700511 , 0.713642 , 0 ) 
*** MF 1 = ( 0.713642 , 0.700511 , 0 ) 
*** MF 2 = ( 0 , 0 , 1 ) 
============ End of MMFInitObect ============
k = 0, m_varcoeff = ( 0.700511 , 0.713642 , 0 , 1.81355e-08 , 1 ) 
k = 1, m_varcoeff = ( 0.713642 , 0.700511 , 0 , 1.93964e-08 , 1 ) 
k = 2, m_varcoeff = ( 0 , 0 , 1 , 0 , 1 ) 
 ::::: 2D Varcoeff is Successfully Created ::::: 

=======================================================================
	        EquationType: MMFCardiacEP
	        Session Name: FHNPlaneh30PointTM
	        Spatial Dim.: 3
	  Max SEM Exp. Order: 5
	      Expansion Dim.: 2
	     Projection Type: Discontinuous Galerkin
	 Advect. advancement: explicit
	Diffuse. advancement: implicit
	           Time Step: 0.001
	        No. of Steps: 50000
	 Checkpoints (steps): 5000
	    Integration Type: IMEX
	             Surface: PlanePoint
	           DerivType: Euclidean
	          MediumType: Isotropy
	              MMFdir: LOCAL
	    SolverSchemeType: Default
	    AnisotropyRegion: 1000000
	  AnisotropyStrength: 4
	          TimeMapEnd: 10000
	          Cell model: Aliev-Panfilov
	                   k: 8
	                   a: 0.15
	                 eps: 0.002
	                 mu1: 0.2
	                 mu2: 0.3
=======================================================================
Initial Conditions:
  - Field u: 0 (default)
total 0 / 58380 is init-Acitvated
Initial: max u = 9.97527
Writing: "FHNPlaneh30PointTM_initial.chk"
 (0s, XML)
xmax = 40, xmin = -40, ymax = 40, ymin = -40
Steps: 5000     Time: 5           
 CPU Time: 3.45418 min.
u_max = 1.00006 at x = -0.22649, y = -0.27945, z = 0
u_min = -0.00976472 at x = -9.67518, y = -8.84477, z = 0
Writing: "FHNPlaneh30PointTM_TimeMap_1.chk"
 (0s, XML)
Time Map: Max = 4.99901, Min = 0
Writing: "FHNPlaneh30PointTM_1.chk"
 (0s, XML)
Steps: 10000    Time: 10          
 CPU Time: 3.37533 min.
u_max = 1.03118 at x = 12.083, y = 9.03888, z = 0
u_min = -0.0136599 at x = 18.0523, y = 7.77102, z = 0
Writing: "FHNPlaneh30PointTM_TimeMap_2.chk"
 (0s, XML)
Time Map: Max = 9.999, Min = 0
Writing: "FHNPlaneh30PointTM_2.chk"
 (0s, XML)
Steps: 15000    Time: 15          
 CPU Time: 3.37357 min.
u_max = 1.03941 at x = -5.75012, y = -20.6106, z = 0
u_min = -0.0271615 at x = 20.1696, y = -16.4104, z = 0
Writing: "FHNPlaneh30PointTM_TimeMap_3.chk"
 (0s, XML)
Time Map: Max = 14.9995, Min = 0
Writing: "FHNPlaneh30PointTM_3.chk"
 (0s, XML)
Steps: 20000    Time: 20          
 CPU Time: 3.34875 min.
u_max = 1.02329 at x = -8.71646, y = -26.3818, z = 0
u_min = -0.0275361 at x = -13.0253, y = 30.2617, z = 0
Writing: "FHNPlaneh30PointTM_TimeMap_4.chk"
 (0s, XML)
Time Map: Max = 20, Min = 0
Writing: "FHNPlaneh30PointTM_4.chk"
 (0s, XML)
Steps: 25000    Time: 25          
 CPU Time: 3.34777 min.
u_max = 1.02719 at x = 8.86898, y = 34.2304, z = 0
u_min = -0.0395636 at x = -40, y = 4.44444, z = 0
Writing: "FHNPlaneh30PointTM_TimeMap_5.chk"
 (0s, XML)
Time Map: Max = 25, Min = 0
Writing: "FHNPlaneh30PointTM_5.chk"
 (0s, XML)
Steps: 30000    Time: 30          
 CPU Time: 3.33721 min.
u_max = 0.998104 at x = 15.2374, y = -40, z = 0
u_min = -0.0345454 at x = -40, y = 25.1852, z = 0
Writing: "FHNPlaneh30PointTM_TimeMap_6.chk"
 (0s, XML)
Time Map: Max = 30, Min = 0
Writing: "FHNPlaneh30PointTM_6.chk"
 (0s, XML)
Steps: 35000    Time: 35          
 CPU Time: 3.2963 min.
u_max = 1.03272 at x = 36.8545, y = -32.2162, z = 0
u_min = -0.000148275 at x = -39.683, y = -39.683, z = 0
Writing: "FHNPlaneh30PointTM_TimeMap_7.chk"
 (0s, XML)
Time Map: Max = 34.9985, Min = 0
Writing: "FHNPlaneh30PointTM_7.chk"
 (0s, XML)
Steps: 40000    Time: 40          
 CPU Time: 3.29519 min.
u_max = 0.998115 at x = 40, y = -40, z = 0
u_min = 3.04245e-08 at x = 0, y = 0, z = 0
Writing: "FHNPlaneh30PointTM_TimeMap_8.chk"
 (0s, XML)
Time Map: Max = 37.6547, Min = 0
Writing: "FHNPlaneh30PointTM_8.chk"
 (0s, XML)
Steps: 45000    Time: 45          
 CPU Time: 3.29745 min.
u_max = 0.992271 at x = 40, y = -40, z = 0
u_min = 3.53176e-10 at x = 0, y = 0, z = 0
Writing: "FHNPlaneh30PointTM_TimeMap_9.chk"
 (0s, XML)
Time Map: Max = 37.6547, Min = 0
Writing: "FHNPlaneh30PointTM_9.chk"
 (0s, XML)
Steps: 50000    Time: 50          
 CPU Time: 3.2968 min.
u_max = 0.976954 at x = 40, y = -40, z = 0
u_min = 5.59398e-12 at x = 0, y = 0, z = 0
Writing: "FHNPlaneh30PointTM_TimeMap_10.chk"
 (0s, XML)
Time Map: Max = 37.6547, Min = 0
Writing: "FHNPlaneh30PointTM_10.chk"
 (0s, XML)
Time-integration  : 2005.39s
Writing: "FHNPlaneh30PointTM.fld"
 (0s, XML)
-------------------------------------------
Total Computation Time = 10635.2s
-------------------------------------------
L 2 error (variable u) : 30.5224
L inf error (variable u) : 0.976949
