MMFActivation = 57120 / 57600
SetUp 2D MF: ***********************************************************
LOCAL construction for 1920 elements, adapated from MF1 = 1023, MF2 = 897, MF3 = 0
*** 1st Moving frames are in unit length ***
*** 2nd Moving frames are in unit length ***
*** Moving frames are Orthogonal
*** MF 0 = ( 0.576493 , 0.577487 , 0.578069 ) 
*** MF 1 = ( 0.578117 , 0.577302 , 0.576631 ) 
*** MF 2 = ( 0.577439 , 0.577262 , 0.57735 ) 
============ End of MMFInitObect ============
k = 0, m_varcoeff = ( 0.576493 , 0.577487 , 0.578069 , 0.00438236 , 1 ) 
k = 1, m_varcoeff = ( 0.578117 , 0.577302 , 0.576631 , 0.00396538 , 1 ) 
k = 2, m_varcoeff = ( 0.577439 , 0.577262 , 0.57735 , 0.200302 , 1 ) 
 ::::: 2D Varcoeff is Successfully Created ::::: 

=======================================================================
	        EquationType: MMFCardiacEP
	        Session Name: SphereCRh20TM
	        Spatial Dim.: 3
	  Max SEM Exp. Order: 5
	      Expansion Dim.: 2
	     Projection Type: Discontinuous Galerkin
	 Advect. advancement: explicit
	Diffuse. advancement: implicit
	           Time Step: 0.002
	        No. of Steps: 10000
	 Checkpoints (steps): 1000
	    Integration Type: IMEX
	             Surface: Sphere
	           DerivType: Euclidean
	          MediumType: Isotropy
	              MMFdir: LOCAL
	    SolverSchemeType: Default
	    AnisotropyRegion: 1000000
	  AnisotropyStrength: 4
	          TimeMapEnd: 10000
	          Cell model: CourtemancheRamirezNattel98
	     Cell model var.: Original
=======================================================================
Initial Conditions:
  - Field u: -81.0
total 57600 / 57600 is init-Acitvated
Initial: max u = -31.1236
Writing: "SphereCRh20TM_initial.chk"
 (0s, XML)
xmax = 10, xmin = -10, ymax = 10, ymin = -10
Steps: 1000     Time: 2           
 CPU Time: 2.51121 min.
u_max = 5.95724 at x = -0.844516, y = 2.77654, z = 9.56962
u_min = -81.0182 at x = 9.80785, y = 0, z = 1.9509
Writing: "SphereCRh20TM_TimeMap_1.chk"
 (0s, XML)
Time Map: Max = 0, Min = 0
Writing: "SphereCRh20TM_1.chk"
 (0s, XML)
Steps: 2000     Time: 4           
 CPU Time: 2.43192 min.
u_max = 3.42365 at x = 1.68634, y = 5.35467, z = 8.27549
u_min = -81.0333 at x = -1.9509, y = 0, z = -9.80785
Writing: "SphereCRh20TM_TimeMap_2.chk"
 (0s, XML)
Time Map: Max = 0, Min = 0
Writing: "SphereCRh20TM_2.chk"
 (0s, XML)
Steps: 3000     Time: 6           
 CPU Time: 2.43968 min.
u_max = 7.00892 at x = 4.4539, y = 6.33099, z = 6.33099
u_min = -81.047 at x = -1.9509, y = 0, z = -9.80785
Writing: "SphereCRh20TM_TimeMap_3.chk"
 (0s, XML)
Time Map: Max = 0, Min = 0
Writing: "SphereCRh20TM_3.chk"
 (0s, XML)
Steps: 4000     Time: 8           
 CPU Time: 2.43265 min.
u_max = 9.20022 at x = 0, y = 9.23879, z = 3.82683
u_min = -81.0596 at x = -1.9509, y = 0, z = -9.80785
Writing: "SphereCRh20TM_TimeMap_4.chk"
 (0s, XML)
Time Map: Max = 0, Min = 0
Writing: "SphereCRh20TM_4.chk"
 (0s, XML)
Steps: 5000     Time: 10          
 CPU Time: 2.42213 min.
u_max = 3.67683 at x = 4.92384, y = 8.65334, z = 0.935414
u_min = -81.0711 at x = -1.9509, y = 0, z = -9.80785
Writing: "SphereCRh20TM_TimeMap_5.chk"
 (0s, XML)
Time Map: Max = 0, Min = 0
Writing: "SphereCRh20TM_5.chk"
 (0s, XML)
Steps: 6000     Time: 12          
 CPU Time: 2.41749 min.
u_max = 8.05294 at x = 0.844516, y = -9.56962, z = -2.77654
u_min = -81.0816 at x = -1.9509, y = 0, z = -9.80785
Writing: "SphereCRh20TM_TimeMap_6.chk"
 (0s, XML)
Time Map: Max = 0, Min = 0
Writing: "SphereCRh20TM_6.chk"
 (0s, XML)
Steps: 7000     Time: 14          
 CPU Time: 2.40892 min.
u_max = 7.73614 at x = -5.7735, y = 5.7735, z = -5.7735
u_min = -81.0903 at x = 0, y = 0, z = -10
Writing: "SphereCRh20TM_TimeMap_7.chk"
 (0s, XML)
Time Map: Max = 0, Min = 0
Writing: "SphereCRh20TM_7.chk"
 (0s, XML)
Steps: 8000     Time: 16          
 CPU Time: 2.40092 min.
u_max = 5.45087 at x = -6.12435, y = 0, z = -7.9052
u_min = -81.0356 at x = 0, y = 0, z = -10
Writing: "SphereCRh20TM_TimeMap_8.chk"
 (0s, XML)
Time Map: Max = 0, Min = 0
Writing: "SphereCRh20TM_8.chk"
 (0s, XML)
Steps: 9000     Time: 18          
 CPU Time: 2.39431 min.
u_max = 10.5447 at x = 1.67277, y = -1.67277, z = -9.71616
u_min = -62.6851 at x = 0, y = 0, z = -10
Writing: "SphereCRh20TM_TimeMap_9.chk"
 (0s, XML)
Time Map: Max = 0, Min = 0
Writing: "SphereCRh20TM_9.chk"
 (0s, XML)
Steps: 10000    Time: 20          
 CPU Time: 2.39633 min.
u_max = 7.86803 at x = 0, y = 0, z = -10
u_min = -12.3855 at x = 0, y = 0, z = 10
Writing: "SphereCRh20TM_TimeMap_10.chk"
 (0s, XML)
Time Map: Max = 0, Min = 0
Writing: "SphereCRh20TM_10.chk"
 (0s, XML)
Time-integration  : 1455.33s
Writing: "SphereCRh20TM.fld"
 (0s, XML)
-------------------------------------------
Total Computation Time = 3112.67s
-------------------------------------------
L 2 error (variable u) : 332.488
L inf error (variable u) : 12.3855
