The system is: Darwin - 22.2.0 - x86_64
Compiling the C compiler identification source file "CMakeCCompilerId.c" succeeded.
Compiler: /Applications/Xcode.app/Contents/Developer/Toolchains/XcodeDefault.xctoolchain/usr/bin/cc 
Build flags: 
Id flags: -c 

The output was:
0


Compilation of the C compiler identification source "CMakeCCompilerId.c" produced "CMakeCCompilerId.o"

The C compiler identification is AppleClang, found in "/Users/schun/nektar/build/CMakeFiles/3.17.2/CompilerIdC/CMakeCCompilerId.o"

Compiling the CXX compiler identification source file "CMakeCXXCompilerId.cpp" succeeded.
Compiler: /Applications/Xcode.app/Contents/Developer/Toolchains/XcodeDefault.xctoolchain/usr/bin/c++ 
Build flags: 
Id flags: -c 

The output was:
0


Compilation of the CXX compiler identification source "CMakeCXXCompilerId.cpp" produced "CMakeCXXCompilerId.o"

The CXX compiler identification is AppleClang, found in "/Users/schun/nektar/build/CMakeFiles/3.17.2/CompilerIdCXX/CMakeCXXCompilerId.o"

Determining if the C compiler works passed with the following output:
Change Dir: /Users/schun/nektar/build/CMakeFiles/CMakeTmp

Run Build Command(s):/opt/local/bin/gmake cmTC_7d4e2/fast && /opt/local/bin/gmake  -f CMakeFiles/cmTC_7d4e2.dir/build.make CMakeFiles/cmTC_7d4e2.dir/build
gmake[1]: Entering directory '/Users/schun/nektar/build/CMakeFiles/CMakeTmp'
Building C object CMakeFiles/cmTC_7d4e2.dir/testCCompiler.c.o
/Applications/Xcode.app/Contents/Developer/Toolchains/XcodeDefault.xctoolchain/usr/bin/cc   -isysroot /Applications/Xcode.app/Contents/Developer/Platforms/MacOSX.platform/Developer/SDKs/MacOSX13.1.sdk   -o CMakeFiles/cmTC_7d4e2.dir/testCCompiler.c.o   -c /Users/schun/nektar/build/CMakeFiles/CMakeTmp/testCCompiler.c
Linking C executable cmTC_7d4e2
/opt/local/bin/cmake -E cmake_link_script CMakeFiles/cmTC_7d4e2.dir/link.txt --verbose=1
/Applications/Xcode.app/Contents/Developer/Toolchains/XcodeDefault.xctoolchain/usr/bin/cc   -isysroot /Applications/Xcode.app/Contents/Developer/Platforms/MacOSX.platform/Developer/SDKs/MacOSX13.1.sdk -Wl,-search_paths_first -Wl,-headerpad_max_install_names   CMakeFiles/cmTC_7d4e2.dir/testCCompiler.c.o  -o cmTC_7d4e2 
gmake[1]: Leaving directory '/Users/schun/nektar/build/CMakeFiles/CMakeTmp'



Detecting C compiler ABI info compiled with the following output:
Change Dir: /Users/schun/nektar/build/CMakeFiles/CMakeTmp

Run Build Command(s):/opt/local/bin/gmake cmTC_eebb2/fast && /opt/local/bin/gmake  -f CMakeFiles/cmTC_eebb2.dir/build.make CMakeFiles/cmTC_eebb2.dir/build
gmake[1]: Entering directory '/Users/schun/nektar/build/CMakeFiles/CMakeTmp'
Building C object CMakeFiles/cmTC_eebb2.dir/CMakeCCompilerABI.c.o
/Applications/Xcode.app/Contents/Developer/Toolchains/XcodeDefault.xctoolchain/usr/bin/cc   -isysroot /Applications/Xcode.app/Contents/Developer/Platforms/MacOSX.platform/Developer/SDKs/MacOSX13.1.sdk   -v -Wl,-v -o CMakeFiles/cmTC_eebb2.dir/CMakeCCompilerABI.c.o   -c /opt/local/share/cmake-3.17/Modules/CMakeCCompilerABI.c
Apple clang version 14.0.0 (clang-1400.0.29.202)
Target: x86_64-apple-darwin22.2.0
Thread model: posix
InstalledDir: /Applications/Xcode.app/Contents/Developer/Toolchains/XcodeDefault.xctoolchain/usr/bin
clang: warning: -Wl,-v: 'linker' input unused [-Wunused-command-line-argument]
 "/Applications/Xcode.app/Contents/Developer/Toolchains/XcodeDefault.xctoolchain/usr/bin/clang" -cc1 -triple x86_64-apple-macosx13.0.0 -Wundef-prefix=TARGET_OS_ -Wdeprecated-objc-isa-usage -Werror=deprecated-objc-isa-usage -Werror=implicit-function-declaration -emit-obj -mrelax-all --mrelax-relocations -disable-free -clear-ast-before-backend -disable-llvm-verifier -discard-value-names -main-file-name CMakeCCompilerABI.c -mrelocation-model pic -pic-level 2 -mframe-pointer=all -fno-strict-return -fno-rounding-math -funwind-tables=2 -target-sdk-version=13.1 -fvisibility-inlines-hidden-static-local-var -target-cpu penryn -tune-cpu generic -debugger-tuning=lldb -target-linker-version 820.1 -v -resource-dir /Applications/Xcode.app/Contents/Developer/Toolchains/XcodeDefault.xctoolchain/usr/lib/clang/14.0.0 -isysroot /Applications/Xcode.app/Contents/Developer/Platforms/MacOSX.platform/Developer/SDKs/MacOSX13.1.sdk -internal-isystem /Applications/Xcode.app/Contents/Developer/Platforms/MacOSX.platform/Developer/SDKs/MacOSX13.1.sdk/usr/local/include -internal-isystem /Applications/Xcode.app/Contents/Developer/Toolchains/XcodeDefault.xctoolchain/usr/lib/clang/14.0.0/include -internal-externc-isystem /Applications/Xcode.app/Contents/Developer/Platforms/MacOSX.platform/Developer/SDKs/MacOSX13.1.sdk/usr/include -internal-externc-isystem /Applications/Xcode.app/Contents/Developer/Toolchains/XcodeDefault.xctoolchain/usr/include -Wno-reorder-init-list -Wno-implicit-int-float-conversion -Wno-c99-designator -Wno-final-dtor-non-final-class -Wno-extra-semi-stmt -Wno-misleading-indentation -Wno-quoted-include-in-framework-header -Wno-implicit-fallthrough -Wno-enum-enum-conversion -Wno-enum-float-conversion -Wno-elaborated-enum-base -Wno-reserved-identifier -Wno-gnu-folding-constant -Wno-cast-function-type -Wno-bitwise-instead-of-logical -fdebug-compilation-dir=/Users/schun/nektar/build/CMakeFiles/CMakeTmp -ferror-limit 19 -stack-protector 1 -fstack-check -mdarwin-stkchk-strong-link -fblocks -fencode-extended-block-signature -fregister-global-dtors-with-atexit -fgnuc-version=4.2.1 -fmax-type-align=16 -fcommon -clang-vendor-feature=+messageToSelfInClassMethodIdReturnType -clang-vendor-feature=+disableInferNewAvailabilityFromInit -clang-vendor-feature=+disableNonDependentMemberExprInCurrentInstantiation -fno-odr-hash-protocols -clang-vendor-feature=+enableAggressiveVLAFolding -clang-vendor-feature=+revert09abecef7bbf -clang-vendor-feature=+thisNoAlignAttr -clang-vendor-feature=+thisNoNullAttr -mllvm -disable-aligned-alloc-awareness=1 -D__GCC_HAVE_DWARF2_CFI_ASM=1 -o CMakeFiles/cmTC_eebb2.dir/CMakeCCompilerABI.c.o -x c /opt/local/share/cmake-3.17/Modules/CMakeCCompilerABI.c
clang -cc1 version 14.0.0 (clang-1400.0.29.202) default target x86_64-apple-darwin22.2.0
ignoring nonexistent directory "/Applications/Xcode.app/Contents/Developer/Platforms/MacOSX.platform/Developer/SDKs/MacOSX13.1.sdk/usr/local/include"
ignoring nonexistent directory "/Applications/Xcode.app/Contents/Developer/Platforms/MacOSX.platform/Developer/SDKs/MacOSX13.1.sdk/Library/Frameworks"
#include "..." search starts here:
#include <...> search starts here:
 /Applications/Xcode.app/Contents/Developer/Toolchains/XcodeDefault.xctoolchain/usr/lib/clang/14.0.0/include
 /Applications/Xcode.app/Contents/Developer/Platforms/MacOSX.platform/Developer/SDKs/MacOSX13.1.sdk/usr/include
 /Applications/Xcode.app/Contents/Developer/Toolchains/XcodeDefault.xctoolchain/usr/include
 /Applications/Xcode.app/Contents/Developer/Platforms/MacOSX.platform/Developer/SDKs/MacOSX13.1.sdk/System/Library/Frameworks (framework directory)
End of search list.
Linking C executable cmTC_eebb2
/opt/local/bin/cmake -E cmake_link_script CMakeFiles/cmTC_eebb2.dir/link.txt --verbose=1
/Applications/Xcode.app/Contents/Developer/Toolchains/XcodeDefault.xctoolchain/usr/bin/cc   -isysroot /Applications/Xcode.app/Contents/Developer/Platforms/MacOSX.platform/Developer/SDKs/MacOSX13.1.sdk -Wl,-search_paths_first -Wl,-headerpad_max_install_names  -v -Wl,-v CMakeFiles/cmTC_eebb2.dir/CMakeCCompilerABI.c.o  -o cmTC_eebb2 
Apple clang version 14.0.0 (clang-1400.0.29.202)
Target: x86_64-apple-darwin22.2.0
Thread model: posix
InstalledDir: /Applications/Xcode.app/Contents/Developer/Toolchains/XcodeDefault.xctoolchain/usr/bin
 "/Applications/Xcode.app/Contents/Developer/Toolchains/XcodeDefault.xctoolchain/usr/bin/ld" -demangle -lto_library /Applications/Xcode.app/Contents/Developer/Toolchains/XcodeDefault.xctoolchain/usr/lib/libLTO.dylib -dynamic -arch x86_64 -platform_version macos 13.0.0 13.1 -syslibroot /Applications/Xcode.app/Contents/Developer/Platforms/MacOSX.platform/Developer/SDKs/MacOSX13.1.sdk -o cmTC_eebb2 -search_paths_first -headerpad_max_install_names -v CMakeFiles/cmTC_eebb2.dir/CMakeCCompilerABI.c.o -lSystem /Applications/Xcode.app/Contents/Developer/Toolchains/XcodeDefault.xctoolchain/usr/lib/clang/14.0.0/lib/darwin/libclang_rt.osx.a
@(#)PROGRAM:ld  PROJECT:ld64-820.1
BUILD 20:07:01 Nov  7 2022
configured to support archs: armv6 armv7 armv7s arm64 arm64e arm64_32 i386 x86_64 x86_64h armv6m armv7k armv7m armv7em
Library search paths:
	/Applications/Xcode.app/Contents/Developer/Platforms/MacOSX.platform/Developer/SDKs/MacOSX13.1.sdk/usr/lib
Framework search paths:
	/Applications/Xcode.app/Contents/Developer/Platforms/MacOSX.platform/Developer/SDKs/MacOSX13.1.sdk/System/Library/Frameworks/
gmake[1]: Leaving directory '/Users/schun/nektar/build/CMakeFiles/CMakeTmp'



Parsed C implicit include dir info from above output: rv=done
  found start of include info
  found start of implicit include info
    add: [/Applications/Xcode.app/Contents/Developer/Toolchains/XcodeDefault.xctoolchain/usr/lib/clang/14.0.0/include]
    add: [/Applications/Xcode.app/Contents/Developer/Platforms/MacOSX.platform/Developer/SDKs/MacOSX13.1.sdk/usr/include]
    add: [/Applications/Xcode.app/Contents/Developer/Toolchains/XcodeDefault.xctoolchain/usr/include]
  end of search list found
  collapse include dir [/Applications/Xcode.app/Contents/Developer/Toolchains/XcodeDefault.xctoolchain/usr/lib/clang/14.0.0/include] ==> [/Applications/Xcode.app/Contents/Developer/Toolchains/XcodeDefault.xctoolchain/usr/lib/clang/14.0.0/include]
  collapse include dir [/Applications/Xcode.app/Contents/Developer/Platforms/MacOSX.platform/Developer/SDKs/MacOSX13.1.sdk/usr/include] ==> [/Applications/Xcode.app/Contents/Developer/Platforms/MacOSX.platform/Developer/SDKs/MacOSX13.1.sdk/usr/include]
  collapse include dir [/Applications/Xcode.app/Contents/Developer/Toolchains/XcodeDefault.xctoolchain/usr/include] ==> [/Applications/Xcode.app/Contents/Developer/Toolchains/XcodeDefault.xctoolchain/usr/include]
  implicit include dirs: [/Applications/Xcode.app/Contents/Developer/Toolchains/XcodeDefault.xctoolchain/usr/lib/clang/14.0.0/include;/Applications/Xcode.app/Contents/Developer/Platforms/MacOSX.platform/Developer/SDKs/MacOSX13.1.sdk/usr/include;/Applications/Xcode.app/Contents/Developer/Toolchains/XcodeDefault.xctoolchain/usr/include]


Parsed C implicit link information from above output:
  link line regex: [^( *|.*[/\])(ld|CMAKE_LINK_STARTFILE-NOTFOUND|([^/\]+-)?ld|collect2)[^/\]*( |$)]
  ignore line: [Change Dir: /Users/schun/nektar/build/CMakeFiles/CMakeTmp]
  ignore line: []
  ignore line: [Run Build Command(s):/opt/local/bin/gmake cmTC_eebb2/fast && /opt/local/bin/gmake  -f CMakeFiles/cmTC_eebb2.dir/build.make CMakeFiles/cmTC_eebb2.dir/build]
  ignore line: [gmake[1]: Entering directory '/Users/schun/nektar/build/CMakeFiles/CMakeTmp']
  ignore line: [Building C object CMakeFiles/cmTC_eebb2.dir/CMakeCCompilerABI.c.o]
  ignore line: [/Applications/Xcode.app/Contents/Developer/Toolchains/XcodeDefault.xctoolchain/usr/bin/cc   -isysroot /Applications/Xcode.app/Contents/Developer/Platforms/MacOSX.platform/Developer/SDKs/MacOSX13.1.sdk   -v -Wl -v -o CMakeFiles/cmTC_eebb2.dir/CMakeCCompilerABI.c.o   -c /opt/local/share/cmake-3.17/Modules/CMakeCCompilerABI.c]
  ignore line: [Apple clang version 14.0.0 (clang-1400.0.29.202)]
  ignore line: [Target: x86_64-apple-darwin22.2.0]
  ignore line: [Thread model: posix]
  ignore line: [InstalledDir: /Applications/Xcode.app/Contents/Developer/Toolchains/XcodeDefault.xctoolchain/usr/bin]
  ignore line: [clang: warning: -Wl -v: 'linker' input unused [-Wunused-command-line-argument]]
  ignore line: [ "/Applications/Xcode.app/Contents/Developer/Toolchains/XcodeDefault.xctoolchain/usr/bin/clang" -cc1 -triple x86_64-apple-macosx13.0.0 -Wundef-prefix=TARGET_OS_ -Wdeprecated-objc-isa-usage -Werror=deprecated-objc-isa-usage -Werror=implicit-function-declaration -emit-obj -mrelax-all --mrelax-relocations -disable-free -clear-ast-before-backend -disable-llvm-verifier -discard-value-names -main-file-name CMakeCCompilerABI.c -mrelocation-model pic -pic-level 2 -mframe-pointer=all -fno-strict-return -fno-rounding-math -funwind-tables=2 -target-sdk-version=13.1 -fvisibility-inlines-hidden-static-local-var -target-cpu penryn -tune-cpu generic -debugger-tuning=lldb -target-linker-version 820.1 -v -resource-dir /Applications/Xcode.app/Contents/Developer/Toolchains/XcodeDefault.xctoolchain/usr/lib/clang/14.0.0 -isysroot /Applications/Xcode.app/Contents/Developer/Platforms/MacOSX.platform/Developer/SDKs/MacOSX13.1.sdk -internal-isystem /Applications/Xcode.app/Contents/Developer/Platforms/MacOSX.platform/Developer/SDKs/MacOSX13.1.sdk/usr/local/include -internal-isystem /Applications/Xcode.app/Contents/Developer/Toolchains/XcodeDefault.xctoolchain/usr/lib/clang/14.0.0/include -internal-externc-isystem /Applications/Xcode.app/Contents/Developer/Platforms/MacOSX.platform/Developer/SDKs/MacOSX13.1.sdk/usr/include -internal-externc-isystem /Applications/Xcode.app/Contents/Developer/Toolchains/XcodeDefault.xctoolchain/usr/include -Wno-reorder-init-list -Wno-implicit-int-float-conversion -Wno-c99-designator -Wno-final-dtor-non-final-class -Wno-extra-semi-stmt -Wno-misleading-indentation -Wno-quoted-include-in-framework-header -Wno-implicit-fallthrough -Wno-enum-enum-conversion -Wno-enum-float-conversion -Wno-elaborated-enum-base -Wno-reserved-identifier -Wno-gnu-folding-constant -Wno-cast-function-type -Wno-bitwise-instead-of-logical -fdebug-compilation-dir=/Users/schun/nektar/build/CMakeFiles/CMakeTmp -ferror-limit 19 -stack-protector 1 -fstack-check -mdarwin-stkchk-strong-link -fblocks -fencode-extended-block-signature -fregister-global-dtors-with-atexit -fgnuc-version=4.2.1 -fmax-type-align=16 -fcommon -clang-vendor-feature=+messageToSelfInClassMethodIdReturnType -clang-vendor-feature=+disableInferNewAvailabilityFromInit -clang-vendor-feature=+disableNonDependentMemberExprInCurrentInstantiation -fno-odr-hash-protocols -clang-vendor-feature=+enableAggressiveVLAFolding -clang-vendor-feature=+revert09abecef7bbf -clang-vendor-feature=+thisNoAlignAttr -clang-vendor-feature=+thisNoNullAttr -mllvm -disable-aligned-alloc-awareness=1 -D__GCC_HAVE_DWARF2_CFI_ASM=1 -o CMakeFiles/cmTC_eebb2.dir/CMakeCCompilerABI.c.o -x c /opt/local/share/cmake-3.17/Modules/CMakeCCompilerABI.c]
  ignore line: [clang -cc1 version 14.0.0 (clang-1400.0.29.202) default target x86_64-apple-darwin22.2.0]
  ignore line: [ignoring nonexistent directory "/Applications/Xcode.app/Contents/Developer/Platforms/MacOSX.platform/Developer/SDKs/MacOSX13.1.sdk/usr/local/include"]
  ignore line: [ignoring nonexistent directory "/Applications/Xcode.app/Contents/Developer/Platforms/MacOSX.platform/Developer/SDKs/MacOSX13.1.sdk/Library/Frameworks"]
  ignore line: [#include "..." search starts here:]
  ignore line: [#include <...> search starts here:]
  ignore line: [ /Applications/Xcode.app/Contents/Developer/Toolchains/XcodeDefault.xctoolchain/usr/lib/clang/14.0.0/include]
  ignore line: [ /Applications/Xcode.app/Contents/Developer/Platforms/MacOSX.platform/Developer/SDKs/MacOSX13.1.sdk/usr/include]
  ignore line: [ /Applications/Xcode.app/Contents/Developer/Toolchains/XcodeDefault.xctoolchain/usr/include]
  ignore line: [ /Applications/Xcode.app/Contents/Developer/Platforms/MacOSX.platform/Developer/SDKs/MacOSX13.1.sdk/System/Library/Frameworks (framework directory)]
  ignore line: [End of search list.]
  ignore line: [Linking C executable cmTC_eebb2]
  ignore line: [/opt/local/bin/cmake -E cmake_link_script CMakeFiles/cmTC_eebb2.dir/link.txt --verbose=1]
  ignore line: [/Applications/Xcode.app/Contents/Developer/Toolchains/XcodeDefault.xctoolchain/usr/bin/cc   -isysroot /Applications/Xcode.app/Contents/Developer/Platforms/MacOSX.platform/Developer/SDKs/MacOSX13.1.sdk -Wl -search_paths_first -Wl -headerpad_max_install_names  -v -Wl -v CMakeFiles/cmTC_eebb2.dir/CMakeCCompilerABI.c.o  -o cmTC_eebb2 ]
  ignore line: [Apple clang version 14.0.0 (clang-1400.0.29.202)]
  ignore line: [Target: x86_64-apple-darwin22.2.0]
  ignore line: [Thread model: posix]
  ignore line: [InstalledDir: /Applications/Xcode.app/Contents/Developer/Toolchains/XcodeDefault.xctoolchain/usr/bin]
  link line: [ "/Applications/Xcode.app/Contents/Developer/Toolchains/XcodeDefault.xctoolchain/usr/bin/ld" -demangle -lto_library /Applications/Xcode.app/Contents/Developer/Toolchains/XcodeDefault.xctoolchain/usr/lib/libLTO.dylib -dynamic -arch x86_64 -platform_version macos 13.0.0 13.1 -syslibroot /Applications/Xcode.app/Contents/Developer/Platforms/MacOSX.platform/Developer/SDKs/MacOSX13.1.sdk -o cmTC_eebb2 -search_paths_first -headerpad_max_install_names -v CMakeFiles/cmTC_eebb2.dir/CMakeCCompilerABI.c.o -lSystem /Applications/Xcode.app/Contents/Developer/Toolchains/XcodeDefault.xctoolchain/usr/lib/clang/14.0.0/lib/darwin/libclang_rt.osx.a]
    arg [/Applications/Xcode.app/Contents/Developer/Toolchains/XcodeDefault.xctoolchain/usr/bin/ld] ==> ignore
    arg [-demangle] ==> ignore
    arg [-lto_library] ==> ignore, skip following value
    arg [/Applications/Xcode.app/Contents/Developer/Toolchains/XcodeDefault.xctoolchain/usr/lib/libLTO.dylib] ==> skip value of -lto_library
    arg [-dynamic] ==> ignore
    arg [-arch] ==> ignore
    arg [x86_64] ==> ignore
    arg [-platform_version] ==> ignore
    arg [macos] ==> ignore
    arg [13.0.0] ==> ignore
    arg [13.1] ==> ignore
    arg [-syslibroot] ==> ignore
    arg [/Applications/Xcode.app/Contents/Developer/Platforms/MacOSX.platform/Developer/SDKs/MacOSX13.1.sdk] ==> ignore
    arg [-o] ==> ignore
    arg [cmTC_eebb2] ==> ignore
    arg [-search_paths_first] ==> ignore
    arg [-headerpad_max_install_names] ==> ignore
    arg [-v] ==> ignore
    arg [CMakeFiles/cmTC_eebb2.dir/CMakeCCompilerABI.c.o] ==> ignore
    arg [-lSystem] ==> lib [System]
    arg [/Applications/Xcode.app/Contents/Developer/Toolchains/XcodeDefault.xctoolchain/usr/lib/clang/14.0.0/lib/darwin/libclang_rt.osx.a] ==> lib [/Applications/Xcode.app/Contents/Developer/Toolchains/XcodeDefault.xctoolchain/usr/lib/clang/14.0.0/lib/darwin/libclang_rt.osx.a]
  Library search paths: [;/Applications/Xcode.app/Contents/Developer/Platforms/MacOSX.platform/Developer/SDKs/MacOSX13.1.sdk/usr/lib]
  Framework search paths: [;/Applications/Xcode.app/Contents/Developer/Platforms/MacOSX.platform/Developer/SDKs/MacOSX13.1.sdk/System/Library/Frameworks/]
  remove lib [System]
  remove lib [/Applications/Xcode.app/Contents/Developer/Toolchains/XcodeDefault.xctoolchain/usr/lib/clang/14.0.0/lib/darwin/libclang_rt.osx.a]
  collapse library dir [/Applications/Xcode.app/Contents/Developer/Platforms/MacOSX.platform/Developer/SDKs/MacOSX13.1.sdk/usr/lib] ==> [/Applications/Xcode.app/Contents/Developer/Platforms/MacOSX.platform/Developer/SDKs/MacOSX13.1.sdk/usr/lib]
  collapse framework dir [/Applications/Xcode.app/Contents/Developer/Platforms/MacOSX.platform/Developer/SDKs/MacOSX13.1.sdk/System/Library/Frameworks/] ==> [/Applications/Xcode.app/Contents/Developer/Platforms/MacOSX.platform/Developer/SDKs/MacOSX13.1.sdk/System/Library/Frameworks]
  implicit libs: []
  implicit dirs: [/Applications/Xcode.app/Contents/Developer/Platforms/MacOSX.platform/Developer/SDKs/MacOSX13.1.sdk/usr/lib]
  implicit fwks: [/Applications/Xcode.app/Contents/Developer/Platforms/MacOSX.platform/Developer/SDKs/MacOSX13.1.sdk/System/Library/Frameworks]


Determining if the CXX compiler works passed with the following output:
Change Dir: /Users/schun/nektar/build/CMakeFiles/CMakeTmp

Run Build Command(s):/opt/local/bin/gmake cmTC_2948b/fast && /opt/local/bin/gmake  -f CMakeFiles/cmTC_2948b.dir/build.make CMakeFiles/cmTC_2948b.dir/build
gmake[1]: Entering directory '/Users/schun/nektar/build/CMakeFiles/CMakeTmp'
Building CXX object CMakeFiles/cmTC_2948b.dir/testCXXCompiler.cxx.o
/Applications/Xcode.app/Contents/Developer/Toolchains/XcodeDefault.xctoolchain/usr/bin/c++    -isysroot /Applications/Xcode.app/Contents/Developer/Platforms/MacOSX.platform/Developer/SDKs/MacOSX13.1.sdk   -o CMakeFiles/cmTC_2948b.dir/testCXXCompiler.cxx.o -c /Users/schun/nektar/build/CMakeFiles/CMakeTmp/testCXXCompiler.cxx
Linking CXX executable cmTC_2948b
/opt/local/bin/cmake -E cmake_link_script CMakeFiles/cmTC_2948b.dir/link.txt --verbose=1
/Applications/Xcode.app/Contents/Developer/Toolchains/XcodeDefault.xctoolchain/usr/bin/c++    -isysroot /Applications/Xcode.app/Contents/Developer/Platforms/MacOSX.platform/Developer/SDKs/MacOSX13.1.sdk -Wl,-search_paths_first -Wl,-headerpad_max_install_names   CMakeFiles/cmTC_2948b.dir/testCXXCompiler.cxx.o  -o cmTC_2948b 
gmake[1]: Leaving directory '/Users/schun/nektar/build/CMakeFiles/CMakeTmp'



Detecting CXX compiler ABI info compiled with the following output:
Change Dir: /Users/schun/nektar/build/CMakeFiles/CMakeTmp

Run Build Command(s):/opt/local/bin/gmake cmTC_82dd4/fast && /opt/local/bin/gmake  -f CMakeFiles/cmTC_82dd4.dir/build.make CMakeFiles/cmTC_82dd4.dir/build
gmake[1]: Entering directory '/Users/schun/nektar/build/CMakeFiles/CMakeTmp'
Building CXX object CMakeFiles/cmTC_82dd4.dir/CMakeCXXCompilerABI.cpp.o
/Applications/Xcode.app/Contents/Developer/Toolchains/XcodeDefault.xctoolchain/usr/bin/c++    -isysroot /Applications/Xcode.app/Contents/Developer/Platforms/MacOSX.platform/Developer/SDKs/MacOSX13.1.sdk   -v -Wl,-v -o CMakeFiles/cmTC_82dd4.dir/CMakeCXXCompilerABI.cpp.o -c /opt/local/share/cmake-3.17/Modules/CMakeCXXCompilerABI.cpp
Apple clang version 14.0.0 (clang-1400.0.29.202)
Target: x86_64-apple-darwin22.2.0
Thread model: posix
InstalledDir: /Applications/Xcode.app/Contents/Developer/Toolchains/XcodeDefault.xctoolchain/usr/bin
clang: warning: -Wl,-v: 'linker' input unused [-Wunused-command-line-argument]
 "/Applications/Xcode.app/Contents/Developer/Toolchains/XcodeDefault.xctoolchain/usr/bin/clang" -cc1 -triple x86_64-apple-macosx13.0.0 -Wundef-prefix=TARGET_OS_ -Wdeprecated-objc-isa-usage -Werror=deprecated-objc-isa-usage -Werror=implicit-function-declaration -emit-obj -mrelax-all --mrelax-relocations -disable-free -clear-ast-before-backend -disable-llvm-verifier -discard-value-names -main-file-name CMakeCXXCompilerABI.cpp -mrelocation-model pic -pic-level 2 -mframe-pointer=all -fno-strict-return -fno-rounding-math -funwind-tables=2 -target-sdk-version=13.1 -fvisibility-inlines-hidden-static-local-var -target-cpu penryn -tune-cpu generic -debugger-tuning=lldb -target-linker-version 820.1 -v -resource-dir /Applications/Xcode.app/Contents/Developer/Toolchains/XcodeDefault.xctoolchain/usr/lib/clang/14.0.0 -isysroot /Applications/Xcode.app/Contents/Developer/Platforms/MacOSX.platform/Developer/SDKs/MacOSX13.1.sdk -stdlib=libc++ -internal-isystem /Applications/Xcode.app/Contents/Developer/Platforms/MacOSX.platform/Developer/SDKs/MacOSX13.1.sdk/usr/include/c++/v1 -internal-isystem /Applications/Xcode.app/Contents/Developer/Platforms/MacOSX.platform/Developer/SDKs/MacOSX13.1.sdk/usr/local/include -internal-isystem /Applications/Xcode.app/Contents/Developer/Toolchains/XcodeDefault.xctoolchain/usr/lib/clang/14.0.0/include -internal-externc-isystem /Applications/Xcode.app/Contents/Developer/Platforms/MacOSX.platform/Developer/SDKs/MacOSX13.1.sdk/usr/include -internal-externc-isystem /Applications/Xcode.app/Contents/Developer/Toolchains/XcodeDefault.xctoolchain/usr/include -Wno-reorder-init-list -Wno-implicit-int-float-conversion -Wno-c99-designator -Wno-final-dtor-non-final-class -Wno-extra-semi-stmt -Wno-misleading-indentation -Wno-quoted-include-in-framework-header -Wno-implicit-fallthrough -Wno-enum-enum-conversion -Wno-enum-float-conversion -Wno-elaborated-enum-base -Wno-reserved-identifier -Wno-gnu-folding-constant -Wno-cast-function-type -Wno-bitwise-instead-of-logical -fdeprecated-macro -fdebug-compilation-dir=/Users/schun/nektar/build/CMakeFiles/CMakeTmp -ferror-limit 19 -stack-protector 1 -fstack-check -mdarwin-stkchk-strong-link -fblocks -fencode-extended-block-signature -fregister-global-dtors-with-atexit -fgnuc-version=4.2.1 -fno-cxx-modules -fcxx-exceptions -fexceptions -fmax-type-align=16 -fcommon -clang-vendor-feature=+messageToSelfInClassMethodIdReturnType -clang-vendor-feature=+disableInferNewAvailabilityFromInit -clang-vendor-feature=+disableNonDependentMemberExprInCurrentInstantiation -fno-odr-hash-protocols -clang-vendor-feature=+enableAggressiveVLAFolding -clang-vendor-feature=+revert09abecef7bbf -clang-vendor-feature=+thisNoAlignAttr -clang-vendor-feature=+thisNoNullAttr -mllvm -disable-aligned-alloc-awareness=1 -D__GCC_HAVE_DWARF2_CFI_ASM=1 -o CMakeFiles/cmTC_82dd4.dir/CMakeCXXCompilerABI.cpp.o -x c++ /opt/local/share/cmake-3.17/Modules/CMakeCXXCompilerABI.cpp
clang -cc1 version 14.0.0 (clang-1400.0.29.202) default target x86_64-apple-darwin22.2.0
ignoring nonexistent directory "/Applications/Xcode.app/Contents/Developer/Platforms/MacOSX.platform/Developer/SDKs/MacOSX13.1.sdk/usr/local/include"
ignoring nonexistent directory "/Applications/Xcode.app/Contents/Developer/Platforms/MacOSX.platform/Developer/SDKs/MacOSX13.1.sdk/Library/Frameworks"
#include "..." search starts here:
#include <...> search starts here:
 /Applications/Xcode.app/Contents/Developer/Platforms/MacOSX.platform/Developer/SDKs/MacOSX13.1.sdk/usr/include/c++/v1
 /Applications/Xcode.app/Contents/Developer/Toolchains/XcodeDefault.xctoolchain/usr/lib/clang/14.0.0/include
 /Applications/Xcode.app/Contents/Developer/Platforms/MacOSX.platform/Developer/SDKs/MacOSX13.1.sdk/usr/include
 /Applications/Xcode.app/Contents/Developer/Toolchains/XcodeDefault.xctoolchain/usr/include
 /Applications/Xcode.app/Contents/Developer/Platforms/MacOSX.platform/Developer/SDKs/MacOSX13.1.sdk/System/Library/Frameworks (framework directory)
End of search list.
Linking CXX executable cmTC_82dd4
/opt/local/bin/cmake -E cmake_link_script CMakeFiles/cmTC_82dd4.dir/link.txt --verbose=1
/Applications/Xcode.app/Contents/Developer/Toolchains/XcodeDefault.xctoolchain/usr/bin/c++    -isysroot /Applications/Xcode.app/Contents/Developer/Platforms/MacOSX.platform/Developer/SDKs/MacOSX13.1.sdk -Wl,-search_paths_first -Wl,-headerpad_max_install_names  -v -Wl,-v CMakeFiles/cmTC_82dd4.dir/CMakeCXXCompilerABI.cpp.o  -o cmTC_82dd4 
Apple clang version 14.0.0 (clang-1400.0.29.202)
Target: x86_64-apple-darwin22.2.0
Thread model: posix
InstalledDir: /Applications/Xcode.app/Contents/Developer/Toolchains/XcodeDefault.xctoolchain/usr/bin
 "/Applications/Xcode.app/Contents/Developer/Toolchains/XcodeDefault.xctoolchain/usr/bin/ld" -demangle -lto_library /Applications/Xcode.app/Contents/Developer/Toolchains/XcodeDefault.xctoolchain/usr/lib/libLTO.dylib -dynamic -arch x86_64 -platform_version macos 13.0.0 13.1 -syslibroot /Applications/Xcode.app/Contents/Developer/Platforms/MacOSX.platform/Developer/SDKs/MacOSX13.1.sdk -o cmTC_82dd4 -search_paths_first -headerpad_max_install_names -v CMakeFiles/cmTC_82dd4.dir/CMakeCXXCompilerABI.cpp.o -lc++ -lSystem /Applications/Xcode.app/Contents/Developer/Toolchains/XcodeDefault.xctoolchain/usr/lib/clang/14.0.0/lib/darwin/libclang_rt.osx.a
@(#)PROGRAM:ld  PROJECT:ld64-820.1
BUILD 20:07:01 Nov  7 2022
configured to support archs: armv6 armv7 armv7s arm64 arm64e arm64_32 i386 x86_64 x86_64h armv6m armv7k armv7m armv7em
Library search paths:
	/Applications/Xcode.app/Contents/Developer/Platforms/MacOSX.platform/Developer/SDKs/MacOSX13.1.sdk/usr/lib
Framework search paths:
	/Applications/Xcode.app/Contents/Developer/Platforms/MacOSX.platform/Developer/SDKs/MacOSX13.1.sdk/System/Library/Frameworks/
gmake[1]: Leaving directory '/Users/schun/nektar/build/CMakeFiles/CMakeTmp'



Parsed CXX implicit include dir info from above output: rv=done
  found start of include info
  found start of implicit include info
    add: [/Applications/Xcode.app/Contents/Developer/Platforms/MacOSX.platform/Developer/SDKs/MacOSX13.1.sdk/usr/include/c++/v1]
    add: [/Applications/Xcode.app/Contents/Developer/Toolchains/XcodeDefault.xctoolchain/usr/lib/clang/14.0.0/include]
    add: [/Applications/Xcode.app/Contents/Developer/Platforms/MacOSX.platform/Developer/SDKs/MacOSX13.1.sdk/usr/include]
    add: [/Applications/Xcode.app/Contents/Developer/Toolchains/XcodeDefault.xctoolchain/usr/include]
  end of search list found
  collapse include dir [/Applications/Xcode.app/Contents/Developer/Platforms/MacOSX.platform/Developer/SDKs/MacOSX13.1.sdk/usr/include/c++/v1] ==> [/Applications/Xcode.app/Contents/Developer/Platforms/MacOSX.platform/Developer/SDKs/MacOSX13.1.sdk/usr/include/c++/v1]
  collapse include dir [/Applications/Xcode.app/Contents/Developer/Toolchains/XcodeDefault.xctoolchain/usr/lib/clang/14.0.0/include] ==> [/Applications/Xcode.app/Contents/Developer/Toolchains/XcodeDefault.xctoolchain/usr/lib/clang/14.0.0/include]
  collapse include dir [/Applications/Xcode.app/Contents/Developer/Platforms/MacOSX.platform/Developer/SDKs/MacOSX13.1.sdk/usr/include] ==> [/Applications/Xcode.app/Contents/Developer/Platforms/MacOSX.platform/Developer/SDKs/MacOSX13.1.sdk/usr/include]
  collapse include dir [/Applications/Xcode.app/Contents/Developer/Toolchains/XcodeDefault.xctoolchain/usr/include] ==> [/Applications/Xcode.app/Contents/Developer/Toolchains/XcodeDefault.xctoolchain/usr/include]
  implicit include dirs: [/Applications/Xcode.app/Contents/Developer/Platforms/MacOSX.platform/Developer/SDKs/MacOSX13.1.sdk/usr/include/c++/v1;/Applications/Xcode.app/Contents/Developer/Toolchains/XcodeDefault.xctoolchain/usr/lib/clang/14.0.0/include;/Applications/Xcode.app/Contents/Developer/Platforms/MacOSX.platform/Developer/SDKs/MacOSX13.1.sdk/usr/include;/Applications/Xcode.app/Contents/Developer/Toolchains/XcodeDefault.xctoolchain/usr/include]


Parsed CXX implicit link information from above output:
  link line regex: [^( *|.*[/\])(ld|CMAKE_LINK_STARTFILE-NOTFOUND|([^/\]+-)?ld|collect2)[^/\]*( |$)]
  ignore line: [Change Dir: /Users/schun/nektar/build/CMakeFiles/CMakeTmp]
  ignore line: []
  ignore line: [Run Build Command(s):/opt/local/bin/gmake cmTC_82dd4/fast && /opt/local/bin/gmake  -f CMakeFiles/cmTC_82dd4.dir/build.make CMakeFiles/cmTC_82dd4.dir/build]
  ignore line: [gmake[1]: Entering directory '/Users/schun/nektar/build/CMakeFiles/CMakeTmp']
  ignore line: [Building CXX object CMakeFiles/cmTC_82dd4.dir/CMakeCXXCompilerABI.cpp.o]
  ignore line: [/Applications/Xcode.app/Contents/Developer/Toolchains/XcodeDefault.xctoolchain/usr/bin/c++    -isysroot /Applications/Xcode.app/Contents/Developer/Platforms/MacOSX.platform/Developer/SDKs/MacOSX13.1.sdk   -v -Wl -v -o CMakeFiles/cmTC_82dd4.dir/CMakeCXXCompilerABI.cpp.o -c /opt/local/share/cmake-3.17/Modules/CMakeCXXCompilerABI.cpp]
  ignore line: [Apple clang version 14.0.0 (clang-1400.0.29.202)]
  ignore line: [Target: x86_64-apple-darwin22.2.0]
  ignore line: [Thread model: posix]
  ignore line: [InstalledDir: /Applications/Xcode.app/Contents/Developer/Toolchains/XcodeDefault.xctoolchain/usr/bin]
  ignore line: [clang: warning: -Wl -v: 'linker' input unused [-Wunused-command-line-argument]]
  ignore line: [ "/Applications/Xcode.app/Contents/Developer/Toolchains/XcodeDefault.xctoolchain/usr/bin/clang" -cc1 -triple x86_64-apple-macosx13.0.0 -Wundef-prefix=TARGET_OS_ -Wdeprecated-objc-isa-usage -Werror=deprecated-objc-isa-usage -Werror=implicit-function-declaration -emit-obj -mrelax-all --mrelax-relocations -disable-free -clear-ast-before-backend -disable-llvm-verifier -discard-value-names -main-file-name CMakeCXXCompilerABI.cpp -mrelocation-model pic -pic-level 2 -mframe-pointer=all -fno-strict-return -fno-rounding-math -funwind-tables=2 -target-sdk-version=13.1 -fvisibility-inlines-hidden-static-local-var -target-cpu penryn -tune-cpu generic -debugger-tuning=lldb -target-linker-version 820.1 -v -resource-dir /Applications/Xcode.app/Contents/Developer/Toolchains/XcodeDefault.xctoolchain/usr/lib/clang/14.0.0 -isysroot /Applications/Xcode.app/Contents/Developer/Platforms/MacOSX.platform/Developer/SDKs/MacOSX13.1.sdk -stdlib=libc++ -internal-isystem /Applications/Xcode.app/Contents/Developer/Platforms/MacOSX.platform/Developer/SDKs/MacOSX13.1.sdk/usr/include/c++/v1 -internal-isystem /Applications/Xcode.app/Contents/Developer/Platforms/MacOSX.platform/Developer/SDKs/MacOSX13.1.sdk/usr/local/include -internal-isystem /Applications/Xcode.app/Contents/Developer/Toolchains/XcodeDefault.xctoolchain/usr/lib/clang/14.0.0/include -internal-externc-isystem /Applications/Xcode.app/Contents/Developer/Platforms/MacOSX.platform/Developer/SDKs/MacOSX13.1.sdk/usr/include -internal-externc-isystem /Applications/Xcode.app/Contents/Developer/Toolchains/XcodeDefault.xctoolchain/usr/include -Wno-reorder-init-list -Wno-implicit-int-float-conversion -Wno-c99-designator -Wno-final-dtor-non-final-class -Wno-extra-semi-stmt -Wno-misleading-indentation -Wno-quoted-include-in-framework-header -Wno-implicit-fallthrough -Wno-enum-enum-conversion -Wno-enum-float-conversion -Wno-elaborated-enum-base -Wno-reserved-identifier -Wno-gnu-folding-constant -Wno-cast-function-type -Wno-bitwise-instead-of-logical -fdeprecated-macro -fdebug-compilation-dir=/Users/schun/nektar/build/CMakeFiles/CMakeTmp -ferror-limit 19 -stack-protector 1 -fstack-check -mdarwin-stkchk-strong-link -fblocks -fencode-extended-block-signature -fregister-global-dtors-with-atexit -fgnuc-version=4.2.1 -fno-cxx-modules -fcxx-exceptions -fexceptions -fmax-type-align=16 -fcommon -clang-vendor-feature=+messageToSelfInClassMethodIdReturnType -clang-vendor-feature=+disableInferNewAvailabilityFromInit -clang-vendor-feature=+disableNonDependentMemberExprInCurrentInstantiation -fno-odr-hash-protocols -clang-vendor-feature=+enableAggressiveVLAFolding -clang-vendor-feature=+revert09abecef7bbf -clang-vendor-feature=+thisNoAlignAttr -clang-vendor-feature=+thisNoNullAttr -mllvm -disable-aligned-alloc-awareness=1 -D__GCC_HAVE_DWARF2_CFI_ASM=1 -o CMakeFiles/cmTC_82dd4.dir/CMakeCXXCompilerABI.cpp.o -x c++ /opt/local/share/cmake-3.17/Modules/CMakeCXXCompilerABI.cpp]
  ignore line: [clang -cc1 version 14.0.0 (clang-1400.0.29.202) default target x86_64-apple-darwin22.2.0]
  ignore line: [ignoring nonexistent directory "/Applications/Xcode.app/Contents/Developer/Platforms/MacOSX.platform/Developer/SDKs/MacOSX13.1.sdk/usr/local/include"]
  ignore line: [ignoring nonexistent directory "/Applications/Xcode.app/Contents/Developer/Platforms/MacOSX.platform/Developer/SDKs/MacOSX13.1.sdk/Library/Frameworks"]
  ignore line: [#include "..." search starts here:]
  ignore line: [#include <...> search starts here:]
  ignore line: [ /Applications/Xcode.app/Contents/Developer/Platforms/MacOSX.platform/Developer/SDKs/MacOSX13.1.sdk/usr/include/c++/v1]
  ignore line: [ /Applications/Xcode.app/Contents/Developer/Toolchains/XcodeDefault.xctoolchain/usr/lib/clang/14.0.0/include]
  ignore line: [ /Applications/Xcode.app/Contents/Developer/Platforms/MacOSX.platform/Developer/SDKs/MacOSX13.1.sdk/usr/include]
  ignore line: [ /Applications/Xcode.app/Contents/Developer/Toolchains/XcodeDefault.xctoolchain/usr/include]
  ignore line: [ /Applications/Xcode.app/Contents/Developer/Platforms/MacOSX.platform/Developer/SDKs/MacOSX13.1.sdk/System/Library/Frameworks (framework directory)]
  ignore line: [End of search list.]
  ignore line: [Linking CXX executable cmTC_82dd4]
  ignore line: [/opt/local/bin/cmake -E cmake_link_script CMakeFiles/cmTC_82dd4.dir/link.txt --verbose=1]
  ignore line: [/Applications/Xcode.app/Contents/Developer/Toolchains/XcodeDefault.xctoolchain/usr/bin/c++    -isysroot /Applications/Xcode.app/Contents/Developer/Platforms/MacOSX.platform/Developer/SDKs/MacOSX13.1.sdk -Wl -search_paths_first -Wl -headerpad_max_install_names  -v -Wl -v CMakeFiles/cmTC_82dd4.dir/CMakeCXXCompilerABI.cpp.o  -o cmTC_82dd4 ]
  ignore line: [Apple clang version 14.0.0 (clang-1400.0.29.202)]
  ignore line: [Target: x86_64-apple-darwin22.2.0]
  ignore line: [Thread model: posix]
  ignore line: [InstalledDir: /Applications/Xcode.app/Contents/Developer/Toolchains/XcodeDefault.xctoolchain/usr/bin]
  link line: [ "/Applications/Xcode.app/Contents/Developer/Toolchains/XcodeDefault.xctoolchain/usr/bin/ld" -demangle -lto_library /Applications/Xcode.app/Contents/Developer/Toolchains/XcodeDefault.xctoolchain/usr/lib/libLTO.dylib -dynamic -arch x86_64 -platform_version macos 13.0.0 13.1 -syslibroot /Applications/Xcode.app/Contents/Developer/Platforms/MacOSX.platform/Developer/SDKs/MacOSX13.1.sdk -o cmTC_82dd4 -search_paths_first -headerpad_max_install_names -v CMakeFiles/cmTC_82dd4.dir/CMakeCXXCompilerABI.cpp.o -lc++ -lSystem /Applications/Xcode.app/Contents/Developer/Toolchains/XcodeDefault.xctoolchain/usr/lib/clang/14.0.0/lib/darwin/libclang_rt.osx.a]
    arg [/Applications/Xcode.app/Contents/Developer/Toolchains/XcodeDefault.xctoolchain/usr/bin/ld] ==> ignore
    arg [-demangle] ==> ignore
    arg [-lto_library] ==> ignore, skip following value
    arg [/Applications/Xcode.app/Contents/Developer/Toolchains/XcodeDefault.xctoolchain/usr/lib/libLTO.dylib] ==> skip value of -lto_library
    arg [-dynamic] ==> ignore
    arg [-arch] ==> ignore
    arg [x86_64] ==> ignore
    arg [-platform_version] ==> ignore
    arg [macos] ==> ignore
    arg [13.0.0] ==> ignore
    arg [13.1] ==> ignore
    arg [-syslibroot] ==> ignore
    arg [/Applications/Xcode.app/Contents/Developer/Platforms/MacOSX.platform/Developer/SDKs/MacOSX13.1.sdk] ==> ignore
    arg [-o] ==> ignore
    arg [cmTC_82dd4] ==> ignore
    arg [-search_paths_first] ==> ignore
    arg [-headerpad_max_install_names] ==> ignore
    arg [-v] ==> ignore
    arg [CMakeFiles/cmTC_82dd4.dir/CMakeCXXCompilerABI.cpp.o] ==> ignore
    arg [-lc++] ==> lib [c++]
    arg [-lSystem] ==> lib [System]
    arg [/Applications/Xcode.app/Contents/Developer/Toolchains/XcodeDefault.xctoolchain/usr/lib/clang/14.0.0/lib/darwin/libclang_rt.osx.a] ==> lib [/Applications/Xcode.app/Contents/Developer/Toolchains/XcodeDefault.xctoolchain/usr/lib/clang/14.0.0/lib/darwin/libclang_rt.osx.a]
  Library search paths: [;/Applications/Xcode.app/Contents/Developer/Platforms/MacOSX.platform/Developer/SDKs/MacOSX13.1.sdk/usr/lib]
  Framework search paths: [;/Applications/Xcode.app/Contents/Developer/Platforms/MacOSX.platform/Developer/SDKs/MacOSX13.1.sdk/System/Library/Frameworks/]
  remove lib [System]
  remove lib [/Applications/Xcode.app/Contents/Developer/Toolchains/XcodeDefault.xctoolchain/usr/lib/clang/14.0.0/lib/darwin/libclang_rt.osx.a]
  collapse library dir [/Applications/Xcode.app/Contents/Developer/Platforms/MacOSX.platform/Developer/SDKs/MacOSX13.1.sdk/usr/lib] ==> [/Applications/Xcode.app/Contents/Developer/Platforms/MacOSX.platform/Developer/SDKs/MacOSX13.1.sdk/usr/lib]
  collapse framework dir [/Applications/Xcode.app/Contents/Developer/Platforms/MacOSX.platform/Developer/SDKs/MacOSX13.1.sdk/System/Library/Frameworks/] ==> [/Applications/Xcode.app/Contents/Developer/Platforms/MacOSX.platform/Developer/SDKs/MacOSX13.1.sdk/System/Library/Frameworks]
  implicit libs: [c++]
  implicit dirs: [/Applications/Xcode.app/Contents/Developer/Platforms/MacOSX.platform/Developer/SDKs/MacOSX13.1.sdk/usr/lib]
  implicit fwks: [/Applications/Xcode.app/Contents/Developer/Platforms/MacOSX.platform/Developer/SDKs/MacOSX13.1.sdk/System/Library/Frameworks]


Looking for a Fortran compiler passed with the following output:
-- The Fortran compiler identification is GNU 12.2.0
-- Checking whether Fortran compiler has -isysroot
-- Checking whether Fortran compiler has -isysroot - yes
-- Checking whether Fortran compiler supports OSX deployment target flag
-- Checking whether Fortran compiler supports OSX deployment target flag - yes
-- Check for working Fortran compiler: /usr/local/bin/gfortran
-- Check for working Fortran compiler: /usr/local/bin/gfortran - works
-- Detecting Fortran compiler ABI info
-- Detecting Fortran compiler ABI info - done
-- Checking whether /usr/local/bin/gfortran supports Fortran 90
-- Checking whether /usr/local/bin/gfortran supports Fortran 90 - yes
-- Configuring done
-- Generating done
-- Build files have been written to: /Users/schun/nektar/build/CMakeFiles/CheckFortran

Compiling the Fortran compiler identification source file "CMakeFortranCompilerId.F" succeeded.
Compiler: /usr/local/bin/gfortran 
Build flags: 
Id flags: -v 

The output was:
0
Driving: /usr/local/bin/gfortran -v CMakeFortranCompilerId.F -mmacosx-version-min=13.0.0 -asm_macosx_version_min=13.0 -nodefaultexport -l gfortran -shared-libgcc
Using built-in specs.
COLLECT_GCC=/usr/local/bin/gfortran
COLLECT_LTO_WRAPPER=/usr/local/Cellar/gcc/12.2.0/bin/../libexec/gcc/x86_64-apple-darwin21/12/lto-wrapper
Target: x86_64-apple-darwin21
Configured with: ../configure --prefix=/usr/local/opt/gcc --libdir=/usr/local/opt/gcc/lib/gcc/current --disable-nls --enable-checking=release --with-gcc-major-version-only --enable-languages=c,c++,objc,obj-c++,fortran --program-suffix=-12 --with-gmp=/usr/local/opt/gmp --with-mpfr=/usr/local/opt/mpfr --with-mpc=/usr/local/opt/libmpc --with-isl=/usr/local/opt/isl --with-zstd=/usr/local/opt/zstd --with-pkgversion='Homebrew GCC 12.2.0' --with-bugurl=https://github.com/Homebrew/homebrew-core/issues --with-system-zlib --build=x86_64-apple-darwin21 --with-sysroot=/Library/Developer/CommandLineTools/SDKs/MacOSX12.sdk
Thread model: posix
Supported LTO compression algorithms: zlib zstd
gcc version 12.2.0 (Homebrew GCC 12.2.0) 
COLLECT_GCC_OPTIONS='-v' '-mmacosx-version-min=13.0.0' '-asm_macosx_version_min=13.0' '-nodefaultexport' '-shared-libgcc' '-mtune=core2' '-dumpdir' 'a-'
 /usr/local/Cellar/gcc/12.2.0/bin/../libexec/gcc/x86_64-apple-darwin21/12/f951 CMakeFortranCompilerId.F -ffixed-form -cpp=/var/folders/jl/hlwgbcn913g1qgmd0v8qqlz00000gn/T//ccq4bzYu.f90 -quiet -v -iprefix /usr/local/Cellar/gcc/12.2.0/bin/../lib/gcc/current/gcc/x86_64-apple-darwin21/12/ -D__DYNAMIC__ CMakeFortranCompilerId.F -fPIC -quiet -dumpdir a- -dumpbase CMakeFortranCompilerId.F -dumpbase-ext .F -mmacosx-version-min=13.0.0 -mtune=core2 -version -fintrinsic-modules-path /usr/local/Cellar/gcc/12.2.0/bin/../lib/gcc/current/gcc/x86_64-apple-darwin21/12/finclude -o /var/folders/jl/hlwgbcn913g1qgmd0v8qqlz00000gn/T//ccbY0eKT.s
GNU Fortran (Homebrew GCC 12.2.0) version 12.2.0 (x86_64-apple-darwin21)
	compiled by GNU C version 12.2.0, GMP version 6.2.1, MPFR version 4.1.0, MPC version 1.2.1, isl version isl-0.25-GMP

GGC heuristics: --param ggc-min-expand=100 --param ggc-min-heapsize=131072
ignoring nonexistent directory "/usr/local/Cellar/gcc/12.2.0/bin/../lib/gcc/current/gcc/x86_64-apple-darwin21/12/../../../../../../x86_64-apple-darwin21/include"
ignoring duplicate directory "/usr/local/Cellar/gcc/12.2.0/bin/../lib/gcc/current/gcc/../../../../lib/gcc/current/gcc/x86_64-apple-darwin21/12/include"
ignoring nonexistent directory "/Library/Developer/CommandLineTools/SDKs/MacOSX12.sdk/usr/local/include"
ignoring duplicate directory "/usr/local/Cellar/gcc/12.2.0/bin/../lib/gcc/current/gcc/../../../../lib/gcc/current/gcc/x86_64-apple-darwin21/12/include-fixed"
ignoring nonexistent directory "/usr/local/Cellar/gcc/12.2.0/bin/../lib/gcc/current/gcc/../../../../lib/gcc/current/gcc/x86_64-apple-darwin21/12/../../../../../../x86_64-apple-darwin21/include"
#include "..." search starts here:
#include <...> search starts here:
 /usr/local/Cellar/gcc/12.2.0/bin/../lib/gcc/current/gcc/x86_64-apple-darwin21/12/finclude
 /usr/local/Cellar/gcc/12.2.0/bin/../lib/gcc/current/gcc/x86_64-apple-darwin21/12/include
 /usr/local/Cellar/gcc/12.2.0/bin/../lib/gcc/current/gcc/x86_64-apple-darwin21/12/include-fixed
 /Library/Developer/CommandLineTools/SDKs/MacOSX12.sdk/usr/include
End of search list.
GNU Fortran2008 (Homebrew GCC 12.2.0) version 12.2.0 (x86_64-apple-darwin21)
	compiled by GNU C version 12.2.0, GMP version 6.2.1, MPFR version 4.1.0, MPC version 1.2.1, isl version isl-0.25-GMP

GGC heuristics: --param ggc-min-expand=100 --param ggc-min-heapsize=131072
COLLECT_GCC_OPTIONS='-v' '-mmacosx-version-min=13.0.0'  '-nodefaultexport' '-shared-libgcc' '-mtune=core2' '-dumpdir' 'a-'
 as -arch x86_64 -v -mmacosx-version-min=13.0 -mllvm -x86-pad-for-align=false -force_cpusubtype_ALL -o /var/folders/jl/hlwgbcn913g1qgmd0v8qqlz00000gn/T//cciHQmET.o /var/folders/jl/hlwgbcn913g1qgmd0v8qqlz00000gn/T//ccbY0eKT.s
Apple clang version 14.0.0 (clang-1400.0.29.202)
Target: x86_64-apple-darwin22.2.0
Thread model: posix
InstalledDir: /Applications/Xcode.app/Contents/Developer/Toolchains/XcodeDefault.xctoolchain/usr/bin
 "/Applications/Xcode.app/Contents/Developer/Toolchains/XcodeDefault.xctoolchain/usr/bin/clang" -cc1as -triple x86_64-apple-macosx13.0.0 -filetype obj -main-file-name ccbY0eKT.s -target-cpu penryn -fdebug-compilation-dir=/Users/schun/nektar/build/CMakeFiles/3.17.2/CompilerIdFortran -dwarf-debug-producer "Apple clang version 14.0.0 (clang-1400.0.29.202)" -dwarf-version=4 -mrelocation-model pic --mrelax-relocations -mllvm -x86-pad-for-align=false -mllvm -disable-aligned-alloc-awareness=1 -o /var/folders/jl/hlwgbcn913g1qgmd0v8qqlz00000gn/T//cciHQmET.o /var/folders/jl/hlwgbcn913g1qgmd0v8qqlz00000gn/T//ccbY0eKT.s
Reading specs from /usr/local/Cellar/gcc/12.2.0/bin/../lib/gcc/current/gcc/x86_64-apple-darwin21/12/../../../libgfortran.spec
rename spec lib to liborig
COLLECT_GCC_OPTIONS='-v' '-mmacosx-version-min=13.0.0'  '-nodefaultexport' '-shared-libgcc' '-mtune=core2' '-dumpdir' 'a-'
COMPILER_PATH=/usr/local/Cellar/gcc/12.2.0/bin/../libexec/gcc/x86_64-apple-darwin21/12/:/usr/local/Cellar/gcc/12.2.0/bin/../libexec/gcc/
LIBRARY_PATH=/usr/local/Cellar/gcc/12.2.0/bin/../lib/gcc/current/gcc/x86_64-apple-darwin21/12/:/usr/local/Cellar/gcc/12.2.0/bin/../lib/gcc/current/gcc/:/usr/local/Cellar/gcc/12.2.0/bin/../lib/gcc/current/gcc/x86_64-apple-darwin21/12/../../../
COLLECT_GCC_OPTIONS='-v' '-mmacosx-version-min=13.0.0'  '-nodefaultexport' '-shared-libgcc' '-mtune=core2' '-dumpdir' 'a.'
 /usr/local/Cellar/gcc/12.2.0/bin/../libexec/gcc/x86_64-apple-darwin21/12/collect2 -syslibroot /Library/Developer/CommandLineTools/SDKs/MacOSX12.sdk/ -dynamic -arch x86_64 -macosx_version_min 13.0.0 -o a.out -L/usr/local/Cellar/gcc/12.2.0/bin/../lib/gcc/current/gcc/x86_64-apple-darwin21/12 -L/usr/local/Cellar/gcc/12.2.0/bin/../lib/gcc/current/gcc -L/usr/local/Cellar/gcc/12.2.0/bin/../lib/gcc/current/gcc/x86_64-apple-darwin21/12/../../.. /var/folders/jl/hlwgbcn913g1qgmd0v8qqlz00000gn/T//cciHQmET.o -lgfortran -lgcc_s.1.1 -lgcc -lquadmath -lgcc_s.1.1 -lgcc -lSystem -no_compact_unwind -rpath @loader_path -rpath /usr/local/Cellar/gcc/12.2.0/lib/gcc/current/gcc/x86_64-apple-darwin21/12 -rpath /usr/local/Cellar/gcc/12.2.0/lib/gcc/current/gcc -rpath /usr/local/Cellar/gcc/12.2.0/lib/gcc/current


Compilation of the Fortran compiler identification source "CMakeFortranCompilerId.F" produced "a.out"

The Fortran compiler identification is GNU, found in "/Users/schun/nektar/build/CMakeFiles/3.17.2/CompilerIdFortran/a.out"

Determining if the Fortran compiler works passed with the following output:
Change Dir: /Users/schun/nektar/build/CMakeFiles/CMakeTmp

Run Build Command(s):/opt/local/bin/gmake cmTC_13ed0/fast && /opt/local/bin/gmake  -f CMakeFiles/cmTC_13ed0.dir/build.make CMakeFiles/cmTC_13ed0.dir/build
gmake[1]: Entering directory '/Users/schun/nektar/build/CMakeFiles/CMakeTmp'
Building Fortran object CMakeFiles/cmTC_13ed0.dir/testFortranCompiler.f.o
/usr/local/bin/gfortran   -isysroot /Applications/Xcode.app/Contents/Developer/Platforms/MacOSX.platform/Developer/SDKs/MacOSX13.1.sdk   -c /Users/schun/nektar/build/CMakeFiles/CMakeTmp/testFortranCompiler.f -o CMakeFiles/cmTC_13ed0.dir/testFortranCompiler.f.o
Linking Fortran executable cmTC_13ed0
/opt/local/bin/cmake -E cmake_link_script CMakeFiles/cmTC_13ed0.dir/link.txt --verbose=1
/usr/local/bin/gfortran      -isysroot /Applications/Xcode.app/Contents/Developer/Platforms/MacOSX.platform/Developer/SDKs/MacOSX13.1.sdk CMakeFiles/cmTC_13ed0.dir/testFortranCompiler.f.o  -o cmTC_13ed0 
gmake[1]: Leaving directory '/Users/schun/nektar/build/CMakeFiles/CMakeTmp'



Detecting Fortran compiler ABI info compiled with the following output:
Change Dir: /Users/schun/nektar/build/CMakeFiles/CMakeTmp

Run Build Command(s):/opt/local/bin/gmake cmTC_07ef3/fast && /opt/local/bin/gmake  -f CMakeFiles/cmTC_07ef3.dir/build.make CMakeFiles/cmTC_07ef3.dir/build
gmake[1]: Entering directory '/Users/schun/nektar/build/CMakeFiles/CMakeTmp'
Building Fortran object CMakeFiles/cmTC_07ef3.dir/CMakeFortranCompilerABI.F.o
/usr/local/bin/gfortran   -isysroot /Applications/Xcode.app/Contents/Developer/Platforms/MacOSX.platform/Developer/SDKs/MacOSX13.1.sdk   -v -Wl,-v -c /opt/local/share/cmake-3.17/Modules/CMakeFortranCompilerABI.F -o CMakeFiles/cmTC_07ef3.dir/CMakeFortranCompilerABI.F.o
Using built-in specs.
COLLECT_GCC=/usr/local/bin/gfortran
Target: x86_64-apple-darwin21
Configured with: ../configure --prefix=/usr/local/opt/gcc --libdir=/usr/local/opt/gcc/lib/gcc/current --disable-nls --enable-checking=release --with-gcc-major-version-only --enable-languages=c,c++,objc,obj-c++,fortran --program-suffix=-12 --with-gmp=/usr/local/opt/gmp --with-mpfr=/usr/local/opt/mpfr --with-mpc=/usr/local/opt/libmpc --with-isl=/usr/local/opt/isl --with-zstd=/usr/local/opt/zstd --with-pkgversion='Homebrew GCC 12.2.0' --with-bugurl=https://github.com/Homebrew/homebrew-core/issues --with-system-zlib --build=x86_64-apple-darwin21 --with-sysroot=/Library/Developer/CommandLineTools/SDKs/MacOSX12.sdk
Thread model: posix
Supported LTO compression algorithms: zlib zstd
gcc version 12.2.0 (Homebrew GCC 12.2.0) 
COLLECT_GCC_OPTIONS='-isysroot' '/Applications/Xcode.app/Contents/Developer/Platforms/MacOSX.platform/Developer/SDKs/MacOSX13.1.sdk' '-v' '-c' '-o' 'CMakeFiles/cmTC_07ef3.dir/CMakeFortranCompilerABI.F.o' '-mmacosx-version-min=13.0.0' '-asm_macosx_version_min=13.0' '-nodefaultexport' '-mtune=core2' '-dumpdir' 'CMakeFiles/cmTC_07ef3.dir/'
 /usr/local/Cellar/gcc/12.2.0/bin/../libexec/gcc/x86_64-apple-darwin21/12/f951 /opt/local/share/cmake-3.17/Modules/CMakeFortranCompilerABI.F -ffixed-form -cpp=/var/folders/jl/hlwgbcn913g1qgmd0v8qqlz00000gn/T//cciG35uV.f90 -quiet -v -iprefix /usr/local/Cellar/gcc/12.2.0/bin/../lib/gcc/current/gcc/x86_64-apple-darwin21/12/ -D__DYNAMIC__ -isysroot /Applications/Xcode.app/Contents/Developer/Platforms/MacOSX.platform/Developer/SDKs/MacOSX13.1.sdk /opt/local/share/cmake-3.17/Modules/CMakeFortranCompilerABI.F -fPIC -quiet -dumpdir CMakeFiles/cmTC_07ef3.dir/ -dumpbase CMakeFortranCompilerABI.F.F -dumpbase-ext .F -mmacosx-version-min=13.0.0 -mtune=core2 -version -fintrinsic-modules-path /usr/local/Cellar/gcc/12.2.0/bin/../lib/gcc/current/gcc/x86_64-apple-darwin21/12/finclude -o /var/folders/jl/hlwgbcn913g1qgmd0v8qqlz00000gn/T//ccwALvs7.s
GNU Fortran (Homebrew GCC 12.2.0) version 12.2.0 (x86_64-apple-darwin21)
	compiled by GNU C version 12.2.0, GMP version 6.2.1, MPFR version 4.1.0, MPC version 1.2.1, isl version isl-0.25-GMP

GGC heuristics: --param ggc-min-expand=100 --param ggc-min-heapsize=131072
ignoring nonexistent directory "/usr/local/Cellar/gcc/12.2.0/bin/../lib/gcc/current/gcc/x86_64-apple-darwin21/12/../../../../../../x86_64-apple-darwin21/include"
ignoring duplicate directory "/usr/local/Cellar/gcc/12.2.0/bin/../lib/gcc/current/gcc/../../../../lib/gcc/current/gcc/x86_64-apple-darwin21/12/include"
ignoring nonexistent directory "/Applications/Xcode.app/Contents/Developer/Platforms/MacOSX.platform/Developer/SDKs/MacOSX13.1.sdk/usr/local/include"
ignoring duplicate directory "/usr/local/Cellar/gcc/12.2.0/bin/../lib/gcc/current/gcc/../../../../lib/gcc/current/gcc/x86_64-apple-darwin21/12/include-fixed"
ignoring nonexistent directory "/usr/local/Cellar/gcc/12.2.0/bin/../lib/gcc/current/gcc/../../../../lib/gcc/current/gcc/x86_64-apple-darwin21/12/../../../../../../x86_64-apple-darwin21/include"
#include "..." search starts here:
#include <...> search starts here:
 /usr/local/Cellar/gcc/12.2.0/bin/../lib/gcc/current/gcc/x86_64-apple-darwin21/12/finclude
 /usr/local/Cellar/gcc/12.2.0/bin/../lib/gcc/current/gcc/x86_64-apple-darwin21/12/include
 /usr/local/Cellar/gcc/12.2.0/bin/../lib/gcc/current/gcc/x86_64-apple-darwin21/12/include-fixed
 /Applications/Xcode.app/Contents/Developer/Platforms/MacOSX.platform/Developer/SDKs/MacOSX13.1.sdk/usr/include
End of search list.
GNU Fortran2008 (Homebrew GCC 12.2.0) version 12.2.0 (x86_64-apple-darwin21)
	compiled by GNU C version 12.2.0, GMP version 6.2.1, MPFR version 4.1.0, MPC version 1.2.1, isl version isl-0.25-GMP

GGC heuristics: --param ggc-min-expand=100 --param ggc-min-heapsize=131072
COLLECT_GCC_OPTIONS='-isysroot' '/Applications/Xcode.app/Contents/Developer/Platforms/MacOSX.platform/Developer/SDKs/MacOSX13.1.sdk' '-v' '-c' '-o' 'CMakeFiles/cmTC_07ef3.dir/CMakeFortranCompilerABI.F.o' '-mmacosx-version-min=13.0.0'  '-nodefaultexport' '-mtune=core2' '-dumpdir' 'CMakeFiles/cmTC_07ef3.dir/'
 as -arch x86_64 -v -mmacosx-version-min=13.0 -mllvm -x86-pad-for-align=false -force_cpusubtype_ALL -o CMakeFiles/cmTC_07ef3.dir/CMakeFortranCompilerABI.F.o /var/folders/jl/hlwgbcn913g1qgmd0v8qqlz00000gn/T//ccwALvs7.s
Apple clang version 14.0.0 (clang-1400.0.29.202)
Target: x86_64-apple-darwin22.2.0
Thread model: posix
InstalledDir: /Applications/Xcode.app/Contents/Developer/Toolchains/XcodeDefault.xctoolchain/usr/bin
 "/Applications/Xcode.app/Contents/Developer/Toolchains/XcodeDefault.xctoolchain/usr/bin/clang" -cc1as -triple x86_64-apple-macosx13.0.0 -filetype obj -main-file-name ccwALvs7.s -target-cpu penryn -fdebug-compilation-dir=/Users/schun/nektar/build/CMakeFiles/CMakeTmp -dwarf-debug-producer "Apple clang version 14.0.0 (clang-1400.0.29.202)" -dwarf-version=4 -mrelocation-model pic --mrelax-relocations -mllvm -x86-pad-for-align=false -mllvm -disable-aligned-alloc-awareness=1 -o CMakeFiles/cmTC_07ef3.dir/CMakeFortranCompilerABI.F.o /var/folders/jl/hlwgbcn913g1qgmd0v8qqlz00000gn/T//ccwALvs7.s
COMPILER_PATH=/usr/local/Cellar/gcc/12.2.0/bin/../libexec/gcc/x86_64-apple-darwin21/12/:/usr/local/Cellar/gcc/12.2.0/bin/../libexec/gcc/
LIBRARY_PATH=/usr/local/Cellar/gcc/12.2.0/bin/../lib/gcc/current/gcc/x86_64-apple-darwin21/12/:/usr/local/Cellar/gcc/12.2.0/bin/../lib/gcc/current/gcc/:/usr/local/Cellar/gcc/12.2.0/bin/../lib/gcc/current/gcc/x86_64-apple-darwin21/12/../../../
COLLECT_GCC_OPTIONS='-isysroot' '/Applications/Xcode.app/Contents/Developer/Platforms/MacOSX.platform/Developer/SDKs/MacOSX13.1.sdk' '-v' '-c' '-o' 'CMakeFiles/cmTC_07ef3.dir/CMakeFortranCompilerABI.F.o' '-mmacosx-version-min=13.0.0'  '-nodefaultexport' '-mtune=core2' '-dumpdir' 'CMakeFiles/cmTC_07ef3.dir/CMakeFortranCompilerABI.F.'
Linking Fortran executable cmTC_07ef3
/opt/local/bin/cmake -E cmake_link_script CMakeFiles/cmTC_07ef3.dir/link.txt --verbose=1
/usr/local/bin/gfortran   -v -Wl,-v   -isysroot /Applications/Xcode.app/Contents/Developer/Platforms/MacOSX.platform/Developer/SDKs/MacOSX13.1.sdk CMakeFiles/cmTC_07ef3.dir/CMakeFortranCompilerABI.F.o  -o cmTC_07ef3 
Driving: /usr/local/bin/gfortran -v -Wl,-v -isysroot /Applications/Xcode.app/Contents/Developer/Platforms/MacOSX.platform/Developer/SDKs/MacOSX13.1.sdk CMakeFiles/cmTC_07ef3.dir/CMakeFortranCompilerABI.F.o -o cmTC_07ef3 -mmacosx-version-min=13.0.0 -asm_macosx_version_min=13.0 -nodefaultexport -l gfortran -shared-libgcc
Using built-in specs.
COLLECT_GCC=/usr/local/bin/gfortran
COLLECT_LTO_WRAPPER=/usr/local/Cellar/gcc/12.2.0/bin/../libexec/gcc/x86_64-apple-darwin21/12/lto-wrapper
Target: x86_64-apple-darwin21
Configured with: ../configure --prefix=/usr/local/opt/gcc --libdir=/usr/local/opt/gcc/lib/gcc/current --disable-nls --enable-checking=release --with-gcc-major-version-only --enable-languages=c,c++,objc,obj-c++,fortran --program-suffix=-12 --with-gmp=/usr/local/opt/gmp --with-mpfr=/usr/local/opt/mpfr --with-mpc=/usr/local/opt/libmpc --with-isl=/usr/local/opt/isl --with-zstd=/usr/local/opt/zstd --with-pkgversion='Homebrew GCC 12.2.0' --with-bugurl=https://github.com/Homebrew/homebrew-core/issues --with-system-zlib --build=x86_64-apple-darwin21 --with-sysroot=/Library/Developer/CommandLineTools/SDKs/MacOSX12.sdk
Thread model: posix
Supported LTO compression algorithms: zlib zstd
gcc version 12.2.0 (Homebrew GCC 12.2.0) 
Reading specs from /usr/local/Cellar/gcc/12.2.0/bin/../lib/gcc/current/gcc/x86_64-apple-darwin21/12/../../../libgfortran.spec
rename spec lib to liborig
COLLECT_GCC_OPTIONS='-v' '-isysroot' '/Applications/Xcode.app/Contents/Developer/Platforms/MacOSX.platform/Developer/SDKs/MacOSX13.1.sdk' '-o' 'cmTC_07ef3' '-mmacosx-version-min=13.0.0' '-asm_macosx_version_min=13.0' '-nodefaultexport' '-shared-libgcc' '-mtune=core2' '-dumpdir' 'cmTC_07ef3-'
COMPILER_PATH=/usr/local/Cellar/gcc/12.2.0/bin/../libexec/gcc/x86_64-apple-darwin21/12/:/usr/local/Cellar/gcc/12.2.0/bin/../libexec/gcc/
LIBRARY_PATH=/usr/local/Cellar/gcc/12.2.0/bin/../lib/gcc/current/gcc/x86_64-apple-darwin21/12/:/usr/local/Cellar/gcc/12.2.0/bin/../lib/gcc/current/gcc/:/usr/local/Cellar/gcc/12.2.0/bin/../lib/gcc/current/gcc/x86_64-apple-darwin21/12/../../../
COLLECT_GCC_OPTIONS='-v' '-isysroot' '/Applications/Xcode.app/Contents/Developer/Platforms/MacOSX.platform/Developer/SDKs/MacOSX13.1.sdk' '-o' 'cmTC_07ef3' '-mmacosx-version-min=13.0.0' '-asm_macosx_version_min=13.0' '-nodefaultexport' '-shared-libgcc' '-mtune=core2' '-dumpdir' 'cmTC_07ef3.'
 /usr/local/Cellar/gcc/12.2.0/bin/../libexec/gcc/x86_64-apple-darwin21/12/collect2 -dynamic -arch x86_64 -syslibroot /Applications/Xcode.app/Contents/Developer/Platforms/MacOSX.platform/Developer/SDKs/MacOSX13.1.sdk -macosx_version_min 13.0.0 -o cmTC_07ef3 -L/usr/local/Cellar/gcc/12.2.0/bin/../lib/gcc/current/gcc/x86_64-apple-darwin21/12 -L/usr/local/Cellar/gcc/12.2.0/bin/../lib/gcc/current/gcc -L/usr/local/Cellar/gcc/12.2.0/bin/../lib/gcc/current/gcc/x86_64-apple-darwin21/12/../../.. -v CMakeFiles/cmTC_07ef3.dir/CMakeFortranCompilerABI.F.o -lgfortran -lgcc_s.1.1 -lgcc -lquadmath -lgcc_s.1.1 -lgcc -lSystem -no_compact_unwind -rpath @loader_path -rpath /usr/local/Cellar/gcc/12.2.0/lib/gcc/current/gcc/x86_64-apple-darwin21/12 -rpath /usr/local/Cellar/gcc/12.2.0/lib/gcc/current/gcc -rpath /usr/local/Cellar/gcc/12.2.0/lib/gcc/current
collect2 version 12.2.0
/usr/bin/ld -dynamic -arch x86_64 -syslibroot /Applications/Xcode.app/Contents/Developer/Platforms/MacOSX.platform/Developer/SDKs/MacOSX13.1.sdk -macosx_version_min 13.0.0 -o cmTC_07ef3 -L/usr/local/Cellar/gcc/12.2.0/bin/../lib/gcc/current/gcc/x86_64-apple-darwin21/12 -L/usr/local/Cellar/gcc/12.2.0/bin/../lib/gcc/current/gcc -L/usr/local/Cellar/gcc/12.2.0/bin/../lib/gcc/current/gcc/x86_64-apple-darwin21/12/../../.. -v CMakeFiles/cmTC_07ef3.dir/CMakeFortranCompilerABI.F.o -lgfortran -lgcc_s.1.1 -lgcc -lquadmath -lgcc_s.1.1 -lgcc -lSystem -no_compact_unwind -rpath @loader_path -rpath /usr/local/Cellar/gcc/12.2.0/lib/gcc/current/gcc/x86_64-apple-darwin21/12 -rpath /usr/local/Cellar/gcc/12.2.0/lib/gcc/current/gcc -rpath /usr/local/Cellar/gcc/12.2.0/lib/gcc/current
@(#)PROGRAM:ld  PROJECT:ld64-820.1
BUILD 20:07:01 Nov  7 2022
configured to support archs: armv6 armv7 armv7s arm64 arm64e arm64_32 i386 x86_64 x86_64h armv6m armv7k armv7m armv7em
Library search paths:
	/usr/local/Cellar/gcc/12.2.0/lib/gcc/current/gcc/x86_64-apple-darwin21/12
	/usr/local/Cellar/gcc/12.2.0/lib/gcc/current/gcc
	/usr/local/Cellar/gcc/12.2.0/lib/gcc/current
	/Applications/Xcode.app/Contents/Developer/Platforms/MacOSX.platform/Developer/SDKs/MacOSX13.1.sdk/usr/lib
Framework search paths:
	/Applications/Xcode.app/Contents/Developer/Platforms/MacOSX.platform/Developer/SDKs/MacOSX13.1.sdk/System/Library/Frameworks/
gmake[1]: Leaving directory '/Users/schun/nektar/build/CMakeFiles/CMakeTmp'



Parsed Fortran implicit include dir info from above output: rv=done
  found start of include info
  found start of implicit include info
    add: [/usr/local/Cellar/gcc/12.2.0/bin/../lib/gcc/current/gcc/x86_64-apple-darwin21/12/finclude]
    add: [/usr/local/Cellar/gcc/12.2.0/bin/../lib/gcc/current/gcc/x86_64-apple-darwin21/12/include]
    add: [/usr/local/Cellar/gcc/12.2.0/bin/../lib/gcc/current/gcc/x86_64-apple-darwin21/12/include-fixed]
    add: [/Applications/Xcode.app/Contents/Developer/Platforms/MacOSX.platform/Developer/SDKs/MacOSX13.1.sdk/usr/include]
  end of search list found
  collapse include dir [/usr/local/Cellar/gcc/12.2.0/bin/../lib/gcc/current/gcc/x86_64-apple-darwin21/12/finclude] ==> [/usr/local/Cellar/gcc/12.2.0/lib/gcc/current/gcc/x86_64-apple-darwin21/12/finclude]
  collapse include dir [/usr/local/Cellar/gcc/12.2.0/bin/../lib/gcc/current/gcc/x86_64-apple-darwin21/12/include] ==> [/usr/local/Cellar/gcc/12.2.0/lib/gcc/current/gcc/x86_64-apple-darwin21/12/include]
  collapse include dir [/usr/local/Cellar/gcc/12.2.0/bin/../lib/gcc/current/gcc/x86_64-apple-darwin21/12/include-fixed] ==> [/usr/local/Cellar/gcc/12.2.0/lib/gcc/current/gcc/x86_64-apple-darwin21/12/include-fixed]
  collapse include dir [/Applications/Xcode.app/Contents/Developer/Platforms/MacOSX.platform/Developer/SDKs/MacOSX13.1.sdk/usr/include] ==> [/Applications/Xcode.app/Contents/Developer/Platforms/MacOSX.platform/Developer/SDKs/MacOSX13.1.sdk/usr/include]
  implicit include dirs: [/usr/local/Cellar/gcc/12.2.0/lib/gcc/current/gcc/x86_64-apple-darwin21/12/finclude;/usr/local/Cellar/gcc/12.2.0/lib/gcc/current/gcc/x86_64-apple-darwin21/12/include;/usr/local/Cellar/gcc/12.2.0/lib/gcc/current/gcc/x86_64-apple-darwin21/12/include-fixed;/Applications/Xcode.app/Contents/Developer/Platforms/MacOSX.platform/Developer/SDKs/MacOSX13.1.sdk/usr/include]


Parsed Fortran implicit link information from above output:
  link line regex: [^( *|.*[/\])(ld|CMAKE_LINK_STARTFILE-NOTFOUND|([^/\]+-)?ld|collect2)[^/\]*( |$)]
  ignore line: [Change Dir: /Users/schun/nektar/build/CMakeFiles/CMakeTmp]
  ignore line: []
  ignore line: [Run Build Command(s):/opt/local/bin/gmake cmTC_07ef3/fast && /opt/local/bin/gmake  -f CMakeFiles/cmTC_07ef3.dir/build.make CMakeFiles/cmTC_07ef3.dir/build]
  ignore line: [gmake[1]: Entering directory '/Users/schun/nektar/build/CMakeFiles/CMakeTmp']
  ignore line: [Building Fortran object CMakeFiles/cmTC_07ef3.dir/CMakeFortranCompilerABI.F.o]
  ignore line: [/usr/local/bin/gfortran   -isysroot /Applications/Xcode.app/Contents/Developer/Platforms/MacOSX.platform/Developer/SDKs/MacOSX13.1.sdk   -v -Wl -v -c /opt/local/share/cmake-3.17/Modules/CMakeFortranCompilerABI.F -o CMakeFiles/cmTC_07ef3.dir/CMakeFortranCompilerABI.F.o]
  ignore line: [Using built-in specs.]
  ignore line: [COLLECT_GCC=/usr/local/bin/gfortran]
  ignore line: [Target: x86_64-apple-darwin21]
  ignore line: [Configured with: ../configure --prefix=/usr/local/opt/gcc --libdir=/usr/local/opt/gcc/lib/gcc/current --disable-nls --enable-checking=release --with-gcc-major-version-only --enable-languages=c c++ objc obj-c++ fortran --program-suffix=-12 --with-gmp=/usr/local/opt/gmp --with-mpfr=/usr/local/opt/mpfr --with-mpc=/usr/local/opt/libmpc --with-isl=/usr/local/opt/isl --with-zstd=/usr/local/opt/zstd --with-pkgversion='Homebrew GCC 12.2.0' --with-bugurl=https://github.com/Homebrew/homebrew-core/issues --with-system-zlib --build=x86_64-apple-darwin21 --with-sysroot=/Library/Developer/CommandLineTools/SDKs/MacOSX12.sdk]
  ignore line: [Thread model: posix]
  ignore line: [Supported LTO compression algorithms: zlib zstd]
  ignore line: [gcc version 12.2.0 (Homebrew GCC 12.2.0) ]
  ignore line: [COLLECT_GCC_OPTIONS='-isysroot' '/Applications/Xcode.app/Contents/Developer/Platforms/MacOSX.platform/Developer/SDKs/MacOSX13.1.sdk' '-v' '-c' '-o' 'CMakeFiles/cmTC_07ef3.dir/CMakeFortranCompilerABI.F.o' '-mmacosx-version-min=13.0.0' '-asm_macosx_version_min=13.0' '-nodefaultexport' '-mtune=core2' '-dumpdir' 'CMakeFiles/cmTC_07ef3.dir/']
  ignore line: [ /usr/local/Cellar/gcc/12.2.0/bin/../libexec/gcc/x86_64-apple-darwin21/12/f951 /opt/local/share/cmake-3.17/Modules/CMakeFortranCompilerABI.F -ffixed-form -cpp=/var/folders/jl/hlwgbcn913g1qgmd0v8qqlz00000gn/T//cciG35uV.f90 -quiet -v -iprefix /usr/local/Cellar/gcc/12.2.0/bin/../lib/gcc/current/gcc/x86_64-apple-darwin21/12/ -D__DYNAMIC__ -isysroot /Applications/Xcode.app/Contents/Developer/Platforms/MacOSX.platform/Developer/SDKs/MacOSX13.1.sdk /opt/local/share/cmake-3.17/Modules/CMakeFortranCompilerABI.F -fPIC -quiet -dumpdir CMakeFiles/cmTC_07ef3.dir/ -dumpbase CMakeFortranCompilerABI.F.F -dumpbase-ext .F -mmacosx-version-min=13.0.0 -mtune=core2 -version -fintrinsic-modules-path /usr/local/Cellar/gcc/12.2.0/bin/../lib/gcc/current/gcc/x86_64-apple-darwin21/12/finclude -o /var/folders/jl/hlwgbcn913g1qgmd0v8qqlz00000gn/T//ccwALvs7.s]
  ignore line: [GNU Fortran (Homebrew GCC 12.2.0) version 12.2.0 (x86_64-apple-darwin21)]
  ignore line: [	compiled by GNU C version 12.2.0  GMP version 6.2.1  MPFR version 4.1.0  MPC version 1.2.1  isl version isl-0.25-GMP]
  ignore line: []
  ignore line: [GGC heuristics: --param ggc-min-expand=100 --param ggc-min-heapsize=131072]
  ignore line: [ignoring nonexistent directory "/usr/local/Cellar/gcc/12.2.0/bin/../lib/gcc/current/gcc/x86_64-apple-darwin21/12/../../../../../../x86_64-apple-darwin21/include"]
  ignore line: [ignoring duplicate directory "/usr/local/Cellar/gcc/12.2.0/bin/../lib/gcc/current/gcc/../../../../lib/gcc/current/gcc/x86_64-apple-darwin21/12/include"]
  ignore line: [ignoring nonexistent directory "/Applications/Xcode.app/Contents/Developer/Platforms/MacOSX.platform/Developer/SDKs/MacOSX13.1.sdk/usr/local/include"]
  ignore line: [ignoring duplicate directory "/usr/local/Cellar/gcc/12.2.0/bin/../lib/gcc/current/gcc/../../../../lib/gcc/current/gcc/x86_64-apple-darwin21/12/include-fixed"]
  ignore line: [ignoring nonexistent directory "/usr/local/Cellar/gcc/12.2.0/bin/../lib/gcc/current/gcc/../../../../lib/gcc/current/gcc/x86_64-apple-darwin21/12/../../../../../../x86_64-apple-darwin21/include"]
  ignore line: [#include "..." search starts here:]
  ignore line: [#include <...> search starts here:]
  ignore line: [ /usr/local/Cellar/gcc/12.2.0/bin/../lib/gcc/current/gcc/x86_64-apple-darwin21/12/finclude]
  ignore line: [ /usr/local/Cellar/gcc/12.2.0/bin/../lib/gcc/current/gcc/x86_64-apple-darwin21/12/include]
  ignore line: [ /usr/local/Cellar/gcc/12.2.0/bin/../lib/gcc/current/gcc/x86_64-apple-darwin21/12/include-fixed]
  ignore line: [ /Applications/Xcode.app/Contents/Developer/Platforms/MacOSX.platform/Developer/SDKs/MacOSX13.1.sdk/usr/include]
  ignore line: [End of search list.]
  ignore line: [GNU Fortran2008 (Homebrew GCC 12.2.0) version 12.2.0 (x86_64-apple-darwin21)]
  ignore line: [	compiled by GNU C version 12.2.0  GMP version 6.2.1  MPFR version 4.1.0  MPC version 1.2.1  isl version isl-0.25-GMP]
  ignore line: []
  ignore line: [GGC heuristics: --param ggc-min-expand=100 --param ggc-min-heapsize=131072]
  ignore line: [COLLECT_GCC_OPTIONS='-isysroot' '/Applications/Xcode.app/Contents/Developer/Platforms/MacOSX.platform/Developer/SDKs/MacOSX13.1.sdk' '-v' '-c' '-o' 'CMakeFiles/cmTC_07ef3.dir/CMakeFortranCompilerABI.F.o' '-mmacosx-version-min=13.0.0'  '-nodefaultexport' '-mtune=core2' '-dumpdir' 'CMakeFiles/cmTC_07ef3.dir/']
  ignore line: [ as -arch x86_64 -v -mmacosx-version-min=13.0 -mllvm -x86-pad-for-align=false -force_cpusubtype_ALL -o CMakeFiles/cmTC_07ef3.dir/CMakeFortranCompilerABI.F.o /var/folders/jl/hlwgbcn913g1qgmd0v8qqlz00000gn/T//ccwALvs7.s]
  ignore line: [Apple clang version 14.0.0 (clang-1400.0.29.202)]
  ignore line: [Target: x86_64-apple-darwin22.2.0]
  ignore line: [Thread model: posix]
  ignore line: [InstalledDir: /Applications/Xcode.app/Contents/Developer/Toolchains/XcodeDefault.xctoolchain/usr/bin]
  ignore line: [ "/Applications/Xcode.app/Contents/Developer/Toolchains/XcodeDefault.xctoolchain/usr/bin/clang" -cc1as -triple x86_64-apple-macosx13.0.0 -filetype obj -main-file-name ccwALvs7.s -target-cpu penryn -fdebug-compilation-dir=/Users/schun/nektar/build/CMakeFiles/CMakeTmp -dwarf-debug-producer "Apple clang version 14.0.0 (clang-1400.0.29.202)" -dwarf-version=4 -mrelocation-model pic --mrelax-relocations -mllvm -x86-pad-for-align=false -mllvm -disable-aligned-alloc-awareness=1 -o CMakeFiles/cmTC_07ef3.dir/CMakeFortranCompilerABI.F.o /var/folders/jl/hlwgbcn913g1qgmd0v8qqlz00000gn/T//ccwALvs7.s]
  ignore line: [COMPILER_PATH=/usr/local/Cellar/gcc/12.2.0/bin/../libexec/gcc/x86_64-apple-darwin21/12/:/usr/local/Cellar/gcc/12.2.0/bin/../libexec/gcc/]
  ignore line: [LIBRARY_PATH=/usr/local/Cellar/gcc/12.2.0/bin/../lib/gcc/current/gcc/x86_64-apple-darwin21/12/:/usr/local/Cellar/gcc/12.2.0/bin/../lib/gcc/current/gcc/:/usr/local/Cellar/gcc/12.2.0/bin/../lib/gcc/current/gcc/x86_64-apple-darwin21/12/../../../]
  ignore line: [COLLECT_GCC_OPTIONS='-isysroot' '/Applications/Xcode.app/Contents/Developer/Platforms/MacOSX.platform/Developer/SDKs/MacOSX13.1.sdk' '-v' '-c' '-o' 'CMakeFiles/cmTC_07ef3.dir/CMakeFortranCompilerABI.F.o' '-mmacosx-version-min=13.0.0'  '-nodefaultexport' '-mtune=core2' '-dumpdir' 'CMakeFiles/cmTC_07ef3.dir/CMakeFortranCompilerABI.F.']
  ignore line: [Linking Fortran executable cmTC_07ef3]
  ignore line: [/opt/local/bin/cmake -E cmake_link_script CMakeFiles/cmTC_07ef3.dir/link.txt --verbose=1]
  ignore line: [/usr/local/bin/gfortran   -v -Wl -v   -isysroot /Applications/Xcode.app/Contents/Developer/Platforms/MacOSX.platform/Developer/SDKs/MacOSX13.1.sdk CMakeFiles/cmTC_07ef3.dir/CMakeFortranCompilerABI.F.o  -o cmTC_07ef3 ]
  ignore line: [Driving: /usr/local/bin/gfortran -v -Wl -v -isysroot /Applications/Xcode.app/Contents/Developer/Platforms/MacOSX.platform/Developer/SDKs/MacOSX13.1.sdk CMakeFiles/cmTC_07ef3.dir/CMakeFortranCompilerABI.F.o -o cmTC_07ef3 -mmacosx-version-min=13.0.0 -asm_macosx_version_min=13.0 -nodefaultexport -l gfortran -shared-libgcc]
  ignore line: [Using built-in specs.]
  ignore line: [COLLECT_GCC=/usr/local/bin/gfortran]
  ignore line: [COLLECT_LTO_WRAPPER=/usr/local/Cellar/gcc/12.2.0/bin/../libexec/gcc/x86_64-apple-darwin21/12/lto-wrapper]
  ignore line: [Target: x86_64-apple-darwin21]
  ignore line: [Configured with: ../configure --prefix=/usr/local/opt/gcc --libdir=/usr/local/opt/gcc/lib/gcc/current --disable-nls --enable-checking=release --with-gcc-major-version-only --enable-languages=c c++ objc obj-c++ fortran --program-suffix=-12 --with-gmp=/usr/local/opt/gmp --with-mpfr=/usr/local/opt/mpfr --with-mpc=/usr/local/opt/libmpc --with-isl=/usr/local/opt/isl --with-zstd=/usr/local/opt/zstd --with-pkgversion='Homebrew GCC 12.2.0' --with-bugurl=https://github.com/Homebrew/homebrew-core/issues --with-system-zlib --build=x86_64-apple-darwin21 --with-sysroot=/Library/Developer/CommandLineTools/SDKs/MacOSX12.sdk]
  ignore line: [Thread model: posix]
  ignore line: [Supported LTO compression algorithms: zlib zstd]
  ignore line: [gcc version 12.2.0 (Homebrew GCC 12.2.0) ]
  ignore line: [Reading specs from /usr/local/Cellar/gcc/12.2.0/bin/../lib/gcc/current/gcc/x86_64-apple-darwin21/12/../../../libgfortran.spec]
  ignore line: [rename spec lib to liborig]
  ignore line: [COLLECT_GCC_OPTIONS='-v' '-isysroot' '/Applications/Xcode.app/Contents/Developer/Platforms/MacOSX.platform/Developer/SDKs/MacOSX13.1.sdk' '-o' 'cmTC_07ef3' '-mmacosx-version-min=13.0.0' '-asm_macosx_version_min=13.0' '-nodefaultexport' '-shared-libgcc' '-mtune=core2' '-dumpdir' 'cmTC_07ef3-']
  ignore line: [COMPILER_PATH=/usr/local/Cellar/gcc/12.2.0/bin/../libexec/gcc/x86_64-apple-darwin21/12/:/usr/local/Cellar/gcc/12.2.0/bin/../libexec/gcc/]
  ignore line: [LIBRARY_PATH=/usr/local/Cellar/gcc/12.2.0/bin/../lib/gcc/current/gcc/x86_64-apple-darwin21/12/:/usr/local/Cellar/gcc/12.2.0/bin/../lib/gcc/current/gcc/:/usr/local/Cellar/gcc/12.2.0/bin/../lib/gcc/current/gcc/x86_64-apple-darwin21/12/../../../]
  ignore line: [COLLECT_GCC_OPTIONS='-v' '-isysroot' '/Applications/Xcode.app/Contents/Developer/Platforms/MacOSX.platform/Developer/SDKs/MacOSX13.1.sdk' '-o' 'cmTC_07ef3' '-mmacosx-version-min=13.0.0' '-asm_macosx_version_min=13.0' '-nodefaultexport' '-shared-libgcc' '-mtune=core2' '-dumpdir' 'cmTC_07ef3.']
  link line: [ /usr/local/Cellar/gcc/12.2.0/bin/../libexec/gcc/x86_64-apple-darwin21/12/collect2 -dynamic -arch x86_64 -syslibroot /Applications/Xcode.app/Contents/Developer/Platforms/MacOSX.platform/Developer/SDKs/MacOSX13.1.sdk -macosx_version_min 13.0.0 -o cmTC_07ef3 -L/usr/local/Cellar/gcc/12.2.0/bin/../lib/gcc/current/gcc/x86_64-apple-darwin21/12 -L/usr/local/Cellar/gcc/12.2.0/bin/../lib/gcc/current/gcc -L/usr/local/Cellar/gcc/12.2.0/bin/../lib/gcc/current/gcc/x86_64-apple-darwin21/12/../../.. -v CMakeFiles/cmTC_07ef3.dir/CMakeFortranCompilerABI.F.o -lgfortran -lgcc_s.1.1 -lgcc -lquadmath -lgcc_s.1.1 -lgcc -lSystem -no_compact_unwind -rpath @loader_path -rpath /usr/local/Cellar/gcc/12.2.0/lib/gcc/current/gcc/x86_64-apple-darwin21/12 -rpath /usr/local/Cellar/gcc/12.2.0/lib/gcc/current/gcc -rpath /usr/local/Cellar/gcc/12.2.0/lib/gcc/current]
    arg [/usr/local/Cellar/gcc/12.2.0/bin/../libexec/gcc/x86_64-apple-darwin21/12/collect2] ==> ignore
    arg [-dynamic] ==> ignore
    arg [-arch] ==> ignore
    arg [x86_64] ==> ignore
    arg [-syslibroot] ==> ignore
    arg [/Applications/Xcode.app/Contents/Developer/Platforms/MacOSX.platform/Developer/SDKs/MacOSX13.1.sdk] ==> ignore
    arg [-macosx_version_min] ==> ignore
    arg [13.0.0] ==> ignore
    arg [-o] ==> ignore
    arg [cmTC_07ef3] ==> ignore
    arg [-L/usr/local/Cellar/gcc/12.2.0/bin/../lib/gcc/current/gcc/x86_64-apple-darwin21/12] ==> dir [/usr/local/Cellar/gcc/12.2.0/bin/../lib/gcc/current/gcc/x86_64-apple-darwin21/12]
    arg [-L/usr/local/Cellar/gcc/12.2.0/bin/../lib/gcc/current/gcc] ==> dir [/usr/local/Cellar/gcc/12.2.0/bin/../lib/gcc/current/gcc]
    arg [-L/usr/local/Cellar/gcc/12.2.0/bin/../lib/gcc/current/gcc/x86_64-apple-darwin21/12/../../..] ==> dir [/usr/local/Cellar/gcc/12.2.0/bin/../lib/gcc/current/gcc/x86_64-apple-darwin21/12/../../..]
    arg [-v] ==> ignore
    arg [CMakeFiles/cmTC_07ef3.dir/CMakeFortranCompilerABI.F.o] ==> ignore
    arg [-lgfortran] ==> lib [gfortran]
    arg [-lgcc_s.1.1] ==> lib [gcc_s.1.1]
    arg [-lgcc] ==> lib [gcc]
    arg [-lquadmath] ==> lib [quadmath]
    arg [-lgcc_s.1.1] ==> lib [gcc_s.1.1]
    arg [-lgcc] ==> lib [gcc]
    arg [-lSystem] ==> lib [System]
    arg [-no_compact_unwind] ==> ignore
    arg [-rpath] ==> ignore
    arg [@loader_path] ==> ignore
    arg [-rpath] ==> ignore
    arg [/usr/local/Cellar/gcc/12.2.0/lib/gcc/current/gcc/x86_64-apple-darwin21/12] ==> ignore
    arg [-rpath] ==> ignore
    arg [/usr/local/Cellar/gcc/12.2.0/lib/gcc/current/gcc] ==> ignore
    arg [-rpath] ==> ignore
    arg [/usr/local/Cellar/gcc/12.2.0/lib/gcc/current] ==> ignore
  Library search paths: [;/usr/local/Cellar/gcc/12.2.0/lib/gcc/current/gcc/x86_64-apple-darwin21/12;/usr/local/Cellar/gcc/12.2.0/lib/gcc/current/gcc;/usr/local/Cellar/gcc/12.2.0/lib/gcc/current;/Applications/Xcode.app/Contents/Developer/Platforms/MacOSX.platform/Developer/SDKs/MacOSX13.1.sdk/usr/lib]
  Framework search paths: [;/Applications/Xcode.app/Contents/Developer/Platforms/MacOSX.platform/Developer/SDKs/MacOSX13.1.sdk/System/Library/Frameworks/]
  remove lib [System]
  collapse library dir [/usr/local/Cellar/gcc/12.2.0/bin/../lib/gcc/current/gcc/x86_64-apple-darwin21/12] ==> [/usr/local/Cellar/gcc/12.2.0/lib/gcc/current/gcc/x86_64-apple-darwin21/12]
  collapse library dir [/usr/local/Cellar/gcc/12.2.0/bin/../lib/gcc/current/gcc] ==> [/usr/local/Cellar/gcc/12.2.0/lib/gcc/current/gcc]
  collapse library dir [/usr/local/Cellar/gcc/12.2.0/bin/../lib/gcc/current/gcc/x86_64-apple-darwin21/12/../../..] ==> [/usr/local/Cellar/gcc/12.2.0/lib/gcc/current]
  collapse library dir [/usr/local/Cellar/gcc/12.2.0/lib/gcc/current/gcc/x86_64-apple-darwin21/12] ==> [/usr/local/Cellar/gcc/12.2.0/lib/gcc/current/gcc/x86_64-apple-darwin21/12]
  collapse library dir [/usr/local/Cellar/gcc/12.2.0/lib/gcc/current/gcc] ==> [/usr/local/Cellar/gcc/12.2.0/lib/gcc/current/gcc]
  collapse library dir [/usr/local/Cellar/gcc/12.2.0/lib/gcc/current] ==> [/usr/local/Cellar/gcc/12.2.0/lib/gcc/current]
  collapse library dir [/Applications/Xcode.app/Contents/Developer/Platforms/MacOSX.platform/Developer/SDKs/MacOSX13.1.sdk/usr/lib] ==> [/Applications/Xcode.app/Contents/Developer/Platforms/MacOSX.platform/Developer/SDKs/MacOSX13.1.sdk/usr/lib]
  collapse framework dir [/Applications/Xcode.app/Contents/Developer/Platforms/MacOSX.platform/Developer/SDKs/MacOSX13.1.sdk/System/Library/Frameworks/] ==> [/Applications/Xcode.app/Contents/Developer/Platforms/MacOSX.platform/Developer/SDKs/MacOSX13.1.sdk/System/Library/Frameworks]
  implicit libs: [gfortran;gcc_s.1.1;gcc;quadmath;gcc_s.1.1;gcc]
  implicit dirs: [/usr/local/Cellar/gcc/12.2.0/lib/gcc/current/gcc/x86_64-apple-darwin21/12;/usr/local/Cellar/gcc/12.2.0/lib/gcc/current/gcc;/usr/local/Cellar/gcc/12.2.0/lib/gcc/current;/Applications/Xcode.app/Contents/Developer/Platforms/MacOSX.platform/Developer/SDKs/MacOSX13.1.sdk/usr/lib]
  implicit fwks: [/Applications/Xcode.app/Contents/Developer/Platforms/MacOSX.platform/Developer/SDKs/MacOSX13.1.sdk/System/Library/Frameworks]


Determining if the Fortran compiler supports Fortran 90 passed with the following output:
Change Dir: /Users/schun/nektar/build/CMakeFiles/CMakeTmp

Run Build Command(s):/opt/local/bin/gmake cmTC_031ca/fast && /opt/local/bin/gmake  -f CMakeFiles/cmTC_031ca.dir/build.make CMakeFiles/cmTC_031ca.dir/build
gmake[1]: Entering directory '/Users/schun/nektar/build/CMakeFiles/CMakeTmp'
Building Fortran object CMakeFiles/cmTC_031ca.dir/testFortranCompilerF90.f90.o
/usr/local/bin/gfortran   -isysroot /Applications/Xcode.app/Contents/Developer/Platforms/MacOSX.platform/Developer/SDKs/MacOSX13.1.sdk   -c /Users/schun/nektar/build/CMakeFiles/CMakeTmp/testFortranCompilerF90.f90 -o CMakeFiles/cmTC_031ca.dir/testFortranCompilerF90.f90.o
Linking Fortran executable cmTC_031ca
/opt/local/bin/cmake -E cmake_link_script CMakeFiles/cmTC_031ca.dir/link.txt --verbose=1
/usr/local/bin/gfortran      -isysroot /Applications/Xcode.app/Contents/Developer/Platforms/MacOSX.platform/Developer/SDKs/MacOSX13.1.sdk CMakeFiles/cmTC_031ca.dir/testFortranCompilerF90.f90.o  -o cmTC_031ca 
gmake[1]: Leaving directory '/Users/schun/nektar/build/CMakeFiles/CMakeTmp'



Determining if the include file pthread.h exists passed with the following output:
Change Dir: /Users/schun/nektar/build/CMakeFiles/CMakeTmp

Run Build Command(s):/opt/local/bin/gmake cmTC_c1786/fast && /opt/local/bin/gmake  -f CMakeFiles/cmTC_c1786.dir/build.make CMakeFiles/cmTC_c1786.dir/build
gmake[1]: Entering directory '/Users/schun/nektar/build/CMakeFiles/CMakeTmp'
Building C object CMakeFiles/cmTC_c1786.dir/CheckIncludeFile.c.o
/Applications/Xcode.app/Contents/Developer/Toolchains/XcodeDefault.xctoolchain/usr/bin/cc   -isysroot /Applications/Xcode.app/Contents/Developer/Platforms/MacOSX.platform/Developer/SDKs/MacOSX13.1.sdk   -o CMakeFiles/cmTC_c1786.dir/CheckIncludeFile.c.o   -c /Users/schun/nektar/build/CMakeFiles/CMakeTmp/CheckIncludeFile.c
Linking C executable cmTC_c1786
/opt/local/bin/cmake -E cmake_link_script CMakeFiles/cmTC_c1786.dir/link.txt --verbose=1
/Applications/Xcode.app/Contents/Developer/Toolchains/XcodeDefault.xctoolchain/usr/bin/cc   -isysroot /Applications/Xcode.app/Contents/Developer/Platforms/MacOSX.platform/Developer/SDKs/MacOSX13.1.sdk -Wl,-search_paths_first -Wl,-headerpad_max_install_names   CMakeFiles/cmTC_c1786.dir/CheckIncludeFile.c.o  -o cmTC_c1786 
gmake[1]: Leaving directory '/Users/schun/nektar/build/CMakeFiles/CMakeTmp'



Performing C SOURCE FILE Test CMAKE_HAVE_LIBC_PTHREAD succeeded with the following output:
Change Dir: /Users/schun/nektar/build/CMakeFiles/CMakeTmp

Run Build Command(s):/opt/local/bin/gmake cmTC_9c438/fast && /opt/local/bin/gmake  -f CMakeFiles/cmTC_9c438.dir/build.make CMakeFiles/cmTC_9c438.dir/build
gmake[1]: Entering directory '/Users/schun/nektar/build/CMakeFiles/CMakeTmp'
Building C object CMakeFiles/cmTC_9c438.dir/src.c.o
/Applications/Xcode.app/Contents/Developer/Toolchains/XcodeDefault.xctoolchain/usr/bin/cc   -DCMAKE_HAVE_LIBC_PTHREAD -isysroot /Applications/Xcode.app/Contents/Developer/Platforms/MacOSX.platform/Developer/SDKs/MacOSX13.1.sdk   -o CMakeFiles/cmTC_9c438.dir/src.c.o   -c /Users/schun/nektar/build/CMakeFiles/CMakeTmp/src.c
Linking C executable cmTC_9c438
/opt/local/bin/cmake -E cmake_link_script CMakeFiles/cmTC_9c438.dir/link.txt --verbose=1
/Applications/Xcode.app/Contents/Developer/Toolchains/XcodeDefault.xctoolchain/usr/bin/cc  -DCMAKE_HAVE_LIBC_PTHREAD -isysroot /Applications/Xcode.app/Contents/Developer/Platforms/MacOSX.platform/Developer/SDKs/MacOSX13.1.sdk -Wl,-search_paths_first -Wl,-headerpad_max_install_names   CMakeFiles/cmTC_9c438.dir/src.c.o  -o cmTC_9c438 
gmake[1]: Leaving directory '/Users/schun/nektar/build/CMakeFiles/CMakeTmp'


Source file was:
#include <pthread.h>

void* test_func(void* data)
{
  return data;
}

int main(void)
{
  pthread_t thread;
  pthread_create(&thread, NULL, test_func, NULL);
  pthread_detach(thread);
  pthread_cancel(thread);
  pthread_join(thread, NULL);
  pthread_atfork(NULL, NULL, NULL);
  pthread_exit(NULL);

  return 0;
}

Determining if the Fortran dgemm exists passed with the following output:
Change Dir: /Users/schun/nektar/build/CMakeFiles/CMakeTmp

Run Build Command(s):/opt/local/bin/gmake cmTC_6d01a/fast && /opt/local/bin/gmake  -f CMakeFiles/cmTC_6d01a.dir/build.make CMakeFiles/cmTC_6d01a.dir/build
gmake[1]: Entering directory '/Users/schun/nektar/build/CMakeFiles/CMakeTmp'
Building Fortran object CMakeFiles/cmTC_6d01a.dir/testFortranCompiler.f.o
/usr/local/bin/gfortran   -isysroot /Applications/Xcode.app/Contents/Developer/Platforms/MacOSX.platform/Developer/SDKs/MacOSX13.1.sdk   -c /Users/schun/nektar/build/CMakeFiles/CMakeTmp/testFortranCompiler.f -o CMakeFiles/cmTC_6d01a.dir/testFortranCompiler.f.o
Linking Fortran executable cmTC_6d01a
/opt/local/bin/cmake -E cmake_link_script CMakeFiles/cmTC_6d01a.dir/link.txt --verbose=1
/usr/local/bin/gfortran      -isysroot /Applications/Xcode.app/Contents/Developer/Platforms/MacOSX.platform/Developer/SDKs/MacOSX13.1.sdk CMakeFiles/cmTC_6d01a.dir/testFortranCompiler.f.o  -o cmTC_6d01a  -framework Accelerate 
gmake[1]: Leaving directory '/Users/schun/nektar/build/CMakeFiles/CMakeTmp'



Determining if the Fortran cheev exists passed with the following output:
Change Dir: /Users/schun/nektar/build/CMakeFiles/CMakeTmp

Run Build Command(s):/opt/local/bin/gmake cmTC_5d2ed/fast && /opt/local/bin/gmake  -f CMakeFiles/cmTC_5d2ed.dir/build.make CMakeFiles/cmTC_5d2ed.dir/build
gmake[1]: Entering directory '/Users/schun/nektar/build/CMakeFiles/CMakeTmp'
Building Fortran object CMakeFiles/cmTC_5d2ed.dir/testFortranCompiler.f.o
/usr/local/bin/gfortran   -isysroot /Applications/Xcode.app/Contents/Developer/Platforms/MacOSX.platform/Developer/SDKs/MacOSX13.1.sdk   -c /Users/schun/nektar/build/CMakeFiles/CMakeTmp/testFortranCompiler.f -o CMakeFiles/cmTC_5d2ed.dir/testFortranCompiler.f.o
Linking Fortran executable cmTC_5d2ed
/opt/local/bin/cmake -E cmake_link_script CMakeFiles/cmTC_5d2ed.dir/link.txt --verbose=1
/usr/local/bin/gfortran      -isysroot /Applications/Xcode.app/Contents/Developer/Platforms/MacOSX.platform/Developer/SDKs/MacOSX13.1.sdk CMakeFiles/cmTC_5d2ed.dir/testFortranCompiler.f.o  -o cmTC_5d2ed  -framework Accelerate -framework Accelerate 
gmake[1]: Leaving directory '/Users/schun/nektar/build/CMakeFiles/CMakeTmp'



