Compiling the C compiler identification source file "CMakeCCompilerId.c" failed.
Compiler: /Applications/Xcode.app/Contents/Developer/Toolchains/XcodeDefault.xctoolchain/usr/bin/cc 
Build flags: 
Id flags:  

The output was:
1
ld: library not found for -lSystem
clang: error: linker command failed with exit code 1 (use -v to see invocation)


Compiling the CXX compiler identification source file "CMakeCXXCompilerId.cpp" failed.
Compiler: /Applications/Xcode.app/Contents/Developer/Toolchains/XcodeDefault.xctoolchain/usr/bin/c++ 
Build flags: 
Id flags:  

The output was:
1
ld: library not found for -lc++
clang: error: linker command failed with exit code 1 (use -v to see invocation)


Determining if the function dgemm_ exists failed with the following output:
Change Dir: /Users/schun/nektar/build/CMakeFiles/CMakeTmp

Run Build Command(s):/opt/local/bin/gmake cmTC_10144/fast && /opt/local/bin/gmake  -f CMakeFiles/cmTC_10144.dir/build.make CMakeFiles/cmTC_10144.dir/build
gmake[1]: Entering directory '/Users/schun/nektar/build/CMakeFiles/CMakeTmp'
Building C object CMakeFiles/cmTC_10144.dir/CheckFunctionExists.c.o
/Applications/Xcode.app/Contents/Developer/Toolchains/XcodeDefault.xctoolchain/usr/bin/cc   -DCHECK_FUNCTION_EXISTS=dgemm_ -isysroot /Applications/Xcode.app/Contents/Developer/Platforms/MacOSX.platform/Developer/SDKs/MacOSX13.1.sdk   -o CMakeFiles/cmTC_10144.dir/CheckFunctionExists.c.o   -c /opt/local/share/cmake-3.17/Modules/CheckFunctionExists.c
Linking C executable cmTC_10144
/opt/local/bin/cmake -E cmake_link_script CMakeFiles/cmTC_10144.dir/link.txt --verbose=1
/Applications/Xcode.app/Contents/Developer/Toolchains/XcodeDefault.xctoolchain/usr/bin/cc  -DCHECK_FUNCTION_EXISTS=dgemm_ -isysroot /Applications/Xcode.app/Contents/Developer/Platforms/MacOSX.platform/Developer/SDKs/MacOSX13.1.sdk -Wl,-search_paths_first -Wl,-headerpad_max_install_names   CMakeFiles/cmTC_10144.dir/CheckFunctionExists.c.o  -o cmTC_10144 
Undefined symbols for architecture x86_64:
  "_dgemm_", referenced from:
      _main in CheckFunctionExists.c.o
ld: symbol(s) not found for architecture x86_64
clang: error: linker command failed with exit code 1 (use -v to see invocation)
gmake[1]: *** [CMakeFiles/cmTC_10144.dir/build.make:107: cmTC_10144] Error 1
gmake[1]: Leaving directory '/Users/schun/nektar/build/CMakeFiles/CMakeTmp'
gmake: *** [Makefile:141: cmTC_10144/fast] Error 2



