Anisotropy = [ 1 , 4 ], [ 1 , 1 ] 
MMFActivation = 108976 /  108976 ( 100 % ) 
*** 1st Moving frames are NOT in unit length, Avg mag. = 1.98152 *** 
*** 2nd Moving frames are in unit length ***
*** Moving frames are Orthogonal
*** MF 0 = ( 1.98152 , 0 , 0 ) 
*** MF 1 = ( 0 , 1 , 0 ) 
*** MF 2 = ( 0 , 0 , 1 ) 
MMFInitObject is done ===========================
================== SetUP Time Map moving frames ==================
*** 1st Moving frames are in unit length ***
*** 2nd Moving frames are in unit length ***
*** Moving frames are Orthogonal
*** MF 0 = ( 0.71464 , 0.699492 , 0 ) 
*** MF 1 = ( 0.699492 , 0.71464 , 0 ) 
*** MF 2 = ( 0 , 0 , 1 ) 
k = 0, m_varcoeff = ( 1.98152 , 0 , 0 , 0.0149445 , 3.94009 ) 
k = 1, m_varcoeff = ( 0 , 1 , 0 , 1.21282e-14 , 1 ) 
k = 2, m_varcoeff = ( 0 , 0 , 1 , 0 , 1 ) 
 ::::: 2D Varcoeff is Successfully Created ::::: 

=======================================================================
	        EquationType: MMFCardiacEP
	        Session Name: FHNPlaneh30PointX3G5
	        Spatial Dim.: 3
	  Max SEM Exp. Order: 7
	      Expansion Dim.: 2
	     Projection Type: Continuous Galerkin
	 Advect. advancement: explicit
	Diffuse. advancement: implicit
	           Time Step: 0.0002
	        No. of Steps: 250000
	 Checkpoints (steps): 25000
	    Integration Type: IMEX
	             Surface: Plane
	           DerivType: Euclidean
	              MMFdir: TangentX
	    SolverSchemeType: MMFZero
	       TimeMapScheme: 0
	        TimeMapStart: 0
	          TimeMapEnd: 10000
	         TimeMapIapp: 0
	      m_TimeMapDelay: 0
	      AniRegionStart: 0
	        AniRegionEnd: 1000000
	  AnisotropyStrength: 3
	               urest: 0
	          Cell model: Aliev-Panfilov
	                   k: 8
	                   a: 0.15
	                 eps: 0.002
	                 mu1: 0.2
	                 mu2: 0.3
=======================================================================
Initial Conditions:
  - Field u: 0 (default)
Writing: "FHNPlaneh30PointX3G5_initialcondition.chk"
 (0.00306734s, XML)
ValidTimeMap = 1904 / 108976 ( 1.74717 % ) is De-Acitvated
Initial: u = 0.767083, max u = 9.97516
Writing: "FHNPlaneh30PointX3G5_initial.chk"
 (0.0305733s, XML)
xmax = 40, xmin = -40, ymax = 40, ymin = -40
Steps: 25000    Time: 5           
 CPU Time: 25.7889 min.
u_max = 1.00002 at x = -20.0664, y = -20.0672, z = 0
u_min = -4.87691e-15 at x = -23.7286, y = 6.18907, z = 0
Writing: "FHNPlaneh30PointX3G5_timemap_1.chk"
 (0.10446s, XML)
Time Map: Max = 4.9999, Min = 0
Writing: "FHNPlaneh30PointX3G5_1.chk"
 (0.0206501s, XML)
Steps: 50000    Time: 10          
 CPU Time: 24.7395 min.
u_max = 0.997477 at x = -40, y = -29.3196, z = 0
u_min = -3.1287e-21 at x = -21.759, y = 20.6481, z = 0
Writing: "FHNPlaneh30PointX3G5_timemap_2.chk"
 (0.104295s, XML)
Time Map: Max = 9.9997, Min = 0
Writing: "FHNPlaneh30PointX3G5_2.chk"
 (0.0213504s, XML)
Steps: 75000    Time: 15          
 CPU Time: 25.5848 min.
u_max = 0.99844 at x = -40, y = -40, z = 0
u_min = -3.93163e-17 at x = -32.3087, y = 22.1948, z = 0
Writing: "FHNPlaneh30PointX3G5_timemap_3.chk"
 (0.106073s, XML)
Time Map: Max = 14.9994, Min = 0
Writing: "FHNPlaneh30PointX3G5_3.chk"
 (0.0227476s, XML)
Steps: 100000   Time: 20          
 CPU Time: 25.2736 min.
u_max = 0.997353 at x = 16.4863, y = -40, z = 0
u_min = -3.62506e-11 at x = -32.3087, y = 22.1948, z = 0
Writing: "FHNPlaneh30PointX3G5_timemap_4.chk"
 (0.0885334s, XML)
Time Map: Max = 19.9998, Min = 0
Writing: "FHNPlaneh30PointX3G5_4.chk"
 (0.0197299s, XML)
Steps: 125000   Time: 25          
 CPU Time: 23.469 min.
u_max = 0.998623 at x = 40, y = -40, z = 0
u_min = -8.00439e-06 at x = -32.3087, y = 22.1948, z = 0
Writing: "FHNPlaneh30PointX3G5_timemap_5.chk"
 (0.0887585s, XML)
Time Map: Max = 24.9996, Min = 0
Writing: "FHNPlaneh30PointX3G5_5.chk"
 (0.0202426s, XML)
Steps: 150000   Time: 30          
 CPU Time: 22.7724 min.
u_max = 0.997452 at x = 40, y = 6.80252, z = 0
u_min = -5.01305e-11 at x = -21.3624, y = 35.2235, z = 0
Writing: "FHNPlaneh30PointX3G5_timemap_6.chk"
 (0.089239s, XML)
Time Map: Max = 29.9998, Min = 0
Writing: "FHNPlaneh30PointX3G5_6.chk"
 (0.0201572s, XML)
Steps: 175000   Time: 35          
 CPU Time: 21.2629 min.
u_max = 0.997208 at x = 39.8555, y = 16.0139, z = 0
u_min = -9.9426e-06 at x = -11.4183, y = 36.5347, z = 0
Writing: "FHNPlaneh30PointX3G5_timemap_7.chk"
 (0.0888348s, XML)
Time Map: Max = 34.9998, Min = 0
Writing: "FHNPlaneh30PointX3G5_7.chk"
 (0.0203485s, XML)
Steps: 200000   Time: 40          
 CPU Time: 21.3027 min.
u_max = 0.997076 at x = 40, y = 24.5803, z = 0
u_min = 3.81013e-09 at x = 39.8269, y = 39.8269, z = 0
Writing: "FHNPlaneh30PointX3G5_timemap_8.chk"
 (0.090775s, XML)
Time Map: Max = 39.9997, Min = 0
Writing: "FHNPlaneh30PointX3G5_8.chk"
 (0.0203866s, XML)
Steps: 225000   Time: 45          
 CPU Time: 21.3077 min.
u_max = 0.998159 at x = 15.1249, y = 40, z = 0
u_min = 3.47679e-10 at x = -26.0395, y = -20.0243, z = 0
Writing: "FHNPlaneh30PointX3G5_timemap_9.chk"
 (0.0916266s, XML)
Time Map: Max = 44.9954, Min = 0
Writing: "FHNPlaneh30PointX3G5_9.chk"
 (0.020072s, XML)
Steps: 250000   Time: 50          
 CPU Time: 21.2384 min.
u_max = 0.996953 at x = 40, y = 40, z = 0
u_min = 3.44943e-12 at x = -30.2259, y = -20.4363, z = 0
Writing: "FHNPlaneh30PointX3G5_timemap_10.chk"
 (0.0917344s, XML)
Time Map: Max = 46.353, Min = 0
Writing: "FHNPlaneh30PointX3G5_10.chk"
 (0.019351s, XML)
Time-integration  : 13964.4s
Writing: "FHNPlaneh30PointX3G5.fld"
 (0.0193537s, XML)
-------------------------------------------
Total Computation Time = 100234s
-------------------------------------------
L 2 error (variable u) : 40.359
L inf error (variable u) : 0.996952
