Anisotropy = [ 4 , 4 ], [ 1 , 1 ] 
MMFActivation = 108976 /  108976 ( 100 % ) 
*** 1st Moving frames are NOT in unit length, Avg mag. = 2 *** 
*** 2nd Moving frames are in unit length ***
*** Moving frames are Orthogonal
*** MF 0 = ( 2 , 0 , 0 ) 
*** MF 1 = ( 0 , 1 , 0 ) 
*** MF 2 = ( 0 , 0 , 1 ) 
MMFInitObject is done ===========================
================== SetUP Time Map moving frames ==================
*** 1st Moving frames are in unit length ***
*** 2nd Moving frames are in unit length ***
*** Moving frames are Orthogonal
*** MF 0 = ( 0.71464 , 0.699492 , 0 ) 
*** MF 1 = ( 0.699492 , 0.71464 , 0 ) 
*** MF 2 = ( 0 , 0 , 1 ) 
k = 0, m_varcoeff = ( 2 , 0 , 0 , 2.42891e-14 , 4 ) 
k = 1, m_varcoeff = ( 0 , 1 , 0 , 1.21282e-14 , 1 ) 
k = 2, m_varcoeff = ( 0 , 0 , 1 , 0 , 1 ) 
 ::::: 2D Varcoeff is Successfully Created ::::: 

=======================================================================
	        EquationType: MMFCardiacEP
	        Session Name: FHNPlaneh30LeftX0
	        Spatial Dim.: 3
	  Max SEM Exp. Order: 7
	      Expansion Dim.: 2
	     Projection Type: Continuous Galerkin
	 Advect. advancement: explicit
	Diffuse. advancement: implicit
	           Time Step: 0.0002
	        No. of Steps: 250000
	 Checkpoints (steps): 25000
	    Integration Type: IMEX
	             Surface: Plane
	           DerivType: Euclidean
	              MMFdir: TangentX
	    SolverSchemeType: MMFZero
	       TimeMapScheme: 0
	        TimeMapStart: 0
	          TimeMapEnd: 10000
	         TimeMapIapp: 0
	      m_TimeMapDelay: 0
	      AniRegionStart: 0
	        AniRegionEnd: 1000000
	  AnisotropyStrength: 0
	               urest: 0
	          Cell model: Aliev-Panfilov
	                   k: 8
	                   a: 0.15
	                 eps: 0.002
	                 mu1: 0.2
	                 mu2: 0.3
=======================================================================
Initial Conditions:
  - Field u: 0 (default)
Writing: "FHNPlaneh30LeftX0_initialcondition.chk"
 (0.00213698s, XML)
ValidTimeMap = 18144 / 108976 ( 16.6495 % ) is De-Acitvated
Initial: u = 1.89531, max u = 5.71377
Writing: "FHNPlaneh30LeftX0_initial.chk"
 (0.0221291s, XML)
xmax = 40, xmin = -40, ymax = 40, ymin = -40
Steps: 25000    Time: 5           
 CPU Time: 31.6638 min.
u_max = 0.999331 at x = -35.236, y = -1.68737, z = 0
u_min = 1.68848e-29 at x = 40, y = 39.3951, z = 0
Writing: "FHNPlaneh30LeftX0_timemap_1.chk"
 (0.106352s, XML)
Time Map: Max = 5, Min = 0
Writing: "FHNPlaneh30LeftX0_1.chk"
 (0.0221408s, XML)
Steps: 50000    Time: 10          
 CPU Time: 29.9756 min.
u_max = 0.996271 at x = -8.77301, y = -39.5308, z = 0
u_min = 3.39728e-18 at x = 40, y = -39.81, z = 0
Writing: "FHNPlaneh30LeftX0_timemap_2.chk"
 (0.108375s, XML)
Time Map: Max = 9.9999, Min = 0
Writing: "FHNPlaneh30LeftX0_2.chk"
 (0.0235459s, XML)
Steps: 75000    Time: 15          
 CPU Time: 31.4169 min.
u_max = 0.996269 at x = 5.12076, y = 39.0871, z = 0
u_min = 4.2942e-12 at x = 40, y = -39.81, z = 0
Writing: "FHNPlaneh30LeftX0_timemap_3.chk"
 (0.108527s, XML)
Time Map: Max = 15, Min = 0
Writing: "FHNPlaneh30LeftX0_3.chk"
 (0.0255855s, XML)
Steps: 100000   Time: 20          
 CPU Time: 30.1341 min.
u_max = 0.996268 at x = 19.0692, y = 40, z = 0
u_min = 4.89296e-06 at x = 40, y = -39.81, z = 0
Writing: "FHNPlaneh30LeftX0_timemap_4.chk"
 (0.0905543s, XML)
Time Map: Max = 20, Min = 0
Writing: "FHNPlaneh30LeftX0_4.chk"
 (0.0223284s, XML)
Steps: 125000   Time: 25          
 CPU Time: 28.206 min.
u_max = 0.996822 at x = 35.7128, y = 7.01387, z = 0
u_min = 0.592324 at x = -25.5882, y = 37.3719, z = 0
Writing: "FHNPlaneh30LeftX0_timemap_5.chk"
 (0.0922861s, XML)
Time Map: Max = 24.0679, Min = 0
Writing: "FHNPlaneh30LeftX0_5.chk"
 (0.0237328s, XML)
Steps: 150000   Time: 30          
 CPU Time: 27.1455 min.
u_max = 0.994012 at x = 40, y = -40, z = 0
u_min = 0.00365805 at x = -23.9039, y = 39.8462, z = 0
Writing: "FHNPlaneh30LeftX0_timemap_6.chk"
 (0.0909368s, XML)
Time Map: Max = 24.0687, Min = 0
Writing: "FHNPlaneh30LeftX0_6.chk"
 (0.0227891s, XML)
Steps: 175000   Time: 35          
 CPU Time: 25.9983 min.
u_max = 0.981579 at x = 40, y = -40, z = 0
u_min = 1.12679e-05 at x = -28.8092, y = 39.8762, z = 0
Writing: "FHNPlaneh30LeftX0_timemap_7.chk"
 (0.09122s, XML)
Time Map: Max = 24.0687, Min = 0
Writing: "FHNPlaneh30LeftX0_7.chk"
 (0.0216818s, XML)
Steps: 200000   Time: 40          
 CPU Time: 25.9721 min.
u_max = 0.947201 at x = 40, y = -40, z = 0
u_min = 1.35809e-08 at x = -40, y = -40, z = 0
Writing: "FHNPlaneh30LeftX0_timemap_8.chk"
 (0.0927263s, XML)
Time Map: Max = 24.0687, Min = 0
Writing: "FHNPlaneh30LeftX0_8.chk"
 (0.0207127s, XML)
Steps: 225000   Time: 45          
 CPU Time: 25.9328 min.
u_max = 0.826749 at x = 40, y = -40, z = 0
u_min = 3.41538e-11 at x = -40, y = 40, z = 0
Writing: "FHNPlaneh30LeftX0_timemap_9.chk"
 (0.0937283s, XML)
Time Map: Max = 24.0687, Min = 0
Writing: "FHNPlaneh30LeftX0_9.chk"
 (0.0198812s, XML)
Steps: 250000   Time: 50          
 CPU Time: 25.6327 min.
u_max = 0.00264278 at x = 40, y = -40, z = 0
u_min = 2.86542e-13 at x = -40, y = 31.716, z = 0
Writing: "FHNPlaneh30LeftX0_timemap_10.chk"
 (0.0916585s, XML)
Time Map: Max = 24.0687, Min = 0
Writing: "FHNPlaneh30LeftX0_10.chk"
 (0.0201526s, XML)
Time-integration  : 16924.7s
Writing: "FHNPlaneh30LeftX0.fld"
 (0.020254s, XML)
-------------------------------------------
Total Computation Time = 102734s
-------------------------------------------
L 2 error (variable u) : 0.0550505
L inf error (variable u) : 0.00264173
