Anisotropy = [ 1 , 1 ], [ 1 , 1 ] 

MMFInitObejct Starts: ==============================================
MMFActivation = 66024 /  66024 ( 100 % ) 
*** 1st Moving frames are in unit length ***
*** 2nd Moving frames are in unit length ***
*** Moving frames are Orthogonal
*** MF 0 = ( 1 , 0 , 0 ) 
*** MF 1 = ( 0 , 1 , 0 ) 
*** MF 2 = ( 0 , 0 , 1 ) 
MMFInitObject is done ==============================================

================== SetUP Time Map moving frames ==================
*** 1st Moving frames are in unit length ***
*** 2nd Moving frames are in unit length ***
*** Moving frames are Orthogonal
*** MF 0 = ( 0.710233 , 0.703966 , 0 ) 
*** MF 1 = ( 0.703966 , 0.710233 , 0 ) 
*** MF 2 = ( 0 , 0 , 1 ) 
k = 0, m_varcoeff = ( 1 , 0 , 0 , 3.45521e-15 , 1 ) 
k = 1, m_varcoeff = ( 0 , 1 , 0 , 3.47439e-15 , 1 ) 
k = 2, m_varcoeff = ( 0 , 0 , 1 , 0 , 1 ) 
 ::::: 2D Varcoeff is Successfully Created ::::: 

=======================================================================
	        EquationType: MMFCardiacEP
	        Session Name: FHNPlaneh30PointX0
	        Spatial Dim.: 3
	  Max SEM Exp. Order: 6
	      Expansion Dim.: 2
	     Projection Type: Continuous Galerkin
	 Advect. advancement: explicit
	Diffuse. advancement: implicit
	           Time Step: 0.002
	        No. of Steps: 50000
	 Checkpoints (steps): 5000
	    Integration Type: IMEX
	             Surface: Plane
	           DerivType: Euclidean
	              MMFdir: TangentX
	    SolverSchemeType: MMFZero
	       TimeMapScheme: 0
	        TimeMapStart: 0
	          TimeMapEnd: 10000
	         TimeMapIapp: 0
	      m_TimeMapDelay: 0
	      AniRegionStart: 0
	        AniRegionEnd: 182
	       Ani1Magnitude: 1
	       Ani2Magnitude: 1
	               urest: 0
	          Cell model: Aliev-Panfilov
	                   k: 8
	                   a: 0.15
	                 eps: 0.002
	                 mu1: 0.2
	                 mu2: 0.3
=======================================================================
Initial Conditions:
  - Field u: 0 (default)
Writing: "FHNPlaneh30PointX0_initialcondition.chk"
 (0.022444s, XML)
ValidTimeMap = 1386 / 66024 ( 2.09924 % ) is De-Acitvated
Initial: u = 0.788545, max u = 9.97508
Writing: "FHNPlaneh30PointX0_initial.chk"
 (0.0244s, XML)
xmax = 40, xmin = -40, ymax = 40, ymin = -40
Steps: 5000     Time: 10          
 CPU Time: 4.64532 min.
u_max = 0.996894 at x = -19.5433, y = -0.130244, z = 0
u_min = -0.000698055 at x = -33.3775, y = -15.1017, z = 0
Time Map: Max = 10, Min = 0
(Vx, Vy, Vz) = ( 0.412616 , 0.36481 , 0 ) 
Writing: "FHNPlaneh30PointX0_timemap_1.chk"
 (0.144941s, XML)
Writing: "FHNPlaneh30PointX0_1.chk"
 (0.023635s, XML)
Steps: 10000    Time: 20          
 CPU Time: 4.66446 min.
u_max = 0.998905 at x = -35.7494, y = -22.0451, z = 0
u_min = -0.00250303 at x = -27.1119, y = -33.2502, z = 0
Time Map: Max = 20, Min = 0
(Vx, Vy, Vz) = ( 1.17399 , 1.0282 , 0 ) 
Writing: "FHNPlaneh30PointX0_timemap_2.chk"
 (0.173746s, XML)
Writing: "FHNPlaneh30PointX0_2.chk"
 (0.02432s, XML)
Steps: 15000    Time: 30          
 CPU Time: 3.68811 min.
u_max = 0.999239 at x = 3.37428, y = 33.1736, z = 0
u_min = -0.000845257 at x = 7.97374, y = -39.4252, z = 0
Time Map: Max = 30, Min = 0
(Vx, Vy, Vz) = ( 1.89712 , 2.12028 , 0 ) 
Writing: "FHNPlaneh30PointX0_timemap_3.chk"
 (0.14872s, XML)
Writing: "FHNPlaneh30PointX0_3.chk"
 (0.020969s, XML)
Steps: 20000    Time: 40          
 CPU Time: 3.64721 min.
u_max = 0.998564 at x = 20.3396, y = 40, z = 0
u_min = -0.00874784 at x = 40, y = 12, z = 0
Time Map: Max = 39.998, Min = 0
(Vx, Vy, Vz) = ( 1.96247 , 2.13432 , 0 ) 
Writing: "FHNPlaneh30PointX0_timemap_4.chk"
 (0.152602s, XML)
Writing: "FHNPlaneh30PointX0_4.chk"
 (0.024696s, XML)
Steps: 25000    Time: 50          
 CPU Time: 3.67677 min.
u_max = 0.998626 at x = 40, y = 40, z = 0
u_min = 5.16756e-12 at x = -20.5878, y = 0.0507646, z = 0
Time Map: Max = 49.0812, Min = 0
(Vx, Vy, Vz) = ( 2.12379 , 2.32267 , 0 ) 
Writing: "FHNPlaneh30PointX0_timemap_5.chk"
 (0.143779s, XML)
Writing: "FHNPlaneh30PointX0_5.chk"
 (0.019962s, XML)
Steps: 30000    Time: 60          
 CPU Time: 3.72247 min.
u_max = 0.981788 at x = 40, y = -40, z = 0
u_min = 9.49035e-16 at x = -21.7292, y = 0.0967554, z = 0
Time Map: Max = 49.0812, Min = 0
(Vx, Vy, Vz) = ( 2.12379 , 2.32267 , 0 ) 
Writing: "FHNPlaneh30PointX0_timemap_6.chk"
 (0.160067s, XML)
Writing: "FHNPlaneh30PointX0_6.chk"
 (0.024056s, XML)
Steps: 35000    Time: 70          
 CPU Time: 3.7074 min.
u_max = 0.82933 at x = 40, y = -40, z = 0
u_min = 1.76174e-19 at x = -22.4425, y = 0.149916, z = 0
Time Map: Max = 49.0812, Min = 0
(Vx, Vy, Vz) = ( 2.12379 , 2.32267 , 0 ) 
Writing: "FHNPlaneh30PointX0_timemap_7.chk"
 (0.147785s, XML)
Writing: "FHNPlaneh30PointX0_7.chk"
 (0.022121s, XML)
