Anisotropy = [ 1 , 4 ], [ 1 , 1 ] 

MMFInitObejct Starts: ==============================================
MMFActivation = 6720 /  6720 ( 100 % ) 
*** 1st Moving frames are NOT in unit length, Avg mag. = 1.08902 *** 
*** 2nd Moving frames are in unit length ***
*** Moving frames are Orthogonal
*** MF 0 = ( 1.08902 , 0 , 0 ) 
*** MF 1 = ( 0 , 1 , 0 ) 
*** MF 2 = ( 0 , 0 , 1 ) 
MMFInitObject is done ==============================================

================== SetUP Time Map moving frames ==================
*** 1st Moving frames are in unit length ***
*** 2nd Moving frames are in unit length ***
*** Moving frames are Orthogonal
*** MF 0 = ( 0.707107 , 0.707107 , 0 ) 
*** MF 1 = ( 0.707107 , 0.707107 , 0 ) 
*** MF 2 = ( 0 , 0 , 1 ) 
k = 0, m_varcoeff = ( 1.08902 , 0 , 0 , 0.0713646 , 1.3275 ) 
k = 1, m_varcoeff = ( 0 , 1 , 0 , 1.13358e-14 , 1 ) 
k = 2, m_varcoeff = ( 0 , 0 , 1 , 0 , 1 ) 
 ::::: 2D Varcoeff is Successfully Created ::::: 

=======================================================================
	        EquationType: MMFCardiacEP
	        Session Name: FHNLineGaussX4
	        Spatial Dim.: 3
	  Max SEM Exp. Order: 6
	      Expansion Dim.: 2
	     Projection Type: Continuous Galerkin
	 Advect. advancement: explicit
	Diffuse. advancement: implicit
	           Time Step: 0.001
	        No. of Steps: 100000
	 Checkpoints (steps): 10000
	    Integration Type: IMEX
	             Surface: Plane
	           DerivType: Euclidean
	              MMFdir: TangentX
	    SolverSchemeType: MMFZero
	       TimeMapScheme: 0
	        TimeMapStart: 0
	          TimeMapEnd: 10000
	         TimeMapIapp: 0
	      m_TimeMapDelay: 0
	      AniRegionStart: 0
	        AniRegionEnd: 160
	       Ani1Magnitude: 4
	       Ani2Magnitude: 1
	               urest: 0
	          Cell model: Aliev-Panfilov
	                   k: 8
	                   a: 0.15
	                 eps: 0.002
	                 mu1: 0.2
	                 mu2: 0.3
=======================================================================
Initial Conditions:
  - Field u: 0 (default)
Writing: "FHNLineGaussX4_initialcondition.chk"
 (0.002969s, XML)
ValidTimeMap = 1008 / 6720 ( 15 % ) is De-Acitvated
Initial: u = 1.40138, max u = 4.35157
Writing: "FHNLineGaussX4_initial.chk"
 (0.002807s, XML)
xmax = 40, xmin = -40, ymax = 0.5, ymin = -0.5
Steps: 10000    Time: 10          
 CPU Time: 1.02207 min.
u_max = 0.996266 at x = -18.8755, y = -0.132788, z = 0
u_min = 7.88187e-47 at x = 40, y = -0.5, z = 0
Time Map: Max = 9.987, Min = 0
(Vx, Vy, Vz) = ( 0.590513 , 0.0139398 , 0 ) 
Writing: "FHNLineGaussX4_timemap_1.chk"
 (0.011768s, XML)
Writing: "FHNLineGaussX4_1.chk"
 (0.002937s, XML)
Steps: 20000    Time: 20          
 CPU Time: 1.02207 min.
u_max = 0.995674 at x = -5.60974, y = 0.367212, z = 0
u_min = 4.56397e-33 at x = 40, y = 0.5, z = 0
Time Map: Max = 19.994, Min = 0
(Vx, Vy, Vz) = ( 0.792407 , 0.0181216 , 0 ) 
Writing: "FHNLineGaussX4_timemap_2.chk"
 (0.013228s, XML)
Writing: "FHNLineGaussX4_2.chk"
 (0.002816s, XML)
Steps: 30000    Time: 30          
 CPU Time: 1.0254 min.
u_max = 0.996267 at x = 12.2656, y = 0.172167, z = 0
u_min = 4.06434e-21 at x = 40, y = 0.5, z = 0
Time Map: Max = 29.9785, Min = 0
(Vx, Vy, Vz) = ( 0.995162 , 0.0233387 , 0 ) 
Writing: "FHNLineGaussX4_timemap_3.chk"
 (0.011521s, XML)
Writing: "FHNLineGaussX4_3.chk"
 (0.001821s, XML)
Steps: 40000    Time: 40          
 CPU Time: 1.02948 min.
u_max = 0.996264 at x = 26.2656, y = -0.172167, z = 0
u_min = 6.20451e-09 at x = 40, y = 0.5, z = 0
Time Map: Max = 39.992, Min = 0
(Vx, Vy, Vz) = ( 1.15491 , 0.0266834 , 0 ) 
Writing: "FHNLineGaussX4_timemap_4.chk"
 (0.014275s, XML)
Writing: "FHNLineGaussX4_4.chk"
 (0.002511s, XML)
Steps: 50000    Time: 50          
 CPU Time: 1.02697 min.
u_max = 0.996853 at x = 40, y = -0.234424, z = 0
u_min = 2.8196e-14 at x = -40, y = 0.5, z = 0
Time Map: Max = 46.7323, Min = 0
(Vx, Vy, Vz) = ( 5.23486 , 0.807606 , 0 ) 
Writing: "FHNLineGaussX4_timemap_5.chk"
 (0.011272s, XML)
Writing: "FHNLineGaussX4_5.chk"
 (0.001785s, XML)
Steps: 60000    Time: 60          
 CPU Time: 1.02567 min.
u_max = 0.968141 at x = 40, y = -0.234424, z = 0
u_min = 1.64943e-18 at x = -40, y = -0.5, z = 0
Time Map: Max = 46.7323, Min = 0
(Vx, Vy, Vz) = ( 5.23486 , 0.807606 , 0 ) 
Writing: "FHNLineGaussX4_timemap_6.chk"
 (0.01666s, XML)
Writing: "FHNLineGaussX4_6.chk"
 (0.005165s, XML)
Steps: 70000    Time: 70          
 CPU Time: 1.02992 min.
u_max = 0.432791 at x = 40, y = -0.234424, z = 0
u_min = 4.09388e-22 at x = -40, y = -0.5, z = 0
Time Map: Max = 46.7323, Min = 0
(Vx, Vy, Vz) = ( 5.23486 , 0.807606 , 0 ) 
Writing: "FHNLineGaussX4_timemap_7.chk"
 (0.012906s, XML)
Writing: "FHNLineGaussX4_7.chk"
 (0.002645s, XML)
Steps: 80000    Time: 80          
 CPU Time: 1.02989 min.
u_max = 2.28125e-08 at x = 40, y = -0.234424, z = 0
u_min = 8.02151e-26 at x = -40, y = -0.5, z = 0
Time Map: Max = 46.7323, Min = 0
(Vx, Vy, Vz) = ( 5.23486 , 0.807606 , 0 ) 
Writing: "FHNLineGaussX4_timemap_8.chk"
 (0.01471s, XML)
Writing: "FHNLineGaussX4_8.chk"
 (0.002958s, XML)
Steps: 90000    Time: 90          
 CPU Time: 1.04413 min.
u_max = 4.33912e-14 at x = 40, y = -0.234424, z = 0
u_min = 1.4814e-29 at x = -40, y = -0.5, z = 0
Time Map: Max = 46.7323, Min = 0
(Vx, Vy, Vz) = ( 5.23486 , 0.807606 , 0 ) 
Writing: "FHNLineGaussX4_timemap_9.chk"
 (0.011949s, XML)
Writing: "FHNLineGaussX4_9.chk"
 (0.002775s, XML)
Steps: 100000   Time: 100         
 CPU Time: 1.02135 min.
u_max = 1.33871e-19 at x = 40, y = -0.234424, z = 0
u_min = 3.00836e-33 at x = -40, y = -0.5, z = 0
Time Map: Max = 46.7323, Min = 0
(Vx, Vy, Vz) = ( 5.23486 , 0.807606 , 0 ) 
Writing: "FHNLineGaussX4_timemap_10.chk"
 (0.011338s, XML)
Writing: "FHNLineGaussX4_10.chk"
 (0.002544s, XML)
Time-integration  : 616.618s
Writing: "FHNLineGaussX4.fld"
 (0.002455s, XML)
-------------------------------------------
Total Computation Time = 6217.43s
-------------------------------------------
L 2 error (variable u) : 0
L inf error (variable u) : 1.33871e-19
