Anisotropy = [ 1 , 1 ], [ 1 , 1 ] 

MMFInitObejct Starts: ==============================================
MMFActivation = 6720 /  6720 ( 100 % ) 
*** 1st Moving frames are in unit length ***
*** 2nd Moving frames are in unit length ***
*** Moving frames are Orthogonal
*** MF 0 = ( 1 , 0 , 0 ) 
*** MF 1 = ( 0 , 1 , 0 ) 
*** MF 2 = ( 0 , 0 , 1 ) 
MMFInitObject is done ==============================================

================== SetUP Time Map moving frames ==================
*** 1st Moving frames are in unit length ***
*** 2nd Moving frames are in unit length ***
*** Moving frames are Orthogonal
*** MF 0 = ( 0.707107 , 0.707107 , 0 ) 
*** MF 1 = ( 0.707107 , 0.707107 , 0 ) 
*** MF 2 = ( 0 , 0 , 1 ) 
k = 0, m_varcoeff = ( 1 , 0 , 0 , 5.66791e-15 , 1 ) 
k = 1, m_varcoeff = ( 0 , 1 , 0 , 1.13358e-14 , 1 ) 
k = 2, m_varcoeff = ( 0 , 0 , 1 , 0 , 1 ) 
 ::::: 2D Varcoeff is Successfully Created ::::: 

=======================================================================
	        EquationType: MMFCardiacEP
	        Session Name: FHNLineGaussX1
	        Spatial Dim.: 3
	  Max SEM Exp. Order: 6
	      Expansion Dim.: 2
	     Projection Type: Continuous Galerkin
	 Advect. advancement: explicit
	Diffuse. advancement: implicit
	           Time Step: 0.001
	        No. of Steps: 100000
	 Checkpoints (steps): 10000
	    Integration Type: IMEX
	             Surface: Plane
	           DerivType: Euclidean
	              MMFdir: TangentX
	    SolverSchemeType: MMFZero
	       TimeMapScheme: 0
	        TimeMapStart: 0
	          TimeMapEnd: 10000
	         TimeMapIapp: 0
	      m_TimeMapDelay: 0
	      AniRegionStart: 0
	        AniRegionEnd: 160
	       Ani1Magnitude: 1
	       Ani2Magnitude: 1
	               urest: 0
	          Cell model: Aliev-Panfilov
	                   k: 8
	                   a: 0.15
	                 eps: 0.002
	                 mu1: 0.2
	                 mu2: 0.3
=======================================================================
Initial Conditions:
  - Field u: 0 (default)
Writing: "FHNLineGaussX1_initialcondition.chk"
 (0.003767s, XML)
ValidTimeMap = 1008 / 6720 ( 15 % ) is De-Acitvated
Initial: u = 1.40138, max u = 4.35157
Writing: "FHNLineGaussX1_initial.chk"
 (0.002009s, XML)
xmax = 40, xmin = -40, ymax = 0.5, ymin = -0.5
Steps: 10000    Time: 10          
 CPU Time: 1.02619 min.
u_max = 0.996266 at x = -18.8755, y = -0.132788, z = 0
u_min = 1.83428e-50 at x = 40, y = -0.5, z = 0
Time Map: Max = 9.987, Min = 0
(Vx, Vy, Vz) = ( 0.590513 , 0.0139398 , 0 ) 
Writing: "FHNLineGaussX1_timemap_1.chk"
 (0.012794s, XML)
Writing: "FHNLineGaussX1_1.chk"
 (0.002625s, XML)
Steps: 20000    Time: 20          
 CPU Time: 1.02526 min.
u_max = 0.996266 at x = -4.91511, y = -1.4363e-12, z = 0
u_min = 6.35626e-36 at x = 40, y = 0.5, z = 0
Time Map: Max = 19.995, Min = 0
(Vx, Vy, Vz) = ( 0.825075 , 0.017591 , 0 ) 
Writing: "FHNLineGaussX1_timemap_2.chk"
 (0.012896s, XML)
Writing: "FHNLineGaussX1_2.chk"
 (0.002702s, XML)
Steps: 30000    Time: 30          
 CPU Time: 1.02587 min.
u_max = 0.996266 at x = 9.07048, y = -0.042444, z = 0
u_min = 8.34999e-24 at x = 40, y = 0.5, z = 0
Time Map: Max = 29.9975, Min = 0
(Vx, Vy, Vz) = ( 1.01179 , 0.0212953 , 0 ) 
Writing: "FHNLineGaussX1_timemap_3.chk"
 (0.011491s, XML)
Writing: "FHNLineGaussX1_3.chk"
 (0.003211s, XML)
Steps: 40000    Time: 40          
 CPU Time: 1.03198 min.
u_max = 0.996266 at x = 23.0398, y = -0.042444, z = 0
u_min = 1.07515e-11 at x = 40, y = 0.5, z = 0
Time Map: Max = 39.997, Min = 0
(Vx, Vy, Vz) = ( 1.16908 , 0.0247559 , 0 ) 
Writing: "FHNLineGaussX1_timemap_4.chk"
 (0.015874s, XML)
Writing: "FHNLineGaussX1_4.chk"
 (0.007056s, XML)
Steps: 50000    Time: 50          
 CPU Time: 1.03279 min.
u_max = 0.998384 at x = 40, y = -0.234424, z = 0
u_min = 2.81962e-14 at x = -40, y = -0.5, z = 0
Time Map: Max = 49.0122, Min = 0
(Vx, Vy, Vz) = ( 5.20858 , 1.18478 , 0 ) 
Writing: "FHNLineGaussX1_timemap_5.chk"
 (0.012476s, XML)
Writing: "FHNLineGaussX1_5.chk"
 (0.002365s, XML)
Steps: 60000    Time: 60          
 CPU Time: 1.03025 min.
u_max = 0.980251 at x = 40, y = -0.234424, z = 0
u_min = 1.63912e-18 at x = -40, y = 0.5, z = 0
Time Map: Max = 49.0122, Min = 0
(Vx, Vy, Vz) = ( 5.20858 , 1.18478 , 0 ) 
Writing: "FHNLineGaussX1_timemap_6.chk"
 (0.016133s, XML)
Writing: "FHNLineGaussX1_6.chk"
 (0.002683s, XML)
Steps: 70000    Time: 70          
 CPU Time: 1.03465 min.
u_max = 0.808995 at x = 40, y = -0.234424, z = 0
u_min = 3.27539e-22 at x = -40, y = -0.5, z = 0
Time Map: Max = 49.0122, Min = 0
(Vx, Vy, Vz) = ( 5.20858 , 1.18478 , 0 ) 
Writing: "FHNLineGaussX1_timemap_7.chk"
 (0.016535s, XML)
Writing: "FHNLineGaussX1_7.chk"
 (0.001841s, XML)
Steps: 80000    Time: 80          
 CPU Time: 1.03134 min.
u_max = 5.46315e-07 at x = 40, y = -0.234424, z = 0
u_min = 6.74251e-26 at x = -40, y = -0.5, z = 0
Time Map: Max = 49.0122, Min = 0
(Vx, Vy, Vz) = ( 5.20858 , 1.18478 , 0 ) 
Writing: "FHNLineGaussX1_timemap_8.chk"
 (0.009378s, XML)
Writing: "FHNLineGaussX1_8.chk"
 (0.00181s, XML)
Steps: 90000    Time: 90          
 CPU Time: 1.04803 min.
u_max = 8.21434e-13 at x = 40, y = -0.234424, z = 0
u_min = 1.39642e-29 at x = -40, y = -0.5, z = 0
Time Map: Max = 49.0122, Min = 0
(Vx, Vy, Vz) = ( 5.20858 , 1.18478 , 0 ) 
Writing: "FHNLineGaussX1_timemap_9.chk"
 (0.013845s, XML)
Writing: "FHNLineGaussX1_9.chk"
 (0.00177s, XML)
Steps: 100000   Time: 100         
 CPU Time: 1.02408 min.
u_max = 2.36214e-18 at x = 40, y = -0.234424, z = 0
u_min = 2.91576e-33 at x = -40, y = 0.5, z = 0
Time Map: Max = 49.0122, Min = 0
(Vx, Vy, Vz) = ( 5.20858 , 1.18478 , 0 ) 
Writing: "FHNLineGaussX1_timemap_10.chk"
 (0.012966s, XML)
Writing: "FHNLineGaussX1_10.chk"
 (0.002774s, XML)
Time-integration  : 618.627s
Writing: "FHNLineGaussX1.fld"
 (0.002026s, XML)
-------------------------------------------
Total Computation Time = 6220.92s
-------------------------------------------
L 2 error (variable u) : 0
L inf error (variable u) : 2.36214e-18
