Anisotropy = [ 1 , 3.9997 ], [ 1 , 3.9997 ] 

MMFInitObejct Starts: ==============================================
MMFActivation = 66024 /  66024 ( 100 % ) 
*** 1st Moving frames are NOT in unit length, Avg mag. = 1.04902 *** 
*** 2nd Moving frames are NOT in unit length, Avg mag. = 1.04902 *** 
*** Moving frames are Orthogonal
*** MF 0 = ( 1.04902 , 0 , 0 ) 
*** MF 1 = ( 0 , 1.04902 , 0 ) 
*** MF 2 = ( 0 , 0 , 1 ) 
MMFInitObject is done ==============================================

================== SetUP Time Map moving frames ==================
*** 1st Moving frames are in unit length ***
*** 2nd Moving frames are in unit length ***
*** Moving frames are Orthogonal
*** MF 0 = ( 0.710233 , 0.703966 , 0 ) 
*** MF 1 = ( 0.703966 , 0.710233 , 0 ) 
*** MF 2 = ( 0 , 0 , 1 ) 
k = 0, m_varcoeff = ( 1.04902 , 0 , 0 , 0.0238666 , 1.1628 ) 
k = 1, m_varcoeff = ( 0 , 1.04902 , 0 , 0.0244771 , 1.1628 ) 
k = 2, m_varcoeff = ( 0 , 0 , 1 , 0 , 1 ) 
 ::::: 2D Varcoeff is Successfully Created ::::: 

=======================================================================
	        EquationType: MMFCardiacEP
	        Session Name: FHNPlaneh30PointX3G4_2
	        Spatial Dim.: 3
	  Max SEM Exp. Order: 6
	      Expansion Dim.: 2
	     Projection Type: Continuous Galerkin
	 Advect. advancement: explicit
	Diffuse. advancement: implicit
	           Time Step: 0.002
	        No. of Steps: 50000
	 Checkpoints (steps): 5000
	    Integration Type: IMEX
	             Surface: Plane
	           DerivType: Euclidean
	              MMFdir: TangentX
	    SolverSchemeType: MMFZero
	       TimeMapScheme: 0
	        TimeMapStart: 0
	          TimeMapEnd: 10000
	         TimeMapIapp: 0
	      m_TimeMapDelay: 0
	      AniRegionStart: 0
	        AniRegionEnd: 182
	       Ani1Magnitude: 4
	       Ani2Magnitude: 4
	               urest: 0
	          Cell model: Aliev-Panfilov
	                   k: 8
	                   a: 0.15
	                 eps: 0.002
	                 mu1: 0.2
	                 mu2: 0.3
=======================================================================
Initial Conditions:
  - Field u: 0 (default)
Writing: "FHNPlaneh30PointX3G4_2_initialcondition.chk"
 (0.028545s, XML)
ValidTimeMap = 1386 / 66024 ( 2.09924 % ) is De-Acitvated
Initial: u = 0.788545, max u = 9.97508
Writing: "FHNPlaneh30PointX3G4_2_initial.chk"
 (0.020449s, XML)
xmax = 40, xmin = -40, ymax = 40, ymin = -40
Steps: 5000     Time: 10          
 CPU Time: 4.6692 min.
u_max = 0.996894 at x = -19.5433, y = -0.130244, z = 0
u_min = -0.000698055 at x = -33.3775, y = -15.1017, z = 0
Time Map: Max = 10, Min = 0
(Vx, Vy, Vz) = ( 0.385153 , 0.367 , 0 ) 
Writing: "FHNPlaneh30PointX3G4_2_timemap_1.chk"
 (0.165458s, XML)
Writing: "FHNPlaneh30PointX3G4_2_1.chk"
 (0.021406s, XML)
Steps: 10000    Time: 20          
 CPU Time: 4.68071 min.
u_max = 0.998905 at x = -35.7494, y = -22.0451, z = 0
u_min = -0.00250303 at x = -27.1119, y = -33.2502, z = 0
Time Map: Max = 20, Min = 0
(Vx, Vy, Vz) = ( 1.14035 , 1.05754 , 0 ) 
Writing: "FHNPlaneh30PointX3G4_2_timemap_2.chk"
 (0.16493s, XML)
Writing: "FHNPlaneh30PointX3G4_2_2.chk"
 (0.023461s, XML)
Steps: 15000    Time: 30          
 CPU Time: 3.66673 min.
u_max = 0.998714 at x = 3.37428, y = 33.1736, z = 0
u_min = -0.00123602 at x = 26.6331, y = 20.6718, z = 0
Time Map: Max = 29.999, Min = 0
(Vx, Vy, Vz) = ( 1.86525 , 2.14439 , 0 ) 
Writing: "FHNPlaneh30PointX3G4_2_timemap_3.chk"
 (0.143337s, XML)
Writing: "FHNPlaneh30PointX3G4_2_3.chk"
 (0.024529s, XML)
Steps: 20000    Time: 40          
 CPU Time: 3.62323 min.
u_max = 0.998526 at x = 33.1684, y = 23.4012, z = 0
u_min = -0.000107092 at x = 38.7422, y = 28.5138, z = 0
Time Map: Max = 40, Min = 0
(Vx, Vy, Vz) = ( 2.04288 , 2.23013 , 0 ) 
Writing: "FHNPlaneh30PointX3G4_2_timemap_4.chk"
 (0.132908s, XML)
Writing: "FHNPlaneh30PointX3G4_2_4.chk"
 (0.020148s, XML)
Steps: 25000    Time: 50          
 CPU Time: 3.65228 min.
u_max = 0.998006 at x = 40, y = -40, z = 0
u_min = 5.5357e-12 at x = -20.5878, y = 0.0507646, z = 0
Time Map: Max = 47.7372, Min = 0
(Vx, Vy, Vz) = ( 2.08157 , 2.43709 , 0 ) 
Writing: "FHNPlaneh30PointX3G4_2_timemap_5.chk"
 (0.159622s, XML)
Writing: "FHNPlaneh30PointX3G4_2_5.chk"
 (0.025073s, XML)
Steps: 30000    Time: 60          
 CPU Time: 3.70053 min.
u_max = 0.976208 at x = 40, y = -40, z = 0
u_min = 9.69905e-16 at x = -21.7292, y = 0.0967554, z = 0
Time Map: Max = 47.7372, Min = 0
(Vx, Vy, Vz) = ( 2.08157 , 2.43709 , 0 ) 
Writing: "FHNPlaneh30PointX3G4_2_timemap_6.chk"
 (0.130064s, XML)
Writing: "FHNPlaneh30PointX3G4_2_6.chk"
 (0.020926s, XML)
Steps: 35000    Time: 70          
 CPU Time: 3.68367 min.
u_max = 0.739892 at x = 40, y = -40, z = 0
u_min = 1.77236e-19 at x = -23.014, y = -0.0919068, z = 0
Time Map: Max = 47.7372, Min = 0
(Vx, Vy, Vz) = ( 2.08157 , 2.43709 , 0 ) 
Writing: "FHNPlaneh30PointX3G4_2_timemap_7.chk"
 (0.129002s, XML)
Writing: "FHNPlaneh30PointX3G4_2_7.chk"
 (0.02049s, XML)
