Setupschemedata_3_4_3
Cm = 1.87e-11, Cn = 3.14e-09, Rf = 1.26e+08, Cm * Rf = 0.39564
v_InitObject: Node = 9600, Myelin = 2560, extracell = 0
MediumType = 1
Max Anistrength_1  = 12.9582, Anistrength_2 = 12.9582, Min Anistrength 1 = 1, Anistrength 2 = 1
GetMovingFrames: BEFORE
GetMovingFrames: AFTER
*** 1st Moving frames are NOT in unit length, Avg mag. = 6.01165 *** 
*** 2nd Moving frames are NOT in unit length, Avg mag. = 6.01165 *** 
*** Moving frames are Orthogonal
*** MF 0 = ( 0 , 6.01165 , 0 ) 
*** MF 1 = ( 6.01165 , 0 , 0 ) 
*** MF 2 = ( 0 , 0 , 1 ) 
Check MovingFrmaes: END ===================
ncdotMFFwd = ( 4.49425 , 4.5571 , 0 ) 
ncdotMFBwd = ( 3.28552 , 4.5571 , 0 ) 
Div: Euc - Cov = ( 1.00654e-10 , 1.0124e-10 , 0 ) 
Curl: Euc - Cov = ( 1.0124e-10 , 1.00654e-10 , 8.49832e-11 , 8.42842e-11 ) 
============ End of MMFInitObect ============
Elemid = 0, Nodeid = 0, e1mag = 12.9582, e2mag = 12.9582
Elemid = 1, Nodeid = 0, e1mag = 12.9582, e2mag = 12.9582
Elemid = 2, Nodeid = 0, e1mag = 12.9582, e2mag = 12.9582
Elemid = 3, Nodeid = 0, e1mag = 12.9582, e2mag = 12.9582
Elemid = 4, Nodeid = 1, e1mag = 12.9582, e2mag = 12.9582
Elemid = 5, Nodeid = 1, e1mag = 12.9582, e2mag = 12.9582
Elemid = 6, Nodeid = 1, e1mag = 12.9582, e2mag = 12.9582
Elemid = 7, Nodeid = 1, e1mag = 12.9582, e2mag = 12.9582
Elemid = 8, Nodeid = 2, e1mag = 12.9582, e2mag = 12.9582
Elemid = 9, Nodeid = 2, e1mag = 12.9582, e2mag = 12.9582
Elemid = 10, Nodeid = 2, e1mag = 12.9582, e2mag = 12.9582
Elemid = 11, Nodeid = 2, e1mag = 12.9582, e2mag = 12.9582
Elemid = 12, Nodeid = 3, e1mag = 12.9582, e2mag = 12.9582
Elemid = 13, Nodeid = 3, e1mag = 12.9582, e2mag = 12.9582
Elemid = 14, Nodeid = 3, e1mag = 12.9582, e2mag = 12.9582
Elemid = 15, Nodeid = 3, e1mag = 12.9582, e2mag = 12.9582
Elemid = 16, Nodeid = 4, e1mag = 12.9582, e2mag = 12.9582
Elemid = 17, Nodeid = 4, e1mag = 12.9582, e2mag = 12.9582
Elemid = 18, Nodeid = 4, e1mag = 12.9582, e2mag = 12.9582
Elemid = 19, Nodeid = 4, e1mag = 12.9582, e2mag = 12.9582
Elemid = 20, Nodeid = 5, e1mag = 12.9582, e2mag = 12.9582
Elemid = 21, Nodeid = 5, e1mag = 12.9582, e2mag = 12.9582
Elemid = 22, Nodeid = 5, e1mag = 12.9582, e2mag = 12.9582
Elemid = 23, Nodeid = 5, e1mag = 12.9582, e2mag = 12.9582
Elemid = 24, Nodeid = 6, e1mag = 12.9582, e2mag = 12.9582
Elemid = 25, Nodeid = 6, e1mag = 12.9582, e2mag = 12.9582
Elemid = 26, Nodeid = 6, e1mag = 12.9582, e2mag = 12.9582
Elemid = 27, Nodeid = 6, e1mag = 12.9582, e2mag = 12.9582
Elemid = 28, Nodeid = 7, e1mag = 12.9582, e2mag = 12.9582
Elemid = 29, Nodeid = 7, e1mag = 12.9582, e2mag = 12.9582
Elemid = 30, Nodeid = 7, e1mag = 12.9582, e2mag = 12.9582
Elemid = 31, Nodeid = 7, e1mag = 12.9582, e2mag = 12.9582
Elemid = 32, Nodeid = 8, e1mag = 12.9582, e2mag = 12.9582
Elemid = 33, Nodeid = 8, e1mag = 12.9582, e2mag = 12.9582
Elemid = 34, Nodeid = 8, e1mag = 12.9582, e2mag = 12.9582
Elemid = 35, Nodeid = 8, e1mag = 12.9582, e2mag = 12.9582
Elemid = 36, Nodeid = 9, e1mag = 12.9582, e2mag = 12.9582
Elemid = 37, Nodeid = 9, e1mag = 12.9582, e2mag = 12.9582
Elemid = 38, Nodeid = 9, e1mag = 12.9582, e2mag = 12.9582
Elemid = 39, Nodeid = 9, e1mag = 12.9582, e2mag = 12.9582
Elemid = 40, Nodeid = 10, e1mag = 12.9582, e2mag = 12.9582
Elemid = 41, Nodeid = 10, e1mag = 12.9582, e2mag = 12.9582
Elemid = 42, Nodeid = 10, e1mag = 12.9582, e2mag = 12.9582
Elemid = 43, Nodeid = 10, e1mag = 12.9582, e2mag = 12.9582
Elemid = 44, Nodeid = 11, e1mag = 12.9582, e2mag = 12.9582
Elemid = 45, Nodeid = 11, e1mag = 12.9582, e2mag = 12.9582
Elemid = 46, Nodeid = 11, e1mag = 12.9582, e2mag = 12.9582
Elemid = 47, Nodeid = 11, e1mag = 12.9582, e2mag = 12.9582
Elemid = 48, Nodeid = 12, e1mag = 12.9582, e2mag = 12.9582
Elemid = 49, Nodeid = 12, e1mag = 12.9582, e2mag = 12.9582
Elemid = 50, Nodeid = 12, e1mag = 12.9582, e2mag = 12.9582
Elemid = 51, Nodeid = 12, e1mag = 12.9582, e2mag = 12.9582
Elemid = 52, Nodeid = 13, e1mag = 12.9582, e2mag = 12.9582
Elemid = 53, Nodeid = 13, e1mag = 12.9582, e2mag = 12.9582
Elemid = 54, Nodeid = 13, e1mag = 12.9582, e2mag = 12.9582
Elemid = 55, Nodeid = 13, e1mag = 12.9582, e2mag = 12.9582
Elemid = 56, Nodeid = 14, e1mag = 12.9582, e2mag = 12.9582
Elemid = 57, Nodeid = 14, e1mag = 12.9582, e2mag = 12.9582
Elemid = 58, Nodeid = 14, e1mag = 12.9582, e2mag = 12.9582
Elemid = 59, Nodeid = 14, e1mag = 12.9582, e2mag = 12.9582
Elemid = 60, Nodeid = 15, e1mag = 12.9582, e2mag = 12.9582
Elemid = 61, Nodeid = 15, e1mag = 12.9582, e2mag = 12.9582
Elemid = 62, Nodeid = 15, e1mag = 12.9582, e2mag = 12.9582
Elemid = 63, Nodeid = 15, e1mag = 12.9582, e2mag = 12.9582
Elemid = 64, Nodeid = 16, e1mag = 12.9582, e2mag = 12.9582
Elemid = 65, Nodeid = 16, e1mag = 12.9582, e2mag = 12.9582
Elemid = 66, Nodeid = 16, e1mag = 12.9582, e2mag = 12.9582
Elemid = 67, Nodeid = 16, e1mag = 12.9582, e2mag = 12.9582
Elemid = 68, Nodeid = 17, e1mag = 12.9582, e2mag = 12.9582
Elemid = 69, Nodeid = 17, e1mag = 12.9582, e2mag = 12.9582
Elemid = 70, Nodeid = 17, e1mag = 12.9582, e2mag = 12.9582
Elemid = 71, Nodeid = 17, e1mag = 12.9582, e2mag = 12.9582
Elemid = 72, Nodeid = 18, e1mag = 12.9582, e2mag = 12.9582
Elemid = 73, Nodeid = 18, e1mag = 12.9582, e2mag = 12.9582
Elemid = 74, Nodeid = 18, e1mag = 12.9582, e2mag = 12.9582
Elemid = 75, Nodeid = 18, e1mag = 12.9582, e2mag = 12.9582
Elemid = 76, Nodeid = 19, e1mag = 12.9582, e2mag = 12.9582
Elemid = 77, Nodeid = 19, e1mag = 12.9582, e2mag = 12.9582
Elemid = 78, Nodeid = 19, e1mag = 12.9582, e2mag = 12.9582
Elemid = 79, Nodeid = 19, e1mag = 12.9582, e2mag = 12.9582
Elemid = 80, Nodeid = 20, e1mag = 12.9582, e2mag = 12.9582
Elemid = 81, Nodeid = 20, e1mag = 12.9582, e2mag = 12.9582
Elemid = 82, Nodeid = 20, e1mag = 12.9582, e2mag = 12.9582
Elemid = 83, Nodeid = 20, e1mag = 12.9582, e2mag = 12.9582
Elemid = 84, Nodeid = 21, e1mag = 12.9582, e2mag = 12.9582
Elemid = 85, Nodeid = 21, e1mag = 12.9582, e2mag = 12.9582
Elemid = 86, Nodeid = 21, e1mag = 12.9582, e2mag = 12.9582
Elemid = 87, Nodeid = 21, e1mag = 12.9582, e2mag = 12.9582
Elemid = 88, Nodeid = 22, e1mag = 12.9582, e2mag = 12.9582
Elemid = 89, Nodeid = 22, e1mag = 12.9582, e2mag = 12.9582
Elemid = 90, Nodeid = 22, e1mag = 12.9582, e2mag = 12.9582
Elemid = 91, Nodeid = 22, e1mag = 12.9582, e2mag = 12.9582
Elemid = 92, Nodeid = 23, e1mag = 12.9582, e2mag = 12.9582
Elemid = 93, Nodeid = 23, e1mag = 12.9582, e2mag = 12.9582
Elemid = 94, Nodeid = 23, e1mag = 12.9582, e2mag = 12.9582
Elemid = 95, Nodeid = 23, e1mag = 12.9582, e2mag = 12.9582
Elemid = 96, Nodeid = 24, e1mag = 12.9582, e2mag = 12.9582
Elemid = 97, Nodeid = 24, e1mag = 12.9582, e2mag = 12.9582
Elemid = 98, Nodeid = 24, e1mag = 12.9582, e2mag = 12.9582
Elemid = 99, Nodeid = 24, e1mag = 12.9582, e2mag = 12.9582
Elemid = 100, Nodeid = 25, e1mag = 12.9582, e2mag = 12.9582
Elemid = 101, Nodeid = 25, e1mag = 12.9582, e2mag = 12.9582
Elemid = 102, Nodeid = 25, e1mag = 12.9582, e2mag = 12.9582
Elemid = 103, Nodeid = 25, e1mag = 12.9582, e2mag = 12.9582
Elemid = 104, Nodeid = 26, e1mag = 12.9582, e2mag = 12.9582
Elemid = 105, Nodeid = 26, e1mag = 12.9582, e2mag = 12.9582
Elemid = 106, Nodeid = 26, e1mag = 12.9582, e2mag = 12.9582
Elemid = 107, Nodeid = 26, e1mag = 12.9582, e2mag = 12.9582
Elemid = 108, Nodeid = 27, e1mag = 12.9582, e2mag = 12.9582
Elemid = 109, Nodeid = 27, e1mag = 12.9582, e2mag = 12.9582
Elemid = 110, Nodeid = 27, e1mag = 12.9582, e2mag = 12.9582
Elemid = 111, Nodeid = 27, e1mag = 12.9582, e2mag = 12.9582
Elemid = 112, Nodeid = 28, e1mag = 12.9582, e2mag = 12.9582
Elemid = 113, Nodeid = 28, e1mag = 12.9582, e2mag = 12.9582
Elemid = 114, Nodeid = 28, e1mag = 12.9582, e2mag = 12.9582
Elemid = 115, Nodeid = 28, e1mag = 12.9582, e2mag = 12.9582
Elemid = 116, Nodeid = 29, e1mag = 12.9582, e2mag = 12.9582
Elemid = 117, Nodeid = 29, e1mag = 12.9582, e2mag = 12.9582
Elemid = 118, Nodeid = 29, e1mag = 12.9582, e2mag = 12.9582
Elemid = 119, Nodeid = 29, e1mag = 12.9582, e2mag = 12.9582
Elemid = 120, Nodeid = 30, e1mag = 12.9582, e2mag = 12.9582
Elemid = 121, Nodeid = 30, e1mag = 12.9582, e2mag = 12.9582
Elemid = 122, Nodeid = 30, e1mag = 12.9582, e2mag = 12.9582
Elemid = 123, Nodeid = 30, e1mag = 12.9582, e2mag = 12.9582
Elemid = 124, Nodeid = 31, e1mag = 12.9582, e2mag = 12.9582
Elemid = 125, Nodeid = 31, e1mag = 12.9582, e2mag = 12.9582
Elemid = 126, Nodeid = 31, e1mag = 12.9582, e2mag = 12.9582
Elemid = 127, Nodeid = 31, e1mag = 12.9582, e2mag = 12.9582
Elemid = 128, Nodeid = -1, e1mag = 1, e2mag = 1
Elemid = 129, Nodeid = -1, e1mag = 1, e2mag = 1
Elemid = 130, Nodeid = -1, e1mag = 1, e2mag = 1
Elemid = 131, Nodeid = -1, e1mag = 1, e2mag = 1
Elemid = 132, Nodeid = -1, e1mag = 1, e2mag = 1
Elemid = 133, Nodeid = -1, e1mag = 1, e2mag = 1
Elemid = 134, Nodeid = -1, e1mag = 1, e2mag = 1
Elemid = 135, Nodeid = -1, e1mag = 1, e2mag = 1
Elemid = 136, Nodeid = -1, e1mag = 1, e2mag = 1
Elemid = 137, Nodeid = -1, e1mag = 1, e2mag = 1
Elemid = 138, Nodeid = -1, e1mag = 1, e2mag = 1
Elemid = 139, Nodeid = -1, e1mag = 1, e2mag = 1
Elemid = 140, Nodeid = -1, e1mag = 1, e2mag = 1
Elemid = 141, Nodeid = -1, e1mag = 1, e2mag = 1
Elemid = 142, Nodeid = -1, e1mag = 1, e2mag = 1
Elemid = 143, Nodeid = -1, e1mag = 1, e2mag = 1
Elemid = 144, Nodeid = -1, e1mag = 1, e2mag = 1
Elemid = 145, Nodeid = -1, e1mag = 1, e2mag = 1
Elemid = 146, Nodeid = -1, e1mag = 1, e2mag = 1
Elemid = 147, Nodeid = -1, e1mag = 1, e2mag = 1
Elemid = 148, Nodeid = -1, e1mag = 1, e2mag = 1
Elemid = 149, Nodeid = -1, e1mag = 1, e2mag = 1
Elemid = 150, Nodeid = -1, e1mag = 1, e2mag = 1
Elemid = 151, Nodeid = -1, e1mag = 1, e2mag = 1
Elemid = 152, Nodeid = -1, e1mag = 1, e2mag = 1
Elemid = 153, Nodeid = -1, e1mag = 1, e2mag = 1
Elemid = 154, Nodeid = -1, e1mag = 1, e2mag = 1
Elemid = 155, Nodeid = -1, e1mag = 1, e2mag = 1
Elemid = 156, Nodeid = -1, e1mag = 1, e2mag = 1
Elemid = 157, Nodeid = -1, e1mag = 1, e2mag = 1
Elemid = 158, Nodeid = -1, e1mag = 1, e2mag = 1
Elemid = 159, Nodeid = -1, e1mag = 1, e2mag = 1
Elemid = 160, Nodeid = -1, e1mag = 1, e2mag = 1
Elemid = 161, Nodeid = -1, e1mag = 1, e2mag = 1
Elemid = 162, Nodeid = -1, e1mag = 1, e2mag = 1
Elemid = 163, Nodeid = -1, e1mag = 1, e2mag = 1
Elemid = 164, Nodeid = -1, e1mag = 1, e2mag = 1
Elemid = 165, Nodeid = -1, e1mag = 1, e2mag = 1
Elemid = 166, Nodeid = -1, e1mag = 1, e2mag = 1
Elemid = 167, Nodeid = -1, e1mag = 1, e2mag = 1
Elemid = 168, Nodeid = -1, e1mag = 1, e2mag = 1
Elemid = 169, Nodeid = -1, e1mag = 1, e2mag = 1
Elemid = 170, Nodeid = -1, e1mag = 1, e2mag = 1
Elemid = 171, Nodeid = -1, e1mag = 1, e2mag = 1
Elemid = 172, Nodeid = -1, e1mag = 1, e2mag = 1
Elemid = 173, Nodeid = -1, e1mag = 1, e2mag = 1
Elemid = 174, Nodeid = -1, e1mag = 1, e2mag = 1
Elemid = 175, Nodeid = -1, e1mag = 1, e2mag = 1
Elemid = 176, Nodeid = -1, e1mag = 1, e2mag = 1
Elemid = 177, Nodeid = -1, e1mag = 1, e2mag = 1
Elemid = 178, Nodeid = -1, e1mag = 1, e2mag = 1
Elemid = 179, Nodeid = -1, e1mag = 1, e2mag = 1
Elemid = 180, Nodeid = -1, e1mag = 1, e2mag = 1
Elemid = 181, Nodeid = -1, e1mag = 1, e2mag = 1
Elemid = 182, Nodeid = -1, e1mag = 1, e2mag = 1
Elemid = 183, Nodeid = -1, e1mag = 1, e2mag = 1
Elemid = 184, Nodeid = -1, e1mag = 1, e2mag = 1
Elemid = 185, Nodeid = -1, e1mag = 1, e2mag = 1
Elemid = 186, Nodeid = -1, e1mag = 1, e2mag = 1
Elemid = 187, Nodeid = -1, e1mag = 1, e2mag = 1
Elemid = 188, Nodeid = -1, e1mag = 1, e2mag = 1
Elemid = 189, Nodeid = -1, e1mag = 1, e2mag = 1
Elemid = 190, Nodeid = -1, e1mag = 1, e2mag = 1
Elemid = 191, Nodeid = -1, e1mag = 1, e2mag = 1
Elemid = 192, Nodeid = -1, e1mag = 1, e2mag = 1
Elemid = 193, Nodeid = -1, e1mag = 1, e2mag = 1
Elemid = 194, Nodeid = -1, e1mag = 1, e2mag = 1
Elemid = 195, Nodeid = -1, e1mag = 1, e2mag = 1
Elemid = 196, Nodeid = -1, e1mag = 1, e2mag = 1
Elemid = 197, Nodeid = -1, e1mag = 1, e2mag = 1
Elemid = 198, Nodeid = -1, e1mag = 1, e2mag = 1
Elemid = 199, Nodeid = -1, e1mag = 1, e2mag = 1
Elemid = 200, Nodeid = -1, e1mag = 1, e2mag = 1
Elemid = 201, Nodeid = -1, e1mag = 1, e2mag = 1
Elemid = 202, Nodeid = -1, e1mag = 1, e2mag = 1
Elemid = 203, Nodeid = -1, e1mag = 1, e2mag = 1
Elemid = 204, Nodeid = -1, e1mag = 1, e2mag = 1
Elemid = 205, Nodeid = -1, e1mag = 1, e2mag = 1
Elemid = 206, Nodeid = -1, e1mag = 1, e2mag = 1
Elemid = 207, Nodeid = -1, e1mag = 1, e2mag = 1
Elemid = 208, Nodeid = -1, e1mag = 1, e2mag = 1
Elemid = 209, Nodeid = -1, e1mag = 1, e2mag = 1
Elemid = 210, Nodeid = -1, e1mag = 1, e2mag = 1
Elemid = 211, Nodeid = -1, e1mag = 1, e2mag = 1
Elemid = 212, Nodeid = -1, e1mag = 1, e2mag = 1
Elemid = 213, Nodeid = -1, e1mag = 1, e2mag = 1
Elemid = 214, Nodeid = -1, e1mag = 1, e2mag = 1
Elemid = 215, Nodeid = -1, e1mag = 1, e2mag = 1
Elemid = 216, Nodeid = -1, e1mag = 1, e2mag = 1
Elemid = 217, Nodeid = -1, e1mag = 1, e2mag = 1
Elemid = 218, Nodeid = -1, e1mag = 1, e2mag = 1
Elemid = 219, Nodeid = -1, e1mag = 1, e2mag = 1
Elemid = 220, Nodeid = -1, e1mag = 1, e2mag = 1
Elemid = 221, Nodeid = -1, e1mag = 1, e2mag = 1
Elemid = 222, Nodeid = -1, e1mag = 1, e2mag = 1
Elemid = 223, Nodeid = -1, e1mag = 1, e2mag = 1
Elemid = 224, Nodeid = -1, e1mag = 1, e2mag = 1
Elemid = 225, Nodeid = -1, e1mag = 1, e2mag = 1
Elemid = 226, Nodeid = -1, e1mag = 1, e2mag = 1
Elemid = 227, Nodeid = -1, e1mag = 1, e2mag = 1
Elemid = 228, Nodeid = -1, e1mag = 1, e2mag = 1
Elemid = 229, Nodeid = -1, e1mag = 1, e2mag = 1
Elemid = 230, Nodeid = -1, e1mag = 1, e2mag = 1
Elemid = 231, Nodeid = -1, e1mag = 1, e2mag = 1
Elemid = 232, Nodeid = -1, e1mag = 1, e2mag = 1
Elemid = 233, Nodeid = -1, e1mag = 1, e2mag = 1
Elemid = 234, Nodeid = -1, e1mag = 1, e2mag = 1
Elemid = 235, Nodeid = -1, e1mag = 1, e2mag = 1
Elemid = 236, Nodeid = -1, e1mag = 1, e2mag = 1
Elemid = 237, Nodeid = -1, e1mag = 1, e2mag = 1
Elemid = 238, Nodeid = -1, e1mag = 1, e2mag = 1
Elemid = 239, Nodeid = -1, e1mag = 1, e2mag = 1
Elemid = 240, Nodeid = -1, e1mag = 1, e2mag = 1
Elemid = 241, Nodeid = -1, e1mag = 1, e2mag = 1
Elemid = 242, Nodeid = -1, e1mag = 1, e2mag = 1
Elemid = 243, Nodeid = -1, e1mag = 1, e2mag = 1
Elemid = 244, Nodeid = -1, e1mag = 1, e2mag = 1
Elemid = 245, Nodeid = -1, e1mag = 1, e2mag = 1
Elemid = 246, Nodeid = -1, e1mag = 1, e2mag = 1
Elemid = 247, Nodeid = -1, e1mag = 1, e2mag = 1
Elemid = 248, Nodeid = -1, e1mag = 1, e2mag = 1
Elemid = 249, Nodeid = -1, e1mag = 1, e2mag = 1
Elemid = 250, Nodeid = -1, e1mag = 1, e2mag = 1
Elemid = 251, Nodeid = -1, e1mag = 1, e2mag = 1
Elemid = 252, Nodeid = -1, e1mag = 1, e2mag = 1
Elemid = 253, Nodeid = -1, e1mag = 1, e2mag = 1
Elemid = 254, Nodeid = -1, e1mag = 1, e2mag = 1
Elemid = 255, Nodeid = -1, e1mag = 1, e2mag = 1
Elemid = 256, Nodeid = -1, e1mag = 1, e2mag = 1
Elemid = 257, Nodeid = -1, e1mag = 1, e2mag = 1
Elemid = 258, Nodeid = -1, e1mag = 1, e2mag = 1
Elemid = 259, Nodeid = -1, e1mag = 1, e2mag = 1
Elemid = 260, Nodeid = -1, e1mag = 1, e2mag = 1
Elemid = 261, Nodeid = -1, e1mag = 1, e2mag = 1
Elemid = 262, Nodeid = -1, e1mag = 1, e2mag = 1
Elemid = 263, Nodeid = -1, e1mag = 1, e2mag = 1
Elemid = 264, Nodeid = -1, e1mag = 1, e2mag = 1
Elemid = 265, Nodeid = -1, e1mag = 1, e2mag = 1
Elemid = 266, Nodeid = -1, e1mag = 1, e2mag = 1
Elemid = 267, Nodeid = -1, e1mag = 1, e2mag = 1
Elemid = 268, Nodeid = -1, e1mag = 1, e2mag = 1
Elemid = 269, Nodeid = -1, e1mag = 1, e2mag = 1
Elemid = 270, Nodeid = -1, e1mag = 1, e2mag = 1
Elemid = 271, Nodeid = -1, e1mag = 1, e2mag = 1
Elemid = 272, Nodeid = -1, e1mag = 1, e2mag = 1
Elemid = 273, Nodeid = -1, e1mag = 1, e2mag = 1
Elemid = 274, Nodeid = -1, e1mag = 1, e2mag = 1
Elemid = 275, Nodeid = -1, e1mag = 1, e2mag = 1
Elemid = 276, Nodeid = -1, e1mag = 1, e2mag = 1
Elemid = 277, Nodeid = -1, e1mag = 1, e2mag = 1
Elemid = 278, Nodeid = -1, e1mag = 1, e2mag = 1
Elemid = 279, Nodeid = -1, e1mag = 1, e2mag = 1
Elemid = 280, Nodeid = -1, e1mag = 1, e2mag = 1
Elemid = 281, Nodeid = -1, e1mag = 1, e2mag = 1
Elemid = 282, Nodeid = -1, e1mag = 1, e2mag = 1
Elemid = 283, Nodeid = -1, e1mag = 1, e2mag = 1
Elemid = 284, Nodeid = -1, e1mag = 1, e2mag = 1
Elemid = 285, Nodeid = -1, e1mag = 1, e2mag = 1
Elemid = 286, Nodeid = -1, e1mag = 1, e2mag = 1
Elemid = 287, Nodeid = -1, e1mag = 1, e2mag = 1
Elemid = 288, Nodeid = -1, e1mag = 1, e2mag = 1
Elemid = 289, Nodeid = -1, e1mag = 1, e2mag = 1
Elemid = 290, Nodeid = -1, e1mag = 1, e2mag = 1
Elemid = 291, Nodeid = -1, e1mag = 1, e2mag = 1
Elemid = 292, Nodeid = -1, e1mag = 1, e2mag = 1
Elemid = 293, Nodeid = -1, e1mag = 1, e2mag = 1
Elemid = 294, Nodeid = -1, e1mag = 1, e2mag = 1
Elemid = 295, Nodeid = -1, e1mag = 1, e2mag = 1
Elemid = 296, Nodeid = -1, e1mag = 1, e2mag = 1
Elemid = 297, Nodeid = -1, e1mag = 1, e2mag = 1
Elemid = 298, Nodeid = -1, e1mag = 1, e2mag = 1
Elemid = 299, Nodeid = -1, e1mag = 1, e2mag = 1
Elemid = 300, Nodeid = -1, e1mag = 1, e2mag = 1
Elemid = 301, Nodeid = -1, e1mag = 1, e2mag = 1
Elemid = 302, Nodeid = -1, e1mag = 1, e2mag = 1
Elemid = 303, Nodeid = -1, e1mag = 1, e2mag = 1
Elemid = 304, Nodeid = -1, e1mag = 1, e2mag = 1
Elemid = 305, Nodeid = -1, e1mag = 1, e2mag = 1
Elemid = 306, Nodeid = -1, e1mag = 1, e2mag = 1
Elemid = 307, Nodeid = -1, e1mag = 1, e2mag = 1
Elemid = 308, Nodeid = -1, e1mag = 1, e2mag = 1
Elemid = 309, Nodeid = -1, e1mag = 1, e2mag = 1
Elemid = 310, Nodeid = -1, e1mag = 1, e2mag = 1
Elemid = 311, Nodeid = -1, e1mag = 1, e2mag = 1
Elemid = 312, Nodeid = -1, e1mag = 1, e2mag = 1
Elemid = 313, Nodeid = -1, e1mag = 1, e2mag = 1
Elemid = 314, Nodeid = -1, e1mag = 1, e2mag = 1
Elemid = 315, Nodeid = -1, e1mag = 1, e2mag = 1
Elemid = 316, Nodeid = -1, e1mag = 1, e2mag = 1
Elemid = 317, Nodeid = -1, e1mag = 1, e2mag = 1
Elemid = 318, Nodeid = -1, e1mag = 1, e2mag = 1
Elemid = 319, Nodeid = -1, e1mag = 1, e2mag = 1
Elemid = 320, Nodeid = -1, e1mag = 1, e2mag = 1
Elemid = 321, Nodeid = -1, e1mag = 1, e2mag = 1
Elemid = 322, Nodeid = -1, e1mag = 1, e2mag = 1
Elemid = 323, Nodeid = -1, e1mag = 1, e2mag = 1
Elemid = 324, Nodeid = -1, e1mag = 1, e2mag = 1
Elemid = 325, Nodeid = -1, e1mag = 1, e2mag = 1
Elemid = 326, Nodeid = -1, e1mag = 1, e2mag = 1
Elemid = 327, Nodeid = -1, e1mag = 1, e2mag = 1
Elemid = 328, Nodeid = -1, e1mag = 1, e2mag = 1
Elemid = 329, Nodeid = -1, e1mag = 1, e2mag = 1
Elemid = 330, Nodeid = -1, e1mag = 1, e2mag = 1
Elemid = 331, Nodeid = -1, e1mag = 1, e2mag = 1
Elemid = 332, Nodeid = -1, e1mag = 1, e2mag = 1
Elemid = 333, Nodeid = -1, e1mag = 1, e2mag = 1
Elemid = 334, Nodeid = -1, e1mag = 1, e2mag = 1
Elemid = 335, Nodeid = -1, e1mag = 1, e2mag = 1
Elemid = 336, Nodeid = -1, e1mag = 1, e2mag = 1
Elemid = 337, Nodeid = -1, e1mag = 1, e2mag = 1
Elemid = 338, Nodeid = -1, e1mag = 1, e2mag = 1
Elemid = 339, Nodeid = -1, e1mag = 1, e2mag = 1
Elemid = 340, Nodeid = -1, e1mag = 1, e2mag = 1
Elemid = 341, Nodeid = -1, e1mag = 1, e2mag = 1
Elemid = 342, Nodeid = -1, e1mag = 1, e2mag = 1
Elemid = 343, Nodeid = -1, e1mag = 1, e2mag = 1
Elemid = 344, Nodeid = -1, e1mag = 1, e2mag = 1
Elemid = 345, Nodeid = -1, e1mag = 1, e2mag = 1
Elemid = 346, Nodeid = -1, e1mag = 1, e2mag = 1
Elemid = 347, Nodeid = -1, e1mag = 1, e2mag = 1
Elemid = 348, Nodeid = -1, e1mag = 1, e2mag = 1
Elemid = 349, Nodeid = -1, e1mag = 1, e2mag = 1
Elemid = 350, Nodeid = -1, e1mag = 1, e2mag = 1
Elemid = 351, Nodeid = -1, e1mag = 1, e2mag = 1
Elemid = 352, Nodeid = -1, e1mag = 1, e2mag = 1
Elemid = 353, Nodeid = -1, e1mag = 1, e2mag = 1
Elemid = 354, Nodeid = -1, e1mag = 1, e2mag = 1
Elemid = 355, Nodeid = -1, e1mag = 1, e2mag = 1
Elemid = 356, Nodeid = -1, e1mag = 1, e2mag = 1
Elemid = 357, Nodeid = -1, e1mag = 1, e2mag = 1
Elemid = 358, Nodeid = -1, e1mag = 1, e2mag = 1
Elemid = 359, Nodeid = -1, e1mag = 1, e2mag = 1
Elemid = 360, Nodeid = -1, e1mag = 1, e2mag = 1
Elemid = 361, Nodeid = -1, e1mag = 1, e2mag = 1
Elemid = 362, Nodeid = -1, e1mag = 1, e2mag = 1
Elemid = 363, Nodeid = -1, e1mag = 1, e2mag = 1
Elemid = 364, Nodeid = -1, e1mag = 1, e2mag = 1
Elemid = 365, Nodeid = -1, e1mag = 1, e2mag = 1
Elemid = 366, Nodeid = -1, e1mag = 1, e2mag = 1
Elemid = 367, Nodeid = -1, e1mag = 1, e2mag = 1
Elemid = 368, Nodeid = -1, e1mag = 1, e2mag = 1
Elemid = 369, Nodeid = -1, e1mag = 1, e2mag = 1
Elemid = 370, Nodeid = -1, e1mag = 1, e2mag = 1
Elemid = 371, Nodeid = -1, e1mag = 1, e2mag = 1
Elemid = 372, Nodeid = -1, e1mag = 1, e2mag = 1
Elemid = 373, Nodeid = -1, e1mag = 1, e2mag = 1
Elemid = 374, Nodeid = -1, e1mag = 1, e2mag = 1
Elemid = 375, Nodeid = -1, e1mag = 1, e2mag = 1
Elemid = 376, Nodeid = -1, e1mag = 1, e2mag = 1
Elemid = 377, Nodeid = -1, e1mag = 1, e2mag = 1
Elemid = 378, Nodeid = -1, e1mag = 1, e2mag = 1
Elemid = 379, Nodeid = -1, e1mag = 1, e2mag = 1
Elemid = 380, Nodeid = -1, e1mag = 1, e2mag = 1
Elemid = 381, Nodeid = -1, e1mag = 1, e2mag = 1
Elemid = 382, Nodeid = -1, e1mag = 1, e2mag = 1
Elemid = 383, Nodeid = -1, e1mag = 1, e2mag = 1
Elemid = 384, Nodeid = -1, e1mag = 1, e2mag = 1
Elemid = 385, Nodeid = -1, e1mag = 1, e2mag = 1
Elemid = 386, Nodeid = -1, e1mag = 1, e2mag = 1
Elemid = 387, Nodeid = -1, e1mag = 1, e2mag = 1
Elemid = 388, Nodeid = -1, e1mag = 1, e2mag = 1
Elemid = 389, Nodeid = -1, e1mag = 1, e2mag = 1
Elemid = 390, Nodeid = -1, e1mag = 1, e2mag = 1
Elemid = 391, Nodeid = -1, e1mag = 1, e2mag = 1
Elemid = 392, Nodeid = -1, e1mag = 1, e2mag = 1
Elemid = 393, Nodeid = -1, e1mag = 1, e2mag = 1
Elemid = 394, Nodeid = -1, e1mag = 1, e2mag = 1
Elemid = 395, Nodeid = -1, e1mag = 1, e2mag = 1
Elemid = 396, Nodeid = -1, e1mag = 1, e2mag = 1
Elemid = 397, Nodeid = -1, e1mag = 1, e2mag = 1
Elemid = 398, Nodeid = -1, e1mag = 1, e2mag = 1
Elemid = 399, Nodeid = -1, e1mag = 1, e2mag = 1
Elemid = 400, Nodeid = -1, e1mag = 1, e2mag = 1
Elemid = 401, Nodeid = -1, e1mag = 1, e2mag = 1
Elemid = 402, Nodeid = -1, e1mag = 1, e2mag = 1
Elemid = 403, Nodeid = -1, e1mag = 1, e2mag = 1
Elemid = 404, Nodeid = -1, e1mag = 1, e2mag = 1
Elemid = 405, Nodeid = -1, e1mag = 1, e2mag = 1
Elemid = 406, Nodeid = -1, e1mag = 1, e2mag = 1
Elemid = 407, Nodeid = -1, e1mag = 1, e2mag = 1
Elemid = 408, Nodeid = -1, e1mag = 1, e2mag = 1
Elemid = 409, Nodeid = -1, e1mag = 1, e2mag = 1
Elemid = 410, Nodeid = -1, e1mag = 1, e2mag = 1
Elemid = 411, Nodeid = -1, e1mag = 1, e2mag = 1
Elemid = 412, Nodeid = -1, e1mag = 1, e2mag = 1
Elemid = 413, Nodeid = -1, e1mag = 1, e2mag = 1
Elemid = 414, Nodeid = -1, e1mag = 1, e2mag = 1
Elemid = 415, Nodeid = -1, e1mag = 1, e2mag = 1
Elemid = 416, Nodeid = -1, e1mag = 1, e2mag = 1
Elemid = 417, Nodeid = -1, e1mag = 1, e2mag = 1
Elemid = 418, Nodeid = -1, e1mag = 1, e2mag = 1
Elemid = 419, Nodeid = -1, e1mag = 1, e2mag = 1
Elemid = 420, Nodeid = -1, e1mag = 1, e2mag = 1
Elemid = 421, Nodeid = -1, e1mag = 1, e2mag = 1
Elemid = 422, Nodeid = -1, e1mag = 1, e2mag = 1
Elemid = 423, Nodeid = -1, e1mag = 1, e2mag = 1
Elemid = 424, Nodeid = -1, e1mag = 1, e2mag = 1
Elemid = 425, Nodeid = -1, e1mag = 1, e2mag = 1
Elemid = 426, Nodeid = -1, e1mag = 1, e2mag = 1
Elemid = 427, Nodeid = -1, e1mag = 1, e2mag = 1
Elemid = 428, Nodeid = -1, e1mag = 1, e2mag = 1
Elemid = 429, Nodeid = -1, e1mag = 1, e2mag = 1
Elemid = 430, Nodeid = -1, e1mag = 1, e2mag = 1
Elemid = 431, Nodeid = -1, e1mag = 1, e2mag = 1
Elemid = 432, Nodeid = -1, e1mag = 1, e2mag = 1
Elemid = 433, Nodeid = -1, e1mag = 1, e2mag = 1
Elemid = 434, Nodeid = -1, e1mag = 1, e2mag = 1
Elemid = 435, Nodeid = -1, e1mag = 1, e2mag = 1
Elemid = 436, Nodeid = -1, e1mag = 1, e2mag = 1
Elemid = 437, Nodeid = -1, e1mag = 1, e2mag = 1
Elemid = 438, Nodeid = -1, e1mag = 1, e2mag = 1
Elemid = 439, Nodeid = -1, e1mag = 1, e2mag = 1
Elemid = 440, Nodeid = -1, e1mag = 1, e2mag = 1
Elemid = 441, Nodeid = -1, e1mag = 1, e2mag = 1
Elemid = 442, Nodeid = -1, e1mag = 1, e2mag = 1
Elemid = 443, Nodeid = -1, e1mag = 1, e2mag = 1
Elemid = 444, Nodeid = -1, e1mag = 1, e2mag = 1
Elemid = 445, Nodeid = -1, e1mag = 1, e2mag = 1
Elemid = 446, Nodeid = -1, e1mag = 1, e2mag = 1
Elemid = 447, Nodeid = -1, e1mag = 1, e2mag = 1
Elemid = 448, Nodeid = -1, e1mag = 1, e2mag = 1
Elemid = 449, Nodeid = -1, e1mag = 1, e2mag = 1
Elemid = 450, Nodeid = -1, e1mag = 1, e2mag = 1
Elemid = 451, Nodeid = -1, e1mag = 1, e2mag = 1
Elemid = 452, Nodeid = -1, e1mag = 1, e2mag = 1
Elemid = 453, Nodeid = -1, e1mag = 1, e2mag = 1
Elemid = 454, Nodeid = -1, e1mag = 1, e2mag = 1
Elemid = 455, Nodeid = -1, e1mag = 1, e2mag = 1
Elemid = 456, Nodeid = -1, e1mag = 1, e2mag = 1
Elemid = 457, Nodeid = -1, e1mag = 1, e2mag = 1
Elemid = 458, Nodeid = -1, e1mag = 1, e2mag = 1
Elemid = 459, Nodeid = -1, e1mag = 1, e2mag = 1
Elemid = 460, Nodeid = -1, e1mag = 1, e2mag = 1
Elemid = 461, Nodeid = -1, e1mag = 1, e2mag = 1
Elemid = 462, Nodeid = -1, e1mag = 1, e2mag = 1
Elemid = 463, Nodeid = -1, e1mag = 1, e2mag = 1
Elemid = 464, Nodeid = -1, e1mag = 1, e2mag = 1
Elemid = 465, Nodeid = -1, e1mag = 1, e2mag = 1
Elemid = 466, Nodeid = -1, e1mag = 1, e2mag = 1
Elemid = 467, Nodeid = -1, e1mag = 1, e2mag = 1
Elemid = 468, Nodeid = -1, e1mag = 1, e2mag = 1
Elemid = 469, Nodeid = -1, e1mag = 1, e2mag = 1
Elemid = 470, Nodeid = -1, e1mag = 1, e2mag = 1
Elemid = 471, Nodeid = -1, e1mag = 1, e2mag = 1
Elemid = 472, Nodeid = -1, e1mag = 1, e2mag = 1
Elemid = 473, Nodeid = -1, e1mag = 1, e2mag = 1
Elemid = 474, Nodeid = -1, e1mag = 1, e2mag = 1
Elemid = 475, Nodeid = -1, e1mag = 1, e2mag = 1
Elemid = 476, Nodeid = -1, e1mag = 1, e2mag = 1
Elemid = 477, Nodeid = -1, e1mag = 1, e2mag = 1
Elemid = 478, Nodeid = -1, e1mag = 1, e2mag = 1
Elemid = 479, Nodeid = -1, e1mag = 1, e2mag = 1
Elemid = 480, Nodeid = -1, e1mag = 1, e2mag = 1
Elemid = 481, Nodeid = -1, e1mag = 1, e2mag = 1
Elemid = 482, Nodeid = -1, e1mag = 1, e2mag = 1
Elemid = 483, Nodeid = -1, e1mag = 1, e2mag = 1
Elemid = 484, Nodeid = -1, e1mag = 1, e2mag = 1
Elemid = 485, Nodeid = -1, e1mag = 1, e2mag = 1
Elemid = 486, Nodeid = -1, e1mag = 1, e2mag = 1
Elemid = 487, Nodeid = -1, e1mag = 1, e2mag = 1
Elemid = 488, Nodeid = -1, e1mag = 1, e2mag = 1
Elemid = 489, Nodeid = -1, e1mag = 1, e2mag = 1
Elemid = 490, Nodeid = -1, e1mag = 1, e2mag = 1
Elemid = 491, Nodeid = -1, e1mag = 1, e2mag = 1
Elemid = 492, Nodeid = -1, e1mag = 1, e2mag = 1
Elemid = 493, Nodeid = -1, e1mag = 1, e2mag = 1
Elemid = 494, Nodeid = -1, e1mag = 1, e2mag = 1
Elemid = 495, Nodeid = -1, e1mag = 1, e2mag = 1
Elemid = 496, Nodeid = -1, e1mag = 1, e2mag = 1
Elemid = 497, Nodeid = -1, e1mag = 1, e2mag = 1
Elemid = 498, Nodeid = -1, e1mag = 1, e2mag = 1
Elemid = 499, Nodeid = -1, e1mag = 1, e2mag = 1
Elemid = 500, Nodeid = -1, e1mag = 1, e2mag = 1
Elemid = 501, Nodeid = -1, e1mag = 1, e2mag = 1
Elemid = 502, Nodeid = -1, e1mag = 1, e2mag = 1
Elemid = 503, Nodeid = -1, e1mag = 1, e2mag = 1
Elemid = 504, Nodeid = -1, e1mag = 1, e2mag = 1
Elemid = 505, Nodeid = -1, e1mag = 1, e2mag = 1
Elemid = 506, Nodeid = -1, e1mag = 1, e2mag = 1
Elemid = 507, Nodeid = -1, e1mag = 1, e2mag = 1
Elemid = 508, Nodeid = -1, e1mag = 1, e2mag = 1
Elemid = 509, Nodeid = -1, e1mag = 1, e2mag = 1
Elemid = 510, Nodeid = -1, e1mag = 1, e2mag = 1
Elemid = 511, Nodeid = -1, e1mag = 1, e2mag = 1
Elemid = 512, Nodeid = -1, e1mag = 1, e2mag = 1
Elemid = 513, Nodeid = -1, e1mag = 1, e2mag = 1
Elemid = 514, Nodeid = -1, e1mag = 1, e2mag = 1
Elemid = 515, Nodeid = -1, e1mag = 1, e2mag = 1
Elemid = 516, Nodeid = -1, e1mag = 1, e2mag = 1
Elemid = 517, Nodeid = -1, e1mag = 1, e2mag = 1
Elemid = 518, Nodeid = -1, e1mag = 1, e2mag = 1
Elemid = 519, Nodeid = -1, e1mag = 1, e2mag = 1
Elemid = 520, Nodeid = -1, e1mag = 1, e2mag = 1
Elemid = 521, Nodeid = -1, e1mag = 1, e2mag = 1
Elemid = 522, Nodeid = -1, e1mag = 1, e2mag = 1
Elemid = 523, Nodeid = -1, e1mag = 1, e2mag = 1
Elemid = 524, Nodeid = -1, e1mag = 1, e2mag = 1
Elemid = 525, Nodeid = -1, e1mag = 1, e2mag = 1
Elemid = 526, Nodeid = -1, e1mag = 1, e2mag = 1
Elemid = 527, Nodeid = -1, e1mag = 1, e2mag = 1
Elemid = 528, Nodeid = -1, e1mag = 1, e2mag = 1
Elemid = 529, Nodeid = -1, e1mag = 1, e2mag = 1
Elemid = 530, Nodeid = -1, e1mag = 1, e2mag = 1
Elemid = 531, Nodeid = -1, e1mag = 1, e2mag = 1
Elemid = 532, Nodeid = -1, e1mag = 1, e2mag = 1
Elemid = 533, Nodeid = -1, e1mag = 1, e2mag = 1
Elemid = 534, Nodeid = -1, e1mag = 1, e2mag = 1
Elemid = 535, Nodeid = -1, e1mag = 1, e2mag = 1
Elemid = 536, Nodeid = -1, e1mag = 1, e2mag = 1
Elemid = 537, Nodeid = -1, e1mag = 1, e2mag = 1
Elemid = 538, Nodeid = -1, e1mag = 1, e2mag = 1
Elemid = 539, Nodeid = -1, e1mag = 1, e2mag = 1
Elemid = 540, Nodeid = -1, e1mag = 1, e2mag = 1
Elemid = 541, Nodeid = -1, e1mag = 1, e2mag = 1
Elemid = 542, Nodeid = -1, e1mag = 1, e2mag = 1
Elemid = 543, Nodeid = -1, e1mag = 1, e2mag = 1
Elemid = 544, Nodeid = -1, e1mag = 1, e2mag = 1
Elemid = 545, Nodeid = -1, e1mag = 1, e2mag = 1
Elemid = 546, Nodeid = -1, e1mag = 1, e2mag = 1
Elemid = 547, Nodeid = -1, e1mag = 1, e2mag = 1
Elemid = 548, Nodeid = -1, e1mag = 1, e2mag = 1
Elemid = 549, Nodeid = -1, e1mag = 1, e2mag = 1
Elemid = 550, Nodeid = -1, e1mag = 1, e2mag = 1
Elemid = 551, Nodeid = -1, e1mag = 1, e2mag = 1
Elemid = 552, Nodeid = -1, e1mag = 1, e2mag = 1
Elemid = 553, Nodeid = -1, e1mag = 1, e2mag = 1
Elemid = 554, Nodeid = -1, e1mag = 1, e2mag = 1
Elemid = 555, Nodeid = -1, e1mag = 1, e2mag = 1
Elemid = 556, Nodeid = -1, e1mag = 1, e2mag = 1
Elemid = 557, Nodeid = -1, e1mag = 1, e2mag = 1
Elemid = 558, Nodeid = -1, e1mag = 1, e2mag = 1
Elemid = 559, Nodeid = -1, e1mag = 1, e2mag = 1
Elemid = 560, Nodeid = -1, e1mag = 1, e2mag = 1
Elemid = 561, Nodeid = -1, e1mag = 1, e2mag = 1
Elemid = 562, Nodeid = -1, e1mag = 1, e2mag = 1
Elemid = 563, Nodeid = -1, e1mag = 1, e2mag = 1
Elemid = 564, Nodeid = -1, e1mag = 1, e2mag = 1
Elemid = 565, Nodeid = -1, e1mag = 1, e2mag = 1
Elemid = 566, Nodeid = -1, e1mag = 1, e2mag = 1
Elemid = 567, Nodeid = -1, e1mag = 1, e2mag = 1
Elemid = 568, Nodeid = -1, e1mag = 1, e2mag = 1
Elemid = 569, Nodeid = -1, e1mag = 1, e2mag = 1
Elemid = 570, Nodeid = -1, e1mag = 1, e2mag = 1
Elemid = 571, Nodeid = -1, e1mag = 1, e2mag = 1
Elemid = 572, Nodeid = -1, e1mag = 1, e2mag = 1
Elemid = 573, Nodeid = -1, e1mag = 1, e2mag = 1
Elemid = 574, Nodeid = -1, e1mag = 1, e2mag = 1
Elemid = 575, Nodeid = -1, e1mag = 1, e2mag = 1
Elemid = 576, Nodeid = -1, e1mag = 1, e2mag = 1
Elemid = 577, Nodeid = -1, e1mag = 1, e2mag = 1
Elemid = 578, Nodeid = -1, e1mag = 1, e2mag = 1
Elemid = 579, Nodeid = -1, e1mag = 1, e2mag = 1
Elemid = 580, Nodeid = -1, e1mag = 1, e2mag = 1
Elemid = 581, Nodeid = -1, e1mag = 1, e2mag = 1
Elemid = 582, Nodeid = -1, e1mag = 1, e2mag = 1
Elemid = 583, Nodeid = -1, e1mag = 1, e2mag = 1
Elemid = 584, Nodeid = -1, e1mag = 1, e2mag = 1
Elemid = 585, Nodeid = -1, e1mag = 1, e2mag = 1
Elemid = 586, Nodeid = -1, e1mag = 1, e2mag = 1
Elemid = 587, Nodeid = -1, e1mag = 1, e2mag = 1
Elemid = 588, Nodeid = -1, e1mag = 1, e2mag = 1
Elemid = 589, Nodeid = -1, e1mag = 1, e2mag = 1
Elemid = 590, Nodeid = -1, e1mag = 1, e2mag = 1
Elemid = 591, Nodeid = -1, e1mag = 1, e2mag = 1
Elemid = 592, Nodeid = -1, e1mag = 1, e2mag = 1
Elemid = 593, Nodeid = -1, e1mag = 1, e2mag = 1
Elemid = 594, Nodeid = -1, e1mag = 1, e2mag = 1
Elemid = 595, Nodeid = -1, e1mag = 1, e2mag = 1
Elemid = 596, Nodeid = -1, e1mag = 1, e2mag = 1
Elemid = 597, Nodeid = -1, e1mag = 1, e2mag = 1
Elemid = 598, Nodeid = -1, e1mag = 1, e2mag = 1
Elemid = 599, Nodeid = -1, e1mag = 1, e2mag = 1
Elemid = 600, Nodeid = -1, e1mag = 1, e2mag = 1
Elemid = 601, Nodeid = -1, e1mag = 1, e2mag = 1
Elemid = 602, Nodeid = -1, e1mag = 1, e2mag = 1
Elemid = 603, Nodeid = -1, e1mag = 1, e2mag = 1
Elemid = 604, Nodeid = -1, e1mag = 1, e2mag = 1
Elemid = 605, Nodeid = -1, e1mag = 1, e2mag = 1
Elemid = 606, Nodeid = -1, e1mag = 1, e2mag = 1
Elemid = 607, Nodeid = -1, e1mag = 1, e2mag = 1

Constructing phieunitMF ================================================
SetUp 2D MF: ***********************************************************
LOCAL construction for 608 elements, adapated from MF1 = 336, MF2 = 234, MF3 = 38
*** 1st Moving frames are in unit length ***
*** 2nd Moving frames are in unit length ***
*** Moving frames are Orthogonal
*** MF 0 = ( 0.447787 , 0.89414 , 0 ) 
*** MF 1 = ( 0.89414 , 0.447787 , 0 ) 
*** MF 2 = ( 0 , 0 , 1 ) 
Check MovingFrmaes: END ===================
*** 1st Moving frames are in unit length ***
*** 2nd Moving frames are in unit length ***
*** Moving frames are Orthogonal
*** MF 0 = ( 0.447787 , 0.89414 , 0 ) 
*** MF 1 = ( 0.89414 , 0.447787 , 0 ) 
*** MF 2 = ( 0 , 0 , 1 ) 
Check MovingFrmaes: END ===================

Constructing phieMF ================================================
SetUp 2D MF: ***********************************************************
LOCAL construction for 608 elements, adapated from MF1 = 336, MF2 = 234, MF3 = 38
*** 1st Moving frames are NOT in unit length, Avg mag. = 1.41421 *** 
*** 2nd Moving frames are NOT in unit length, Avg mag. = 1.41421 *** 
*** Moving frames are Orthogonal
*** MF 0 = ( 0.633266 , 1.26451 , 0 ) 
*** MF 1 = ( 1.26451 , 0.633266 , 0 ) 
*** MF 2 = ( 0 , 0 , 1 ) 
Check MovingFrmaes: END ===================
*** 1st Moving frames are NOT in unit length, Avg mag. = 1.41421 *** 
*** 2nd Moving frames are NOT in unit length, Avg mag. = 1.41421 *** 
*** Moving frames are Orthogonal
*** MF 0 = ( 0.633266 , 1.26451 , 0 ) 
*** MF 1 = ( 1.26451 , 0.633266 , 0 ) 
*** MF 2 = ( 0 , 0 , 1 ) 
Check MovingFrmaes: END ===================
m_varcoeff = 0 , 6.01165 , 0 , 1.00654e-10 , 77.0496
 ::::: 2D Varcoeff is Successfully Created ::::: 
m_varcoeff = 0.633266 , 1.26451 , 0 , 2.06335e-08 , 2
 ::::: 2D Varcoeff is Successfully Created ::::: 
=======================================================================
	        EquationType: MMFNeuralEP
	        Session Name: Fiber2DL06bi
	        Spatial Dim.: 3
	  Max SEM Exp. Order: 4
	      Expansion Dim.: 2
	     Projection Type: Discontinuous Galerkin
	 Advect. advancement: explicit
	Diffuse. advancement: implicit
	           Time Step: 5e-08
	        No. of Steps: 60000000
	 Checkpoints (steps): 20000
	    Integration Type: IMEX
	             Surface: Plane
	           DerivType: Euclidean
	          MediumType: Anisotropy
	              MMFdir: TangentY
	        NeuralEPType: NeuralEP2D
	    SolverSchemeType: Default
	             TimeMap: DeActivated
	        TimeMapStart: 0
	          TimeMapEnd: 10000
	         ElemNodeEnd: 127
	       ElemMyelenEnd: 607
	         Temperature: 24
	             Helmtau: 1
=======================================================================
Initial Conditions:
  - Field um: 0
  - Field ue: 0
Initial: max um = 0
Initial: max ue = 0
Writing: "Fiber2DL06bi_initial.chk"
 (0.000514685s, XML)
Steps: 20000    Time: 0.001       
 CPU Time: 15.9534 min.
u_max = 108.032 at x = 0.00025, y = 0, z = 0
 
(Nodeid,phim,phie): (0,107.979,-0.099442), (1,107.774,-0.152365), (2,2.1647,-0.149736), (3,0.0421614,-0.144404), (4,-0.000188489,-0.139251), (5,-0.00103428,-0.134097), (6,-0.00105116,-0.129301), (7,-0.00105139,-0.12379), (8,-0.00105146,-0.118637), (9,-0.0010515,-0.113483), (10,-0.00105149,-0.10833), (11,-0.00105148,-0.103534), (12,-0.00105158,-0.0980232), (13,-0.0010515,-0.0928698), (14,-0.00105148,-0.0877164), (15,-0.00105148,-0.0825629), (16,-0.00105152,-0.0777673), (17,-0.00105155,-0.0722559), (18,-0.00105147,-0.0674603), (19,-0.00105148,-0.0623069), (20,-0.00105152,-0.0567956), (21,-0.00105151,-0.052), (22,-0.0010515,-0.0464886), (23,-0.00105155,-0.041693), (24,-0.00105151,-0.0365395), (25,-0.00105151,-0.0310282), (26,-0.00105152,-0.0262326), (27,-0.00105151,-0.0207212), (28,-0.00105151,-0.0155678), (29,-0.00105151,-0.0107722), (30,-0.00105151,-0.00526083), (31,-0.0010515,-0.000465244),  

Writing: "Fiber2DL06bi_1.chk"
 (0.00301195s, XML)
Steps: 40000    Time: 0.002       
 CPU Time: 15.8539 min.
u_max = 110.211 at x = 0.00025, y = 0, z = 0
 
(Nodeid,phim,phie): (0,110.158,-0.0994407), (1,109.953,-0.152362), (2,2.2448,-0.149733), (3,0.0437576,-0.144401), (4,-0.000159042,-0.139247), (5,-0.00103624,-0.134094), (6,-0.00105374,-0.129298), (7,-0.00105402,-0.123787), (8,-0.00105417,-0.118634), (9,-0.00105413,-0.11348), (10,-0.00105406,-0.108327), (11,-0.00105411,-0.103532), (12,-0.00105408,-0.0980209), (13,-0.00105413,-0.0928676), (14,-0.001054,-0.0877143), (15,-0.00105414,-0.082561), (16,-0.00105407,-0.0777655), (17,-0.00105412,-0.0722542), (18,-0.0010542,-0.0674587), (19,-0.00105411,-0.0623054), (20,-0.00105412,-0.0567942), (21,-0.00105414,-0.0519987), (22,-0.00105412,-0.0464875), (23,-0.00105409,-0.041692), (24,-0.00105411,-0.0365387), (25,-0.00105412,-0.0310275), (26,-0.00105413,-0.026232), (27,-0.00105413,-0.0207208), (28,-0.00105412,-0.0155674), (29,-0.00105412,-0.0107719), (30,-0.00105412,-0.00526071), (31,-0.00105411,-0.000465234),  

Writing: "Fiber2DL06bi_2.chk"
 (0.00290889s, XML)
Steps: 60000    Time: 0.003       
 CPU Time: 15.9065 min.
u_max = 113.323 at x = 0.00025, y = 0, z = 0
 
(Nodeid,phim,phie): (0,113.269,-0.099439), (1,113.065,-0.152357), (2,2.36529,-0.149727), (3,0.0461596,-0.144396), (4,-0.000113659,-0.139242), (5,-0.00103771,-0.134089), (6,-0.00105635,-0.129294), (7,-0.00105674,-0.123783), (8,-0.00105668,-0.118629), (9,-0.00105671,-0.113476), (10,-0.00105672,-0.108323), (11,-0.00105668,-0.103528), (12,-0.00105674,-0.0980173), (13,-0.00105675,-0.0928642), (14,-0.00105671,-0.0877111), (15,-0.00105672,-0.0825579), (16,-0.00105668,-0.0777626), (17,-0.00105668,-0.0722515), (18,-0.00105671,-0.0674562), (19,-0.00105669,-0.0623031), (20,-0.00105664,-0.0567921), (21,-0.00105667,-0.0519968), (22,-0.00105671,-0.0464858), (23,-0.00105668,-0.0416905), (24,-0.00105669,-0.0365373), (25,-0.00105667,-0.0310263), (26,-0.00105669,-0.026231), (27,-0.00105667,-0.02072), (28,-0.00105668,-0.0155668), (29,-0.00105667,-0.0107715), (30,-0.00105668,-0.00526052), (31,-0.00105667,-0.000465216),  

Writing: "Fiber2DL06bi_3.chk"
 (0.00290919s, XML)
Steps: 80000    Time: 0.004       
 CPU Time: 15.9425 min.
u_max = 116.926 at x = 0.00025, y = 0, z = 0
 
(Nodeid,phim,phie): (0,116.873,-0.099437), (1,116.668,-0.15235), (2,2.51635,-0.149721), (3,0.049172,-0.144389), (4,-5.59831e-05,-0.139236), (5,-0.00103916,-0.134083), (6,-0.00105895,-0.129288), (7,-0.00105925,-0.123777), (8,-0.00105919,-0.118624), (9,-0.00105919,-0.113471), (10,-0.00105921,-0.108319), (11,-0.00105919,-0.103524), (12,-0.00105915,-0.0980131), (13,-0.00105924,-0.0928603), (14,-0.00105919,-0.0877074), (15,-0.00105917,-0.0825544), (16,-0.00105916,-0.0777593), (17,-0.00105917,-0.0722485), (18,-0.00105923,-0.0674534), (19,-0.00105918,-0.0623005), (20,-0.00105922,-0.0567898), (21,-0.0010592,-0.0519947), (22,-0.00105918,-0.0464839), (23,-0.0010592,-0.0416888), (24,-0.00105917,-0.0365358), (25,-0.00105921,-0.031025), (26,-0.00105921,-0.0262299), (27,-0.00105919,-0.0207191), (28,-0.00105919,-0.0155662), (29,-0.00105918,-0.0107711), (30,-0.00105919,-0.0052603), (31,-0.00105919,-0.000465197),  

Writing: "Fiber2DL06bi_4.chk"
 (0.00293145s, XML)
Steps: 100000   Time: 0.005       
 CPU Time: 15.9094 min.
u_max = 120.656 at x = 0.00025, y = 0, z = 0
 
(Nodeid,phim,phie): (0,120.602,-0.0994349), (1,120.398,-0.152343), (2,2.69023,-0.149714), (3,0.0526396,-0.144383), (4,1.09154e-05,-0.13923), (5,-0.00104023,-0.134077), (6,-0.00106137,-0.129282), (7,-0.00106166,-0.123771), (8,-0.00106169,-0.118619), (9,-0.00106155,-0.113466), (10,-0.00106169,-0.108314), (11,-0.00106157,-0.103519), (12,-0.0010617,-0.0980085), (13,-0.00106166,-0.0928559), (14,-0.00106166,-0.0877033), (15,-0.0010617,-0.0825505), (16,-0.00106163,-0.0777557), (17,-0.00106174,-0.0722451), (18,-0.00106171,-0.0674502), (19,-0.00106163,-0.0622975), (20,-0.00106165,-0.0567871), (21,-0.00106166,-0.0519922), (22,-0.00106166,-0.0464817), (23,-0.00106169,-0.0416868), (24,-0.00106166,-0.0365341), (25,-0.00106164,-0.0310236), (26,-0.00106165,-0.0262287), (27,-0.00106166,-0.0207182), (28,-0.00106166,-0.0155654), (29,-0.00106165,-0.0107706), (30,-0.00106166,-0.00526005), (31,-0.00106165,-0.000465175),  

Writing: "Fiber2DL06bi_5.chk"
 (0.00289779s, XML)
Steps: 120000   Time: 0.006       
 CPU Time: 15.6412 min.
u_max = 124.248 at x = 0.00025, y = 0, z = 0
 
(Nodeid,phim,phie): (0,124.195,-0.0994328), (1,123.99,-0.152336), (2,2.88176,-0.149707), (3,0.0564597,-0.144376), (4,8.47822e-05,-0.139223), (5,-0.00104127,-0.13407), (6,-0.00106363,-0.129276), (7,-0.00106408,-0.123765), (8,-0.00106404,-0.118613), (9,-0.00106404,-0.113461), (10,-0.00106398,-0.108308), (11,-0.00106406,-0.103514), (12,-0.00106407,-0.0980037), (13,-0.00106414,-0.0928513), (14,-0.00106415,-0.0876989), (15,-0.00106406,-0.0825464), (16,-0.00106413,-0.0777518), (17,-0.00106409,-0.0722415), (18,-0.00106412,-0.0674468), (19,-0.00106407,-0.0622944), (20,-0.00106411,-0.0567842), (21,-0.00106406,-0.0519896), (22,-0.0010641,-0.0464793), (23,-0.00106405,-0.0416847), (24,-0.00106408,-0.0365322), (25,-0.00106405,-0.031022), (26,-0.00106408,-0.0262274), (27,-0.00106408,-0.0207171), (28,-0.00106408,-0.0155647), (29,-0.00106408,-0.01077), (30,-0.00106407,-0.00525978), (31,-0.00106407,-0.000465152),  

Writing: "Fiber2DL06bi_6.chk"
 (0.00287528s, XML)
Steps: 140000   Time: 0.007       
 CPU Time: 15.5657 min.
u_max = 127.543 at x = 0.00025, y = 0, z = 0
 
(Nodeid,phim,phie): (0,127.49,-0.0994308), (1,127.285,-0.152329), (2,3.08817,-0.1497), (3,0.0605765,-0.144369), (4,0.000164686,-0.139217), (5,-0.00104191,-0.134064), (6,-0.00106598,-0.12927), (7,-0.00106649,-0.12376), (8,-0.00106646,-0.118608), (9,-0.00106648,-0.113455), (10,-0.00106643,-0.108303), (11,-0.00106644,-0.103509), (12,-0.0010665,-0.0979992), (13,-0.0010665,-0.0928471), (14,-0.00106637,-0.0876949), (15,-0.00106652,-0.0825427), (16,-0.00106647,-0.0777483), (17,-0.0010664,-0.0722382), (18,-0.00106647,-0.0674438), (19,-0.00106645,-0.0622916), (20,-0.00106645,-0.0567816), (21,-0.00106649,-0.0519872), (22,-0.00106646,-0.0464772), (23,-0.00106643,-0.0416828), (24,-0.00106645,-0.0365306), (25,-0.00106644,-0.0310206), (26,-0.00106645,-0.0262262), (27,-0.00106646,-0.0207162), (28,-0.00106645,-0.015564), (29,-0.00106645,-0.0107695), (30,-0.00106645,-0.00525955), (31,-0.00106644,-0.000465131),  

Writing: "Fiber2DL06bi_7.chk"
 (0.00282693s, XML)
Steps: 160000   Time: 0.008       
 CPU Time: 15.5034 min.
u_max = 130.46 at x = 0.00025, y = 0, z = 0
 
(Nodeid,phim,phie): (0,130.406,-0.099429), (1,130.202,-0.152323), (2,3.30849,-0.149693), (3,0.0649711,-0.144363), (4,0.000250081,-0.139211), (5,-0.00104248,-0.134059), (6,-0.00106822,-0.129264), (7,-0.00106874,-0.123755), (8,-0.0010688,-0.118603), (9,-0.00106877,-0.113451), (10,-0.00106882,-0.108299), (11,-0.0010688,-0.103505), (12,-0.0010688,-0.0979951), (13,-0.00106875,-0.0928432), (14,-0.00106879,-0.0876913), (15,-0.00106881,-0.0825393), (16,-0.00106882,-0.0777451), (17,-0.00106881,-0.0722353), (18,-0.00106881,-0.067441), (19,-0.00106875,-0.0622891), (20,-0.0010688,-0.0567793), (21,-0.00106878,-0.0519851), (22,-0.00106876,-0.0464753), (23,-0.00106879,-0.0416811), (24,-0.00106878,-0.0365291), (25,-0.00106879,-0.0310193), (26,-0.00106878,-0.0262251), (27,-0.00106877,-0.0207153), (28,-0.00106879,-0.0155633), (29,-0.00106878,-0.0107691), (30,-0.00106878,-0.00525933), (31,-0.00106877,-0.000465112),  

Writing: "Fiber2DL06bi_8.chk"
 (0.00286757s, XML)
Steps: 180000   Time: 0.009       
 CPU Time: 15.5199 min.
u_max = 132.974 at x = 0.00025, y = 0, z = 0
 
(Nodeid,phim,phie): (0,132.921,-0.0994273), (1,132.716,-0.152317), (2,3.54296,-0.149687), (3,0.0696479,-0.144357), (4,0.000341253,-0.139205), (5,-0.00104278,-0.134053), (6,-0.00107053,-0.129259), (7,-0.00107111,-0.12375), (8,-0.00107104,-0.118598), (9,-0.00107107,-0.113446), (10,-0.00107108,-0.108294), (11,-0.00107101,-0.1035), (12,-0.0010711,-0.0979911), (13,-0.00107116,-0.0928393), (14,-0.00107112,-0.0876876), (15,-0.00107106,-0.0825358), (16,-0.00107106,-0.0777418), (17,-0.00107109,-0.0722322), (18,-0.00107103,-0.0674382), (19,-0.00107104,-0.0622864), (20,-0.00107108,-0.0567769), (21,-0.00107107,-0.0519829), (22,-0.00107108,-0.0464733), (23,-0.00107109,-0.0416793), (24,-0.00107104,-0.0365276), (25,-0.00107108,-0.031018), (26,-0.00107106,-0.026224), (27,-0.00107108,-0.0207144), (28,-0.00107107,-0.0155627), (29,-0.00107106,-0.0107686), (30,-0.00107106,-0.00525911), (31,-0.00107106,-0.000465092),  

Writing: "Fiber2DL06bi_9.chk"
 (0.00282838s, XML)
Steps: 200000   Time: 0.01        
 CPU Time: 15.4957 min.
u_max = 135.097 at x = 0.00025, y = 0, z = 0
 
(Nodeid,phim,phie): (0,135.044,-0.0994258), (1,134.839,-0.152312), (2,3.79256,-0.149682), (3,0.0746271,-0.144352), (4,0.000438664,-0.1392), (5,-0.00104314,-0.134048), (6,-0.00107269,-0.129254), (7,-0.00107337,-0.123745), (8,-0.00107332,-0.118593), (9,-0.00107335,-0.113442), (10,-0.00107333,-0.10829), (11,-0.00107332,-0.103497), (12,-0.0010733,-0.0979875), (13,-0.00107335,-0.0928359), (14,-0.00107337,-0.0876844), (15,-0.00107333,-0.0825328), (16,-0.00107336,-0.0777389), (17,-0.00107332,-0.0722296), (18,-0.00107333,-0.0674357), (19,-0.00107331,-0.0622841), (20,-0.00107333,-0.0567748), (21,-0.00107329,-0.051981), (22,-0.00107331,-0.0464716), (23,-0.00107331,-0.0416778), (24,-0.0010733,-0.0365262), (25,-0.00107333,-0.0310169), (26,-0.00107332,-0.026223), (27,-0.00107331,-0.0207137), (28,-0.00107331,-0.0155621), (29,-0.00107331,-0.0107682), (30,-0.00107331,-0.00525891), (31,-0.0010733,-0.000465074),  

Writing: "Fiber2DL06bi_10.chk"
 (0.00286334s, XML)
Steps: 220000   Time: 0.011       
 CPU Time: 15.2738 min.
u_max = nan at x = 0, y = 0, z = 0
 
(Nodeid,phim,phie): (0,nan,nan), (1,nan,nan), (2,nan,nan), (3,nan,nan), (4,nan,nan), (5,nan,nan), (6,nan,nan), (7,nan,nan), (8,nan,nan), (9,nan,nan), (10,nan,nan), (11,nan,nan), (12,nan,nan), (13,nan,nan), (14,nan,nan), (15,nan,nan), (16,nan,nan), (17,nan,nan), (18,nan,nan), (19,nan,nan), (20,nan,nan), (21,nan,nan), (22,nan,nan), (23,nan,nan), (24,nan,nan), (25,nan,nan), (26,nan,nan), (27,nan,nan), (28,nan,nan), (29,nan,nan), (30,nan,nan), (31,nan,nan),  

Writing: "Fiber2DL06bi_11.chk"
 (0.000435617s, XML)
Steps: 240000   Time: 0.012       
 CPU Time: 15.2636 min.
u_max = nan at x = 0, y = 0, z = 0
 
(Nodeid,phim,phie): (0,nan,nan), (1,nan,nan), (2,nan,nan), (3,nan,nan), (4,nan,nan), (5,nan,nan), (6,nan,nan), (7,nan,nan), (8,nan,nan), (9,nan,nan), (10,nan,nan), (11,nan,nan), (12,nan,nan), (13,nan,nan), (14,nan,nan), (15,nan,nan), (16,nan,nan), (17,nan,nan), (18,nan,nan), (19,nan,nan), (20,nan,nan), (21,nan,nan), (22,nan,nan), (23,nan,nan), (24,nan,nan), (25,nan,nan), (26,nan,nan), (27,nan,nan), (28,nan,nan), (29,nan,nan), (30,nan,nan), (31,nan,nan),  

Writing: "Fiber2DL06bi_12.chk"
 (0.00044823s, XML)
Steps: 260000   Time: 0.013       
 CPU Time: 15.2626 min.
u_max = nan at x = 0, y = 0, z = 0
 
(Nodeid,phim,phie): (0,nan,nan), (1,nan,nan), (2,nan,nan), (3,nan,nan), (4,nan,nan), (5,nan,nan), (6,nan,nan), (7,nan,nan), (8,nan,nan), (9,nan,nan), (10,nan,nan), (11,nan,nan), (12,nan,nan), (13,nan,nan), (14,nan,nan), (15,nan,nan), (16,nan,nan), (17,nan,nan), (18,nan,nan), (19,nan,nan), (20,nan,nan), (21,nan,nan), (22,nan,nan), (23,nan,nan), (24,nan,nan), (25,nan,nan), (26,nan,nan), (27,nan,nan), (28,nan,nan), (29,nan,nan), (30,nan,nan), (31,nan,nan),  

Writing: "Fiber2DL06bi_13.chk"
 (0.000443211s, XML)
Steps: 280000   Time: 0.014       
 CPU Time: 15.2923 min.
u_max = nan at x = 0, y = 0, z = 0
 
(Nodeid,phim,phie): (0,nan,nan), (1,nan,nan), (2,nan,nan), (3,nan,nan), (4,nan,nan), (5,nan,nan), (6,nan,nan), (7,nan,nan), (8,nan,nan), (9,nan,nan), (10,nan,nan), (11,nan,nan), (12,nan,nan), (13,nan,nan), (14,nan,nan), (15,nan,nan), (16,nan,nan), (17,nan,nan), (18,nan,nan), (19,nan,nan), (20,nan,nan), (21,nan,nan), (22,nan,nan), (23,nan,nan), (24,nan,nan), (25,nan,nan), (26,nan,nan), (27,nan,nan), (28,nan,nan), (29,nan,nan), (30,nan,nan), (31,nan,nan),  

Writing: "Fiber2DL06bi_14.chk"
 (0.00044231s, XML)
Steps: 300000   Time: 0.015       
 CPU Time: 15.256 min.
u_max = nan at x = 0, y = 0, z = 0
 
(Nodeid,phim,phie): (0,nan,nan), (1,nan,nan), (2,nan,nan), (3,nan,nan), (4,nan,nan), (5,nan,nan), (6,nan,nan), (7,nan,nan), (8,nan,nan), (9,nan,nan), (10,nan,nan), (11,nan,nan), (12,nan,nan), (13,nan,nan), (14,nan,nan), (15,nan,nan), (16,nan,nan), (17,nan,nan), (18,nan,nan), (19,nan,nan), (20,nan,nan), (21,nan,nan), (22,nan,nan), (23,nan,nan), (24,nan,nan), (25,nan,nan), (26,nan,nan), (27,nan,nan), (28,nan,nan), (29,nan,nan), (30,nan,nan), (31,nan,nan),  

Writing: "Fiber2DL06bi_15.chk"
 (0.00044794s, XML)
Steps: 320000   Time: 0.016       
 CPU Time: 15.3172 min.
u_max = nan at x = 0, y = 0, z = 0
 
(Nodeid,phim,phie): (0,nan,nan), (1,nan,nan), (2,nan,nan), (3,nan,nan), (4,nan,nan), (5,nan,nan), (6,nan,nan), (7,nan,nan), (8,nan,nan), (9,nan,nan), (10,nan,nan), (11,nan,nan), (12,nan,nan), (13,nan,nan), (14,nan,nan), (15,nan,nan), (16,nan,nan), (17,nan,nan), (18,nan,nan), (19,nan,nan), (20,nan,nan), (21,nan,nan), (22,nan,nan), (23,nan,nan), (24,nan,nan), (25,nan,nan), (26,nan,nan), (27,nan,nan), (28,nan,nan), (29,nan,nan), (30,nan,nan), (31,nan,nan),  

Writing: "Fiber2DL06bi_16.chk"
 (0.000439805s, XML)
Steps: 340000   Time: 0.017       
 CPU Time: 15.2829 min.
u_max = nan at x = 0, y = 0, z = 0
 
(Nodeid,phim,phie): (0,nan,nan), (1,nan,nan), (2,nan,nan), (3,nan,nan), (4,nan,nan), (5,nan,nan), (6,nan,nan), (7,nan,nan), (8,nan,nan), (9,nan,nan), (10,nan,nan), (11,nan,nan), (12,nan,nan), (13,nan,nan), (14,nan,nan), (15,nan,nan), (16,nan,nan), (17,nan,nan), (18,nan,nan), (19,nan,nan), (20,nan,nan), (21,nan,nan), (22,nan,nan), (23,nan,nan), (24,nan,nan), (25,nan,nan), (26,nan,nan), (27,nan,nan), (28,nan,nan), (29,nan,nan), (30,nan,nan), (31,nan,nan),  

Writing: "Fiber2DL06bi_17.chk"
 (0.000437791s, XML)
Steps: 360000   Time: 0.018       
 CPU Time: 15.2828 min.
u_max = nan at x = 0, y = 0, z = 0
 
(Nodeid,phim,phie): (0,nan,nan), (1,nan,nan), (2,nan,nan), (3,nan,nan), (4,nan,nan), (5,nan,nan), (6,nan,nan), (7,nan,nan), (8,nan,nan), (9,nan,nan), (10,nan,nan), (11,nan,nan), (12,nan,nan), (13,nan,nan), (14,nan,nan), (15,nan,nan), (16,nan,nan), (17,nan,nan), (18,nan,nan), (19,nan,nan), (20,nan,nan), (21,nan,nan), (22,nan,nan), (23,nan,nan), (24,nan,nan), (25,nan,nan), (26,nan,nan), (27,nan,nan), (28,nan,nan), (29,nan,nan), (30,nan,nan), (31,nan,nan),  

Writing: "Fiber2DL06bi_18.chk"
 (0.000437431s, XML)
Steps: 380000   Time: 0.019       
 CPU Time: 15.2697 min.
u_max = nan at x = 0, y = 0, z = 0
 
(Nodeid,phim,phie): (0,nan,nan), (1,nan,nan), (2,nan,nan), (3,nan,nan), (4,nan,nan), (5,nan,nan), (6,nan,nan), (7,nan,nan), (8,nan,nan), (9,nan,nan), (10,nan,nan), (11,nan,nan), (12,nan,nan), (13,nan,nan), (14,nan,nan), (15,nan,nan), (16,nan,nan), (17,nan,nan), (18,nan,nan), (19,nan,nan), (20,nan,nan), (21,nan,nan), (22,nan,nan), (23,nan,nan), (24,nan,nan), (25,nan,nan), (26,nan,nan), (27,nan,nan), (28,nan,nan), (29,nan,nan), (30,nan,nan), (31,nan,nan),  

Writing: "Fiber2DL06bi_19.chk"
 (0.000434395s, XML)
Steps: 400000   Time: 0.02        
 CPU Time: 15.2828 min.
u_max = nan at x = 0, y = 0, z = 0
 
(Nodeid,phim,phie): (0,nan,nan), (1,nan,nan), (2,nan,nan), (3,nan,nan), (4,nan,nan), (5,nan,nan), (6,nan,nan), (7,nan,nan), (8,nan,nan), (9,nan,nan), (10,nan,nan), (11,nan,nan), (12,nan,nan), (13,nan,nan), (14,nan,nan), (15,nan,nan), (16,nan,nan), (17,nan,nan), (18,nan,nan), (19,nan,nan), (20,nan,nan), (21,nan,nan), (22,nan,nan), (23,nan,nan), (24,nan,nan), (25,nan,nan), (26,nan,nan), (27,nan,nan), (28,nan,nan), (29,nan,nan), (30,nan,nan), (31,nan,nan),  

Writing: "Fiber2DL06bi_20.chk"
 (0.000430507s, XML)
Steps: 420000   Time: 0.021       
 CPU Time: 15.262 min.
u_max = nan at x = 0, y = 0, z = 0
 
(Nodeid,phim,phie): (0,nan,nan), (1,nan,nan), (2,nan,nan), (3,nan,nan), (4,nan,nan), (5,nan,nan), (6,nan,nan), (7,nan,nan), (8,nan,nan), (9,nan,nan), (10,nan,nan), (11,nan,nan), (12,nan,nan), (13,nan,nan), (14,nan,nan), (15,nan,nan), (16,nan,nan), (17,nan,nan), (18,nan,nan), (19,nan,nan), (20,nan,nan), (21,nan,nan), (22,nan,nan), (23,nan,nan), (24,nan,nan), (25,nan,nan), (26,nan,nan), (27,nan,nan), (28,nan,nan), (29,nan,nan), (30,nan,nan), (31,nan,nan),  

Writing: "Fiber2DL06bi_21.chk"
 (0.000442189s, XML)
Steps: 440000   Time: 0.022       
 CPU Time: 15.2833 min.
u_max = nan at x = 0, y = 0, z = 0
 
(Nodeid,phim,phie): (0,nan,nan), (1,nan,nan), (2,nan,nan), (3,nan,nan), (4,nan,nan), (5,nan,nan), (6,nan,nan), (7,nan,nan), (8,nan,nan), (9,nan,nan), (10,nan,nan), (11,nan,nan), (12,nan,nan), (13,nan,nan), (14,nan,nan), (15,nan,nan), (16,nan,nan), (17,nan,nan), (18,nan,nan), (19,nan,nan), (20,nan,nan), (21,nan,nan), (22,nan,nan), (23,nan,nan), (24,nan,nan), (25,nan,nan), (26,nan,nan), (27,nan,nan), (28,nan,nan), (29,nan,nan), (30,nan,nan), (31,nan,nan),  

Writing: "Fiber2DL06bi_22.chk"
 (0.000440557s, XML)
Steps: 460000   Time: 0.023       
 CPU Time: 15.2681 min.
u_max = nan at x = 0, y = 0, z = 0
 
(Nodeid,phim,phie): (0,nan,nan), (1,nan,nan), (2,nan,nan), (3,nan,nan), (4,nan,nan), (5,nan,nan), (6,nan,nan), (7,nan,nan), (8,nan,nan), (9,nan,nan), (10,nan,nan), (11,nan,nan), (12,nan,nan), (13,nan,nan), (14,nan,nan), (15,nan,nan), (16,nan,nan), (17,nan,nan), (18,nan,nan), (19,nan,nan), (20,nan,nan), (21,nan,nan), (22,nan,nan), (23,nan,nan), (24,nan,nan), (25,nan,nan), (26,nan,nan), (27,nan,nan), (28,nan,nan), (29,nan,nan), (30,nan,nan), (31,nan,nan),  

Writing: "Fiber2DL06bi_23.chk"
 (0.000440015s, XML)
Steps: 480000   Time: 0.024       
 CPU Time: 15.2765 min.
u_max = nan at x = 0, y = 0, z = 0
 
(Nodeid,phim,phie): (0,nan,nan), (1,nan,nan), (2,nan,nan), (3,nan,nan), (4,nan,nan), (5,nan,nan), (6,nan,nan), (7,nan,nan), (8,nan,nan), (9,nan,nan), (10,nan,nan), (11,nan,nan), (12,nan,nan), (13,nan,nan), (14,nan,nan), (15,nan,nan), (16,nan,nan), (17,nan,nan), (18,nan,nan), (19,nan,nan), (20,nan,nan), (21,nan,nan), (22,nan,nan), (23,nan,nan), (24,nan,nan), (25,nan,nan), (26,nan,nan), (27,nan,nan), (28,nan,nan), (29,nan,nan), (30,nan,nan), (31,nan,nan),  

Writing: "Fiber2DL06bi_24.chk"
 (0.000426851s, XML)
Steps: 500000   Time: 0.025       
 CPU Time: 15.2468 min.
u_max = nan at x = 0, y = 0, z = 0
 
(Nodeid,phim,phie): (0,nan,nan), (1,nan,nan), (2,nan,nan), (3,nan,nan), (4,nan,nan), (5,nan,nan), (6,nan,nan), (7,nan,nan), (8,nan,nan), (9,nan,nan), (10,nan,nan), (11,nan,nan), (12,nan,nan), (13,nan,nan), (14,nan,nan), (15,nan,nan), (16,nan,nan), (17,nan,nan), (18,nan,nan), (19,nan,nan), (20,nan,nan), (21,nan,nan), (22,nan,nan), (23,nan,nan), (24,nan,nan), (25,nan,nan), (26,nan,nan), (27,nan,nan), (28,nan,nan), (29,nan,nan), (30,nan,nan), (31,nan,nan),  

Writing: "Fiber2DL06bi_25.chk"
 (0.000450766s, XML)
Steps: 520000   Time: 0.026       
 CPU Time: 15.2935 min.
u_max = nan at x = 0, y = 0, z = 0
 
(Nodeid,phim,phie): (0,nan,nan), (1,nan,nan), (2,nan,nan), (3,nan,nan), (4,nan,nan), (5,nan,nan), (6,nan,nan), (7,nan,nan), (8,nan,nan), (9,nan,nan), (10,nan,nan), (11,nan,nan), (12,nan,nan), (13,nan,nan), (14,nan,nan), (15,nan,nan), (16,nan,nan), (17,nan,nan), (18,nan,nan), (19,nan,nan), (20,nan,nan), (21,nan,nan), (22,nan,nan), (23,nan,nan), (24,nan,nan), (25,nan,nan), (26,nan,nan), (27,nan,nan), (28,nan,nan), (29,nan,nan), (30,nan,nan), (31,nan,nan),  

Writing: "Fiber2DL06bi_26.chk"
 (0.000441217s, XML)
Steps: 540000   Time: 0.027       
 CPU Time: 15.3178 min.
u_max = nan at x = 0, y = 0, z = 0
 
(Nodeid,phim,phie): (0,nan,nan), (1,nan,nan), (2,nan,nan), (3,nan,nan), (4,nan,nan), (5,nan,nan), (6,nan,nan), (7,nan,nan), (8,nan,nan), (9,nan,nan), (10,nan,nan), (11,nan,nan), (12,nan,nan), (13,nan,nan), (14,nan,nan), (15,nan,nan), (16,nan,nan), (17,nan,nan), (18,nan,nan), (19,nan,nan), (20,nan,nan), (21,nan,nan), (22,nan,nan), (23,nan,nan), (24,nan,nan), (25,nan,nan), (26,nan,nan), (27,nan,nan), (28,nan,nan), (29,nan,nan), (30,nan,nan), (31,nan,nan),  

Writing: "Fiber2DL06bi_27.chk"
 (0.000434324s, XML)
Steps: 560000   Time: 0.028       
 CPU Time: 15.3306 min.
u_max = nan at x = 0, y = 0, z = 0
 
(Nodeid,phim,phie): (0,nan,nan), (1,nan,nan), (2,nan,nan), (3,nan,nan), (4,nan,nan), (5,nan,nan), (6,nan,nan), (7,nan,nan), (8,nan,nan), (9,nan,nan), (10,nan,nan), (11,nan,nan), (12,nan,nan), (13,nan,nan), (14,nan,nan), (15,nan,nan), (16,nan,nan), (17,nan,nan), (18,nan,nan), (19,nan,nan), (20,nan,nan), (21,nan,nan), (22,nan,nan), (23,nan,nan), (24,nan,nan), (25,nan,nan), (26,nan,nan), (27,nan,nan), (28,nan,nan), (29,nan,nan), (30,nan,nan), (31,nan,nan),  

Writing: "Fiber2DL06bi_28.chk"
 (0.000443853s, XML)
Steps: 580000   Time: 0.029       
 CPU Time: 15.3393 min.
u_max = nan at x = 0, y = 0, z = 0
 
(Nodeid,phim,phie): (0,nan,nan), (1,nan,nan), (2,nan,nan), (3,nan,nan), (4,nan,nan), (5,nan,nan), (6,nan,nan), (7,nan,nan), (8,nan,nan), (9,nan,nan), (10,nan,nan), (11,nan,nan), (12,nan,nan), (13,nan,nan), (14,nan,nan), (15,nan,nan), (16,nan,nan), (17,nan,nan), (18,nan,nan), (19,nan,nan), (20,nan,nan), (21,nan,nan), (22,nan,nan), (23,nan,nan), (24,nan,nan), (25,nan,nan), (26,nan,nan), (27,nan,nan), (28,nan,nan), (29,nan,nan), (30,nan,nan), (31,nan,nan),  

Writing: "Fiber2DL06bi_29.chk"
 (0.00043191s, XML)
Steps: 600000   Time: 0.03        
 CPU Time: 15.3223 min.
u_max = nan at x = 0, y = 0, z = 0
 
(Nodeid,phim,phie): (0,nan,nan), (1,nan,nan), (2,nan,nan), (3,nan,nan), (4,nan,nan), (5,nan,nan), (6,nan,nan), (7,nan,nan), (8,nan,nan), (9,nan,nan), (10,nan,nan), (11,nan,nan), (12,nan,nan), (13,nan,nan), (14,nan,nan), (15,nan,nan), (16,nan,nan), (17,nan,nan), (18,nan,nan), (19,nan,nan), (20,nan,nan), (21,nan,nan), (22,nan,nan), (23,nan,nan), (24,nan,nan), (25,nan,nan), (26,nan,nan), (27,nan,nan), (28,nan,nan), (29,nan,nan), (30,nan,nan), (31,nan,nan),  

Writing: "Fiber2DL06bi_30.chk"
 (0.000438993s, XML)
Steps: 620000   Time: 0.031       
 CPU Time: 15.2222 min.
u_max = nan at x = 0, y = 0, z = 0
 
(Nodeid,phim,phie): (0,nan,nan), (1,nan,nan), (2,nan,nan), (3,nan,nan), (4,nan,nan), (5,nan,nan), (6,nan,nan), (7,nan,nan), (8,nan,nan), (9,nan,nan), (10,nan,nan), (11,nan,nan), (12,nan,nan), (13,nan,nan), (14,nan,nan), (15,nan,nan), (16,nan,nan), (17,nan,nan), (18,nan,nan), (19,nan,nan), (20,nan,nan), (21,nan,nan), (22,nan,nan), (23,nan,nan), (24,nan,nan), (25,nan,nan), (26,nan,nan), (27,nan,nan), (28,nan,nan), (29,nan,nan), (30,nan,nan), (31,nan,nan),  

Writing: "Fiber2DL06bi_31.chk"
 (0.000439394s, XML)
Steps: 640000   Time: 0.032       
 CPU Time: 15.2375 min.
u_max = nan at x = 0, y = 0, z = 0
 
(Nodeid,phim,phie): (0,nan,nan), (1,nan,nan), (2,nan,nan), (3,nan,nan), (4,nan,nan), (5,nan,nan), (6,nan,nan), (7,nan,nan), (8,nan,nan), (9,nan,nan), (10,nan,nan), (11,nan,nan), (12,nan,nan), (13,nan,nan), (14,nan,nan), (15,nan,nan), (16,nan,nan), (17,nan,nan), (18,nan,nan), (19,nan,nan), (20,nan,nan), (21,nan,nan), (22,nan,nan), (23,nan,nan), (24,nan,nan), (25,nan,nan), (26,nan,nan), (27,nan,nan), (28,nan,nan), (29,nan,nan), (30,nan,nan), (31,nan,nan),  

Writing: "Fiber2DL06bi_32.chk"
 (0.000437149s, XML)
Steps: 660000   Time: 0.033       
 CPU Time: 15.2131 min.
u_max = nan at x = 0, y = 0, z = 0
 
(Nodeid,phim,phie): (0,nan,nan), (1,nan,nan), (2,nan,nan), (3,nan,nan), (4,nan,nan), (5,nan,nan), (6,nan,nan), (7,nan,nan), (8,nan,nan), (9,nan,nan), (10,nan,nan), (11,nan,nan), (12,nan,nan), (13,nan,nan), (14,nan,nan), (15,nan,nan), (16,nan,nan), (17,nan,nan), (18,nan,nan), (19,nan,nan), (20,nan,nan), (21,nan,nan), (22,nan,nan), (23,nan,nan), (24,nan,nan), (25,nan,nan), (26,nan,nan), (27,nan,nan), (28,nan,nan), (29,nan,nan), (30,nan,nan), (31,nan,nan),  

Writing: "Fiber2DL06bi_33.chk"
 (0.000438372s, XML)
Steps: 680000   Time: 0.034       
 CPU Time: 15.2199 min.
u_max = nan at x = 0, y = 0, z = 0
 
(Nodeid,phim,phie): (0,nan,nan), (1,nan,nan), (2,nan,nan), (3,nan,nan), (4,nan,nan), (5,nan,nan), (6,nan,nan), (7,nan,nan), (8,nan,nan), (9,nan,nan), (10,nan,nan), (11,nan,nan), (12,nan,nan), (13,nan,nan), (14,nan,nan), (15,nan,nan), (16,nan,nan), (17,nan,nan), (18,nan,nan), (19,nan,nan), (20,nan,nan), (21,nan,nan), (22,nan,nan), (23,nan,nan), (24,nan,nan), (25,nan,nan), (26,nan,nan), (27,nan,nan), (28,nan,nan), (29,nan,nan), (30,nan,nan), (31,nan,nan),  

Writing: "Fiber2DL06bi_34.chk"
 (0.00043744s, XML)
Steps: 700000   Time: 0.035       
 CPU Time: 15.209 min.
u_max = nan at x = 0, y = 0, z = 0
 
(Nodeid,phim,phie): (0,nan,nan), (1,nan,nan), (2,nan,nan), (3,nan,nan), (4,nan,nan), (5,nan,nan), (6,nan,nan), (7,nan,nan), (8,nan,nan), (9,nan,nan), (10,nan,nan), (11,nan,nan), (12,nan,nan), (13,nan,nan), (14,nan,nan), (15,nan,nan), (16,nan,nan), (17,nan,nan), (18,nan,nan), (19,nan,nan), (20,nan,nan), (21,nan,nan), (22,nan,nan), (23,nan,nan), (24,nan,nan), (25,nan,nan), (26,nan,nan), (27,nan,nan), (28,nan,nan), (29,nan,nan), (30,nan,nan), (31,nan,nan),  

Writing: "Fiber2DL06bi_35.chk"
 (0.000441468s, XML)
Steps: 720000   Time: 0.036       
 CPU Time: 15.2398 min.
u_max = nan at x = 0, y = 0, z = 0
 
(Nodeid,phim,phie): (0,nan,nan), (1,nan,nan), (2,nan,nan), (3,nan,nan), (4,nan,nan), (5,nan,nan), (6,nan,nan), (7,nan,nan), (8,nan,nan), (9,nan,nan), (10,nan,nan), (11,nan,nan), (12,nan,nan), (13,nan,nan), (14,nan,nan), (15,nan,nan), (16,nan,nan), (17,nan,nan), (18,nan,nan), (19,nan,nan), (20,nan,nan), (21,nan,nan), (22,nan,nan), (23,nan,nan), (24,nan,nan), (25,nan,nan), (26,nan,nan), (27,nan,nan), (28,nan,nan), (29,nan,nan), (30,nan,nan), (31,nan,nan),  

Writing: "Fiber2DL06bi_36.chk"
 (0.000444824s, XML)
Steps: 740000   Time: 0.037       
 CPU Time: 15.2341 min.
u_max = nan at x = 0, y = 0, z = 0
 
(Nodeid,phim,phie): (0,nan,nan), (1,nan,nan), (2,nan,nan), (3,nan,nan), (4,nan,nan), (5,nan,nan), (6,nan,nan), (7,nan,nan), (8,nan,nan), (9,nan,nan), (10,nan,nan), (11,nan,nan), (12,nan,nan), (13,nan,nan), (14,nan,nan), (15,nan,nan), (16,nan,nan), (17,nan,nan), (18,nan,nan), (19,nan,nan), (20,nan,nan), (21,nan,nan), (22,nan,nan), (23,nan,nan), (24,nan,nan), (25,nan,nan), (26,nan,nan), (27,nan,nan), (28,nan,nan), (29,nan,nan), (30,nan,nan), (31,nan,nan),  

Writing: "Fiber2DL06bi_37.chk"
 (0.000451637s, XML)
Steps: 760000   Time: 0.038       
 CPU Time: 15.2612 min.
u_max = nan at x = 0, y = 0, z = 0
 
(Nodeid,phim,phie): (0,nan,nan), (1,nan,nan), (2,nan,nan), (3,nan,nan), (4,nan,nan), (5,nan,nan), (6,nan,nan), (7,nan,nan), (8,nan,nan), (9,nan,nan), (10,nan,nan), (11,nan,nan), (12,nan,nan), (13,nan,nan), (14,nan,nan), (15,nan,nan), (16,nan,nan), (17,nan,nan), (18,nan,nan), (19,nan,nan), (20,nan,nan), (21,nan,nan), (22,nan,nan), (23,nan,nan), (24,nan,nan), (25,nan,nan), (26,nan,nan), (27,nan,nan), (28,nan,nan), (29,nan,nan), (30,nan,nan), (31,nan,nan),  

Writing: "Fiber2DL06bi_38.chk"
 (0.000436048s, XML)
Steps: 780000   Time: 0.039       
 CPU Time: 15.2838 min.
u_max = nan at x = 0, y = 0, z = 0
 
(Nodeid,phim,phie): (0,nan,nan), (1,nan,nan), (2,nan,nan), (3,nan,nan), (4,nan,nan), (5,nan,nan), (6,nan,nan), (7,nan,nan), (8,nan,nan), (9,nan,nan), (10,nan,nan), (11,nan,nan), (12,nan,nan), (13,nan,nan), (14,nan,nan), (15,nan,nan), (16,nan,nan), (17,nan,nan), (18,nan,nan), (19,nan,nan), (20,nan,nan), (21,nan,nan), (22,nan,nan), (23,nan,nan), (24,nan,nan), (25,nan,nan), (26,nan,nan), (27,nan,nan), (28,nan,nan), (29,nan,nan), (30,nan,nan), (31,nan,nan),  

Writing: "Fiber2DL06bi_39.chk"
 (0.000434555s, XML)
Steps: 800000   Time: 0.04        
 CPU Time: 15.2893 min.
u_max = nan at x = 0, y = 0, z = 0
 
(Nodeid,phim,phie): (0,nan,nan), (1,nan,nan), (2,nan,nan), (3,nan,nan), (4,nan,nan), (5,nan,nan), (6,nan,nan), (7,nan,nan), (8,nan,nan), (9,nan,nan), (10,nan,nan), (11,nan,nan), (12,nan,nan), (13,nan,nan), (14,nan,nan), (15,nan,nan), (16,nan,nan), (17,nan,nan), (18,nan,nan), (19,nan,nan), (20,nan,nan), (21,nan,nan), (22,nan,nan), (23,nan,nan), (24,nan,nan), (25,nan,nan), (26,nan,nan), (27,nan,nan), (28,nan,nan), (29,nan,nan), (30,nan,nan), (31,nan,nan),  

Writing: "Fiber2DL06bi_40.chk"
 (0.000432742s, XML)
Steps: 820000   Time: 0.041       
 CPU Time: 15.2421 min.
u_max = nan at x = 0, y = 0, z = 0
 
(Nodeid,phim,phie): (0,nan,nan), (1,nan,nan), (2,nan,nan), (3,nan,nan), (4,nan,nan), (5,nan,nan), (6,nan,nan), (7,nan,nan), (8,nan,nan), (9,nan,nan), (10,nan,nan), (11,nan,nan), (12,nan,nan), (13,nan,nan), (14,nan,nan), (15,nan,nan), (16,nan,nan), (17,nan,nan), (18,nan,nan), (19,nan,nan), (20,nan,nan), (21,nan,nan), (22,nan,nan), (23,nan,nan), (24,nan,nan), (25,nan,nan), (26,nan,nan), (27,nan,nan), (28,nan,nan), (29,nan,nan), (30,nan,nan), (31,nan,nan),  

Writing: "Fiber2DL06bi_41.chk"
 (0.000440195s, XML)
Steps: 840000   Time: 0.042       
 CPU Time: 15.2719 min.
u_max = nan at x = 0, y = 0, z = 0
 
(Nodeid,phim,phie): (0,nan,nan), (1,nan,nan), (2,nan,nan), (3,nan,nan), (4,nan,nan), (5,nan,nan), (6,nan,nan), (7,nan,nan), (8,nan,nan), (9,nan,nan), (10,nan,nan), (11,nan,nan), (12,nan,nan), (13,nan,nan), (14,nan,nan), (15,nan,nan), (16,nan,nan), (17,nan,nan), (18,nan,nan), (19,nan,nan), (20,nan,nan), (21,nan,nan), (22,nan,nan), (23,nan,nan), (24,nan,nan), (25,nan,nan), (26,nan,nan), (27,nan,nan), (28,nan,nan), (29,nan,nan), (30,nan,nan), (31,nan,nan),  

Writing: "Fiber2DL06bi_42.chk"
 (0.000436679s, XML)
Steps: 860000   Time: 0.043       
 CPU Time: 15.3019 min.
u_max = nan at x = 0, y = 0, z = 0
 
(Nodeid,phim,phie): (0,nan,nan), (1,nan,nan), (2,nan,nan), (3,nan,nan), (4,nan,nan), (5,nan,nan), (6,nan,nan), (7,nan,nan), (8,nan,nan), (9,nan,nan), (10,nan,nan), (11,nan,nan), (12,nan,nan), (13,nan,nan), (14,nan,nan), (15,nan,nan), (16,nan,nan), (17,nan,nan), (18,nan,nan), (19,nan,nan), (20,nan,nan), (21,nan,nan), (22,nan,nan), (23,nan,nan), (24,nan,nan), (25,nan,nan), (26,nan,nan), (27,nan,nan), (28,nan,nan), (29,nan,nan), (30,nan,nan), (31,nan,nan),  

Writing: "Fiber2DL06bi_43.chk"
 (0.000443952s, XML)
Steps: 880000   Time: 0.044       
 CPU Time: 15.2994 min.
u_max = nan at x = 0, y = 0, z = 0
 
(Nodeid,phim,phie): (0,nan,nan), (1,nan,nan), (2,nan,nan), (3,nan,nan), (4,nan,nan), (5,nan,nan), (6,nan,nan), (7,nan,nan), (8,nan,nan), (9,nan,nan), (10,nan,nan), (11,nan,nan), (12,nan,nan), (13,nan,nan), (14,nan,nan), (15,nan,nan), (16,nan,nan), (17,nan,nan), (18,nan,nan), (19,nan,nan), (20,nan,nan), (21,nan,nan), (22,nan,nan), (23,nan,nan), (24,nan,nan), (25,nan,nan), (26,nan,nan), (27,nan,nan), (28,nan,nan), (29,nan,nan), (30,nan,nan), (31,nan,nan),  

Writing: "Fiber2DL06bi_44.chk"
 (0.000434144s, XML)
Steps: 900000   Time: 0.045       
 CPU Time: 15.299 min.
u_max = nan at x = 0, y = 0, z = 0
 
(Nodeid,phim,phie): (0,nan,nan), (1,nan,nan), (2,nan,nan), (3,nan,nan), (4,nan,nan), (5,nan,nan), (6,nan,nan), (7,nan,nan), (8,nan,nan), (9,nan,nan), (10,nan,nan), (11,nan,nan), (12,nan,nan), (13,nan,nan), (14,nan,nan), (15,nan,nan), (16,nan,nan), (17,nan,nan), (18,nan,nan), (19,nan,nan), (20,nan,nan), (21,nan,nan), (22,nan,nan), (23,nan,nan), (24,nan,nan), (25,nan,nan), (26,nan,nan), (27,nan,nan), (28,nan,nan), (29,nan,nan), (30,nan,nan), (31,nan,nan),  

Writing: "Fiber2DL06bi_45.chk"
 (0.000441207s, XML)
Steps: 920000   Time: 0.046       
 CPU Time: 15.3213 min.
u_max = nan at x = 0, y = 0, z = 0
 
(Nodeid,phim,phie): (0,nan,nan), (1,nan,nan), (2,nan,nan), (3,nan,nan), (4,nan,nan), (5,nan,nan), (6,nan,nan), (7,nan,nan), (8,nan,nan), (9,nan,nan), (10,nan,nan), (11,nan,nan), (12,nan,nan), (13,nan,nan), (14,nan,nan), (15,nan,nan), (16,nan,nan), (17,nan,nan), (18,nan,nan), (19,nan,nan), (20,nan,nan), (21,nan,nan), (22,nan,nan), (23,nan,nan), (24,nan,nan), (25,nan,nan), (26,nan,nan), (27,nan,nan), (28,nan,nan), (29,nan,nan), (30,nan,nan), (31,nan,nan),  

Writing: "Fiber2DL06bi_46.chk"
 (0.000437721s, XML)
Steps: 940000   Time: 0.047       
 CPU Time: 15.2614 min.
u_max = nan at x = 0, y = 0, z = 0
 
(Nodeid,phim,phie): (0,nan,nan), (1,nan,nan), (2,nan,nan), (3,nan,nan), (4,nan,nan), (5,nan,nan), (6,nan,nan), (7,nan,nan), (8,nan,nan), (9,nan,nan), (10,nan,nan), (11,nan,nan), (12,nan,nan), (13,nan,nan), (14,nan,nan), (15,nan,nan), (16,nan,nan), (17,nan,nan), (18,nan,nan), (19,nan,nan), (20,nan,nan), (21,nan,nan), (22,nan,nan), (23,nan,nan), (24,nan,nan), (25,nan,nan), (26,nan,nan), (27,nan,nan), (28,nan,nan), (29,nan,nan), (30,nan,nan), (31,nan,nan),  

Writing: "Fiber2DL06bi_47.chk"
 (0.000434986s, XML)
Steps: 960000   Time: 0.048       
 CPU Time: 15.209 min.
u_max = nan at x = 0, y = 0, z = 0
 
(Nodeid,phim,phie): (0,nan,nan), (1,nan,nan), (2,nan,nan), (3,nan,nan), (4,nan,nan), (5,nan,nan), (6,nan,nan), (7,nan,nan), (8,nan,nan), (9,nan,nan), (10,nan,nan), (11,nan,nan), (12,nan,nan), (13,nan,nan), (14,nan,nan), (15,nan,nan), (16,nan,nan), (17,nan,nan), (18,nan,nan), (19,nan,nan), (20,nan,nan), (21,nan,nan), (22,nan,nan), (23,nan,nan), (24,nan,nan), (25,nan,nan), (26,nan,nan), (27,nan,nan), (28,nan,nan), (29,nan,nan), (30,nan,nan), (31,nan,nan),  

Writing: "Fiber2DL06bi_48.chk"
 (0.000439845s, XML)
Steps: 980000   Time: 0.049       
 CPU Time: 15.227 min.
u_max = nan at x = 0, y = 0, z = 0
 
(Nodeid,phim,phie): (0,nan,nan), (1,nan,nan), (2,nan,nan), (3,nan,nan), (4,nan,nan), (5,nan,nan), (6,nan,nan), (7,nan,nan), (8,nan,nan), (9,nan,nan), (10,nan,nan), (11,nan,nan), (12,nan,nan), (13,nan,nan), (14,nan,nan), (15,nan,nan), (16,nan,nan), (17,nan,nan), (18,nan,nan), (19,nan,nan), (20,nan,nan), (21,nan,nan), (22,nan,nan), (23,nan,nan), (24,nan,nan), (25,nan,nan), (26,nan,nan), (27,nan,nan), (28,nan,nan), (29,nan,nan), (30,nan,nan), (31,nan,nan),  

Writing: "Fiber2DL06bi_49.chk"
 (0.000438682s, XML)
Steps: 1000000  Time: 0.05        
 CPU Time: 15.268 min.
u_max = nan at x = 0, y = 0, z = 0
 
(Nodeid,phim,phie): (0,nan,nan), (1,nan,nan), (2,nan,nan), (3,nan,nan), (4,nan,nan), (5,nan,nan), (6,nan,nan), (7,nan,nan), (8,nan,nan), (9,nan,nan), (10,nan,nan), (11,nan,nan), (12,nan,nan), (13,nan,nan), (14,nan,nan), (15,nan,nan), (16,nan,nan), (17,nan,nan), (18,nan,nan), (19,nan,nan), (20,nan,nan), (21,nan,nan), (22,nan,nan), (23,nan,nan), (24,nan,nan), (25,nan,nan), (26,nan,nan), (27,nan,nan), (28,nan,nan), (29,nan,nan), (30,nan,nan), (31,nan,nan),  

Writing: "Fiber2DL06bi_50.chk"
 (0.00043201s, XML)
Steps: 1020000  Time: 0.051       
 CPU Time: 15.263 min.
u_max = nan at x = 0, y = 0, z = 0
 
(Nodeid,phim,phie): (0,nan,nan), (1,nan,nan), (2,nan,nan), (3,nan,nan), (4,nan,nan), (5,nan,nan), (6,nan,nan), (7,nan,nan), (8,nan,nan), (9,nan,nan), (10,nan,nan), (11,nan,nan), (12,nan,nan), (13,nan,nan), (14,nan,nan), (15,nan,nan), (16,nan,nan), (17,nan,nan), (18,nan,nan), (19,nan,nan), (20,nan,nan), (21,nan,nan), (22,nan,nan), (23,nan,nan), (24,nan,nan), (25,nan,nan), (26,nan,nan), (27,nan,nan), (28,nan,nan), (29,nan,nan), (30,nan,nan), (31,nan,nan),  

Writing: "Fiber2DL06bi_51.chk"
 (0.000427372s, XML)
Steps: 1040000  Time: 0.052       
 CPU Time: 15.2225 min.
u_max = nan at x = 0, y = 0, z = 0
 
(Nodeid,phim,phie): (0,nan,nan), (1,nan,nan), (2,nan,nan), (3,nan,nan), (4,nan,nan), (5,nan,nan), (6,nan,nan), (7,nan,nan), (8,nan,nan), (9,nan,nan), (10,nan,nan), (11,nan,nan), (12,nan,nan), (13,nan,nan), (14,nan,nan), (15,nan,nan), (16,nan,nan), (17,nan,nan), (18,nan,nan), (19,nan,nan), (20,nan,nan), (21,nan,nan), (22,nan,nan), (23,nan,nan), (24,nan,nan), (25,nan,nan), (26,nan,nan), (27,nan,nan), (28,nan,nan), (29,nan,nan), (30,nan,nan), (31,nan,nan),  

Writing: "Fiber2DL06bi_52.chk"
 (0.000440566s, XML)
Steps: 1060000  Time: 0.053       
 CPU Time: 15.2425 min.
u_max = nan at x = 0, y = 0, z = 0
 
(Nodeid,phim,phie): (0,nan,nan), (1,nan,nan), (2,nan,nan), (3,nan,nan), (4,nan,nan), (5,nan,nan), (6,nan,nan), (7,nan,nan), (8,nan,nan), (9,nan,nan), (10,nan,nan), (11,nan,nan), (12,nan,nan), (13,nan,nan), (14,nan,nan), (15,nan,nan), (16,nan,nan), (17,nan,nan), (18,nan,nan), (19,nan,nan), (20,nan,nan), (21,nan,nan), (22,nan,nan), (23,nan,nan), (24,nan,nan), (25,nan,nan), (26,nan,nan), (27,nan,nan), (28,nan,nan), (29,nan,nan), (30,nan,nan), (31,nan,nan),  

Writing: "Fiber2DL06bi_53.chk"
 (0.000436989s, XML)
Steps: 1080000  Time: 0.054       
 CPU Time: 15.1789 min.
u_max = nan at x = 0, y = 0, z = 0
 
(Nodeid,phim,phie): (0,nan,nan), (1,nan,nan), (2,nan,nan), (3,nan,nan), (4,nan,nan), (5,nan,nan), (6,nan,nan), (7,nan,nan), (8,nan,nan), (9,nan,nan), (10,nan,nan), (11,nan,nan), (12,nan,nan), (13,nan,nan), (14,nan,nan), (15,nan,nan), (16,nan,nan), (17,nan,nan), (18,nan,nan), (19,nan,nan), (20,nan,nan), (21,nan,nan), (22,nan,nan), (23,nan,nan), (24,nan,nan), (25,nan,nan), (26,nan,nan), (27,nan,nan), (28,nan,nan), (29,nan,nan), (30,nan,nan), (31,nan,nan),  

Writing: "Fiber2DL06bi_54.chk"
 (0.00043706s, XML)
Steps: 1100000  Time: 0.055       
 CPU Time: 15.2222 min.
u_max = nan at x = 0, y = 0, z = 0
 
(Nodeid,phim,phie): (0,nan,nan), (1,nan,nan), (2,nan,nan), (3,nan,nan), (4,nan,nan), (5,nan,nan), (6,nan,nan), (7,nan,nan), (8,nan,nan), (9,nan,nan), (10,nan,nan), (11,nan,nan), (12,nan,nan), (13,nan,nan), (14,nan,nan), (15,nan,nan), (16,nan,nan), (17,nan,nan), (18,nan,nan), (19,nan,nan), (20,nan,nan), (21,nan,nan), (22,nan,nan), (23,nan,nan), (24,nan,nan), (25,nan,nan), (26,nan,nan), (27,nan,nan), (28,nan,nan), (29,nan,nan), (30,nan,nan), (31,nan,nan),  

Writing: "Fiber2DL06bi_55.chk"
 (0.000443292s, XML)
Steps: 1120000  Time: 0.056       
 CPU Time: 15.2211 min.
u_max = nan at x = 0, y = 0, z = 0
 
(Nodeid,phim,phie): (0,nan,nan), (1,nan,nan), (2,nan,nan), (3,nan,nan), (4,nan,nan), (5,nan,nan), (6,nan,nan), (7,nan,nan), (8,nan,nan), (9,nan,nan), (10,nan,nan), (11,nan,nan), (12,nan,nan), (13,nan,nan), (14,nan,nan), (15,nan,nan), (16,nan,nan), (17,nan,nan), (18,nan,nan), (19,nan,nan), (20,nan,nan), (21,nan,nan), (22,nan,nan), (23,nan,nan), (24,nan,nan), (25,nan,nan), (26,nan,nan), (27,nan,nan), (28,nan,nan), (29,nan,nan), (30,nan,nan), (31,nan,nan),  

Writing: "Fiber2DL06bi_56.chk"
 (0.000439765s, XML)
Steps: 1140000  Time: 0.057       
 CPU Time: 15.2664 min.
u_max = nan at x = 0, y = 0, z = 0
 
(Nodeid,phim,phie): (0,nan,nan), (1,nan,nan), (2,nan,nan), (3,nan,nan), (4,nan,nan), (5,nan,nan), (6,nan,nan), (7,nan,nan), (8,nan,nan), (9,nan,nan), (10,nan,nan), (11,nan,nan), (12,nan,nan), (13,nan,nan), (14,nan,nan), (15,nan,nan), (16,nan,nan), (17,nan,nan), (18,nan,nan), (19,nan,nan), (20,nan,nan), (21,nan,nan), (22,nan,nan), (23,nan,nan), (24,nan,nan), (25,nan,nan), (26,nan,nan), (27,nan,nan), (28,nan,nan), (29,nan,nan), (30,nan,nan), (31,nan,nan),  

Writing: "Fiber2DL06bi_57.chk"
 (0.000436348s, XML)
Steps: 1160000  Time: 0.058       
 CPU Time: 15.2676 min.
u_max = nan at x = 0, y = 0, z = 0
 
(Nodeid,phim,phie): (0,nan,nan), (1,nan,nan), (2,nan,nan), (3,nan,nan), (4,nan,nan), (5,nan,nan), (6,nan,nan), (7,nan,nan), (8,nan,nan), (9,nan,nan), (10,nan,nan), (11,nan,nan), (12,nan,nan), (13,nan,nan), (14,nan,nan), (15,nan,nan), (16,nan,nan), (17,nan,nan), (18,nan,nan), (19,nan,nan), (20,nan,nan), (21,nan,nan), (22,nan,nan), (23,nan,nan), (24,nan,nan), (25,nan,nan), (26,nan,nan), (27,nan,nan), (28,nan,nan), (29,nan,nan), (30,nan,nan), (31,nan,nan),  

Writing: "Fiber2DL06bi_58.chk"
 (0.000423004s, XML)
Steps: 1180000  Time: 0.059       
 CPU Time: 15.28 min.
u_max = nan at x = 0, y = 0, z = 0
 
(Nodeid,phim,phie): (0,nan,nan), (1,nan,nan), (2,nan,nan), (3,nan,nan), (4,nan,nan), (5,nan,nan), (6,nan,nan), (7,nan,nan), (8,nan,nan), (9,nan,nan), (10,nan,nan), (11,nan,nan), (12,nan,nan), (13,nan,nan), (14,nan,nan), (15,nan,nan), (16,nan,nan), (17,nan,nan), (18,nan,nan), (19,nan,nan), (20,nan,nan), (21,nan,nan), (22,nan,nan), (23,nan,nan), (24,nan,nan), (25,nan,nan), (26,nan,nan), (27,nan,nan), (28,nan,nan), (29,nan,nan), (30,nan,nan), (31,nan,nan),  

Writing: "Fiber2DL06bi_59.chk"
 (0.000444975s, XML)
Steps: 1200000  Time: 0.06        
 CPU Time: 15.2788 min.
u_max = nan at x = 0, y = 0, z = 0
 
(Nodeid,phim,phie): (0,nan,nan), (1,nan,nan), (2,nan,nan), (3,nan,nan), (4,nan,nan), (5,nan,nan), (6,nan,nan), (7,nan,nan), (8,nan,nan), (9,nan,nan), (10,nan,nan), (11,nan,nan), (12,nan,nan), (13,nan,nan), (14,nan,nan), (15,nan,nan), (16,nan,nan), (17,nan,nan), (18,nan,nan), (19,nan,nan), (20,nan,nan), (21,nan,nan), (22,nan,nan), (23,nan,nan), (24,nan,nan), (25,nan,nan), (26,nan,nan), (27,nan,nan), (28,nan,nan), (29,nan,nan), (30,nan,nan), (31,nan,nan),  

Writing: "Fiber2DL06bi_60.chk"
 (0.000436128s, XML)
Steps: 1220000  Time: 0.061       
 CPU Time: 15.2736 min.
u_max = nan at x = 0, y = 0, z = 0
 
(Nodeid,phim,phie): (0,nan,nan), (1,nan,nan), (2,nan,nan), (3,nan,nan), (4,nan,nan), (5,nan,nan), (6,nan,nan), (7,nan,nan), (8,nan,nan), (9,nan,nan), (10,nan,nan), (11,nan,nan), (12,nan,nan), (13,nan,nan), (14,nan,nan), (15,nan,nan), (16,nan,nan), (17,nan,nan), (18,nan,nan), (19,nan,nan), (20,nan,nan), (21,nan,nan), (22,nan,nan), (23,nan,nan), (24,nan,nan), (25,nan,nan), (26,nan,nan), (27,nan,nan), (28,nan,nan), (29,nan,nan), (30,nan,nan), (31,nan,nan),  

Writing: "Fiber2DL06bi_61.chk"
 (0.000434014s, XML)
Steps: 1240000  Time: 0.062       
 CPU Time: 15.2248 min.
u_max = nan at x = 0, y = 0, z = 0
 
(Nodeid,phim,phie): (0,nan,nan), (1,nan,nan), (2,nan,nan), (3,nan,nan), (4,nan,nan), (5,nan,nan), (6,nan,nan), (7,nan,nan), (8,nan,nan), (9,nan,nan), (10,nan,nan), (11,nan,nan), (12,nan,nan), (13,nan,nan), (14,nan,nan), (15,nan,nan), (16,nan,nan), (17,nan,nan), (18,nan,nan), (19,nan,nan), (20,nan,nan), (21,nan,nan), (22,nan,nan), (23,nan,nan), (24,nan,nan), (25,nan,nan), (26,nan,nan), (27,nan,nan), (28,nan,nan), (29,nan,nan), (30,nan,nan), (31,nan,nan),  

Writing: "Fiber2DL06bi_62.chk"
 (0.000445807s, XML)
Steps: 1260000  Time: 0.063       
 CPU Time: 15.2304 min.
u_max = nan at x = 0, y = 0, z = 0
 
(Nodeid,phim,phie): (0,nan,nan), (1,nan,nan), (2,nan,nan), (3,nan,nan), (4,nan,nan), (5,nan,nan), (6,nan,nan), (7,nan,nan), (8,nan,nan), (9,nan,nan), (10,nan,nan), (11,nan,nan), (12,nan,nan), (13,nan,nan), (14,nan,nan), (15,nan,nan), (16,nan,nan), (17,nan,nan), (18,nan,nan), (19,nan,nan), (20,nan,nan), (21,nan,nan), (22,nan,nan), (23,nan,nan), (24,nan,nan), (25,nan,nan), (26,nan,nan), (27,nan,nan), (28,nan,nan), (29,nan,nan), (30,nan,nan), (31,nan,nan),  

Writing: "Fiber2DL06bi_63.chk"
 (0.000445476s, XML)
Steps: 1280000  Time: 0.064       
 CPU Time: 15.2226 min.
u_max = nan at x = 0, y = 0, z = 0
 
(Nodeid,phim,phie): (0,nan,nan), (1,nan,nan), (2,nan,nan), (3,nan,nan), (4,nan,nan), (5,nan,nan), (6,nan,nan), (7,nan,nan), (8,nan,nan), (9,nan,nan), (10,nan,nan), (11,nan,nan), (12,nan,nan), (13,nan,nan), (14,nan,nan), (15,nan,nan), (16,nan,nan), (17,nan,nan), (18,nan,nan), (19,nan,nan), (20,nan,nan), (21,nan,nan), (22,nan,nan), (23,nan,nan), (24,nan,nan), (25,nan,nan), (26,nan,nan), (27,nan,nan), (28,nan,nan), (29,nan,nan), (30,nan,nan), (31,nan,nan),  

Writing: "Fiber2DL06bi_64.chk"
 (0.000433033s, XML)
Steps: 1300000  Time: 0.065       
 CPU Time: 15.2618 min.
u_max = nan at x = 0, y = 0, z = 0
 
(Nodeid,phim,phie): (0,nan,nan), (1,nan,nan), (2,nan,nan), (3,nan,nan), (4,nan,nan), (5,nan,nan), (6,nan,nan), (7,nan,nan), (8,nan,nan), (9,nan,nan), (10,nan,nan), (11,nan,nan), (12,nan,nan), (13,nan,nan), (14,nan,nan), (15,nan,nan), (16,nan,nan), (17,nan,nan), (18,nan,nan), (19,nan,nan), (20,nan,nan), (21,nan,nan), (22,nan,nan), (23,nan,nan), (24,nan,nan), (25,nan,nan), (26,nan,nan), (27,nan,nan), (28,nan,nan), (29,nan,nan), (30,nan,nan), (31,nan,nan),  

Writing: "Fiber2DL06bi_65.chk"
 (0.000450846s, XML)
Steps: 1320000  Time: 0.066       
 CPU Time: 15.2608 min.
u_max = nan at x = 0, y = 0, z = 0
 
(Nodeid,phim,phie): (0,nan,nan), (1,nan,nan), (2,nan,nan), (3,nan,nan), (4,nan,nan), (5,nan,nan), (6,nan,nan), (7,nan,nan), (8,nan,nan), (9,nan,nan), (10,nan,nan), (11,nan,nan), (12,nan,nan), (13,nan,nan), (14,nan,nan), (15,nan,nan), (16,nan,nan), (17,nan,nan), (18,nan,nan), (19,nan,nan), (20,nan,nan), (21,nan,nan), (22,nan,nan), (23,nan,nan), (24,nan,nan), (25,nan,nan), (26,nan,nan), (27,nan,nan), (28,nan,nan), (29,nan,nan), (30,nan,nan), (31,nan,nan),  

Writing: "Fiber2DL06bi_66.chk"
 (0.000433553s, XML)
Steps: 1340000  Time: 0.067       
 CPU Time: 15.271 min.
u_max = nan at x = 0, y = 0, z = 0
 
(Nodeid,phim,phie): (0,nan,nan), (1,nan,nan), (2,nan,nan), (3,nan,nan), (4,nan,nan), (5,nan,nan), (6,nan,nan), (7,nan,nan), (8,nan,nan), (9,nan,nan), (10,nan,nan), (11,nan,nan), (12,nan,nan), (13,nan,nan), (14,nan,nan), (15,nan,nan), (16,nan,nan), (17,nan,nan), (18,nan,nan), (19,nan,nan), (20,nan,nan), (21,nan,nan), (22,nan,nan), (23,nan,nan), (24,nan,nan), (25,nan,nan), (26,nan,nan), (27,nan,nan), (28,nan,nan), (29,nan,nan), (30,nan,nan), (31,nan,nan),  

Writing: "Fiber2DL06bi_67.chk"
 (0.000433894s, XML)
Steps: 1360000  Time: 0.068       
 CPU Time: 15.2697 min.
u_max = nan at x = 0, y = 0, z = 0
 
(Nodeid,phim,phie): (0,nan,nan), (1,nan,nan), (2,nan,nan), (3,nan,nan), (4,nan,nan), (5,nan,nan), (6,nan,nan), (7,nan,nan), (8,nan,nan), (9,nan,nan), (10,nan,nan), (11,nan,nan), (12,nan,nan), (13,nan,nan), (14,nan,nan), (15,nan,nan), (16,nan,nan), (17,nan,nan), (18,nan,nan), (19,nan,nan), (20,nan,nan), (21,nan,nan), (22,nan,nan), (23,nan,nan), (24,nan,nan), (25,nan,nan), (26,nan,nan), (27,nan,nan), (28,nan,nan), (29,nan,nan), (30,nan,nan), (31,nan,nan),  

Writing: "Fiber2DL06bi_68.chk"
 (0.000434795s, XML)
Steps: 1380000  Time: 0.069       
 CPU Time: 15.2661 min.
u_max = nan at x = 0, y = 0, z = 0
 
(Nodeid,phim,phie): (0,nan,nan), (1,nan,nan), (2,nan,nan), (3,nan,nan), (4,nan,nan), (5,nan,nan), (6,nan,nan), (7,nan,nan), (8,nan,nan), (9,nan,nan), (10,nan,nan), (11,nan,nan), (12,nan,nan), (13,nan,nan), (14,nan,nan), (15,nan,nan), (16,nan,nan), (17,nan,nan), (18,nan,nan), (19,nan,nan), (20,nan,nan), (21,nan,nan), (22,nan,nan), (23,nan,nan), (24,nan,nan), (25,nan,nan), (26,nan,nan), (27,nan,nan), (28,nan,nan), (29,nan,nan), (30,nan,nan), (31,nan,nan),  

Writing: "Fiber2DL06bi_69.chk"
 (0.000435657s, XML)
Steps: 1400000  Time: 0.07        
 CPU Time: 15.3121 min.
u_max = nan at x = 0, y = 0, z = 0
 
(Nodeid,phim,phie): (0,nan,nan), (1,nan,nan), (2,nan,nan), (3,nan,nan), (4,nan,nan), (5,nan,nan), (6,nan,nan), (7,nan,nan), (8,nan,nan), (9,nan,nan), (10,nan,nan), (11,nan,nan), (12,nan,nan), (13,nan,nan), (14,nan,nan), (15,nan,nan), (16,nan,nan), (17,nan,nan), (18,nan,nan), (19,nan,nan), (20,nan,nan), (21,nan,nan), (22,nan,nan), (23,nan,nan), (24,nan,nan), (25,nan,nan), (26,nan,nan), (27,nan,nan), (28,nan,nan), (29,nan,nan), (30,nan,nan), (31,nan,nan),  

Writing: "Fiber2DL06bi_70.chk"
 (0.000438833s, XML)
Steps: 1420000  Time: 0.071       
 CPU Time: 15.3221 min.
u_max = nan at x = 0, y = 0, z = 0
 
(Nodeid,phim,phie): (0,nan,nan), (1,nan,nan), (2,nan,nan), (3,nan,nan), (4,nan,nan), (5,nan,nan), (6,nan,nan), (7,nan,nan), (8,nan,nan), (9,nan,nan), (10,nan,nan), (11,nan,nan), (12,nan,nan), (13,nan,nan), (14,nan,nan), (15,nan,nan), (16,nan,nan), (17,nan,nan), (18,nan,nan), (19,nan,nan), (20,nan,nan), (21,nan,nan), (22,nan,nan), (23,nan,nan), (24,nan,nan), (25,nan,nan), (26,nan,nan), (27,nan,nan), (28,nan,nan), (29,nan,nan), (30,nan,nan), (31,nan,nan),  

Writing: "Fiber2DL06bi_71.chk"
 (0.000441739s, XML)
Steps: 1440000  Time: 0.072       
 CPU Time: 15.2939 min.
u_max = nan at x = 0, y = 0, z = 0
 
(Nodeid,phim,phie): (0,nan,nan), (1,nan,nan), (2,nan,nan), (3,nan,nan), (4,nan,nan), (5,nan,nan), (6,nan,nan), (7,nan,nan), (8,nan,nan), (9,nan,nan), (10,nan,nan), (11,nan,nan), (12,nan,nan), (13,nan,nan), (14,nan,nan), (15,nan,nan), (16,nan,nan), (17,nan,nan), (18,nan,nan), (19,nan,nan), (20,nan,nan), (21,nan,nan), (22,nan,nan), (23,nan,nan), (24,nan,nan), (25,nan,nan), (26,nan,nan), (27,nan,nan), (28,nan,nan), (29,nan,nan), (30,nan,nan), (31,nan,nan),  

Writing: "Fiber2DL06bi_72.chk"
 (0.00045332s, XML)
Steps: 1460000  Time: 0.073       
 CPU Time: 15.2928 min.
u_max = nan at x = 0, y = 0, z = 0
 
(Nodeid,phim,phie): (0,nan,nan), (1,nan,nan), (2,nan,nan), (3,nan,nan), (4,nan,nan), (5,nan,nan), (6,nan,nan), (7,nan,nan), (8,nan,nan), (9,nan,nan), (10,nan,nan), (11,nan,nan), (12,nan,nan), (13,nan,nan), (14,nan,nan), (15,nan,nan), (16,nan,nan), (17,nan,nan), (18,nan,nan), (19,nan,nan), (20,nan,nan), (21,nan,nan), (22,nan,nan), (23,nan,nan), (24,nan,nan), (25,nan,nan), (26,nan,nan), (27,nan,nan), (28,nan,nan), (29,nan,nan), (30,nan,nan), (31,nan,nan),  

Writing: "Fiber2DL06bi_73.chk"
 (0.000437812s, XML)
Steps: 1480000  Time: 0.074       
 CPU Time: 15.298 min.
u_max = nan at x = 0, y = 0, z = 0
 
(Nodeid,phim,phie): (0,nan,nan), (1,nan,nan), (2,nan,nan), (3,nan,nan), (4,nan,nan), (5,nan,nan), (6,nan,nan), (7,nan,nan), (8,nan,nan), (9,nan,nan), (10,nan,nan), (11,nan,nan), (12,nan,nan), (13,nan,nan), (14,nan,nan), (15,nan,nan), (16,nan,nan), (17,nan,nan), (18,nan,nan), (19,nan,nan), (20,nan,nan), (21,nan,nan), (22,nan,nan), (23,nan,nan), (24,nan,nan), (25,nan,nan), (26,nan,nan), (27,nan,nan), (28,nan,nan), (29,nan,nan), (30,nan,nan), (31,nan,nan),  

Writing: "Fiber2DL06bi_74.chk"
 (0.000436819s, XML)
Steps: 1500000  Time: 0.075       
 CPU Time: 15.2833 min.
u_max = nan at x = 0, y = 0, z = 0
 
(Nodeid,phim,phie): (0,nan,nan), (1,nan,nan), (2,nan,nan), (3,nan,nan), (4,nan,nan), (5,nan,nan), (6,nan,nan), (7,nan,nan), (8,nan,nan), (9,nan,nan), (10,nan,nan), (11,nan,nan), (12,nan,nan), (13,nan,nan), (14,nan,nan), (15,nan,nan), (16,nan,nan), (17,nan,nan), (18,nan,nan), (19,nan,nan), (20,nan,nan), (21,nan,nan), (22,nan,nan), (23,nan,nan), (24,nan,nan), (25,nan,nan), (26,nan,nan), (27,nan,nan), (28,nan,nan), (29,nan,nan), (30,nan,nan), (31,nan,nan),  

Writing: "Fiber2DL06bi_75.chk"
 (0.000452669s, XML)
Steps: 1520000  Time: 0.076       
 CPU Time: 15.2848 min.
u_max = nan at x = 0, y = 0, z = 0
 
(Nodeid,phim,phie): (0,nan,nan), (1,nan,nan), (2,nan,nan), (3,nan,nan), (4,nan,nan), (5,nan,nan), (6,nan,nan), (7,nan,nan), (8,nan,nan), (9,nan,nan), (10,nan,nan), (11,nan,nan), (12,nan,nan), (13,nan,nan), (14,nan,nan), (15,nan,nan), (16,nan,nan), (17,nan,nan), (18,nan,nan), (19,nan,nan), (20,nan,nan), (21,nan,nan), (22,nan,nan), (23,nan,nan), (24,nan,nan), (25,nan,nan), (26,nan,nan), (27,nan,nan), (28,nan,nan), (29,nan,nan), (30,nan,nan), (31,nan,nan),  

Writing: "Fiber2DL06bi_76.chk"
 (0.000438012s, XML)
Steps: 1540000  Time: 0.077       
 CPU Time: 15.275 min.
u_max = nan at x = 0, y = 0, z = 0
 
(Nodeid,phim,phie): (0,nan,nan), (1,nan,nan), (2,nan,nan), (3,nan,nan), (4,nan,nan), (5,nan,nan), (6,nan,nan), (7,nan,nan), (8,nan,nan), (9,nan,nan), (10,nan,nan), (11,nan,nan), (12,nan,nan), (13,nan,nan), (14,nan,nan), (15,nan,nan), (16,nan,nan), (17,nan,nan), (18,nan,nan), (19,nan,nan), (20,nan,nan), (21,nan,nan), (22,nan,nan), (23,nan,nan), (24,nan,nan), (25,nan,nan), (26,nan,nan), (27,nan,nan), (28,nan,nan), (29,nan,nan), (30,nan,nan), (31,nan,nan),  

Writing: "Fiber2DL06bi_77.chk"
 (0.000443131s, XML)
Steps: 1560000  Time: 0.078       
 CPU Time: 15.2824 min.
u_max = nan at x = 0, y = 0, z = 0
 
(Nodeid,phim,phie): (0,nan,nan), (1,nan,nan), (2,nan,nan), (3,nan,nan), (4,nan,nan), (5,nan,nan), (6,nan,nan), (7,nan,nan), (8,nan,nan), (9,nan,nan), (10,nan,nan), (11,nan,nan), (12,nan,nan), (13,nan,nan), (14,nan,nan), (15,nan,nan), (16,nan,nan), (17,nan,nan), (18,nan,nan), (19,nan,nan), (20,nan,nan), (21,nan,nan), (22,nan,nan), (23,nan,nan), (24,nan,nan), (25,nan,nan), (26,nan,nan), (27,nan,nan), (28,nan,nan), (29,nan,nan), (30,nan,nan), (31,nan,nan),  

Writing: "Fiber2DL06bi_78.chk"
 (0.000430808s, XML)
Steps: 1580000  Time: 0.079       
 CPU Time: 15.3016 min.
u_max = nan at x = 0, y = 0, z = 0
 
(Nodeid,phim,phie): (0,nan,nan), (1,nan,nan), (2,nan,nan), (3,nan,nan), (4,nan,nan), (5,nan,nan), (6,nan,nan), (7,nan,nan), (8,nan,nan), (9,nan,nan), (10,nan,nan), (11,nan,nan), (12,nan,nan), (13,nan,nan), (14,nan,nan), (15,nan,nan), (16,nan,nan), (17,nan,nan), (18,nan,nan), (19,nan,nan), (20,nan,nan), (21,nan,nan), (22,nan,nan), (23,nan,nan), (24,nan,nan), (25,nan,nan), (26,nan,nan), (27,nan,nan), (28,nan,nan), (29,nan,nan), (30,nan,nan), (31,nan,nan),  

Writing: "Fiber2DL06bi_79.chk"
 (0.000449193s, XML)
Steps: 1600000  Time: 0.08        
 CPU Time: 15.2453 min.
u_max = nan at x = 0, y = 0, z = 0
 
(Nodeid,phim,phie): (0,nan,nan), (1,nan,nan), (2,nan,nan), (3,nan,nan), (4,nan,nan), (5,nan,nan), (6,nan,nan), (7,nan,nan), (8,nan,nan), (9,nan,nan), (10,nan,nan), (11,nan,nan), (12,nan,nan), (13,nan,nan), (14,nan,nan), (15,nan,nan), (16,nan,nan), (17,nan,nan), (18,nan,nan), (19,nan,nan), (20,nan,nan), (21,nan,nan), (22,nan,nan), (23,nan,nan), (24,nan,nan), (25,nan,nan), (26,nan,nan), (27,nan,nan), (28,nan,nan), (29,nan,nan), (30,nan,nan), (31,nan,nan),  

Writing: "Fiber2DL06bi_80.chk"
 (0.000438672s, XML)
Steps: 1620000  Time: 0.081       
 CPU Time: 15.2615 min.
u_max = nan at x = 0, y = 0, z = 0
 
(Nodeid,phim,phie): (0,nan,nan), (1,nan,nan), (2,nan,nan), (3,nan,nan), (4,nan,nan), (5,nan,nan), (6,nan,nan), (7,nan,nan), (8,nan,nan), (9,nan,nan), (10,nan,nan), (11,nan,nan), (12,nan,nan), (13,nan,nan), (14,nan,nan), (15,nan,nan), (16,nan,nan), (17,nan,nan), (18,nan,nan), (19,nan,nan), (20,nan,nan), (21,nan,nan), (22,nan,nan), (23,nan,nan), (24,nan,nan), (25,nan,nan), (26,nan,nan), (27,nan,nan), (28,nan,nan), (29,nan,nan), (30,nan,nan), (31,nan,nan),  

Writing: "Fiber2DL06bi_81.chk"
 (0.000442239s, XML)
Steps: 1640000  Time: 0.082       
 CPU Time: 15.2504 min.
u_max = nan at x = 0, y = 0, z = 0
 
(Nodeid,phim,phie): (0,nan,nan), (1,nan,nan), (2,nan,nan), (3,nan,nan), (4,nan,nan), (5,nan,nan), (6,nan,nan), (7,nan,nan), (8,nan,nan), (9,nan,nan), (10,nan,nan), (11,nan,nan), (12,nan,nan), (13,nan,nan), (14,nan,nan), (15,nan,nan), (16,nan,nan), (17,nan,nan), (18,nan,nan), (19,nan,nan), (20,nan,nan), (21,nan,nan), (22,nan,nan), (23,nan,nan), (24,nan,nan), (25,nan,nan), (26,nan,nan), (27,nan,nan), (28,nan,nan), (29,nan,nan), (30,nan,nan), (31,nan,nan),  

Writing: "Fiber2DL06bi_82.chk"
 (0.00043735s, XML)
Steps: 1660000  Time: 0.083       
 CPU Time: 15.2252 min.
u_max = nan at x = 0, y = 0, z = 0
 
(Nodeid,phim,phie): (0,nan,nan), (1,nan,nan), (2,nan,nan), (3,nan,nan), (4,nan,nan), (5,nan,nan), (6,nan,nan), (7,nan,nan), (8,nan,nan), (9,nan,nan), (10,nan,nan), (11,nan,nan), (12,nan,nan), (13,nan,nan), (14,nan,nan), (15,nan,nan), (16,nan,nan), (17,nan,nan), (18,nan,nan), (19,nan,nan), (20,nan,nan), (21,nan,nan), (22,nan,nan), (23,nan,nan), (24,nan,nan), (25,nan,nan), (26,nan,nan), (27,nan,nan), (28,nan,nan), (29,nan,nan), (30,nan,nan), (31,nan,nan),  

Writing: "Fiber2DL06bi_83.chk"
 (0.00044281s, XML)
Steps: 1680000  Time: 0.084       
 CPU Time: 15.315 min.
u_max = nan at x = 0, y = 0, z = 0
 
(Nodeid,phim,phie): (0,nan,nan), (1,nan,nan), (2,nan,nan), (3,nan,nan), (4,nan,nan), (5,nan,nan), (6,nan,nan), (7,nan,nan), (8,nan,nan), (9,nan,nan), (10,nan,nan), (11,nan,nan), (12,nan,nan), (13,nan,nan), (14,nan,nan), (15,nan,nan), (16,nan,nan), (17,nan,nan), (18,nan,nan), (19,nan,nan), (20,nan,nan), (21,nan,nan), (22,nan,nan), (23,nan,nan), (24,nan,nan), (25,nan,nan), (26,nan,nan), (27,nan,nan), (28,nan,nan), (29,nan,nan), (30,nan,nan), (31,nan,nan),  

Writing: "Fiber2DL06bi_84.chk"
 (0.000449994s, XML)
Steps: 1700000  Time: 0.085       
 CPU Time: 15.2905 min.
u_max = nan at x = 0, y = 0, z = 0
 
(Nodeid,phim,phie): (0,nan,nan), (1,nan,nan), (2,nan,nan), (3,nan,nan), (4,nan,nan), (5,nan,nan), (6,nan,nan), (7,nan,nan), (8,nan,nan), (9,nan,nan), (10,nan,nan), (11,nan,nan), (12,nan,nan), (13,nan,nan), (14,nan,nan), (15,nan,nan), (16,nan,nan), (17,nan,nan), (18,nan,nan), (19,nan,nan), (20,nan,nan), (21,nan,nan), (22,nan,nan), (23,nan,nan), (24,nan,nan), (25,nan,nan), (26,nan,nan), (27,nan,nan), (28,nan,nan), (29,nan,nan), (30,nan,nan), (31,nan,nan),  

Writing: "Fiber2DL06bi_85.chk"
 (0.000433373s, XML)
Steps: 1720000  Time: 0.086       
 CPU Time: 15.2465 min.
u_max = nan at x = 0, y = 0, z = 0
 
(Nodeid,phim,phie): (0,nan,nan), (1,nan,nan), (2,nan,nan), (3,nan,nan), (4,nan,nan), (5,nan,nan), (6,nan,nan), (7,nan,nan), (8,nan,nan), (9,nan,nan), (10,nan,nan), (11,nan,nan), (12,nan,nan), (13,nan,nan), (14,nan,nan), (15,nan,nan), (16,nan,nan), (17,nan,nan), (18,nan,nan), (19,nan,nan), (20,nan,nan), (21,nan,nan), (22,nan,nan), (23,nan,nan), (24,nan,nan), (25,nan,nan), (26,nan,nan), (27,nan,nan), (28,nan,nan), (29,nan,nan), (30,nan,nan), (31,nan,nan),  

Writing: "Fiber2DL06bi_86.chk"
 (0.000435347s, XML)
