\BOOKMARK [0][-]{chapter*.2}{\376\377\000I\000n\000t\000r\000o\000d\000u\000c\000t\000i\000o\000n}{}% 1
\BOOKMARK [-1][-]{part.1}{\376\377\000G\000e\000t\000t\000i\000n\000g\000\040\000S\000t\000a\000r\000t\000e\000d}{}% 2
\BOOKMARK [0][-]{chapter.1}{\376\377\000I\000n\000s\000t\000a\000l\000l\000a\000t\000i\000o\000n}{part.1}% 3
\BOOKMARK [1][-]{section.1.1}{\376\377\000I\000n\000s\000t\000a\000l\000l\000i\000n\000g\000\040\000D\000e\000b\000i\000a\000n\000/\000U\000b\000u\000n\000t\000u\000\040\000P\000a\000c\000k\000a\000g\000e\000s}{chapter.1}% 4
\BOOKMARK [1][-]{section.1.2}{\376\377\000I\000n\000s\000t\000a\000l\000l\000i\000n\000g\000\040\000R\000e\000d\000h\000a\000t\000/\000F\000e\000d\000o\000r\000a\000\040\000P\000a\000c\000k\000a\000g\000e\000s}{chapter.1}% 5
\BOOKMARK [1][-]{section.1.3}{\376\377\000I\000n\000s\000t\000a\000l\000l\000i\000n\000g\000\040\000f\000r\000o\000m\000\040\000S\000o\000u\000r\000c\000e}{chapter.1}% 6
\BOOKMARK [2][-]{subsection.1.3.1}{\376\377\000O\000b\000t\000a\000i\000n\000i\000n\000g\000\040\000t\000h\000e\000\040\000s\000o\000u\000r\000c\000e\000\040\000c\000o\000d\000e}{section.1.3}% 7
\BOOKMARK [2][-]{subsection.1.3.2}{\376\377\000L\000i\000n\000u\000x}{section.1.3}% 8
\BOOKMARK [2][-]{subsection.1.3.3}{\376\377\000O\000S\000\040\000X}{section.1.3}% 9
\BOOKMARK [2][-]{subsection.1.3.4}{\376\377\000W\000i\000n\000d\000o\000w\000s}{section.1.3}% 10
\BOOKMARK [2][-]{subsection.1.3.5}{\376\377\000C\000M\000a\000k\000e\000\040\000O\000p\000t\000i\000o\000n\000\040\000R\000e\000f\000e\000r\000e\000n\000c\000e}{section.1.3}% 11
\BOOKMARK [0][-]{chapter.2}{\376\377\000M\000a\000t\000h\000e\000m\000a\000t\000i\000c\000a\000l\000\040\000F\000o\000r\000m\000u\000l\000a\000t\000i\000o\000n}{part.1}% 12
\BOOKMARK [1][-]{section.2.1}{\376\377\000B\000a\000c\000k\000g\000r\000o\000u\000n\000d}{chapter.2}% 13
\BOOKMARK [1][-]{section.2.2}{\376\377\000M\000e\000t\000h\000o\000d\000s\000\040\000o\000v\000e\000r\000v\000i\000e\000w}{chapter.2}% 14
\BOOKMARK [2][-]{subsection.2.2.1}{\376\377\000T\000h\000e\000\040\000f\000i\000n\000i\000t\000e\000\040\000e\000l\000e\000m\000e\000n\000t\000\040\000m\000e\000t\000h\000o\000d\000\040\000\050\000F\000E\000M\000\051}{section.2.2}% 15
\BOOKMARK [2][-]{subsection.2.2.2}{\376\377\000H\000i\000g\000h\000-\000o\000r\000d\000e\000r\000\040\000f\000i\000n\000i\000t\000e\000\040\000e\000l\000e\000m\000e\000n\000t\000\040\000m\000e\000t\000h\000o\000d\000s}{section.2.2}% 16
\BOOKMARK [2][-]{subsection.2.2.3}{\376\377\000T\000h\000e\000\040\000G\000a\000l\000e\000r\000k\000i\000n\000\040\000f\000o\000r\000m\000u\000l\000a\000t\000i\000o\000n}{section.2.2}% 17
\BOOKMARK [0][-]{chapter.3}{\376\377\000X\000M\000L\000\040\000S\000e\000s\000s\000i\000o\000n\000\040\000F\000i\000l\000e}{part.1}% 18
\BOOKMARK [1][-]{section.3.1}{\376\377\000G\000e\000o\000m\000e\000t\000r\000y}{chapter.3}% 19
\BOOKMARK [2][-]{subsection.3.1.1}{\376\377\000V\000e\000r\000t\000i\000c\000e\000s}{section.3.1}% 20
\BOOKMARK [2][-]{subsection.3.1.2}{\376\377\000E\000d\000g\000e\000s}{section.3.1}% 21
\BOOKMARK [2][-]{subsection.3.1.3}{\376\377\000F\000a\000c\000e\000s}{section.3.1}% 22
\BOOKMARK [2][-]{subsection.3.1.4}{\376\377\000E\000l\000e\000m\000e\000n\000t}{section.3.1}% 23
\BOOKMARK [2][-]{subsection.3.1.5}{\376\377\000C\000u\000r\000v\000e\000d\000\040\000E\000d\000g\000e\000s\000\040\000a\000n\000d\000\040\000F\000a\000c\000e\000s}{section.3.1}% 24
\BOOKMARK [2][-]{subsection.3.1.6}{\376\377\000C\000o\000m\000p\000o\000s\000i\000t\000e\000s}{section.3.1}% 25
\BOOKMARK [2][-]{subsection.3.1.7}{\376\377\000D\000o\000m\000a\000i\000n}{section.3.1}% 26
\BOOKMARK [1][-]{section.3.2}{\376\377\000E\000x\000p\000a\000n\000s\000i\000o\000n\000s}{chapter.3}% 27
\BOOKMARK [1][-]{section.3.3}{\376\377\000R\000e\000f\000i\000n\000e\000m\000e\000n\000t\000s}{chapter.3}% 28
\BOOKMARK [1][-]{section.3.4}{\376\377\000C\000o\000n\000d\000i\000t\000i\000o\000n\000s}{chapter.3}% 29
\BOOKMARK [2][-]{subsection.3.4.1}{\376\377\000P\000a\000r\000a\000m\000e\000t\000e\000r\000s}{section.3.4}% 30
\BOOKMARK [2][-]{subsection.3.4.2}{\376\377\000T\000i\000m\000e\000\040\000I\000n\000t\000e\000g\000r\000a\000t\000i\000o\000n\000\040\000S\000c\000h\000e\000m\000e}{section.3.4}% 31
\BOOKMARK [2][-]{subsection.3.4.3}{\376\377\000S\000o\000l\000v\000e\000r\000\040\000I\000n\000f\000o\000r\000m\000a\000t\000i\000o\000n}{section.3.4}% 32
\BOOKMARK [2][-]{subsection.3.4.4}{\376\377\000V\000a\000r\000i\000a\000b\000l\000e\000s}{section.3.4}% 33
\BOOKMARK [2][-]{subsection.3.4.5}{\376\377\000G\000l\000o\000b\000a\000l\000\040\000S\000y\000s\000t\000e\000m\000\040\000S\000o\000l\000u\000t\000i\000o\000n\000\040\000A\000l\000g\000o\000r\000i\000t\000h\000m}{section.3.4}% 34
\BOOKMARK [2][-]{subsection.3.4.6}{\376\377\000B\000o\000u\000n\000d\000a\000r\000y\000\040\000R\000e\000g\000i\000o\000n\000s\000\040\000a\000n\000d\000\040\000C\000o\000n\000d\000i\000t\000i\000o\000n\000s}{section.3.4}% 35
\BOOKMARK [2][-]{subsection.3.4.7}{\376\377\000F\000u\000n\000c\000t\000i\000o\000n\000s}{section.3.4}% 36
\BOOKMARK [2][-]{subsection.3.4.8}{\376\377\000Q\000u\000a\000s\000i\000-\0003\000D\000\040\000a\000p\000p\000r\000o\000a\000c\000h}{section.3.4}% 37
\BOOKMARK [1][-]{section.3.5}{\376\377\000F\000i\000l\000t\000e\000r\000s}{chapter.3}% 38
\BOOKMARK [2][-]{subsection.3.5.1}{\376\377\000P\000h\000a\000s\000e\000\040\000s\000a\000m\000p\000l\000i\000n\000g}{section.3.5}% 39
\BOOKMARK [2][-]{subsection.3.5.2}{\376\377\000A\000e\000r\000o\000d\000y\000n\000a\000m\000i\000c\000\040\000f\000o\000r\000c\000e\000s}{section.3.5}% 40
\BOOKMARK [2][-]{subsection.3.5.3}{\376\377\000B\000e\000n\000c\000h\000m\000a\000r\000k}{section.3.5}% 41
\BOOKMARK [2][-]{subsection.3.5.4}{\376\377\000C\000e\000l\000l\000\040\000h\000i\000s\000t\000o\000r\000y\000\040\000p\000o\000i\000n\000t\000s}{section.3.5}% 42
\BOOKMARK [2][-]{subsection.3.5.5}{\376\377\000C\000h\000e\000c\000k\000p\000o\000i\000n\000t\000\040\000c\000e\000l\000l\000\040\000m\000o\000d\000e\000l}{section.3.5}% 43
\BOOKMARK [2][-]{subsection.3.5.6}{\376\377\000C\000h\000e\000c\000k\000p\000o\000i\000n\000t\000\040\000f\000i\000e\000l\000d\000s}{section.3.5}% 44
\BOOKMARK [2][-]{subsection.3.5.7}{\376\377\000E\000l\000e\000c\000t\000r\000o\000g\000r\000a\000m}{section.3.5}% 45
\BOOKMARK [2][-]{subsection.3.5.8}{\376\377\000O\000f\000f\000s\000e\000t\000\040\000P\000h\000a\000s\000e}{section.3.5}% 46
\BOOKMARK [2][-]{subsection.3.5.9}{\376\377\000H\000i\000l\000b\000e\000r\000t\000\040\000T\000r\000a\000n\000s\000f\000o\000r\000m\000\040\000P\000h\000a\000s\000e\000\040\000b\000a\000s\000e\000d\000\040\000o\000n\000\040\000F\000F\000T\000W}{section.3.5}% 47
\BOOKMARK [2][-]{subsection.3.5.10}{\376\377\000E\000r\000r\000o\000r}{section.3.5}% 48
\BOOKMARK [2][-]{subsection.3.5.11}{\376\377\000I\000n\000t\000e\000g\000r\000a\000l}{section.3.5}% 49
\BOOKMARK [2][-]{subsection.3.5.12}{\376\377\000I\000n\000t\000e\000g\000r\000a\000l}{section.3.5}% 50
\BOOKMARK [2][-]{subsection.3.5.13}{\376\377\000F\000i\000e\000l\000d\000C\000o\000n\000v\000e\000r\000t\000\040\000c\000h\000e\000c\000k\000p\000o\000i\000n\000t\000s}{section.3.5}% 51
\BOOKMARK [2][-]{subsection.3.5.14}{\376\377\000H\000i\000s\000t\000o\000r\000y\000\040\000p\000o\000i\000n\000t\000s}{section.3.5}% 52
\BOOKMARK [2][-]{subsection.3.5.15}{\376\377\000K\000i\000n\000e\000t\000i\000c\000\040\000e\000n\000e\000r\000g\000y\000\040\000a\000n\000d\000\040\000e\000n\000s\000t\000r\000o\000p\000h\000y}{section.3.5}% 53
\BOOKMARK [2][-]{subsection.3.5.16}{\376\377\000M\000e\000a\000n\000\040\000v\000a\000l\000u\000e\000s}{section.3.5}% 54
\BOOKMARK [2][-]{subsection.3.5.17}{\376\377\000M\000o\000d\000a\000l\000\040\000e\000n\000e\000r\000g\000y}{section.3.5}% 55
\BOOKMARK [2][-]{subsection.3.5.18}{\376\377\000M\000o\000v\000i\000n\000g\000\040\000b\000o\000d\000y}{section.3.5}% 56
\BOOKMARK [2][-]{subsection.3.5.19}{\376\377\000M\000o\000v\000i\000n\000g\000\040\000a\000v\000e\000r\000a\000g\000e\000\040\000o\000f\000\040\000f\000i\000e\000l\000d\000s}{section.3.5}% 57
\BOOKMARK [2][-]{subsection.3.5.20}{\376\377\000O\000n\000e\000-\000d\000i\000m\000e\000n\000s\000i\000o\000n\000a\000l\000\040\000e\000n\000e\000r\000g\000y}{section.3.5}% 58
\BOOKMARK [2][-]{subsection.3.5.21}{\376\377\000R\000e\000y\000n\000o\000l\000d\000s\000\040\000s\000t\000r\000e\000s\000s\000e\000s}{section.3.5}% 59
\BOOKMARK [2][-]{subsection.3.5.22}{\376\377\000T\000i\000m\000e\000-\000a\000v\000e\000r\000a\000g\000e\000d\000\040\000f\000i\000e\000l\000d\000s}{section.3.5}% 60
\BOOKMARK [2][-]{subsection.3.5.23}{\376\377\000T\000h\000r\000e\000s\000h\000o\000l\000d\000M\000a\000x}{section.3.5}% 61
\BOOKMARK [2][-]{subsection.3.5.24}{\376\377\000T\000h\000r\000e\000s\000h\000o\000l\000d\000M\000i\000n\000\040\000v\000a\000l\000u\000e}{section.3.5}% 62
\BOOKMARK [2][-]{subsection.3.5.25}{\376\377\000M\000a\000x\000i\000m\000u\000n\000/\000m\000i\000n\000i\000m\000u\000n\000\040\000f\000i\000e\000l\000d\000s}{section.3.5}% 63
\BOOKMARK [2][-]{subsection.3.5.26}{\376\377\000P\000y\000t\000h\000o\000n\000\040\000s\000c\000r\000i\000p\000t}{section.3.5}% 64
\BOOKMARK [2][-]{subsection.3.5.27}{\376\377\000B\000o\000d\000y\000-\000f\000i\000t\000t\000e\000d\000\040\000v\000e\000l\000o\000c\000i\000t\000y\000\040\000f\000i\000e\000l\000d\000s}{section.3.5}% 65
\BOOKMARK [2][-]{subsection.3.5.28}{\376\377\000L\000a\000g\000r\000a\000n\000g\000i\000a\000n\000\040\000p\000o\000i\000n\000t\000s\000\040\000T\000r\000a\000c\000k\000i\000n\000g}{section.3.5}% 66
\BOOKMARK [1][-]{section.3.6}{\376\377\000F\000o\000r\000c\000i\000n\000g}{chapter.3}% 67
\BOOKMARK [2][-]{subsection.3.6.1}{\376\377\000A\000b\000s\000o\000r\000p\000t\000i\000o\000n}{section.3.6}% 68
\BOOKMARK [2][-]{subsection.3.6.2}{\376\377\000B\000o\000d\000y}{section.3.6}% 69
\BOOKMARK [2][-]{subsection.3.6.3}{\376\377\000S\000y\000n\000t\000h\000e\000t\000i\000c\000\040\000t\000u\000r\000b\000u\000l\000e\000n\000c\000e\000\040\000g\000e\000n\000e\000r\000a\000t\000o\000r}{section.3.6}% 70
\BOOKMARK [2][-]{subsection.3.6.4}{\376\377\000M\000o\000v\000i\000n\000g\000R\000e\000f\000e\000r\000e\000n\000c\000e\000F\000r\000a\000m\000e}{section.3.6}% 71
\BOOKMARK [2][-]{subsection.3.6.5}{\376\377\000P\000r\000o\000g\000r\000a\000m\000m\000a\000t\000i\000c}{section.3.6}% 72
\BOOKMARK [2][-]{subsection.3.6.6}{\376\377\000N\000o\000i\000s\000e}{section.3.6}% 73
\BOOKMARK [1][-]{section.3.7}{\376\377\000C\000o\000u\000p\000l\000i\000n\000g}{chapter.3}% 74
\BOOKMARK [2][-]{subsection.3.7.1}{\376\377\000F\000i\000l\000e}{section.3.7}% 75
\BOOKMARK [2][-]{subsection.3.7.2}{\376\377\000C\000w\000i\000p\000i}{section.3.7}% 76
\BOOKMARK [1][-]{section.3.8}{\376\377\000E\000x\000p\000r\000e\000s\000s\000i\000o\000n\000s}{chapter.3}% 77
\BOOKMARK [2][-]{subsection.3.8.1}{\376\377\000V\000a\000r\000i\000a\000b\000l\000e\000s\000\040\000a\000n\000d\000\040\000c\000o\000o\000r\000d\000i\000n\000a\000t\000e\000\040\000s\000y\000s\000t\000e\000m\000s}{section.3.8}% 78
\BOOKMARK [2][-]{subsection.3.8.2}{\376\377\000P\000e\000r\000f\000o\000r\000m\000a\000n\000c\000e\000\040\000c\000o\000n\000s\000i\000d\000e\000r\000a\000t\000i\000o\000n\000s}{section.3.8}% 79
\BOOKMARK [1][-]{section.3.9}{\376\377\000M\000o\000v\000e\000m\000e\000n\000t}{chapter.3}% 80
\BOOKMARK [2][-]{subsection.3.9.1}{\376\377\000N\000o\000n\000-\000c\000o\000n\000f\000o\000r\000m\000a\000l\000\040\000m\000e\000s\000h\000e\000s}{section.3.9}% 81
\BOOKMARK [2][-]{subsection.3.9.2}{\376\377\000S\000l\000i\000d\000i\000n\000g\000\040\000M\000e\000s\000h}{section.3.9}% 82
\BOOKMARK [-1][-]{part.2}{\376\377\000P\000r\000e\000p\000r\000o\000c\000e\000s\000s\000i\000n\000g\000\040\000\046\000\040\000P\000o\000s\000t\000p\000r\000o\000c\000e\000s\000s\000i\000n\000g}{}% 83
\BOOKMARK [0][-]{chapter.4}{\376\377\000N\000e\000k\000M\000e\000s\000h}{part.2}% 84
\BOOKMARK [1][-]{section.4.1}{\376\377\000E\000x\000p\000o\000r\000t\000i\000n\000g\000\040\000a\000\040\000m\000e\000s\000h\000\040\000f\000r\000o\000m\000\040\000G\000m\000s\000h}{chapter.4}% 85
\BOOKMARK [1][-]{section.4.2}{\376\377\000D\000e\000f\000i\000n\000i\000n\000g\000\040\000p\000h\000y\000s\000i\000c\000a\000l\000\040\000s\000u\000r\000f\000a\000c\000e\000s\000\040\000a\000n\000d\000\040\000v\000o\000l\000u\000m\000e\000s}{chapter.4}% 86
\BOOKMARK [1][-]{section.4.3}{\376\377\000C\000o\000n\000v\000e\000r\000t\000i\000n\000g\000\040\000t\000h\000e\000\040\000M\000S\000H\000\040\000t\000o\000\040\000N\000e\000k\000t\000a\000r\000+\000+\000\040\000f\000o\000r\000m\000a\000t}{chapter.4}% 87
\BOOKMARK [1][-]{section.4.4}{\376\377\000N\000e\000k\000M\000e\000s\000h\000\040\000i\000n\000\040\000N\000e\000k\000P\000y}{chapter.4}% 88
\BOOKMARK [1][-]{section.4.5}{\376\377\000N\000e\000k\000M\000e\000s\000h\000\040\000m\000o\000d\000u\000l\000e\000s}{chapter.4}% 89
\BOOKMARK [2][-]{subsection.4.5.1}{\376\377\000I\000n\000p\000u\000t\000\040\000m\000o\000d\000u\000l\000e\000s}{section.4.5}% 90
\BOOKMARK [2][-]{subsection.4.5.2}{\376\377\000O\000u\000t\000p\000u\000t\000\040\000m\000o\000d\000u\000l\000e\000s}{section.4.5}% 91
\BOOKMARK [2][-]{subsection.4.5.3}{\376\377\000E\000x\000t\000r\000a\000c\000t\000\040\000s\000u\000r\000f\000a\000c\000e\000s\000\040\000f\000r\000o\000m\000\040\000a\000\040\000m\000e\000s\000h}{section.4.5}% 92
\BOOKMARK [2][-]{subsection.4.5.4}{\376\377\000N\000e\000g\000a\000t\000i\000v\000e\000\040\000J\000a\000c\000o\000b\000i\000a\000n\000\040\000d\000e\000t\000e\000c\000t\000i\000o\000n\000\040\000a\000n\000d\000\040\000h\000i\000s\000t\000o\000g\000r\000a\000m\000\040\000v\000i\000s\000u\000a\000l\000i\000s\000a\000t\000i\000o\000n}{section.4.5}% 93
\BOOKMARK [2][-]{subsection.4.5.5}{\376\377\000S\000p\000h\000e\000r\000i\000g\000o\000n\000\040\000p\000a\000t\000c\000h\000e\000s}{section.4.5}% 94
\BOOKMARK [2][-]{subsection.4.5.6}{\376\377\000P\000e\000r\000i\000o\000d\000i\000c\000\040\000b\000o\000u\000n\000d\000a\000r\000y\000\040\000c\000o\000n\000d\000i\000t\000i\000o\000n\000\040\000a\000l\000i\000g\000n\000m\000e\000n\000t}{section.4.5}% 95
\BOOKMARK [2][-]{subsection.4.5.7}{\376\377\000B\000o\000u\000n\000d\000a\000r\000y\000\040\000l\000a\000y\000e\000r\000\040\000s\000p\000l\000i\000t\000t\000i\000n\000g}{section.4.5}% 96
\BOOKMARK [2][-]{subsection.4.5.8}{\376\377\000H\000i\000g\000h\000-\000o\000r\000d\000e\000r\000\040\000c\000y\000l\000i\000n\000d\000e\000r\000\040\000g\000e\000n\000e\000r\000a\000t\000i\000o\000n}{section.4.5}% 97
\BOOKMARK [2][-]{subsection.4.5.9}{\376\377\000L\000i\000n\000e\000a\000r\000i\000s\000a\000t\000i\000o\000n}{section.4.5}% 98
\BOOKMARK [2][-]{subsection.4.5.10}{\376\377\000E\000x\000t\000r\000a\000c\000t\000i\000n\000g\000\040\000i\000n\000t\000e\000r\000f\000a\000c\000e\000\040\000b\000e\000t\000w\000e\000e\000n\000\040\000t\000e\000t\000r\000a\000h\000e\000d\000r\000a\000\040\000a\000n\000d\000\040\000p\000r\000i\000s\000m\000a\000t\000i\000c\000\040\000e\000l\000e\000m\000e\000n\000t\000s}{section.4.5}% 99
\BOOKMARK [2][-]{subsection.4.5.11}{\376\377\000B\000o\000u\000n\000d\000a\000r\000y\000\040\000i\000d\000e\000n\000t\000i\000f\000i\000c\000a\000t\000i\000o\000n}{section.4.5}% 100
\BOOKMARK [2][-]{subsection.4.5.12}{\376\377\000S\000c\000a\000l\000a\000r\000\040\000f\000u\000n\000c\000t\000i\000o\000n\000\040\000c\000u\000r\000v\000a\000t\000u\000r\000e}{section.4.5}% 101
\BOOKMARK [2][-]{subsection.4.5.13}{\376\377\000L\000i\000n\000k\000\040\000C\000h\000e\000c\000k\000i\000n\000g}{section.4.5}% 102
\BOOKMARK [2][-]{subsection.4.5.14}{\376\377\0002\000D\000\040\000m\000e\000s\000h\000\040\000e\000x\000t\000r\000u\000s\000i\000o\000n}{section.4.5}% 103
\BOOKMARK [2][-]{subsection.4.5.15}{\376\377\0002\000D\000\040\000m\000e\000s\000h\000\040\000r\000e\000v\000o\000l\000u\000t\000i\000o\000n}{section.4.5}% 104
\BOOKMARK [2][-]{subsection.4.5.16}{\376\377\0003\000D\000\040\000m\000e\000s\000h\000\040\000s\000c\000a\000l\000i\000n\000g}{section.4.5}% 105
\BOOKMARK [2][-]{subsection.4.5.17}{\376\377\000V\000a\000r\000i\000a\000t\000i\000o\000n\000a\000l\000\040\000O\000p\000t\000i\000m\000i\000s\000a\000t\000i\000o\000n}{section.4.5}% 106
\BOOKMARK [2][-]{subsection.4.5.18}{\376\377\000r\000-\000a\000d\000a\000p\000t\000a\000t\000i\000o\000n\000:\000\040\000i\000n\000t\000e\000r\000p\000o\000l\000a\000t\000i\000o\000n\000\040\000f\000i\000l\000e}{section.4.5}% 107
\BOOKMARK [2][-]{subsection.4.5.19}{\376\377\000r\000-\000a\000d\000a\000p\000t\000a\000t\000i\000o\000n\000:\000\040\000C\000A\000D\000\040\000c\000u\000r\000v\000e\000s}{section.4.5}% 108
\BOOKMARK [2][-]{subsection.4.5.20}{\376\377\000M\000e\000s\000h\000\040\000C\000u\000r\000v\000i\000n\000g}{section.4.5}% 109
\BOOKMARK [2][-]{subsection.4.5.21}{\376\377\000M\000e\000s\000h\000\040\000c\000o\000m\000b\000i\000n\000e}{section.4.5}% 110
\BOOKMARK [1][-]{section.4.6}{\376\377\000M\000e\000s\000h\000\040\000g\000e\000n\000e\000r\000a\000t\000i\000o\000n}{chapter.4}% 111
\BOOKMARK [2][-]{subsection.4.6.1}{\376\377\000M\000e\000t\000h\000o\000d\000o\000l\000o\000g\000y}{section.4.6}% 112
\BOOKMARK [2][-]{subsection.4.6.2}{\376\377\000M\000e\000s\000h\000\040\000g\000e\000n\000e\000r\000a\000t\000i\000o\000n\000\040\000m\000a\000n\000u\000a\000l}{section.4.6}% 113
\BOOKMARK [0][-]{chapter.5}{\376\377\000F\000i\000e\000l\000d\000C\000o\000n\000v\000e\000r\000t}{part.2}% 114
\BOOKMARK [1][-]{section.5.1}{\376\377\000B\000a\000s\000i\000c\000\040\000u\000s\000a\000g\000e}{chapter.5}% 115
\BOOKMARK [2][-]{subsection.5.1.1}{\376\377\000I\000n\000p\000u\000t\000\040\000f\000o\000r\000m\000a\000t\000s}{section.5.1}% 116
\BOOKMARK [1][-]{section.5.2}{\376\377\000C\000o\000n\000v\000e\000r\000t\000\040\000.\000f\000l\000d\000\040\000/\000\040\000.\000c\000h\000k\000\040\000f\000i\000l\000e\000s\000\040\000i\000n\000t\000o\000\040\000P\000a\000r\000a\000v\000i\000e\000w\000,\000\040\000V\000i\000s\000I\000t\000\040\000o\000r\000\040\000T\000e\000c\000p\000l\000o\000t\000\040\000f\000o\000r\000m\000a\000t}{chapter.5}% 117
\BOOKMARK [2][-]{subsection.5.2.1}{\376\377\000U\000s\000i\000n\000g\000\040\000t\000h\000e\000\040\000V\000T\000K\000\040\000l\000i\000b\000r\000a\000r\000y\000\040\000f\000o\000r\000\040\000o\000u\000t\000p\000u\000t}{section.5.2}% 118
\BOOKMARK [1][-]{section.5.3}{\376\377\000C\000o\000n\000v\000e\000r\000t\000\040\000f\000i\000e\000l\000d\000\040\000f\000i\000l\000e\000s\000\040\000b\000e\000t\000w\000e\000e\000n\000\040\000X\000M\000L\000\040\000a\000n\000d\000\040\000H\000D\000F\0005\000\040\000f\000o\000r\000m\000a\000t}{chapter.5}% 119
\BOOKMARK [1][-]{section.5.4}{\376\377\000S\000p\000e\000c\000i\000f\000y\000i\000n\000g\000\040\000a\000\040\000s\000u\000b\000-\000r\000a\000n\000g\000e\000\040\000o\000f\000\040\000t\000h\000e\000\040\000m\000e\000s\000h}{chapter.5}% 120
\BOOKMARK [1][-]{section.5.5}{\376\377\000F\000i\000e\000l\000d\000C\000o\000n\000v\000e\000r\000t\000\040\000i\000n\000\040\000N\000e\000k\000P\000y}{chapter.5}% 121
\BOOKMARK [1][-]{section.5.6}{\376\377\000F\000i\000e\000l\000d\000C\000o\000n\000v\000e\000r\000t\000\040\000m\000o\000d\000u\000l\000e\000s\000\040\000-\000m}{chapter.5}% 122
\BOOKMARK [2][-]{subsection.5.6.1}{\376\377\000S\000m\000o\000o\000t\000h\000\040\000t\000h\000e\000\040\000d\000a\000t\000a\000:\000\040\000C\0000\000P\000r\000o\000j\000e\000c\000t\000i\000o\000n\000\040\000m\000o\000d\000u\000l\000e}{section.5.6}% 123
\BOOKMARK [2][-]{subsection.5.6.2}{\376\377\000C\000a\000l\000c\000u\000l\000a\000t\000e\000\040\000C\000F\000L\000\040\000n\000u\000m\000b\000e\000r\000:\000\040\000C\000F\000L\000\040\000m\000o\000d\000u\000l\000e}{section.5.6}% 124
\BOOKMARK [2][-]{subsection.5.6.3}{\376\377\000C\000a\000l\000c\000u\000l\000a\000t\000e\000\040\000Q\000-\000C\000r\000i\000t\000e\000r\000i\000o\000n\000:\000\040\000Q\000C\000r\000i\000t\000e\000r\000i\000o\000n\000\040\000m\000o\000d\000u\000l\000e}{section.5.6}% 125
\BOOKMARK [2][-]{subsection.5.6.4}{\376\377\000C\000a\000l\000c\000u\000l\000a\000t\000e\000\040\0002\000:\000\040\000L\0002\000C\000r\000i\000t\000e\000r\000i\000o\000n\000\040\000m\000o\000d\000u\000l\000e}{section.5.6}% 126
\BOOKMARK [2][-]{subsection.5.6.5}{\376\377\000A\000d\000d\000\040\000c\000o\000m\000p\000o\000s\000i\000t\000e\000\040\000I\000D\000:\000\040\000a\000d\000d\000c\000o\000m\000p\000o\000s\000i\000t\000e\000i\000d\000\040\000m\000o\000d\000u\000l\000e}{section.5.6}% 127
\BOOKMARK [2][-]{subsection.5.6.6}{\376\377\000A\000d\000d\000\040\000n\000e\000w\000\040\000f\000i\000e\000l\000d\000:\000\040\000f\000i\000e\000l\000d\000f\000r\000o\000m\000s\000t\000r\000i\000n\000g\000\040\000m\000o\000d\000u\000l\000e}{section.5.6}% 128
\BOOKMARK [2][-]{subsection.5.6.7}{\376\377\000S\000u\000m\000\040\000t\000w\000o\000\040\000.\000f\000l\000d\000\040\000f\000i\000l\000e\000s\000:\000\040\000a\000d\000d\000F\000l\000d\000\040\000m\000o\000d\000u\000l\000e}{section.5.6}% 129
\BOOKMARK [2][-]{subsection.5.6.8}{\376\377\000C\000o\000m\000b\000i\000n\000e\000\040\000t\000w\000o\000\040\000.\000f\000l\000d\000\040\000f\000i\000l\000e\000s\000\040\000c\000o\000n\000t\000a\000i\000n\000i\000n\000g\000\040\000t\000i\000m\000e\000\040\000a\000v\000e\000r\000a\000g\000e\000s\000:\000\040\000c\000o\000m\000b\000i\000n\000e\000A\000v\000g\000\040\000m\000o\000d\000u\000l\000e}{section.5.6}% 130
\BOOKMARK [2][-]{subsection.5.6.9}{\376\377\000C\000o\000n\000c\000a\000t\000e\000n\000a\000t\000e\000\040\000t\000w\000o\000\040\000f\000i\000l\000e\000s\000:\000\040\000c\000o\000n\000c\000a\000t\000e\000n\000a\000t\000e\000\040\000m\000o\000d\000u\000l\000e}{section.5.6}% 131
\BOOKMARK [2][-]{subsection.5.6.10}{\376\377\000C\000o\000u\000n\000t\000\040\000t\000h\000e\000\040\000n\000u\000m\000b\000e\000r\000\040\000o\000f\000\040\000D\000O\000F\000:\000\040\000d\000o\000f\000\040\000m\000o\000d\000u\000l\000e}{section.5.6}% 132
\BOOKMARK [2][-]{subsection.5.6.11}{\376\377\000E\000q\000u\000i\000-\000s\000p\000a\000c\000e\000d\000\040\000o\000u\000t\000p\000u\000t\000\040\000o\000f\000\040\000d\000a\000t\000a\000:\000\040\000e\000q\000u\000i\000s\000p\000a\000c\000e\000d\000o\000u\000t\000p\000u\000t\000\040\000m\000o\000d\000u\000l\000e}{section.5.6}% 133
\BOOKMARK [2][-]{subsection.5.6.12}{\376\377\000E\000x\000t\000r\000a\000c\000t\000\040\000a\000\040\000b\000o\000u\000n\000d\000a\000r\000y\000\040\000r\000e\000g\000i\000o\000n\000:\000\040\000e\000x\000t\000r\000a\000c\000t\000\040\000m\000o\000d\000u\000l\000e}{section.5.6}% 134
\BOOKMARK [2][-]{subsection.5.6.13}{\376\377\000C\000a\000l\000c\000u\000l\000a\000t\000e\000\040\000d\000i\000v\000e\000r\000g\000e\000n\000c\000e\000:\000\040\000d\000i\000v\000e\000r\000g\000e\000n\000c\000e\000\040\000m\000o\000d\000u\000l\000e}{section.5.6}% 135
\BOOKMARK [2][-]{subsection.5.6.14}{\376\377\000C\000o\000m\000p\000u\000t\000e\000\040\000t\000h\000e\000\040\000g\000r\000a\000d\000i\000e\000n\000t\000\040\000o\000f\000\040\000a\000\040\000f\000i\000e\000l\000d\000:\000\040\000g\000r\000a\000d\000i\000e\000n\000t\000\040\000m\000o\000d\000u\000l\000e}{section.5.6}% 136
\BOOKMARK [2][-]{subsection.5.6.15}{\376\377\000C\000o\000n\000v\000e\000r\000t\000\040\000H\000a\000l\000f\000M\000o\000d\000e\000\040\000e\000x\000p\000a\000n\000s\000i\000o\000n\000\040\000t\000o\000\040\000S\000i\000n\000g\000l\000e\000M\000o\000d\000e\000\040\000f\000o\000r\000\040\000f\000u\000r\000t\000h\000e\000r\000\040\000p\000r\000o\000c\000e\000s\000s\000i\000n\000g\000:\000\040\000h\000a\000l\000f\000m\000o\000d\000e\000t\000o\000f\000o\000u\000r\000i\000e\000r\000\040\000m\000o\000d\000u\000l\000e}{section.5.6}% 137
\BOOKMARK [2][-]{subsection.5.6.16}{\376\377\000E\000x\000t\000r\000a\000c\000t\000\040\000a\000\040\000p\000l\000a\000n\000e\000\040\000f\000r\000o\000m\000\040\0003\000D\000H\0001\000D\000\040\000e\000x\000p\000a\000n\000s\000i\000o\000n\000:\000\040\000h\000o\000m\000p\000l\000a\000n\000e\000\040\000m\000o\000d\000u\000l\000e}{section.5.6}% 138
\BOOKMARK [2][-]{subsection.5.6.17}{\376\377\000S\000t\000r\000e\000t\000c\000h\000\040\000a\000\040\0003\000D\000H\0001\000D\000\040\000e\000x\000p\000a\000n\000s\000i\000o\000n\000:\000\040\000h\000o\000m\000s\000t\000r\000e\000t\000c\000h\000\040\000m\000o\000d\000u\000l\000e}{section.5.6}% 139
\BOOKMARK [2][-]{subsection.5.6.18}{\376\377\000I\000n\000n\000e\000r\000\040\000P\000r\000o\000d\000u\000c\000t\000\040\000o\000f\000\040\000a\000\040\000s\000i\000n\000g\000l\000e\000\040\000o\000r\000\040\000s\000e\000r\000i\000e\000s\000\040\000o\000f\000\040\000f\000i\000e\000l\000d\000s\000\040\000w\000i\000t\000h\000\040\000r\000e\000s\000p\000e\000c\000t\000\040\000t\000o\000\040\000a\000\040\000s\000i\000n\000g\000l\000e\000\040\000o\000r\000\040\000s\000e\000r\000i\000e\000s\000\040\000o\000f\000\040\000f\000i\000e\000l\000d\000s\000:\000\040\000i\000n\000n\000e\000r\000p\000r\000o\000d\000u\000c\000t\000\040\000m\000o\000d\000u\000l\000e}{section.5.6}% 140
\BOOKMARK [2][-]{subsection.5.6.19}{\376\377\000I\000n\000t\000e\000r\000p\000o\000l\000a\000t\000e\000\040\000o\000n\000e\000\040\000f\000i\000e\000l\000d\000\040\000t\000o\000\040\000a\000n\000o\000t\000h\000e\000r\000:\000\040\000i\000n\000t\000e\000r\000p\000f\000i\000e\000l\000d\000\040\000m\000o\000d\000u\000l\000e}{section.5.6}% 141
\BOOKMARK [2][-]{subsection.5.6.20}{\376\377\000I\000n\000t\000e\000r\000p\000o\000l\000a\000t\000e\000\040\000s\000c\000a\000t\000t\000e\000r\000e\000d\000\040\000p\000o\000i\000n\000t\000\040\000d\000a\000t\000a\000\040\000t\000o\000\040\000a\000\040\000f\000i\000e\000l\000d\000:\000\040\000i\000n\000t\000e\000r\000p\000p\000o\000i\000n\000t\000d\000a\000t\000a\000t\000o\000f\000l\000d\000\040\000m\000o\000d\000u\000l\000e}{section.5.6}% 142
\BOOKMARK [2][-]{subsection.5.6.21}{\376\377\000I\000n\000t\000e\000r\000p\000o\000l\000a\000t\000e\000\040\000a\000\040\000f\000i\000e\000l\000d\000\040\000t\000o\000\040\000a\000\040\000s\000e\000r\000i\000e\000s\000\040\000o\000f\000\040\000p\000o\000i\000n\000t\000s\000:\000\040\000i\000n\000t\000e\000r\000p\000p\000o\000i\000n\000t\000s\000\040\000m\000o\000d\000u\000l\000e}{section.5.6}% 143
\BOOKMARK [2][-]{subsection.5.6.22}{\376\377\000I\000n\000t\000e\000r\000p\000o\000l\000a\000t\000e\000\040\000a\000\040\000s\000e\000t\000\040\000o\000f\000\040\000p\000o\000i\000n\000t\000s\000\040\000t\000o\000\040\000a\000n\000o\000t\000h\000e\000r\000:\000\040\000i\000n\000t\000e\000r\000p\000p\000t\000s\000t\000o\000p\000t\000s\000\040\000m\000o\000d\000u\000l\000e}{section.5.6}% 144
\BOOKMARK [2][-]{subsection.5.6.23}{\376\377\000I\000s\000o\000c\000o\000n\000t\000o\000u\000r\000\040\000e\000x\000t\000r\000a\000c\000t\000i\000o\000n\000:\000\040\000i\000s\000c\000o\000n\000t\000o\000u\000r\000\040\000m\000o\000d\000u\000l\000e}{section.5.6}% 145
\BOOKMARK [2][-]{subsection.5.6.24}{\376\377\000S\000h\000o\000w\000\040\000h\000i\000g\000h\000\040\000f\000r\000e\000q\000u\000e\000n\000c\000y\000\040\000e\000n\000e\000r\000g\000y\000\040\000o\000f\000\040\000t\000h\000e\000\040\000J\000a\000c\000o\000b\000i\000a\000n\000:\000\040\000j\000a\000c\000o\000b\000i\000a\000n\000e\000n\000e\000r\000g\000y\000\040\000m\000o\000d\000u\000l\000e}{section.5.6}% 146
\BOOKMARK [2][-]{subsection.5.6.25}{\376\377\000C\000a\000l\000c\000u\000l\000a\000t\000e\000\040\000m\000e\000s\000h\000\040\000q\000u\000a\000l\000i\000t\000y\000:\000\040\000q\000u\000a\000l\000i\000t\000y\000m\000e\000t\000r\000i\000c\000\040\000m\000o\000d\000u\000l\000e}{section.5.6}% 147
\BOOKMARK [2][-]{subsection.5.6.26}{\376\377\000E\000v\000a\000l\000u\000a\000t\000e\000\040\000t\000h\000e\000\040\000m\000e\000a\000n\000\040\000o\000f\000\040\000v\000a\000r\000i\000a\000b\000l\000e\000s\000\040\000o\000n\000\040\000t\000h\000e\000\040\000d\000o\000m\000a\000i\000n\000:\000\040\000m\000e\000a\000n\000\040\000m\000o\000d\000u\000l\000e}{section.5.6}% 148
\BOOKMARK [2][-]{subsection.5.6.27}{\376\377\000E\000x\000t\000r\000a\000c\000t\000\040\000m\000e\000a\000n\000\040\000m\000o\000d\000e\000\040\000o\000f\000\040\0003\000D\000H\0001\000D\000\040\000e\000x\000p\000a\000n\000s\000i\000o\000n\000:\000\040\000m\000e\000a\000n\000m\000o\000d\000e\000\040\000m\000o\000d\000u\000l\000e}{section.5.6}% 149
\BOOKMARK [2][-]{subsection.5.6.28}{\376\377\000\040\000P\000r\000o\000j\000e\000c\000t\000\040\000p\000o\000i\000n\000t\000\040\000d\000a\000t\000a\000\040\000t\000o\000\040\000a\000\040\000f\000i\000e\000l\000d\000:\000\040\000p\000o\000i\000n\000t\000d\000a\000t\000a\000t\000o\000f\000l\000d\000\040\000m\000o\000d\000u\000l\000e}{section.5.6}% 150
\BOOKMARK [2][-]{subsection.5.6.29}{\376\377\000P\000r\000i\000n\000t\000\040\000L\0002\000\040\000a\000n\000d\000\040\000L\000I\000n\000f\000\040\000n\000o\000r\000m\000s\000:\000\040\000p\000r\000i\000n\000t\000f\000l\000d\000n\000o\000r\000m\000s\000\040\000m\000o\000d\000u\000l\000e}{section.5.6}% 151
\BOOKMARK [2][-]{subsection.5.6.30}{\376\377\000R\000e\000m\000o\000v\000e\000s\000\040\000o\000n\000e\000\040\000o\000r\000\040\000m\000o\000r\000e\000\040\000f\000i\000e\000l\000d\000s\000\040\000f\000r\000o\000m\000\040\000.\000f\000l\000d\000\040\000f\000i\000l\000e\000s\000:\000\040\000r\000e\000m\000o\000v\000e\000f\000i\000e\000l\000d\000\040\000m\000o\000d\000u\000l\000e}{section.5.6}% 152
\BOOKMARK [2][-]{subsection.5.6.31}{\376\377\000C\000o\000m\000p\000u\000t\000e\000s\000\040\000t\000h\000e\000\040\000s\000c\000a\000l\000a\000r\000\040\000g\000r\000a\000d\000i\000e\000n\000t\000:\000\040\000s\000c\000a\000l\000a\000r\000g\000r\000a\000d\000\040\000m\000o\000d\000u\000l\000e}{section.5.6}% 153
\BOOKMARK [2][-]{subsection.5.6.32}{\376\377\000S\000c\000a\000l\000e\000\040\000a\000\040\000g\000i\000v\000e\000n\000\040\000.\000f\000l\000d\000:\000\040\000s\000c\000a\000l\000e\000i\000n\000p\000u\000t\000f\000l\000d\000\040\000m\000o\000d\000u\000l\000e}{section.5.6}% 154
\BOOKMARK [2][-]{subsection.5.6.33}{\376\377\000T\000i\000m\000e\000-\000a\000v\000e\000r\000a\000g\000e\000d\000\040\000s\000h\000e\000a\000r\000\040\000s\000t\000r\000e\000s\000s\000\040\000m\000e\000t\000r\000i\000c\000s\000:\000\040\000s\000h\000e\000a\000r\000\040\000m\000o\000d\000u\000l\000e}{section.5.6}% 155
\BOOKMARK [2][-]{subsection.5.6.34}{\376\377\000S\000t\000r\000e\000a\000m\000\040\000f\000u\000n\000c\000t\000i\000o\000n\000\040\000o\000f\000\040\000a\000\040\0002\000D\000\040\000i\000n\000c\000o\000m\000p\000r\000e\000s\000s\000i\000b\000l\000e\000\040\000f\000l\000o\000w\000:\000\040\000s\000t\000r\000e\000a\000m\000f\000u\000n\000c\000t\000i\000o\000n\000\040\000m\000o\000d\000u\000l\000e}{section.5.6}% 156
\BOOKMARK [2][-]{subsection.5.6.35}{\376\377\000B\000o\000u\000n\000d\000a\000r\000y\000\040\000l\000a\000y\000e\000r\000\040\000h\000e\000i\000g\000h\000t\000\040\000c\000a\000l\000c\000u\000l\000a\000t\000i\000o\000n\000:\000\040\000s\000u\000r\000f\000d\000i\000s\000t\000a\000n\000c\000e\000\040\000m\000o\000d\000u\000l\000e}{section.5.6}% 157
\BOOKMARK [2][-]{subsection.5.6.36}{\376\377\000C\000a\000l\000c\000u\000l\000a\000t\000e\000\040\000v\000o\000r\000t\000i\000c\000i\000t\000y\000:\000\040\000v\000o\000r\000t\000i\000c\000i\000t\000y\000\040\000m\000o\000d\000u\000l\000e}{section.5.6}% 158
\BOOKMARK [2][-]{subsection.5.6.37}{\376\377\000C\000o\000m\000p\000u\000t\000i\000n\000g\000\040\000t\000h\000e\000\040\000w\000a\000l\000l\000\040\000s\000h\000e\000a\000r\000\040\000s\000t\000r\000e\000s\000s\000:\000\040\000w\000s\000s\000\040\000m\000o\000d\000u\000l\000e}{section.5.6}% 159
\BOOKMARK [2][-]{subsection.5.6.38}{\376\377\000C\000a\000l\000c\000u\000l\000a\000t\000i\000n\000g\000\040\000t\000h\000e\000\040\000s\000h\000a\000p\000e\000\040\000f\000u\000n\000c\000t\000i\000o\000n\000\040\000\040\000f\000o\000r\000\040\000a\000n\000\040\000S\000P\000M\000\040\000c\000a\000s\000e\000:\000\040\000p\000h\000i\000f\000i\000l\000e\000\040\000m\000o\000d\000u\000l\000e}{section.5.6}% 160
\BOOKMARK [2][-]{subsection.5.6.39}{\376\377\000I\000n\000t\000e\000r\000p\000o\000l\000a\000t\000e\000\040\000v\000a\000l\000u\000e\000s\000\040\000f\000o\000r\000\040\000a\000\040\000p\000o\000i\000n\000t\000\040\000a\000r\000r\000a\000y\000:\000\040\000w\000a\000l\000l\000N\000o\000r\000m\000a\000l\000D\000a\000t\000a\000\040\000m\000o\000d\000u\000l\000e}{section.5.6}% 161
\BOOKMARK [2][-]{subsection.5.6.40}{\376\377\000P\000r\000o\000j\000e\000c\000t\000\040\000v\000e\000l\000o\000c\000i\000t\000y\000\040\000i\000n\000t\000o\000\040\000b\000o\000d\000y\000-\000f\000i\000t\000t\000e\000d\000\040\000c\000o\000o\000r\000d\000i\000n\000a\000t\000e\000\040\000s\000y\000s\000t\000e\000m\000:\000\040\000b\000o\000d\000y\000F\000i\000t\000t\000e\000d\000V\000e\000l\000o\000c\000i\000t\000y\000\040\000m\000o\000d\000u\000l\000e}{section.5.6}% 162
\BOOKMARK [2][-]{subsection.5.6.41}{\376\377\000P\000e\000r\000f\000o\000r\000m\000\040\000l\000o\000c\000a\000l\000\040\000s\000t\000a\000b\000i\000l\000i\000t\000y\000\040\000a\000n\000a\000l\000y\000s\000i\000s\000:\000\040\000l\000o\000c\000a\000l\000S\000t\000a\000b\000i\000l\000i\000t\000y\000A\000n\000a\000l\000y\000s\000i\000s\000\040\000m\000o\000d\000u\000l\000e}{section.5.6}% 163
\BOOKMARK [2][-]{subsection.5.6.42}{\376\377\000Z\000e\000r\000o\000\040\000a\000\040\000h\000o\000m\000o\000g\000e\000n\000e\000o\000u\000s\000\040\000p\000l\000a\000n\000e\000\040\000i\000n\000\040\000w\000a\000v\000e\000s\000p\000a\000c\000e\000:\000\040\000z\000e\000r\000o\000-\000h\000o\000m\000o\000-\000p\000l\000a\000n\000e\000\040\000m\000o\000d\000u\000l\000e}{section.5.6}% 164
\BOOKMARK [2][-]{subsection.5.6.43}{\376\377\000M\000a\000n\000i\000p\000u\000l\000a\000t\000i\000n\000g\000\040\000m\000e\000s\000h\000e\000s\000\040\000w\000i\000t\000h\000\040\000F\000i\000e\000l\000d\000C\000o\000n\000v\000e\000r\000t}{section.5.6}% 165
\BOOKMARK [2][-]{subsection.5.6.44}{\376\377\000F\000i\000e\000l\000d\000\040\000a\000v\000e\000r\000a\000g\000i\000n\000g\000\040\000m\000o\000d\000u\000l\000e}{section.5.6}% 166
\BOOKMARK [2][-]{subsection.5.6.45}{\376\377\000C\000o\000m\000p\000u\000t\000i\000n\000g\000\040\000t\000h\000e\000\040\000s\000p\000a\000n\000w\000i\000s\000e\000\040\000p\000o\000w\000e\000r\000\040\000s\000p\000e\000c\000t\000r\000u\000m\000\040\000m\000o\000d\000u\000l\000e}{section.5.6}% 167
\BOOKMARK [2][-]{subsection.5.6.46}{\376\377\000C\000o\000m\000p\000u\000t\000i\000n\000g\000\040\000t\000h\000e\000\040\000v\000e\000l\000o\000c\000i\000t\000y\000\040\000f\000i\000e\000l\000d\000\040\000i\000n\000d\000u\000c\000e\000d\000\040\000b\000y\000\040\000v\000o\000r\000t\000e\000x\000\040\000f\000i\000l\000a\000m\000e\000n\000t\000s}{section.5.6}% 168
\BOOKMARK [1][-]{section.5.7}{\376\377\000F\000i\000e\000l\000d\000C\000o\000n\000v\000e\000r\000t\000\040\000i\000n\000\040\000p\000a\000r\000a\000l\000l\000e\000l}{chapter.5}% 169
\BOOKMARK [1][-]{section.5.8}{\376\377\000F\000i\000e\000l\000d\000C\000o\000n\000v\000e\000r\000t\000\040\000f\000o\000r\000\040\000p\000a\000r\000a\000l\000l\000e\000l\000-\000i\000n\000-\000t\000i\000m\000e}{chapter.5}% 170
\BOOKMARK [1][-]{section.5.9}{\376\377\000P\000r\000o\000c\000e\000s\000s\000i\000n\000g\000\040\000l\000a\000r\000g\000e\000\040\000f\000i\000l\000e\000s\000\040\000i\000n\000\040\000s\000e\000r\000i\000a\000l}{chapter.5}% 171
\BOOKMARK [2][-]{subsection.5.9.1}{\376\377\000U\000s\000i\000n\000g\000\040\000t\000h\000e\000\040\000\040\000p\000a\000r\000t\000-\000o\000n\000l\000y\000\040\000a\000n\000d\000\040\000\040\000p\000a\000r\000t\000-\000o\000n\000l\000y\000-\000o\000v\000e\000r\000l\000a\000p\000p\000i\000n\000g\000\040\000o\000p\000t\000i\000o\000n\000s}{section.5.9}% 172
\BOOKMARK [2][-]{subsection.5.9.2}{\376\377\000U\000s\000i\000n\000g\000\040\000t\000h\000e\000\040\000n\000p\000a\000r\000t\000s\000\040\000o\000p\000t\000i\000o\000n\000s}{section.5.9}% 173
\BOOKMARK [2][-]{subsection.5.9.3}{\376\377\000R\000u\000n\000n\000i\000n\000g\000\040\000i\000n\000\040\000p\000a\000r\000a\000l\000l\000e\000l\000\040\000w\000i\000t\000h\000\040\000t\000h\000e\000\040\000\040\000n\000p\000a\000r\000t\000s\000\040\000o\000p\000t\000i\000o\000n}{section.5.9}% 174
\BOOKMARK [-1][-]{part.3}{\376\377\000S\000o\000l\000v\000e\000r\000\040\000A\000p\000p\000l\000i\000c\000a\000t\000i\000o\000n\000s}{}% 175
\BOOKMARK [0][-]{chapter.6}{\376\377\000A\000c\000o\000u\000s\000t\000i\000c\000\040\000S\000o\000l\000v\000e\000r}{part.3}% 176
\BOOKMARK [1][-]{section.6.1}{\376\377\000S\000y\000n\000o\000p\000s\000i\000s}{chapter.6}% 177
\BOOKMARK [2][-]{subsection.6.1.1}{\376\377\000L\000i\000n\000e\000a\000r\000i\000z\000e\000d\000\040\000E\000u\000l\000e\000r\000\040\000E\000q\000u\000a\000t\000i\000o\000n\000s}{section.6.1}% 178
\BOOKMARK [2][-]{subsection.6.1.2}{\376\377\000A\000c\000o\000u\000s\000t\000i\000c\000\040\000P\000e\000r\000t\000u\000r\000b\000a\000t\000i\000o\000n\000\040\000E\000q\000u\000a\000t\000i\000o\000n\000s}{section.6.1}% 179
\BOOKMARK [1][-]{section.6.2}{\376\377\000U\000s\000a\000g\000e}{chapter.6}% 180
\BOOKMARK [1][-]{section.6.3}{\376\377\000S\000e\000s\000s\000i\000o\000n\000\040\000f\000i\000l\000e\000\040\000c\000o\000n\000f\000i\000g\000u\000r\000a\000t\000i\000o\000n}{chapter.6}% 181
\BOOKMARK [2][-]{subsection.6.3.1}{\376\377\000T\000i\000m\000e\000\040\000I\000n\000t\000e\000g\000r\000a\000t\000i\000o\000n\000\040\000S\000c\000h\000e\000m\000e}{section.6.3}% 182
\BOOKMARK [2][-]{subsection.6.3.2}{\376\377\000S\000o\000l\000v\000e\000r\000\040\000I\000n\000f\000o}{section.6.3}% 183
\BOOKMARK [2][-]{subsection.6.3.3}{\376\377\000V\000a\000r\000i\000a\000b\000l\000e\000s}{section.6.3}% 184
\BOOKMARK [2][-]{subsection.6.3.4}{\376\377\000F\000u\000n\000c\000t\000i\000o\000n\000s}{section.6.3}% 185
\BOOKMARK [2][-]{subsection.6.3.5}{\376\377\000B\000o\000u\000n\000d\000a\000r\000y\000\040\000C\000o\000n\000d\000i\000t\000i\000o\000n\000s}{section.6.3}% 186
\BOOKMARK [1][-]{section.6.4}{\376\377\000E\000x\000a\000m\000p\000l\000e\000s}{chapter.6}% 187
\BOOKMARK [2][-]{subsection.6.4.1}{\376\377\000W\000a\000v\000e\000\040\000P\000r\000o\000p\000a\000g\000a\000t\000i\000o\000n\000\040\000i\000n\000\040\000a\000\040\000S\000h\000e\000a\000r\000e\000d\000\040\000B\000a\000s\000e\000\040\000F\000l\000o\000w}{section.6.4}% 188
\BOOKMARK [0][-]{chapter.7}{\376\377\000A\000d\000v\000e\000c\000t\000i\000o\000n\000-\000D\000i\000f\000f\000u\000s\000i\000o\000n\000-\000R\000e\000a\000c\000t\000i\000o\000n\000\040\000S\000o\000l\000v\000e\000r}{part.3}% 189
\BOOKMARK [1][-]{section.7.1}{\376\377\000S\000y\000n\000o\000p\000s\000i\000s}{chapter.7}% 190
\BOOKMARK [1][-]{section.7.2}{\376\377\000U\000s\000a\000g\000e}{chapter.7}% 191
\BOOKMARK [1][-]{section.7.3}{\376\377\000S\000e\000s\000s\000i\000o\000n\000\040\000f\000i\000l\000e\000\040\000c\000o\000n\000f\000i\000g\000u\000r\000a\000t\000i\000o\000n}{chapter.7}% 192
\BOOKMARK [2][-]{subsection.7.3.1}{\376\377\000T\000i\000m\000e\000\040\000I\000n\000t\000e\000g\000r\000a\000t\000i\000o\000n\000\040\000S\000c\000h\000e\000m\000e}{section.7.3}% 193
\BOOKMARK [2][-]{subsection.7.3.2}{\376\377\000S\000o\000l\000v\000e\000r\000\040\000I\000n\000f\000o}{section.7.3}% 194
\BOOKMARK [2][-]{subsection.7.3.3}{\376\377\000P\000a\000r\000a\000m\000e\000t\000e\000r\000s}{section.7.3}% 195
\BOOKMARK [2][-]{subsection.7.3.4}{\376\377\000F\000u\000n\000c\000t\000i\000o\000n\000s}{section.7.3}% 196
\BOOKMARK [1][-]{section.7.4}{\376\377\000E\000x\000a\000m\000p\000l\000e\000s}{chapter.7}% 197
\BOOKMARK [2][-]{subsection.7.4.1}{\376\377\000P\000r\000o\000j\000e\000c\000t\000i\000o\000n\000:\000\040\0002\000D\000\040\000P\000r\000o\000b\000l\000e\000m}{section.7.4}% 198
\BOOKMARK [2][-]{subsection.7.4.2}{\376\377\000H\000e\000l\000m\000h\000o\000l\000t\000z\000:\000\040\000T\000w\000o\000-\000d\000i\000m\000e\000n\000s\000i\000o\000n\000a\000l\000\040\000o\000c\000t\000a\000g\000o\000n\000a\000l\000\040\000p\000l\000a\000n\000e}{section.7.4}% 199
\BOOKMARK [2][-]{subsection.7.4.3}{\376\377\000S\000t\000e\000a\000d\000y\000A\000d\000v\000e\000c\000t\000i\000o\000n\000D\000i\000f\000f\000u\000s\000i\000o\000n\000:\000\040\0002\000D\000\040\000P\000r\000o\000b\000l\000e\000m}{section.7.4}% 200
\BOOKMARK [2][-]{subsection.7.4.4}{\376\377\000S\000t\000e\000a\000d\000y\000A\000d\000v\000e\000c\000t\000i\000o\000n\000D\000i\000f\000f\000u\000s\000i\000o\000n\000R\000e\000a\000c\000t\000i\000o\000n\000:\000\040\0002\000D\000\040\000P\000r\000o\000b\000l\000e\000m}{section.7.4}% 201
\BOOKMARK [2][-]{subsection.7.4.5}{\376\377\000U\000n\000s\000t\000e\000a\000d\000y\000A\000d\000v\000e\000c\000t\000i\000o\000n\000:\000\040\0001\000D\000\040\000A\000d\000v\000e\000c\000t\000i\000o\000n\000\040\000e\000q\000u\000a\000t\000i\000o\000n}{section.7.4}% 202
\BOOKMARK [2][-]{subsection.7.4.6}{\376\377\000U\000n\000s\000t\000e\000a\000d\000y\000A\000d\000v\000e\000c\000t\000i\000o\000n\000D\000i\000f\000f\000u\000s\000i\000o\000n\000:\000\040\000A\000d\000v\000e\000c\000t\000i\000o\000n\000\040\000d\000o\000m\000i\000n\000a\000t\000e\000d\000\040\000m\000a\000s\000s\000\040\000t\000r\000a\000n\000s\000p\000o\000r\000t\000\040\000i\000n\000\040\000a\000\040\000p\000i\000p\000e}{section.7.4}% 203
\BOOKMARK [2][-]{subsection.7.4.7}{\376\377\000U\000n\000s\000t\000e\000a\000d\000y\000D\000i\000f\000f\000u\000s\000i\000o\000n\000:\000\040\0002\000D\000\040\000A\000n\000i\000s\000o\000t\000r\000o\000p\000i\000c\000\040\000d\000i\000f\000f\000u\000s\000i\000o\000n\000\040\000p\000r\000o\000b\000l\000e\000m}{section.7.4}% 204
\BOOKMARK [2][-]{subsection.7.4.8}{\376\377\000U\000n\000s\000t\000e\000a\000d\000y\000R\000e\000a\000c\000t\000i\000o\000n\000D\000i\000f\000f\000u\000s\000i\000o\000n\000:\000\040\000U\000n\000s\000t\000e\000a\000d\000y\000\040\000r\000e\000a\000c\000t\000i\000o\000n\000-\000d\000i\000f\000f\000u\000s\000i\000o\000n\000\040\000s\000y\000s\000t\000e\000m\000s}{section.7.4}% 205
\BOOKMARK [2][-]{subsection.7.4.9}{\376\377\000U\000n\000s\000t\000e\000a\000d\000y\000I\000n\000v\000i\000s\000c\000i\000d\000B\000u\000r\000g\000e\000r\000s\000:\000\040\0002\000D\000\040\000P\000r\000o\000b\000l\000e\000m}{section.7.4}% 206
\BOOKMARK [2][-]{subsection.7.4.10}{\376\377\000U\000n\000s\000t\000e\000a\000d\000y\000V\000i\000s\000c\000o\000u\000s\000B\000u\000r\000g\000e\000r\000s\000:\000\040\0002\000D\000\040\000P\000r\000o\000b\000l\000e\000m}{section.7.4}% 207
\BOOKMARK [0][-]{chapter.8}{\376\377\000C\000a\000r\000d\000i\000a\000c\000\040\000E\000l\000e\000c\000t\000r\000o\000p\000h\000y\000s\000i\000o\000l\000o\000g\000y\000\040\000S\000o\000l\000v\000e\000r}{part.3}% 208
\BOOKMARK [1][-]{section.8.1}{\376\377\000S\000y\000n\000o\000p\000s\000i\000s}{chapter.8}% 209
\BOOKMARK [2][-]{subsection.8.1.1}{\376\377\000B\000i\000d\000o\000m\000a\000i\000n\000\040\000M\000o\000d\000e\000l}{section.8.1}% 210
\BOOKMARK [2][-]{subsection.8.1.2}{\376\377\000M\000o\000n\000o\000d\000o\000m\000a\000i\000n\000\040\000M\000o\000d\000e\000l}{section.8.1}% 211
\BOOKMARK [2][-]{subsection.8.1.3}{\376\377\000C\000e\000l\000l\000\040\000M\000o\000d\000e\000l\000s}{section.8.1}% 212
\BOOKMARK [1][-]{section.8.2}{\376\377\000U\000s\000a\000g\000e}{chapter.8}% 213
\BOOKMARK [1][-]{section.8.3}{\376\377\000S\000e\000s\000s\000i\000o\000n\000\040\000f\000i\000l\000e\000\040\000c\000o\000n\000f\000i\000g\000u\000r\000a\000t\000i\000o\000n}{chapter.8}% 214
\BOOKMARK [2][-]{subsection.8.3.1}{\376\377\000S\000o\000l\000v\000e\000r\000\040\000I\000n\000f\000o}{section.8.3}% 215
\BOOKMARK [2][-]{subsection.8.3.2}{\376\377\000P\000a\000r\000a\000m\000e\000t\000e\000r\000s}{section.8.3}% 216
\BOOKMARK [2][-]{subsection.8.3.3}{\376\377\000F\000u\000n\000c\000t\000i\000o\000n\000s}{section.8.3}% 217
\BOOKMARK [2][-]{subsection.8.3.4}{\376\377\000F\000i\000l\000t\000e\000r\000s}{section.8.3}% 218
\BOOKMARK [2][-]{subsection.8.3.5}{\376\377\000S\000t\000i\000m\000u\000l\000i}{section.8.3}% 219
\BOOKMARK [0][-]{chapter.9}{\376\377\000C\000o\000m\000p\000r\000e\000s\000s\000i\000b\000l\000e\000\040\000F\000l\000o\000w\000\040\000S\000o\000l\000v\000e\000r}{part.3}% 220
\BOOKMARK [1][-]{section.9.1}{\376\377\000S\000y\000n\000o\000p\000s\000i\000s}{chapter.9}% 221
\BOOKMARK [2][-]{subsection.9.1.1}{\376\377\000E\000u\000l\000e\000r\000\040\000e\000q\000u\000a\000t\000i\000o\000n\000s}{section.9.1}% 222
\BOOKMARK [2][-]{subsection.9.1.2}{\376\377\000C\000o\000m\000p\000r\000e\000s\000s\000i\000b\000l\000e\000\040\000N\000a\000v\000i\000e\000r\000-\000S\000t\000o\000k\000e\000s\000\040\000e\000q\000u\000a\000t\000i\000o\000n\000s}{section.9.1}% 223
\BOOKMARK [2][-]{subsection.9.1.3}{\376\377\000N\000u\000m\000e\000r\000i\000c\000a\000l\000\040\000d\000i\000s\000c\000r\000e\000t\000i\000s\000a\000t\000i\000o\000n}{section.9.1}% 224
\BOOKMARK [1][-]{section.9.2}{\376\377\000U\000s\000a\000g\000e}{chapter.9}% 225
\BOOKMARK [1][-]{section.9.3}{\376\377\000S\000e\000s\000s\000i\000o\000n\000\040\000f\000i\000l\000e\000\040\000c\000o\000n\000f\000i\000g\000u\000r\000a\000t\000i\000o\000n}{chapter.9}% 226
\BOOKMARK [1][-]{section.9.4}{\376\377\000E\000x\000a\000m\000p\000l\000e\000s}{chapter.9}% 227
\BOOKMARK [2][-]{subsection.9.4.1}{\376\377\000S\000h\000o\000c\000k\000\040\000c\000a\000p\000t\000u\000r\000i\000n\000g}{section.9.4}% 228
\BOOKMARK [2][-]{subsection.9.4.2}{\376\377\000V\000a\000r\000i\000a\000b\000l\000e\000\040\000p\000o\000l\000y\000n\000o\000m\000i\000a\000l\000\040\000o\000r\000d\000e\000r}{section.9.4}% 229
\BOOKMARK [2][-]{subsection.9.4.3}{\376\377\000D\000e\000-\000A\000l\000i\000a\000s\000i\000n\000g\000\040\000T\000e\000c\000h\000n\000i\000q\000u\000e\000s}{section.9.4}% 230
\BOOKMARK [2][-]{subsection.9.4.4}{\376\377\000I\000m\000p\000l\000i\000c\000i\000t\000\040\000s\000o\000l\000v\000e\000r}{section.9.4}% 231
\BOOKMARK [0][-]{chapter.10}{\376\377\000D\000u\000m\000m\000y\000\040\000S\000o\000l\000v\000e\000r}{part.3}% 232
\BOOKMARK [1][-]{section.10.1}{\376\377\000S\000y\000n\000o\000p\000s\000i\000s}{chapter.10}% 233
\BOOKMARK [0][-]{chapter.11}{\376\377\000I\000n\000c\000o\000m\000p\000r\000e\000s\000s\000i\000b\000l\000e\000\040\000N\000a\000v\000i\000e\000r\000-\000S\000t\000o\000k\000e\000s\000\040\000S\000o\000l\000v\000e\000r}{part.3}% 234
\BOOKMARK [1][-]{section.11.1}{\376\377\000S\000y\000n\000o\000p\000s\000i\000s}{chapter.11}% 235
\BOOKMARK [2][-]{subsection.11.1.1}{\376\377\000V\000e\000l\000o\000c\000i\000t\000y\000\040\000C\000o\000r\000r\000e\000c\000t\000i\000o\000n\000\040\000S\000c\000h\000e\000m\000e}{section.11.1}% 236
\BOOKMARK [2][-]{subsection.11.1.2}{\376\377\000I\000m\000m\000e\000r\000s\000e\000d\000\040\000B\000o\000u\000n\000d\000a\000r\000y\000\040\000M\000e\000t\000h\000o\000d\000s\000:\000\040\000S\000m\000o\000o\000t\000h\000e\000d\000\040\000P\000r\000o\000f\000i\000l\000e\000\040\000M\000e\000t\000h\000o\000d}{section.11.1}% 237
\BOOKMARK [2][-]{subsection.11.1.3}{\376\377\000L\000i\000n\000e\000a\000r\000\040\000S\000t\000a\000b\000i\000l\000i\000t\000y\000\040\000A\000n\000a\000l\000y\000s\000i\000s}{section.11.1}% 238
\BOOKMARK [2][-]{subsection.11.1.4}{\376\377\000S\000t\000e\000a\000d\000y\000-\000s\000t\000a\000t\000e\000\040\000s\000o\000l\000v\000e\000r\000\040\000u\000s\000i\000n\000g\000\040\000S\000e\000l\000e\000c\000t\000i\000v\000e\000\040\000F\000r\000e\000q\000u\000e\000n\000c\000y\000\040\000D\000a\000m\000p\000i\000n\000g}{section.11.1}% 239
\BOOKMARK [2][-]{subsection.11.1.5}{\376\377\000D\000i\000r\000e\000c\000t\000\040\000s\000o\000l\000v\000e\000r\000\040\000\050\000c\000o\000u\000p\000l\000e\000d\000\040\000a\000p\000p\000r\000o\000a\000c\000h\000\051}{section.11.1}% 240
\BOOKMARK [1][-]{section.11.2}{\376\377\000U\000s\000a\000g\000e}{chapter.11}% 241
\BOOKMARK [1][-]{section.11.3}{\376\377\000S\000e\000t\000t\000i\000n\000g\000\040\000u\000p\000\040\000t\000h\000e\000\040\000S\000i\000m\000u\000l\000a\000t\000i\000o\000n}{chapter.11}% 242
\BOOKMARK [2][-]{subsection.11.3.1}{\376\377\000E\000x\000p\000a\000n\000s\000i\000o\000n\000s\000\040\000a\000n\000d\000\040\000A\000p\000p\000r\000o\000x\000i\000m\000a\000t\000i\000o\000n\000\040\000S\000p\000a\000c\000e\000s}{section.11.3}% 243
\BOOKMARK [2][-]{subsection.11.3.2}{\376\377\000G\000o\000v\000e\000r\000n\000i\000n\000g\000\040\000E\000q\000u\000a\000t\000i\000o\000n}{section.11.3}% 244
\BOOKMARK [2][-]{subsection.11.3.3}{\376\377\000S\000o\000l\000u\000t\000i\000o\000n\000\040\000A\000l\000g\000o\000r\000i\000t\000h\000m\000s}{section.11.3}% 245
\BOOKMARK [2][-]{subsection.11.3.4}{\376\377\000T\000i\000m\000e\000I\000n\000t\000e\000g\000r\000a\000t\000i\000o\000n\000S\000c\000h\000e\000m\000e}{section.11.3}% 246
\BOOKMARK [2][-]{subsection.11.3.5}{\376\377\000S\000t\000a\000b\000i\000l\000i\000s\000a\000t\000i\000o\000n\000\040\000T\000e\000c\000h\000n\000i\000q\000u\000e\000s}{section.11.3}% 247
\BOOKMARK [2][-]{subsection.11.3.6}{\376\377\000S\000i\000m\000u\000l\000a\000t\000i\000o\000n\000\040\000P\000a\000r\000a\000m\000e\000t\000e\000r\000s}{section.11.3}% 248
\BOOKMARK [2][-]{subsection.11.3.7}{\376\377\000B\000o\000u\000n\000d\000a\000r\000y\000\040\000c\000o\000n\000d\000i\000t\000i\000o\000n\000s}{section.11.3}% 249
\BOOKMARK [2][-]{subsection.11.3.8}{\376\377\000F\000o\000r\000c\000i\000n\000g}{section.11.3}% 250
\BOOKMARK [2][-]{subsection.11.3.9}{\376\377\000F\000i\000l\000t\000e\000r\000s}{section.11.3}% 251
\BOOKMARK [1][-]{section.11.4}{\376\377\000S\000m\000o\000o\000t\000h\000e\000d\000\040\000P\000r\000o\000f\000i\000l\000e\000\040\000M\000e\000t\000h\000o\000d\000:\000\040\000S\000e\000s\000s\000i\000o\000n\000\040\000f\000i\000l\000e\000\040\000c\000o\000n\000f\000i\000g\000u\000r\000a\000t\000i\000o\000n}{chapter.11}% 252
\BOOKMARK [1][-]{section.11.5}{\376\377\000S\000e\000s\000s\000i\000o\000n\000\040\000f\000i\000l\000e\000\040\000c\000o\000n\000f\000i\000g\000u\000r\000a\000t\000i\000o\000n\000:\000\040\000L\000i\000n\000e\000a\000r\000\040\000s\000t\000a\000b\000i\000l\000i\000t\000y\000\040\000a\000n\000a\000l\000y\000s\000i\000s}{chapter.11}% 253
\BOOKMARK [2][-]{subsection.11.5.1}{\376\377\000S\000o\000l\000v\000e\000r\000\040\000I\000n\000f\000o}{section.11.5}% 254
\BOOKMARK [2][-]{subsection.11.5.2}{\376\377\000P\000a\000r\000a\000m\000e\000t\000e\000r\000s}{section.11.5}% 255
\BOOKMARK [2][-]{subsection.11.5.3}{\376\377\000F\000u\000n\000c\000t\000i\000o\000n\000s}{section.11.5}% 256
\BOOKMARK [1][-]{section.11.6}{\376\377\000S\000e\000s\000s\000i\000o\000n\000\040\000f\000i\000l\000e\000\040\000c\000o\000n\000f\000i\000g\000u\000r\000a\000t\000i\000o\000n\000:\000\040\000S\000t\000e\000a\000d\000y\000-\000s\000t\000a\000t\000e\000\040\000s\000o\000l\000v\000e\000r}{chapter.11}% 257
\BOOKMARK [2][-]{subsection.11.6.1}{\376\377\000E\000x\000e\000c\000u\000t\000i\000o\000n\000\040\000o\000f\000\040\000t\000h\000e\000\040\000c\000l\000a\000s\000s\000i\000c\000a\000l\000\040\000s\000t\000e\000a\000d\000y\000-\000s\000t\000a\000t\000e\000\040\000s\000o\000l\000v\000e\000r}{section.11.6}% 258
\BOOKMARK [2][-]{subsection.11.6.2}{\376\377\000E\000x\000e\000c\000u\000t\000i\000o\000n\000\040\000o\000f\000\040\000t\000h\000e\000\040\000a\000d\000a\000p\000t\000i\000v\000e\000\040\000s\000t\000e\000a\000d\000y\000-\000s\000t\000a\000t\000e\000\040\000s\000o\000l\000v\000e\000r}{section.11.6}% 259
\BOOKMARK [1][-]{section.11.7}{\376\377\000S\000e\000s\000s\000i\000o\000n\000\040\000f\000i\000l\000e\000\040\000c\000o\000n\000f\000i\000g\000u\000r\000a\000t\000i\000o\000n\000:\000\040\000C\000o\000o\000r\000d\000i\000n\000a\000t\000e\000\040\000t\000r\000a\000n\000s\000f\000o\000r\000m\000a\000t\000i\000o\000n\000s}{chapter.11}% 260
\BOOKMARK [2][-]{subsection.11.7.1}{\376\377\000S\000o\000l\000v\000e\000r\000\040\000I\000n\000f\000o}{section.11.7}% 261
\BOOKMARK [2][-]{subsection.11.7.2}{\376\377\000P\000a\000r\000a\000m\000e\000t\000e\000r\000s}{section.11.7}% 262
\BOOKMARK [2][-]{subsection.11.7.3}{\376\377\000M\000a\000p\000p\000i\000n\000g}{section.11.7}% 263
\BOOKMARK [2][-]{subsection.11.7.4}{\376\377\000F\000u\000n\000c\000t\000i\000o\000n\000s}{section.11.7}% 264
\BOOKMARK [2][-]{subsection.11.7.5}{\376\377\000B\000o\000u\000n\000d\000a\000r\000y\000\040\000c\000o\000n\000d\000i\000t\000i\000o\000n\000s}{section.11.7}% 265
\BOOKMARK [1][-]{section.11.8}{\376\377\000S\000e\000s\000s\000i\000o\000n\000\040\000f\000i\000l\000e\000\040\000c\000o\000n\000f\000i\000g\000u\000r\000a\000t\000i\000o\000n\000:\000\040\000A\000d\000a\000p\000t\000i\000v\000e\000\040\000p\000o\000l\000y\000n\000o\000m\000i\000a\000l\000\040\000o\000r\000d\000e\000r}{chapter.11}% 266
\BOOKMARK [2][-]{subsection.11.8.1}{\376\377\000S\000o\000l\000v\000e\000r\000\040\000I\000n\000f\000o}{section.11.8}% 267
\BOOKMARK [2][-]{subsection.11.8.2}{\376\377\000P\000a\000r\000a\000m\000e\000t\000e\000r\000s}{section.11.8}% 268
\BOOKMARK [2][-]{subsection.11.8.3}{\376\377\000F\000u\000n\000c\000t\000i\000o\000n\000s}{section.11.8}% 269
\BOOKMARK [2][-]{subsection.11.8.4}{\376\377\000R\000e\000s\000t\000a\000r\000t\000i\000n\000g\000\040\000t\000h\000e\000\040\000s\000i\000m\000u\000l\000a\000t\000i\000o\000n}{section.11.8}% 270
\BOOKMARK [1][-]{section.11.9}{\376\377\000A\000d\000v\000e\000c\000t\000i\000n\000g\000\040\000e\000x\000t\000r\000a\000\040\000s\000c\000a\000l\000a\000r\000\040\000f\000i\000e\000l\000d\000s}{chapter.11}% 271
\BOOKMARK [1][-]{section.11.10}{\376\377\000I\000m\000p\000o\000s\000i\000n\000g\000\040\000a\000\040\000c\000o\000n\000s\000t\000a\000n\000t\000\040\000f\000l\000o\000w\000r\000a\000t\000e}{chapter.11}% 272
\BOOKMARK [1][-]{section.11.11}{\376\377\000E\000x\000a\000m\000p\000l\000e\000s}{chapter.11}% 273
\BOOKMARK [2][-]{subsection.11.11.1}{\376\377\000K\000o\000v\000a\000s\000z\000n\000a\000y\000\040\000F\000l\000o\000w\000\040\0002\000D}{section.11.11}% 274
\BOOKMARK [2][-]{subsection.11.11.2}{\376\377\000K\000o\000v\000a\000s\000z\000n\000a\000y\000\040\000F\000l\000o\000w\000\040\0002\000D\000\040\000u\000s\000i\000n\000g\000\040\000h\000i\000g\000h\000-\000o\000r\000d\000e\000r\000\040\000o\000u\000t\000f\000l\000o\000w\000\040\000b\000o\000u\000n\000d\000a\000r\000y\000\040\000c\000o\000n\000d\000i\000t\000i\000o\000n\000s}{section.11.11}% 275
\BOOKMARK [2][-]{subsection.11.11.3}{\376\377\000L\000a\000m\000i\000n\000a\000r\000\040\000C\000h\000a\000n\000n\000e\000l\000\040\000F\000l\000o\000w\000\040\0002\000D}{section.11.11}% 276
\BOOKMARK [2][-]{subsection.11.11.4}{\376\377\000L\000a\000m\000i\000n\000a\000r\000\040\000C\000h\000a\000n\000n\000e\000l\000\040\000F\000l\000o\000w\000\040\0003\000D}{section.11.11}% 277
\BOOKMARK [2][-]{subsection.11.11.5}{\376\377\000L\000a\000m\000i\000n\000a\000r\000\040\000C\000h\000a\000n\000n\000e\000l\000\040\000F\000l\000o\000w\000\040\000Q\000u\000a\000s\000i\000-\0003\000D}{section.11.11}% 278
\BOOKMARK [2][-]{subsection.11.11.6}{\376\377\0002\000D\000\040\000b\000i\000g\000l\000o\000b\000a\000l\000/\000d\000i\000r\000e\000c\000t\000\040\000s\000t\000a\000b\000i\000l\000i\000t\000y\000\040\000a\000n\000a\000l\000y\000s\000i\000s\000\040\000o\000f\000\040\000t\000h\000e\000\040\000c\000h\000a\000n\000n\000e\000l\000\040\000f\000l\000o\000w}{section.11.11}% 279
\BOOKMARK [2][-]{subsection.11.11.7}{\376\377\0002\000D\000\040\000a\000d\000j\000o\000i\000n\000t\000\040\000s\000t\000a\000b\000i\000l\000i\000t\000y\000\040\000a\000n\000a\000l\000y\000s\000i\000s\000\040\000o\000f\000\040\000t\000h\000e\000\040\000c\000h\000a\000n\000n\000e\000l\000\040\000f\000l\000o\000w}{section.11.11}% 280
\BOOKMARK [2][-]{subsection.11.11.8}{\376\377\0002\000D\000\040\000T\000r\000a\000n\000s\000i\000e\000n\000t\000\040\000G\000r\000o\000w\000t\000h\000\040\000a\000n\000a\000l\000y\000s\000i\000s\000\040\000o\000f\000\040\000a\000\040\000f\000l\000o\000w\000\040\000p\000a\000s\000t\000\040\000a\000\040\000b\000a\000c\000k\000w\000a\000r\000d\000-\000f\000a\000c\000i\000n\000g\000\040\000s\000t\000e\000p}{section.11.11}% 281
\BOOKMARK [0][-]{chapter.12}{\376\377\000L\000i\000n\000e\000a\000r\000\040\000e\000l\000a\000s\000t\000i\000c\000i\000t\000y\000\040\000s\000o\000l\000v\000e\000r}{part.3}% 282
\BOOKMARK [1][-]{section.12.1}{\376\377\000S\000y\000n\000o\000p\000s\000i\000s}{chapter.12}% 283
\BOOKMARK [2][-]{subsection.12.1.1}{\376\377\000T\000h\000e\000\040\000l\000i\000n\000e\000a\000r\000\040\000e\000l\000a\000s\000t\000i\000c\000i\000t\000y\000\040\000e\000q\000u\000a\000t\000i\000o\000n\000s}{section.12.1}% 284
\BOOKMARK [1][-]{section.12.2}{\376\377\000U\000s\000a\000g\000e}{chapter.12}% 285
\BOOKMARK [1][-]{section.12.3}{\376\377\000S\000e\000s\000s\000i\000o\000n\000\040\000f\000i\000l\000e\000\040\000c\000o\000n\000f\000i\000g\000u\000r\000a\000t\000i\000o\000n}{chapter.12}% 286
\BOOKMARK [2][-]{subsection.12.3.1}{\376\377\000S\000o\000l\000v\000e\000r\000\040\000I\000n\000f\000o}{section.12.3}% 287
\BOOKMARK [2][-]{subsection.12.3.2}{\376\377\000P\000a\000r\000a\000m\000e\000t\000e\000r\000s}{section.12.3}% 288
\BOOKMARK [1][-]{section.12.4}{\376\377\000E\000x\000a\000m\000p\000l\000e\000s}{chapter.12}% 289
\BOOKMARK [2][-]{subsection.12.4.1}{\376\377\000L\000-\000s\000h\000a\000p\000e\000d\000\040\000d\000o\000m\000a\000i\000n}{section.12.4}% 290
\BOOKMARK [2][-]{subsection.12.4.2}{\376\377\000B\000o\000u\000n\000d\000a\000r\000y\000\040\000l\000a\000y\000e\000r\000\040\000d\000e\000f\000o\000r\000m\000a\000t\000i\000o\000n}{section.12.4}% 291
\BOOKMARK [0][-]{chapter.13}{\376\377\000P\000u\000l\000s\000e\000\040\000W\000a\000v\000e\000\040\000S\000o\000l\000v\000e\000r}{part.3}% 292
\BOOKMARK [1][-]{section.13.1}{\376\377\000S\000y\000n\000o\000p\000s\000i\000s}{chapter.13}% 293
\BOOKMARK [1][-]{section.13.2}{\376\377\000U\000s\000a\000g\000e}{chapter.13}% 294
\BOOKMARK [1][-]{section.13.3}{\376\377\000S\000e\000s\000s\000i\000o\000n\000\040\000f\000i\000l\000e\000\040\000c\000o\000n\000f\000i\000g\000u\000r\000a\000t\000i\000o\000n}{chapter.13}% 295
\BOOKMARK [2][-]{subsection.13.3.1}{\376\377\000P\000u\000l\000s\000e\000\040\000W\000a\000v\000e\000\040\000S\000o\000l\000v\000e\000r\000\040\000m\000e\000s\000h\000\040\000c\000o\000n\000n\000e\000c\000t\000i\000v\000i\000t\000y}{section.13.3}% 296
\BOOKMARK [2][-]{subsection.13.3.2}{\376\377\000T\000i\000m\000e\000\040\000I\000n\000t\000e\000g\000r\000a\000t\000i\000o\000n\000\040\000S\000c\000h\000e\000m\000e}{section.13.3}% 297
\BOOKMARK [2][-]{subsection.13.3.3}{\376\377\000S\000e\000s\000s\000i\000o\000n\000\040\000I\000n\000f\000o}{section.13.3}% 298
\BOOKMARK [2][-]{subsection.13.3.4}{\376\377\000P\000a\000r\000a\000m\000e\000t\000e\000r\000s}{section.13.3}% 299
\BOOKMARK [2][-]{subsection.13.3.5}{\376\377\000B\000o\000u\000n\000d\000a\000r\000y\000\040\000c\000o\000n\000d\000i\000t\000i\000o\000n\000s}{section.13.3}% 300
\BOOKMARK [2][-]{subsection.13.3.6}{\376\377\000F\000u\000n\000c\000t\000i\000o\000n\000s}{section.13.3}% 301
\BOOKMARK [1][-]{section.13.4}{\376\377\000E\000x\000a\000m\000p\000l\000e\000s}{chapter.13}% 302
\BOOKMARK [2][-]{subsection.13.4.1}{\376\377\000H\000u\000m\000a\000n\000\040\000V\000a\000s\000c\000u\000l\000a\000r\000\040\000N\000e\000t\000w\000o\000r\000k}{section.13.4}% 303
\BOOKMARK [2][-]{subsection.13.4.2}{\376\377\000S\000t\000e\000n\000t\000e\000d\000\040\000A\000r\000t\000e\000r\000y}{section.13.4}% 304
\BOOKMARK [1][-]{section.13.5}{\376\377\000F\000u\000r\000t\000h\000e\000r\000\040\000I\000n\000f\000o\000r\000m\000a\000t\000i\000o\000n}{chapter.13}% 305
\BOOKMARK [1][-]{section.13.6}{\376\377\000F\000u\000t\000u\000r\000e\000\040\000D\000e\000v\000e\000l\000o\000p\000m\000e\000n\000t}{chapter.13}% 306
\BOOKMARK [1][-]{section.13.7}{\376\377\000R\000e\000f\000e\000r\000e\000n\000c\000e\000s}{chapter.13}% 307
\BOOKMARK [0][-]{chapter.14}{\376\377\000S\000h\000a\000l\000l\000o\000w\000\040\000W\000a\000t\000e\000r\000\040\000S\000o\000l\000v\000e\000r}{part.3}% 308
\BOOKMARK [1][-]{section.14.1}{\376\377\000S\000y\000n\000o\000p\000s\000i\000s}{chapter.14}% 309
\BOOKMARK [2][-]{subsection.14.1.1}{\376\377\000T\000h\000e\000\040\000S\000h\000a\000l\000l\000o\000w\000\040\000W\000a\000t\000e\000r\000\040\000E\000q\000u\000a\000t\000i\000o\000n\000s}{section.14.1}% 310
\BOOKMARK [1][-]{section.14.2}{\376\377\000U\000s\000a\000g\000e}{chapter.14}% 311
\BOOKMARK [1][-]{section.14.3}{\376\377\000S\000e\000s\000s\000i\000o\000n\000\040\000f\000i\000l\000e\000\040\000c\000o\000n\000f\000i\000g\000u\000r\000a\000t\000i\000o\000n}{chapter.14}% 312
\BOOKMARK [2][-]{subsection.14.3.1}{\376\377\000T\000i\000m\000e\000\040\000I\000n\000t\000e\000g\000r\000a\000t\000i\000o\000n\000\040\000S\000c\000h\000e\000m\000e}{section.14.3}% 313
\BOOKMARK [2][-]{subsection.14.3.2}{\376\377\000S\000o\000l\000v\000e\000r\000\040\000I\000n\000f\000o}{section.14.3}% 314
\BOOKMARK [2][-]{subsection.14.3.3}{\376\377\000P\000a\000r\000a\000m\000e\000t\000e\000r\000s}{section.14.3}% 315
\BOOKMARK [2][-]{subsection.14.3.4}{\376\377\000F\000u\000n\000c\000t\000i\000o\000n\000s}{section.14.3}% 316
\BOOKMARK [1][-]{section.14.4}{\376\377\000E\000x\000a\000m\000p\000l\000e\000s}{chapter.14}% 317
\BOOKMARK [2][-]{subsection.14.4.1}{\376\377\000R\000o\000s\000s\000b\000y\000\040\000m\000o\000d\000o\000n\000\040\000c\000a\000s\000e}{section.14.4}% 318
\BOOKMARK [-1][-]{part.4}{\376\377\000R\000e\000f\000e\000r\000e\000n\000c\000e}{}% 319
\BOOKMARK [0][-]{chapter.15}{\376\377\000O\000p\000t\000i\000m\000i\000s\000a\000t\000i\000o\000n}{part.4}% 320
\BOOKMARK [1][-]{section.15.1}{\376\377\000C\000o\000l\000l\000e\000c\000t\000i\000o\000n\000s\000\040\000a\000n\000d\000\040\000M\000a\000t\000r\000i\000x\000F\000r\000e\000e\000\040\000o\000p\000e\000r\000a\000t\000i\000o\000n\000s}{chapter.15}% 321
\BOOKMARK [2][-]{subsection.15.1.1}{\376\377\000A\000u\000t\000o\000m\000a\000t\000i\000c\000\040\000t\000u\000n\000i\000n\000g\000\040\000a\000n\000d\000\040\000t\000h\000e\000\040\040\023\000w\000r\000i\000t\000e\000-\000o\000p\000t\000-\000f\000i\000l\000e\000\040\000c\000o\000m\000m\000a\000n\000d\000\040\000l\000i\000n\000e\000\040\000o\000p\000t\000i\000o\000n}{section.15.1}% 322
\BOOKMARK [2][-]{subsection.15.1.2}{\376\377\000M\000a\000n\000u\000a\000l\000l\000y\000\040\000s\000e\000l\000e\000c\000t\000i\000n\000g\000\040\000t\000h\000e\000\040\000C\000O\000L\000L\000E\000C\000T\000I\000O\000N\000S\000\040\000s\000e\000c\000t\000i\000o\000n}{section.15.1}% 323
\BOOKMARK [2][-]{subsection.15.1.3}{\376\377\000C\000o\000l\000l\000e\000c\000t\000i\000o\000n\000\040\000s\000i\000z\000e}{section.15.1}% 324
\BOOKMARK [0][-]{chapter.16}{\376\377\000C\000o\000m\000m\000a\000n\000d\000-\000l\000i\000n\000e\000\040\000O\000p\000t\000i\000o\000n\000s}{part.4}% 325
\BOOKMARK [0][-]{chapter.17}{\376\377\000F\000r\000e\000q\000u\000e\000n\000t\000l\000y\000\040\000A\000s\000k\000e\000d\000\040\000Q\000u\000e\000s\000t\000i\000o\000n\000s}{part.4}% 326
\BOOKMARK [1][-]{section.17.1}{\376\377\000C\000o\000m\000p\000i\000l\000a\000t\000i\000o\000n\000\040\000a\000n\000d\000\040\000T\000e\000s\000t\000i\000n\000g}{chapter.17}% 327
\BOOKMARK [1][-]{section.17.2}{\376\377\000U\000s\000a\000g\000e}{chapter.17}% 328
