Anisotropy = [ 1.00001 , 4 ], [ 1.00001 , 4 ] 

MMFInitObejct Starts: ==============================================
MMFActivation = 57120 /  57600 ( 0 % ) 
*** 1st Moving frames are NOT in unit length, Avg mag. = 1.10644 *** 
*** 2nd Moving frames are NOT in unit length, Avg mag. = 1.10644 *** 
*** Moving frames are Orthogonal
*** MF 0 = ( 0.60691 , 0.650439 , 0.65787 ) 
*** MF 1 = ( 0.604099 , 0.659169 , 0.651739 ) 
*** MF 2 = ( 0.577439 , 0.577262 , 0.57735 ) 
MMFInitObject is done ==============================================

================== SetUP Time Map moving frames ==================
*** 1st Moving frames are in unit length ***
*** 2nd Moving frames are in unit length ***
*** Moving frames are Orthogonal
*** MF 0 = ( 0.575481 , 0.575432 , 0.58112 ) 
*** MF 1 = ( 0.579125 , 0.579351 , 0.573556 ) 
*** MF 2 = ( 0.577439 , 0.577262 , 0.57735 ) 
k = 0, m_varcoeff = ( 0.60691 , 0.650439 , 0.65787 , 0.0369714 , 1.3256 ) 
k = 1, m_varcoeff = ( 0.604099 , 0.659169 , 0.651739 , 0.032174 , 1.3256 ) 
k = 2, m_varcoeff = ( 0.577439 , 0.577262 , 0.57735 , 0.200302 , 1 ) 
 ::::: 2D Varcoeff is Successfully Created ::::: 

=======================================================================
	        EquationType: MMFCardiacEP
	        Session Name: FHNSphereh20X3G4
	        Spatial Dim.: 3
	  Max SEM Exp. Order: 5
	      Expansion Dim.: 2
	     Projection Type: Continuous Galerkin
	 Advect. advancement: explicit
	Diffuse. advancement: implicit
	           Time Step: 0.001
	        No. of Steps: 30000
	 Checkpoints (steps): 3000
	    Integration Type: IMEX
	             Surface: Sphere
	           DerivType: Euclidean
	              MMFdir: LOCAL
	    SolverSchemeType: MMFZero
	       TimeMapScheme: 0
	        TimeMapStart: 0
	          TimeMapEnd: 10000
	         TimeMapIapp: 0
	      m_TimeMapDelay: 0
	      AniRegionStart: 0
	        AniRegionEnd: 1920
	       Ani1Magnitude: 4
	       Ani2Magnitude: 4
	               urest: 0
	          Cell model: Aliev-Panfilov
	                   k: 8
	                   a: 0.15
	                 eps: 0.002
	                 mu1: 0.2
	                 mu2: 0.3
=======================================================================
Initial Conditions:
  - Field u: 0
Writing: "FHNSphereh20X3G4_initialcondition.chk"
 (0.003619s, XML)
ValidTimeMap = 720 / 57600 ( 1.25 % ) is De-Acitvated
Initial: u = 0.151017, max u = 5.14996
Writing: "FHNSphereh20X3G4_initial.chk"
 (0.023505s, XML)
xmax = 10, xmin = -10, ymax = 10, ymin = -10
Steps: 3000     Time: 3           
 CPU Time: 2.69376 min.
u_max = 0.998861 at x = -0.09903, y = -0.09903, z = 9.99903
u_min = -2.24589e-15 at x = 0, y = 9.3243, z = -3.61369
Writing: "FHNSphereh20X3G4_timemap_1.chk"
 (0.080284s, XML)
Time Map: Max = 2.985, Min = 0
Writing: "FHNSphereh20X3G4_1.chk"
 (0.021378s, XML)
Steps: 6000     Time: 6           
 CPU Time: 2.61138 min.
u_max = 0.997796 at x = 0, y = 0, z = 10
u_min = 1.31473e-17 at x = -3.09145, y = 0.0639476, z = -9.5099
Writing: "FHNSphereh20X3G4_timemap_2.chk"
 (0.079154s, XML)
Time Map: Max = 6, Min = 0
Writing: "FHNSphereh20X3G4_2.chk"
 (0.019316s, XML)
Steps: 9000     Time: 9           
 CPU Time: 2.6597 min.
u_max = 0.995906 at x = 1.95193, y = 7.19355, z = 6.66652
u_min = 9.79255e-14 at x = -3.09145, y = -0.0639476, z = -9.5099
Writing: "FHNSphereh20X3G4_timemap_3.chk"
 (0.072877s, XML)
Time Map: Max = 9, Min = 0
Writing: "FHNSphereh20X3G4_3.chk"
 (0.017635s, XML)
Steps: 12000    Time: 12          
 CPU Time: 2.73396 min.
u_max = 0.996396 at x = 6.18507, y = 7.48493, z = 2.39185
u_min = 1.58941e-10 at x = -2.9288, y = -0.194592, z = -9.55945
Writing: "FHNSphereh20X3G4_timemap_4.chk"
 (0.075985s, XML)
Time Map: Max = 12, Min = 0
Writing: "FHNSphereh20X3G4_4.chk"
 (0.018839s, XML)
Steps: 15000    Time: 15          
 CPU Time: 2.93222 min.
u_max = 0.996811 at x = 4.7633, y = 8.47906, z = -2.32725
u_min = 5.14465e-07 at x = -2.73329, y = -0.349788, z = -9.61278
Writing: "FHNSphereh20X3G4_timemap_5.chk"
 (0.077823s, XML)
Time Map: Max = 15, Min = 0
Writing: "FHNSphereh20X3G4_5.chk"
 (0.019194s, XML)
Steps: 18000    Time: 18          
 CPU Time: 2.67865 min.
u_max = 0.997143 at x = 1.33904, y = -7.65465, z = -6.2939
u_min = 0.00282004 at x = -2.73329, y = -0.349788, z = -9.61278
Writing: "FHNSphereh20X3G4_timemap_6.chk"
 (0.106625s, XML)
Time Map: Max = 17.997, Min = 0
Writing: "FHNSphereh20X3G4_6.chk"
 (0.022726s, XML)
Steps: 21000    Time: 21          
 CPU Time: 2.74318 min.
u_max = 0.998624 at x = -2.63297, y = 0, z = -9.64714
u_min = 0.849205 at x = 2.20397, y = -0.337414, z = 9.74825
Writing: "FHNSphereh20X3G4_timemap_7.chk"
 (0.082112s, XML)
Time Map: Max = 19.8617, Min = 0
Writing: "FHNSphereh20X3G4_7.chk"
 (0.018905s, XML)
Steps: 24000    Time: 24          
 CPU Time: 2.74183 min.
u_max = 0.996249 at x = -2.63297, y = 0, z = -9.64714
u_min = 0.659466 at x = 2.24972, y = -0.302321, z = 9.73896
Writing: "FHNSphereh20X3G4_timemap_8.chk"
 (0.079192s, XML)
Time Map: Max = 19.8617, Min = 0
Writing: "FHNSphereh20X3G4_8.chk"
 (0.018886s, XML)
Steps: 27000    Time: 27          
 CPU Time: 2.70341 min.
u_max = 0.991992 at x = -2.63297, y = 0, z = -9.64714
u_min = 0.0490906 at x = 0.752129, y = -0.301614, z = 9.96705
Writing: "FHNSphereh20X3G4_timemap_9.chk"
 (0.094531s, XML)
Time Map: Max = 19.8617, Min = 0
Writing: "FHNSphereh20X3G4_9.chk"
 (0.022166s, XML)
Steps: 30000    Time: 30          
 CPU Time: 2.85063 min.
u_max = 0.984416 at x = -2.63297, y = 0, z = -9.64714
u_min = 0.000978213 at x = 0, y = 0, z = 10
Writing: "FHNSphereh20X3G4_timemap_10.chk"
 (0.092211s, XML)
Time Map: Max = 19.8617, Min = 0
Writing: "FHNSphereh20X3G4_10.chk"
 (0.02207s, XML)
Time-integration  : 1640.92s
Writing: "FHNSphereh20X3G4.fld"
 (0.024672s, XML)
-------------------------------------------
Total Computation Time = 14315s
-------------------------------------------
L 2 error (variable u) : 27.6186
L inf error (variable u) : 0.984416
