Anisotropy = [ 1 , 1 ], [ 1 , 1 ] 

MMFInitObejct Starts: ==============================================
MMFActivation = 57120 /  57600 ( 0 % ) 
*** 1st Moving frames are in unit length ***
*** 2nd Moving frames are in unit length ***
*** Moving frames are Orthogonal
*** MF 0 = ( 0.575481 , 0.575432 , 0.58112 ) 
*** MF 1 = ( 0.579125 , 0.579351 , 0.573556 ) 
*** MF 2 = ( 0.577439 , 0.577262 , 0.57735 ) 
MMFInitObject is done ==============================================

================== SetUP Time Map moving frames ==================
*** 1st Moving frames are in unit length ***
*** 2nd Moving frames are in unit length ***
*** Moving frames are Orthogonal
*** MF 0 = ( 0.575481 , 0.575432 , 0.58112 ) 
*** MF 1 = ( 0.579125 , 0.579351 , 0.573556 ) 
*** MF 2 = ( 0.577439 , 0.577262 , 0.57735 ) 
k = 0, m_varcoeff = ( 0.575481 , 0.575432 , 0.58112 , 0.0041833 , 1 ) 
k = 1, m_varcoeff = ( 0.579125 , 0.579351 , 0.573556 , 0.0050527 , 1 ) 
k = 2, m_varcoeff = ( 0.577439 , 0.577262 , 0.57735 , 0.200302 , 1 ) 
 ::::: 2D Varcoeff is Successfully Created ::::: 

=======================================================================
	        EquationType: MMFCardiacEP
	        Session Name: FHNSphereh20X0
	        Spatial Dim.: 3
	  Max SEM Exp. Order: 5
	      Expansion Dim.: 2
	     Projection Type: Continuous Galerkin
	 Advect. advancement: explicit
	Diffuse. advancement: implicit
	           Time Step: 0.001
	        No. of Steps: 30000
	 Checkpoints (steps): 3000
	    Integration Type: IMEX
	             Surface: Sphere
	           DerivType: Euclidean
	              MMFdir: LOCAL
	    SolverSchemeType: MMFZero
	       TimeMapScheme: 0
	        TimeMapStart: 0
	          TimeMapEnd: 10000
	         TimeMapIapp: 0
	      m_TimeMapDelay: 0
	      AniRegionStart: 0
	        AniRegionEnd: 1920
	       Ani1Magnitude: 1
	       Ani2Magnitude: 1
	               urest: 0
	          Cell model: Aliev-Panfilov
	                   k: 8
	                   a: 0.15
	                 eps: 0.002
	                 mu1: 0.2
	                 mu2: 0.3
=======================================================================
Initial Conditions:
  - Field u: 0
Writing: "FHNSphereh20X0_initialcondition.chk"
 (0.021049s, XML)
ValidTimeMap = 720 / 57600 ( 1.25 % ) is De-Acitvated
Initial: u = 0.151017, max u = 5.14996
Writing: "FHNSphereh20X0_initial.chk"
 (0.018191s, XML)
xmax = 10, xmin = -10, ymax = 10, ymin = -10
Steps: 3000     Time: 3           
 CPU Time: 2.67424 min.
u_max = 0.998882 at x = 0.09903, y = -0.09903, z = 9.99903
u_min = -2.13552e-15 at x = -9.3243, y = 0, z = -3.61369
Writing: "FHNSphereh20X0_timemap_1.chk"
 (0.086399s, XML)
Time Map: Max = 2.986, Min = 0
Writing: "FHNSphereh20X0_1.chk"
 (0.017652s, XML)
Steps: 6000     Time: 6           
 CPU Time: 2.60336 min.
u_max = 0.997806 at x = 0, y = 0, z = 10
u_min = 1.80115e-20 at x = 0, y = -0.229637, z = -9.99743
Writing: "FHNSphereh20X0_timemap_2.chk"
 (0.078459s, XML)
Time Map: Max = 5.999, Min = 0
Writing: "FHNSphereh20X0_2.chk"
 (0.01941s, XML)
Steps: 9000     Time: 9           
 CPU Time: 2.6418 min.
u_max = 0.995884 at x = -6.87376, y = 2.8021, z = 6.70074
u_min = 7.75833e-16 at x = 0, y = 0, z = -10
Writing: "FHNSphereh20X0_timemap_3.chk"
 (0.087422s, XML)
Time Map: Max = 9, Min = 0
Writing: "FHNSphereh20X0_3.chk"
 (0.018156s, XML)
Steps: 12000    Time: 12          
 CPU Time: 2.73321 min.
u_max = 0.996151 at x = 9.38805, y = -1.36658, z = 3.16175
u_min = 1.50062e-12 at x = 0.09903, y = -0.09903, z = -9.99903
Writing: "FHNSphereh20X0_timemap_4.chk"
 (0.08597s, XML)
Time Map: Max = 11.999, Min = 0
Writing: "FHNSphereh20X0_4.chk"
 (0.018567s, XML)
Steps: 15000    Time: 15          
 CPU Time: 2.91099 min.
u_max = 0.996338 at x = 9.77239, y = 1.86199, z = -1.01629
u_min = 5.06629e-09 at x = 0.09903, y = -0.09903, z = -9.99903
Writing: "FHNSphereh20X0_timemap_5.chk"
 (0.088599s, XML)
Time Map: Max = 15, Min = 0
Writing: "FHNSphereh20X0_5.chk"
 (0.022725s, XML)
Steps: 18000    Time: 18          
 CPU Time: 2.65556 min.
u_max = 0.996545 at x = 7.96913, y = 3.08458, z = -5.19409
u_min = 2.68526e-05 at x = 0.09903, y = -0.09903, z = -9.99903
Writing: "FHNSphereh20X0_timemap_6.chk"
 (0.085198s, XML)
Time Map: Max = 18, Min = 0
Writing: "FHNSphereh20X0_6.chk"
 (0.02089s, XML)
Steps: 21000    Time: 21          
 CPU Time: 2.7267 min.
u_max = 0.996997 at x = -3.51547, y = -3.58749, z = -8.64704
u_min = 0.452347 at x = 0, y = 0, z = -10
Writing: "FHNSphereh20X0_timemap_7.chk"
 (0.082863s, XML)
Time Map: Max = 20.9109, Min = 0
Writing: "FHNSphereh20X0_7.chk"
 (0.018411s, XML)
Steps: 24000    Time: 24          
 CPU Time: 2.71013 min.
u_max = 0.997633 at x = 0, y = 0, z = -10
u_min = 0.66193 at x = 1.708, y = -1.47848, z = 9.74154
Writing: "FHNSphereh20X0_timemap_8.chk"
 (0.079035s, XML)
Time Map: Max = 21.0766, Min = 0
Writing: "FHNSphereh20X0_8.chk"
 (0.023345s, XML)
Steps: 27000    Time: 27          
 CPU Time: 2.72742 min.
u_max = 0.994431 at x = 0, y = 0, z = -10
u_min = 0.0500976 at x = 0.478896, y = -0.708387, z = 9.96337
Writing: "FHNSphereh20X0_timemap_9.chk"
 (0.086539s, XML)
Time Map: Max = 21.0766, Min = 0
Writing: "FHNSphereh20X0_9.chk"
 (0.019427s, XML)
Steps: 30000    Time: 30          
 CPU Time: 2.79327 min.
u_max = 0.988769 at x = 0, y = 0, z = -10
u_min = 0.000968272 at x = 0, y = 0, z = 10
Writing: "FHNSphereh20X0_timemap_10.chk"
 (0.086653s, XML)
Time Map: Max = 21.0766, Min = 0
Writing: "FHNSphereh20X0_10.chk"
 (0.01876s, XML)
Time-integration  : 1630.6s
Writing: "FHNSphereh20X0.fld"
 (0.02513s, XML)
-------------------------------------------
Total Computation Time = 13948.4s
-------------------------------------------
L 2 error (variable u) : 28.1232
L inf error (variable u) : 0.988769
