Anisotropy = [ 1 , 3.9997 ], [ 1 , 1 ] 

MMFInitObejct Starts: ==============================================
MMFActivation = 66024 /  66024 ( 100 % ) 
*** 1st Moving frames are NOT in unit length, Avg mag. = 1.04902 *** 
*** 2nd Moving frames are in unit length ***
*** Moving frames are Orthogonal
*** MF 0 = ( 1.04902 , 0 , 0 ) 
*** MF 1 = ( 0 , 1 , 0 ) 
*** MF 2 = ( 0 , 0 , 1 ) 
MMFInitObject is done ==============================================

================== SetUP Time Map moving frames ==================
*** 1st Moving frames are in unit length ***
*** 2nd Moving frames are in unit length ***
*** Moving frames are Orthogonal
*** MF 0 = ( 0.710233 , 0.703966 , 0 ) 
*** MF 1 = ( 0.703966 , 0.710233 , 0 ) 
*** MF 2 = ( 0 , 0 , 1 ) 
k = 0, m_varcoeff = ( 1.04902 , 0 , 0 , 0.0238666 , 1.1628 ) 
k = 1, m_varcoeff = ( 0 , 1 , 0 , 3.47439e-15 , 1 ) 
k = 2, m_varcoeff = ( 0 , 0 , 1 , 0 , 1 ) 
 ::::: 2D Varcoeff is Successfully Created ::::: 

=======================================================================
	        EquationType: MMFCardiacEP
	        Session Name: FHNPlaneh30LeftX3G4_1
	        Spatial Dim.: 3
	  Max SEM Exp. Order: 6
	      Expansion Dim.: 2
	     Projection Type: Continuous Galerkin
	 Advect. advancement: explicit
	Diffuse. advancement: implicit
	           Time Step: 0.002
	        No. of Steps: 50000
	 Checkpoints (steps): 5000
	    Integration Type: IMEX
	             Surface: Plane
	           DerivType: Euclidean
	              MMFdir: TangentX
	    SolverSchemeType: MMFZero
	       TimeMapScheme: 0
	        TimeMapStart: 0
	          TimeMapEnd: 10000
	         TimeMapIapp: 0
	      m_TimeMapDelay: 0
	      AniRegionStart: 0
	        AniRegionEnd: 182
	       Ani1Magnitude: 4
	       Ani2Magnitude: 1
	               urest: 0
	          Cell model: Aliev-Panfilov
	                   k: 8
	                   a: 0.15
	                 eps: 0.002
	                 mu1: 0.2
	                 mu2: 0.3
=======================================================================
Initial Conditions:
  - Field u: 0 (default)
Writing: "FHNPlaneh30LeftX3G4_1_initialcondition.chk"
 (0.025233s, XML)
ValidTimeMap = 7854 / 66024 ( 11.8957 % ) is De-Acitvated
Initial: u = 1.56061, max u = 5.71377
Writing: "FHNPlaneh30LeftX3G4_1_initial.chk"
 (0.023465s, XML)
xmax = 40, xmin = -40, ymax = 40, ymin = -40
Steps: 5000     Time: 10          
 CPU Time: 4.62239 min.
u_max = 0.998212 at x = -17.7553, y = -36.5575, z = 0
u_min = -6.7056e-06 at x = -9.10452, y = -33.5127, z = 0
Writing: "FHNPlaneh30LeftX3G4_1_timemap_1.chk"
 (0.08235s, XML)
Time Map: Max = 10, Min = 0
Writing: "FHNPlaneh30LeftX3G4_1_1.chk"
 (0.020348s, XML)
Steps: 10000    Time: 20          
 CPU Time: 4.69553 min.
u_max = 0.998544 at x = -3.66045, y = 40, z = 0
u_min = -0.000630576 at x = 2.97534, y = 32.9775, z = 0
Writing: "FHNPlaneh30LeftX3G4_1_timemap_2.chk"
 (0.084469s, XML)
Time Map: Max = 20, Min = 0
Writing: "FHNPlaneh30LeftX3G4_1_2.chk"
 (0.021443s, XML)
Steps: 15000    Time: 30          
 CPU Time: 4.88451 min.
u_max = 0.998589 at x = 10.0436, y = 36.4575, z = 0
u_min = -5.48534e-06 at x = 20, y = 40, z = 0
Writing: "FHNPlaneh30LeftX3G4_1_timemap_3.chk"
 (0.092025s, XML)
Time Map: Max = 30, Min = 0
Writing: "FHNPlaneh30LeftX3G4_1_3.chk"
 (0.020053s, XML)
Steps: 20000    Time: 40          
 CPU Time: 4.76508 min.
u_max = 0.998988 at x = 24.3396, y = -40, z = 0
u_min = -0.00117639 at x = 35.7724, y = 1.98604, z = 0
Writing: "FHNPlaneh30LeftX3G4_1_timemap_4.chk"
 (0.091064s, XML)
Time Map: Max = 40, Min = 0
Writing: "FHNPlaneh30LeftX3G4_1_4.chk"
 (0.023102s, XML)
Steps: 25000    Time: 50          
 CPU Time: 4.73169 min.
u_max = 0.998425 at x = 40, y = -29.0623, z = 0
u_min = 5.0738e-14 at x = -40, y = 40, z = 0
Writing: "FHNPlaneh30LeftX3G4_1_timemap_5.chk"
 (0.087374s, XML)
Time Map: Max = 48.7842, Min = 0
Writing: "FHNPlaneh30LeftX3G4_1_5.chk"
 (0.019688s, XML)
Steps: 30000    Time: 60          
 CPU Time: 4.78559 min.
u_max = 0.979343 at x = 40, y = -30.9377, z = 0
u_min = 1.4932e-18 at x = -40, y = 36, z = 0
Writing: "FHNPlaneh30LeftX3G4_1_timemap_6.chk"
 (0.084369s, XML)
Time Map: Max = 48.7842, Min = 0
Writing: "FHNPlaneh30LeftX3G4_1_6.chk"
 (0.019721s, XML)
Steps: 35000    Time: 70          
 CPU Time: 4.40198 min.
u_max = 0.795899 at x = 40, y = -30.9377, z = 0
u_min = 2.8115e-22 at x = -40, y = 40, z = 0
Writing: "FHNPlaneh30LeftX3G4_1_timemap_7.chk"
 (0.08455s, XML)
Time Map: Max = 48.7842, Min = 0
Writing: "FHNPlaneh30LeftX3G4_1_7.chk"
 (0.021688s, XML)
Steps: 40000    Time: 80          
 CPU Time: 4.22945 min.
u_max = 3.92729e-07 at x = 40, y = -34, z = 0
u_min = 5.69629e-26 at x = -40, y = 20, z = 0
Writing: "FHNPlaneh30LeftX3G4_1_timemap_8.chk"
 (0.09472s, XML)
Time Map: Max = 48.7842, Min = 0
Writing: "FHNPlaneh30LeftX3G4_1_8.chk"
 (0.020538s, XML)
Steps: 45000    Time: 90          
 CPU Time: 4.34625 min.
u_max = 6.04555e-13 at x = 40, y = -40, z = 0
u_min = 1.07808e-29 at x = -40, y = 18, z = 0
Writing: "FHNPlaneh30LeftX3G4_1_timemap_9.chk"
 (0.080147s, XML)
Time Map: Max = 48.7842, Min = 0
Writing: "FHNPlaneh30LeftX3G4_1_9.chk"
 (0.020283s, XML)
Steps: 50000    Time: 100         
 CPU Time: 4.21421 min.
u_max = 1.73207e-18 at x = 40, y = -40, z = 0
u_min = 2.05939e-33 at x = -40, y = 18, z = 0
Writing: "FHNPlaneh30LeftX3G4_1_timemap_10.chk"
 (0.083155s, XML)
Time Map: Max = 48.7842, Min = 0
Writing: "FHNPlaneh30LeftX3G4_1_10.chk"
 (0.020402s, XML)
Time-integration  : 2740.65s
Writing: "FHNPlaneh30LeftX3G4_1.fld"
 (0.02093s, XML)
-------------------------------------------
Total Computation Time = 25451.5s
-------------------------------------------
L 2 error (variable u) : 0
L inf error (variable u) : 1.72771e-18
