Anisotropy = [ 1 , 3.9997 ], [ 1 , 1 ] 

MMFInitObejct Starts: ==============================================
MMFActivation = 66024 /  66024 ( 100 % ) 
*** 1st Moving frames are NOT in unit length, Avg mag. = 1.04902 *** 
*** 2nd Moving frames are in unit length ***
*** Moving frames are Orthogonal
*** MF 0 = ( 1.04902 , 0 , 0 ) 
*** MF 1 = ( 0 , 1 , 0 ) 
*** MF 2 = ( 0 , 0 , 1 ) 
MMFInitObject is done ==============================================

================== SetUP Time Map moving frames ==================
*** 1st Moving frames are in unit length ***
*** 2nd Moving frames are in unit length ***
*** Moving frames are Orthogonal
*** MF 0 = ( 0.710233 , 0.703966 , 0 ) 
*** MF 1 = ( 0.703966 , 0.710233 , 0 ) 
*** MF 2 = ( 0 , 0 , 1 ) 
k = 0, m_varcoeff = ( 1.04902 , 0 , 0 , 0.0238666 , 1.1628 ) 
k = 1, m_varcoeff = ( 0 , 1 , 0 , 3.47439e-15 , 1 ) 
k = 2, m_varcoeff = ( 0 , 0 , 1 , 0 , 1 ) 
 ::::: 2D Varcoeff is Successfully Created ::::: 

=======================================================================
	        EquationType: MMFCardiacEP
	        Session Name: FHNPlaneh30PointX3G4_1
	        Spatial Dim.: 3
	  Max SEM Exp. Order: 6
	      Expansion Dim.: 2
	     Projection Type: Continuous Galerkin
	 Advect. advancement: explicit
	Diffuse. advancement: implicit
	           Time Step: 0.002
	        No. of Steps: 50000
	 Checkpoints (steps): 5000
	    Integration Type: IMEX
	             Surface: Plane
	           DerivType: Euclidean
	              MMFdir: TangentX
	    SolverSchemeType: MMFZero
	       TimeMapScheme: 0
	        TimeMapStart: 0
	          TimeMapEnd: 10000
	         TimeMapIapp: 0
	      m_TimeMapDelay: 0
	      AniRegionStart: 0
	        AniRegionEnd: 182
	       Ani1Magnitude: 4
	       Ani2Magnitude: 1
	               urest: 0
	          Cell model: Aliev-Panfilov
	                   k: 8
	                   a: 0.15
	                 eps: 0.002
	                 mu1: 0.2
	                 mu2: 0.3
=======================================================================
Initial Conditions:
  - Field u: 0 (default)
Writing: "FHNPlaneh30PointX3G4_1_initialcondition.chk"
 (0.004639s, XML)
ValidTimeMap = 1386 / 66024 ( 2.09924 % ) is De-Acitvated
Initial: u = 0.788545, max u = 9.97508
Writing: "FHNPlaneh30PointX3G4_1_initial.chk"
 (0.026614s, XML)
xmax = 40, xmin = -40, ymax = 40, ymin = -40
Steps: 5000     Time: 10          
 CPU Time: 4.05529 min.
u_max = 0.996894 at x = -19.5433, y = -0.130244, z = 0
u_min = -0.000698055 at x = -33.3775, y = -15.1017, z = 0
Writing: "FHNPlaneh30PointX3G4_1_timemap_1.chk"
 (0.085213s, XML)
Time Map: Max = 10, Min = 0
Writing: "FHNPlaneh30PointX3G4_1_1.chk"
 (0.021769s, XML)
Steps: 10000    Time: 20          
 CPU Time: 4.10473 min.
u_max = 0.998905 at x = -35.7494, y = -22.0451, z = 0
u_min = -0.00250303 at x = -27.1119, y = -33.2502, z = 0
Writing: "FHNPlaneh30PointX3G4_1_timemap_2.chk"
 (0.084967s, XML)
Time Map: Max = 20, Min = 0
Writing: "FHNPlaneh30PointX3G4_1_2.chk"
 (0.01994s, XML)
Steps: 15000    Time: 30          
 CPU Time: 4.27979 min.
u_max = 0.999058 at x = 3.37428, y = 33.1736, z = 0
u_min = -0.00092281 at x = 7.79993, y = -39.6851, z = 0
Writing: "FHNPlaneh30PointX3G4_1_timemap_3.chk"
 (0.099104s, XML)
Time Map: Max = 29.997, Min = 0
Writing: "FHNPlaneh30PointX3G4_1_3.chk"
 (0.023107s, XML)
Steps: 20000    Time: 40          
 CPU Time: 4.19246 min.
u_max = 0.999328 at x = 22.1471, y = -36.504, z = 0
u_min = -0.00288693 at x = 35.9512, y = 30.3086, z = 0
Writing: "FHNPlaneh30PointX3G4_1_timemap_4.chk"
 (0.08994s, XML)
Time Map: Max = 39.994, Min = 0
Writing: "FHNPlaneh30PointX3G4_1_4.chk"
 (0.020673s, XML)
Steps: 25000    Time: 50          
 CPU Time: 4.15433 min.
u_max = 0.998186 at x = 40, y = -40, z = 0
u_min = 5.4828e-12 at x = -20.5878, y = 0.0507646, z = 0
Writing: "FHNPlaneh30PointX3G4_1_timemap_5.chk"
 (0.094403s, XML)
Time Map: Max = 47.989, Min = 0
Writing: "FHNPlaneh30PointX3G4_1_5.chk"
 (0.02683s, XML)
Steps: 30000    Time: 60          
 CPU Time: 4.21629 min.
u_max = 0.977449 at x = 40, y = -40, z = 0
u_min = 9.68675e-16 at x = -21.7292, y = 0.0967554, z = 0
Writing: "FHNPlaneh30PointX3G4_1_timemap_6.chk"
 (0.083785s, XML)
Time Map: Max = 47.989, Min = 0
Writing: "FHNPlaneh30PointX3G4_1_6.chk"
 (0.021041s, XML)
Steps: 35000    Time: 70          
 CPU Time: 3.89834 min.
u_max = 0.763196 at x = 40, y = -40, z = 0
u_min = 1.77419e-19 at x = -23.014, y = -0.0919068, z = 0
Writing: "FHNPlaneh30PointX3G4_1_timemap_7.chk"
 (0.088051s, XML)
Time Map: Max = 47.989, Min = 0
Writing: "FHNPlaneh30PointX3G4_1_7.chk"
 (0.020263s, XML)
Steps: 40000    Time: 80          
 CPU Time: 3.7232 min.
u_max = 9.02137e-08 at x = 40, y = -40, z = 0
u_min = 2.53362e-23 at x = -24.0439, y = 0.0340765, z = 0
Writing: "FHNPlaneh30PointX3G4_1_timemap_8.chk"
 (0.084941s, XML)
Time Map: Max = 47.989, Min = 0
Writing: "FHNPlaneh30PointX3G4_1_8.chk"
 (0.019842s, XML)
Steps: 45000    Time: 90          
 CPU Time: 3.8632 min.
u_max = 1.21714e-13 at x = 40, y = -40, z = 0
u_min = 1.55165e-27 at x = -26.5397, y = -0.0727575, z = 0
Writing: "FHNPlaneh30PointX3G4_1_timemap_9.chk"
 (0.085826s, XML)
Time Map: Max = 47.989, Min = 0
Writing: "FHNPlaneh30PointX3G4_1_9.chk"
 (0.020926s, XML)
Steps: 50000    Time: 100         
 CPU Time: 3.73038 min.
u_max = 3.13751e-19 at x = 40, y = -40, z = 0
u_min = 4.24628e-32 at x = -30.5564, y = 0.0710749, z = 0
Writing: "FHNPlaneh30PointX3G4_1_timemap_10.chk"
 (0.082491s, XML)
Time Map: Max = 47.989, Min = 0
Writing: "FHNPlaneh30PointX3G4_1_10.chk"
 (0.019873s, XML)
Time-integration  : 2413.13s
Writing: "FHNPlaneh30PointX3G4_1.fld"
 (0.021692s, XML)
-------------------------------------------
Total Computation Time = 25259.7s
-------------------------------------------
L 2 error (variable u) : 0
L inf error (variable u) : 3.12955e-19
