Zone start = 0, end = 0, Excite zone = 0, Node zone = 480, intra zone = 2040, extra zone = 480 / nq = 2040
v_InitObject: Node = 1560, Myelin = 480, extracell = 0
Max Anistrength_1  = 12.9582, Anistrength_2 = 12.9582, Min Anistrength 1 = 1, Anistrength 2 = 1
MMFActivation = 2040 /  2040 ( 100 % ) 
Zone start = 0, end = 239, Excite zone = 240, Node zone = 600, intra zone = 2070, extra zone = 600 / nq = 2070
v_InitObject: Node = 1470, Myelin = 600, extracell = 0
Zone start = 0, end = 0, Excite zone = 0, Node zone = 480, intra zone = 2070, extra zone = 480 / nq = 2070
v_InitObject: Node = 1590, Myelin = 480, extracell = 0
Max Anistrength_1  = 12.9582, Anistrength_2 = 12.9582, Min Anistrength 1 = 1, Anistrength 2 = 1
Zone start = 0, end = 0, Excite zone = 0, Node zone = 480, intra zone = 2070, extra zone = 480 / nq = 2070
v_InitObject: Node = 1590, Myelin = 480, extracell = 0
Max Anistrength_1  = 12.9582, Anistrength_2 = 12.9582, Min Anistrength 1 = 1, Anistrength 2 = 1
MMFActivation = 2070 /  2070 ( 100 % ) 
Zone start = 0, end = 0, Excite zone = 0, Node zone = 360, intra zone = 2040, extra zone = 360 / nq = 2040
v_InitObject: Node = 1680, Myelin = 360, extracell = 0
Max Anistrength_1  = 12.9582, Anistrength_2 = 12.9582, Min Anistrength 1 = 1, Anistrength 2 = 1
MMFActivation = 2040 /  2040 ( 100 % ) 
Zone start = 0, end = 0, Excite zone = 0, Node zone = 480, intra zone = 2070, extra zone = 480 / nq = 2070
v_InitObject: Node = 1590, Myelin = 480, extracell = 0
Max Anistrength_1  = 12.9582, Anistrength_2 = 12.9582, Min Anistrength 1 = 1, Anistrength 2 = 1
MMFActivation = 2070 /  2070 ( 100 % ) 
MMFActivation = 2070 /  2070 ( 100 % ) 
Zone start = 0, end = 0, Excite zone = 0, Node zone = 480, intra zone = 2040, extra zone = 480 / nq = 2040
v_InitObject: Node = 1560, Myelin = 480, extracell = 0
Max Anistrength_1  = 12.9582, Anistrength_2 = 12.9582, Min Anistrength 1 = 1, Anistrength 2 = 1
Max Anistrength_1  = 12.9582, Anistrength_2 = 12.9582, Min Anistrength 1 = 1, Anistrength 2 = 1
MMFActivation = 2070 /  2070 ( 100 % ) 
Zone start = 0, end = 0, Excite zone = 0, Node zone = 480, intra zone = 2040, extra zone = 480 / nq = 2040
v_InitObject: Node = 1560, Myelin = 480, extracell = 0
Max Anistrength_1  = 12.9582, Anistrength_2 = 12.9582, Min Anistrength 1 = 1, Anistrength 2 = 1
MMFActivation = 2040 /  2040 ( 100 % ) 
MMFActivation = 2040 /  2040 ( 100 % ) 
*** 1st Moving frames are NOT in unit length, Avg mag. = 11.342 *** 
*** 2nd Moving frames are NOT in unit length, Avg mag. = 11.342 *** 
*** Moving frames are Orthogonal
*** MF 0 = ( 0 , 11.342 , 0 ) 
*** 1st Moving frames are NOT in unit length, Avg mag. = 11.367 *** 
*** 2nd Moving frames are NOT in unit length, Avg mag. = 11.367 *** 
*** Moving frames are Orthogonal
*** 1st Moving frames are NOT in unit length, Avg mag. = 11.7669 *** 
*** 2nd Moving frames are NOT in unit length, Avg mag. = 11.7669 *** 
*** Moving frames are Orthogonal
*** MF 1 = ( 11.342 , 0 , 0 ) 
*** 1st Moving frames are NOT in unit length, Avg mag. = 11.367 *** 
*** 2nd Moving frames are NOT in unit length, Avg mag. = 11.367 *** 
*** Moving frames are Orthogonal
*** MF 2 = ( 0 , 0 , 1 ) 
MMFInitObject is done ===========================
*** 1st Moving frames are NOT in unit length, Avg mag. = 10.9331 *** 
*** 2nd Moving frames are NOT in unit length, Avg mag. = 10.9331 *** 
*** Moving frames are Orthogonal
*** 1st Moving frames are NOT in unit length, Avg mag. = 11.342 *** 
*** 2nd Moving frames are NOT in unit length, Avg mag. = 11.342 *** 
*** Moving frames are Orthogonal
*** 1st Moving frames are NOT in unit length, Avg mag. = 11.367 *** 
*** 2nd Moving frames are NOT in unit length, Avg mag. = 11.367 *** 
*** Moving frames are Orthogonal
*** 1st Moving frames are NOT in unit length, Avg mag. = 11.342 *** 
*** 2nd Moving frames are NOT in unit length, Avg mag. = 11.342 *** 
*** Moving frames are Orthogonal
*** MF 0 = ( 0 , 11.7669 , 0 ) 
*** MF 0 = ( 0 , 11.367 , 0 ) 
*** MF 1 = ( 11.367 , 0 , 0 ) 
*** MF 0 = ( 0 , 11.367 , 0 ) 
*** MF 1 = ( 11.367 , 0 , 0 ) 
*** MF 1 = ( 11.7669 , 0 , 0 ) 
*** MF 2 = ( 0 , 0 , 1 ) 
*** MF 2 = ( 0 , 0 , 1 ) 
MMFInitObject is done ===========================
MMFInitObject is done ===========================
*** MF 0 = ( 0 , 11.342 , 0 ) 
*** MF 2 = ( 0 , 0 , 1 ) 
MMFInitObject is done ===========================
*** MF 0 = ( 0 , 10.9331 , 0 ) 
*** MF 1 = ( 10.9331 , 0 , 0 ) 
*** MF 2 = ( 0 , 0 , 1 ) 
MMFInitObject is done ===========================
*** MF 0 = ( 0 , 11.342 , 0 ) 
*** MF 1 = ( 11.342 , 0 , 0 ) 
*** MF 2 = ( 0 , 0 , 1 ) 
MMFInitObject is done ===========================
*** MF 0 = ( 0 , 11.367 , 0 ) 
*** MF 1 = ( 11.367 , 0 , 0 ) 
*** MF 2 = ( 0 , 0 , 1 ) 
MMFInitObject is done ===========================
*** MF 1 = ( 11.342 , 0 , 0 ) 
*** MF 2 = ( 0 , 0 , 1 ) 
MMFInitObject is done ===========================
*** 1st Moving frames are in unit length ***
*** 2nd Moving frames are in unit length ***
*** Moving frames are Orthogonal
*** MF 0 = ( 0.695289 , 0.71873 , 0 ) 
*** MF 1 = ( 0.71873 , 0.695289 , 0 ) 
*** MF 2 = ( 0 , 0 , 1 ) 
*** 1st Moving frames are in unit length ***
*** 2nd Moving frames are in unit length ***
*** Moving frames are Orthogonal
*** 1st Moving frames are in unit length ***
*** 2nd Moving frames are in unit length ***
*** Moving frames are Orthogonal
*** 1st Moving frames are in unit length ***
*** 2nd Moving frames are in unit length ***
*** Moving frames are Orthogonal
*** 1st Moving frames are in unit length ***
*** 2nd Moving frames are in unit length ***
*** Moving frames are Orthogonal
*** MF 0 = ( 0.704648 , 0.709557 , 0 ) 
*** MF 1 = ( 0.709557 , 0.704648 , 0 ) 
*** 1st Moving frames are in unit length ***
*** 2nd Moving frames are in unit length ***
*** Moving frames are Orthogonal
*** 1st Moving frames are in unit length ***
*** 2nd Moving frames are in unit length ***
*** Moving frames are Orthogonal
*** MF 0 = ( 0.698391 , 0.715716 , 0 ) 
*** MF 1 = ( 0.715716 , 0.698391 , 0 ) 
*** MF 2 = ( 0 , 0 , 1 ) 
*** 1st Moving frames are in unit length ***
*** 2nd Moving frames are in unit length ***
*** Moving frames are Orthogonal
*** MF 2 = ( 0 , 0 , 1 ) 
*** MF 0 = ( 0.69252 , 0.721398 , 0 ) 
*** MF 1 = ( 0.721398 , 0.69252 , 0 ) 
*** MF 2 = ( 0 , 0 , 1 ) 
*** MF 0 = ( 0.703508 , 0.710687 , 0 ) 
*** MF 0 = ( 0.691377 , 0.722494 , 0 ) 
*** MF 1 = ( 0.722494 , 0.691377 , 0 ) 
*** MF 0 = ( 0.716128 , 0.697969 , 0 ) 
*** MF 1 = ( 0.697969 , 0.716128 , 0 ) 
*** MF 1 = ( 0.710687 , 0.703508 , 0 ) 
*** MF 2 = ( 0 , 0 , 1 ) 
*** MF 0 = ( 0.667723 , 0.74441 , 0 ) 
*** MF 1 = ( 0.74441 , 0.667723 , 0 ) 
*** MF 2 = ( 0 , 0 , 1 ) 
*** MF 2 = ( 0 , 0 , 1 ) 
*** MF 2 = ( 0 , 0 , 1 ) 
*** 1st Moving frames are NOT in unit length, Avg mag. = 1.41421 *** 
*** 2nd Moving frames are NOT in unit length, Avg mag. = 1.41421 *** 
*** Moving frames are Orthogonal
*** MF 0 = ( 0.983288 , 1.01644 , 0 ) 
*** MF 1 = ( 1.01644 , 0.983288 , 0 ) 
*** MF 2 = ( 0 , 0 , 1 ) 
*** 1st Moving frames are NOT in unit length, Avg mag. = 1.41421 *** 
*** 2nd Moving frames are NOT in unit length, Avg mag. = 1.41421 *** 
*** Moving frames are Orthogonal
*** MF 0 = ( 0.983288 , 1.01644 , 0 ) 
*** MF 1 = ( 1.01644 , 0.983288 , 0 ) 
*** 1st Moving frames are NOT in unit length, Avg mag. = 1.41421 *** 
*** 2nd Moving frames are NOT in unit length, Avg mag. = 1.41421 *** 
*** Moving frames are Orthogonal
*** MF 2 = ( 0 , 0 , 1 ) 
*** 1st Moving frames are NOT in unit length, Avg mag. = 1.41421 *** 
*** 2nd Moving frames are NOT in unit length, Avg mag. = 1.41421 *** 
*** Moving frames are Orthogonal
*** 1st Moving frames are NOT in unit length, Avg mag. = 1.41421 *** 
*** 2nd Moving frames are NOT in unit length, Avg mag. = 1.41421 *** 
*** Moving frames are Orthogonal
*** 1st Moving frames are NOT in unit length, Avg mag. = 1.41421 *** 
*** 2nd Moving frames are NOT in unit length, Avg mag. = 1.41421 *** 
*** Moving frames are Orthogonal
*** 1st Moving frames are NOT in unit length, Avg mag. = 1.41421 *** 
*** 2nd Moving frames are NOT in unit length, Avg mag. = 1.41421 *** 
*** Moving frames are Orthogonal
*** MF 0 = ( 0.987675 , 1.01218 , 0 ) 
*** MF 1 = ( 1.01218 , 0.987675 , 0 ) 
*** MF 0 = ( 0.996522 , 1.00347 , 0 ) 
*** MF 1 = ( 1.00347 , 0.996522 , 0 ) 
*** MF 2 = ( 0 , 0 , 1 ) 
*** 1st Moving frames are NOT in unit length, Avg mag. = 1.41421 *** 
*** 2nd Moving frames are NOT in unit length, Avg mag. = 1.41421 *** 
*** Moving frames are Orthogonal
*** 1st Moving frames are NOT in unit length, Avg mag. = 1.41421 *** 
*** 2nd Moving frames are NOT in unit length, Avg mag. = 1.41421 *** 
*** Moving frames are Orthogonal
*** MF 0 = ( 0.979371 , 1.02021 , 0 ) 
*** MF 1 = ( 1.02021 , 0.979371 , 0 ) 
*** MF 2 = ( 0 , 0 , 1 ) 
*** 1st Moving frames are NOT in unit length, Avg mag. = 1.41421 *** 
*** 2nd Moving frames are NOT in unit length, Avg mag. = 1.41421 *** 
*** Moving frames are Orthogonal
*** 1st Moving frames are NOT in unit length, Avg mag. = 1.41421 *** 
*** 2nd Moving frames are NOT in unit length, Avg mag. = 1.41421 *** 
*** Moving frames are Orthogonal
*** MF 0 = ( 0.99491 , 1.00506 , 0 ) 
*** MF 1 = ( 1.00506 , 0.99491 , 0 ) 
*** MF 0 = ( 1.01276 , 0.987078 , 0 ) 
*** MF 1 = ( 0.987078 , 1.01276 , 0 ) 
*** MF 2 = ( 0 , 0 , 1 ) 
*** 1st Moving frames are NOT in unit length, Avg mag. = 1.41421 *** 
*** 2nd Moving frames are NOT in unit length, Avg mag. = 1.41421 *** 
*** Moving frames are Orthogonal
*** MF 0 = ( 0.944303 , 1.05275 , 0 ) 
*** MF 1 = ( 1.05275 , 0.944303 , 0 ) 
*** MF 2 = ( 0 , 0 , 1 ) 
*** 1st Moving frames are NOT in unit length, Avg mag. = 1.41421 *** 
*** 2nd Moving frames are NOT in unit length, Avg mag. = 1.41421 *** 
*** Moving frames are Orthogonal
*** MF 2 = ( 0 , 0 , 1 ) 
*** 1st Moving frames are NOT in unit length, Avg mag. = 1.41421 *** 
*** 2nd Moving frames are NOT in unit length, Avg mag. = 1.41421 *** 
*** Moving frames are Orthogonal
*** MF 0 = ( 0.979371 , 1.02021 , 0 ) 
*** MF 1 = ( 1.02021 , 0.979371 , 0 ) 
*** MF 0 = ( 0.987675 , 1.01218 , 0 ) 
*** MF 1 = ( 1.01218 , 0.987675 , 0 ) 
*** MF 2 = ( 0 , 0 , 1 ) 
*** MF 0 = ( 0.977755 , 1.02176 , 0 ) 
*** MF 1 = ( 1.02176 , 0.977755 , 0 ) 
*** MF 2 = ( 0 , 0 , 1 ) 
*** 1st Moving frames are NOT in unit length, Avg mag. = 1.41421 *** 
*** 2nd Moving frames are NOT in unit length, Avg mag. = 1.41421 *** 
*** Moving frames are Orthogonal
*** MF 0 = ( 0.996522 , 1.00347 , 0 ) 
*** MF 1 = ( 1.00347 , 0.996522 , 0 ) 
*** MF 2 = ( 0 , 0 , 1 ) 
*** MF 2 = ( 0 , 0 , 1 ) 
*** 1st Moving frames are NOT in unit length, Avg mag. = 1.41421 *** 
*** 2nd Moving frames are NOT in unit length, Avg mag. = 1.41421 *** 
*** Moving frames are Orthogonal
*** MF 0 = ( 0.99491 , 1.00506 , 0 ) 
*** MF 1 = ( 1.00506 , 0.99491 , 0 ) 
*** MF 0 = ( 0.977755 , 1.02176 , 0 ) 
*** MF 1 = ( 1.02176 , 0.977755 , 0 ) 
*** MF 2 = ( 0 , 0 , 1 ) 
*** MF 0 = ( 1.01276 , 0.987078 , 0 ) 
*** MF 1 = ( 0.987078 , 1.01276 , 0 ) 
*** MF 0 = ( 0.944303 , 1.05275 , 0 ) 
*** MF 1 = ( 1.05275 , 0.944303 , 0 ) 
*** MF 2 = ( 0 , 0 , 1 ) 
*** MF 2 = ( 0 , 0 , 1 ) 
k = 0, m_varcoeff = ( 0 , 11.342 , 0 , 1.67032e-12 , 146.838 ) 
*** MF 2 = ( 0 , 0 , 1 ) 
*** MF 2 = ( 0 , 0 , 1 ) 
k = 1, m_varcoeff = ( 11.342 , 0 , 0 , 4.79484e-12 , 146.838 ) 
k = 0, m_varcoeff = ( 0 , 11.7669 , 0 , 1.70508e-12 , 152.38 ) 
k = 0, m_varcoeff = ( 0 , 11.367 , 0 , 1.68543e-12 , 147.165 ) 
k = 0, m_varcoeff = ( 0 , 11.367 , 0 , 1.65474e-12 , 147.165 ) 
k = 2, m_varcoeff = ( 0 , 0 , 1 , 0 , 1 ) 
 ::::: 2D Varcoeff is Successfully Created ::::: 

k = 0, m_varcoeff = ( 0 , 10.9331 , 0 , 1.61548e-12 , 141.503 ) 
k = 0, m_varcoeff = ( 0 , 11.342 , 0 , 1.68168e-12 , 146.838 ) 
k = 0, m_varcoeff = ( 0 , 11.367 , 0 , 1.69276e-12 , 147.165 ) 
k = 0, m_varcoeff = ( 0 , 11.342 , 0 , 1.65663e-12 , 146.838 ) 
k = 1, m_varcoeff = ( 11.7669 , 0 , 0 , 5.04102e-12 , 152.38 ) 
k = 1, m_varcoeff = ( 11.367 , 0 , 0 , 4.83359e-12 , 147.165 ) 
k = 1, m_varcoeff = ( 11.342 , 0 , 0 , 4.81851e-12 , 146.838 ) 
k = 1, m_varcoeff = ( 11.367 , 0 , 0 , 4.83979e-12 , 147.165 ) 
k = 0, m_varcoeff = ( 0.983288 , 1.01644 , 0 , 1.93554e-06 , 2 ) 
k = 1, m_varcoeff = ( 11.367 , 0 , 0 , 4.78698e-12 , 147.165 ) 
k = 1, m_varcoeff = ( 11.342 , 0 , 0 , 4.8678e-12 , 146.838 ) 
k = 1, m_varcoeff = ( 10.9331 , 0 , 0 , 4.63119e-12 , 141.503 ) 
k = 2, m_varcoeff = ( 0 , 0 , 1 , 0 , 1 ) 
 ::::: 2D Varcoeff is Successfully Created ::::: 

k = 1, m_varcoeff = ( 1.01644 , 0.983288 , 0 , 5.53008e-06 , 2 ) 
k = 2, m_varcoeff = ( 0 , 0 , 1 , 0 , 1 ) 
 ::::: 2D Varcoeff is Successfully Created ::::: 

k = 2, m_varcoeff = ( 0 , 0 , 1 , 0 , 1 ) 
 ::::: 2D Varcoeff is Successfully Created ::::: 

k = 2, m_varcoeff = ( 0 , 0 , 1 , 0 , 1 ) 
 ::::: 2D Varcoeff is Successfully Created ::::: 

k = 2, m_varcoeff = ( 0 , 0 , 1 , 0 , 1 ) 
 ::::: 2D Varcoeff is Successfully Created ::::: 

k = 2, m_varcoeff = ( 0 , 0 , 1 , 0 , 1 ) 
 ::::: 2D Varcoeff is Successfully Created ::::: 

k = 2, m_varcoeff = ( 0 , 0 , 1 , 0 , 1 ) 
 ::::: 2D Varcoeff is Successfully Created ::::: 

k = 0, m_varcoeff = ( 0.996522 , 1.00347 , 0 , 2.12026e-06 , 2 ) 
k = 2, m_varcoeff = ( 0 , 0 , 1 , 0 , 1 ) 
 ::::: 2D Varcoeff is Successfully Created ::::: 

k = 0, m_varcoeff = ( 0.987675 , 1.01218 , 0 , 1.92144e-06 , 2 ) 
k = 0, m_varcoeff = ( 0.979371 , 1.02021 , 0 , 2.71734e-06 , 2 ) 
k = 0, m_varcoeff = ( 0.944303 , 1.05275 , 0 , 2.2735e-06 , 2 ) 
k = 0, m_varcoeff = ( 1.01276 , 0.987078 , 0 , 2.44826e-06 , 2 ) 
k = 0, m_varcoeff = ( 0.99491 , 1.00506 , 0 , 1.73118e-06 , 2 ) 
k = 0, m_varcoeff = ( 0.977755 , 1.02176 , 0 , 2.10483e-07 , 2 ) 
k = 1, m_varcoeff = ( 1.00347 , 0.996522 , 0 , 6.05788e-06 , 2 ) 
=======================================================================
	        EquationType: MMFNeuralEP
	        Session Name: NeuralEP2DmonoDL6mpi8
	        Spatial Dim.: 3
	  Max SEM Exp. Order: 5
	      Num. Processes: 8
	      Expansion Dim.: 2
	     Projection Type: Continuous Galerkin
k = 1, m_varcoeff = ( 1.01218 , 0.987675 , 0 , 5.48986e-06 , 2 ) 
k = 1, m_varcoeff = ( 1.02021 , 0.979371 , 0 , 7.76381e-06 , 2 ) 
	 Advect. advancement: explicit
	Diffuse. advancement: implicit
	           Time Step: 1e-07
	        No. of Steps: 20000000
	 Checkpoints (steps): 2000000
	    Integration Type: IMEX
	             Surface: Line
	           DerivType: Euclidean
	              MMFdir: TangentY
	        NeuralEPType: NeuralEP2Dbi
	      ExtCurrentType: WithCurrent
	       GlobalSysSoln: XxtMultiLevelStaticCond
	       TimeMapScheme: DeActivated
	        TimeMapStart: 0
k = 1, m_varcoeff = ( 1.00506 , 0.99491 , 0 , 4.94624e-06 , 2 ) 
k = 1, m_varcoeff = ( 0.987078 , 1.01276 , 0 , 6.99505e-06 , 2 ) 
	          TimeMapEnd: 10000
	          Fiber Type: MonoBCDirichlet
	        Fiber Length: 0.01
	         Node Length: 0.01
	       Myelin Length: 0.2
	               Nnode: 30
	         Temperature: 24
	            diameter: 0.01
k = 1, m_varcoeff = ( 1.05275 , 0.944303 , 0 , 6.49566e-06 , 2 ) 
	             Helmtau: 1
=======================================================================
k = 1, m_varcoeff = ( 1.02176 , 0.977755 , 0 , 6.01383e-07 , 2 ) 
k = 2, m_varcoeff = ( 0 , 0 , 1 , 0 , 1 ) 
 ::::: 2D Varcoeff is Successfully Created ::::: 

k = 2, m_varcoeff = ( 0 , 0 , 1 , 0 , 1 ) 
 ::::: 2D Varcoeff is Successfully Created ::::: 

k = 2, m_varcoeff = ( 0 , 0 , 1 , 0 , 1 ) 
 ::::: 2D Varcoeff is Successfully Created ::::: 

k = 2, m_varcoeff = ( 0 , 0 , 1 , 0 , 1 ) 
 ::::: 2D Varcoeff is Successfully Created ::::: 

k = 2, m_varcoeff = ( 0 , 0 , 1 , 0 , 1 ) 
 ::::: 2D Varcoeff is Successfully Created ::::: 

Initial Conditions:
k = 2, m_varcoeff = ( 0 , 0 , 1 , 0 , 1 ) 
 ::::: 2D Varcoeff is Successfully Created ::::: 

k = 2, m_varcoeff = ( 0 , 0 , 1 , 0 , 1 ) 
 ::::: 2D Varcoeff is Successfully Created ::::: 

  - Field um: 0
  - Field ue: 0
Initial Conditions:
  - Field um: 0
  - Field ue: 0
Writing: "NeuralEP2DmonoDL6mpi8_initial.chk"
 (0.000627808s, XML)
Steps: 2000000  Time: 0.2         
Writing: "NeuralEP2DmonoDL6mpi8_phie_1.chk"
phi_m, max: 292.679863 at y = 0.438213

phi_e, max: 8884.380616 at y = 0.640587


phi_m, max: 0.002961 at y = 2.324832

phi_e, max: 7244.484725 at y = 2.110000


phi_m, max: 0.002961 at y = 1.905168

phi_e, max: 7245.123250 at y = 1.270000


phi_m, max: 0.002961 at y = 2.954832

phi_e, max: 7243.965470 at y = 2.950000


phi_m, max: 0.002961 at y = 5.054832

phi_e, max: 7243.334164 at y = 4.420000


phi_m, max: 0.002961 at y = 5.895168

phi_e, max: 7243.131926 at y = 5.260000


phi_m, max: 0.002961 at y = 4.004832

phi_e, max: 7243.651681 at y = 3.580000


 (0.0020602s, XML)

Time: 0.200000
CPU Time: 139.095480 min.
phi_m, max: 37.518961 at y = 0.739071

phi_e, max: 7277.000220 at y = 0.850000


Writing: "NeuralEP2DmonoDL6mpi8_1.chk"
 (0.00089605s, XML)
Steps: 4000000  Time: 0.4         
Writing: "NeuralEP2DmonoDL6mpi8_phie_2.chk"
phi_m, max: 0.002961 at y = 4.004832

phi_e, max: 7243.651681 at y = 3.580000
phi_m, max: 0.002912 at y = 4.004832

phi_e, max: 8171.395500 at y = 3.580000


phi_m, max: 292.679863 at y = 0.438213

phi_e, max: 8884.380616 at y = 0.640587
phi_m, max: 256.772199 at y = 0.764286

phi_e, max: 8348.569334 at y = 0.650000


phi_m, max: 0.002961 at y = 2.324832

phi_e, max: 7244.484725 at y = 2.110000
phi_m, max: 0.002912 at y = 2.114832

phi_e, max: 8172.214770 at y = 2.110000


phi_m, max: 0.002961 at y = 1.905168

phi_e, max: 7245.123250 at y = 1.270000
phi_m, max: 263.604131 at y = 1.159071

phi_e, max: 8172.495179 at y = 1.694490


phi_m, max: 0.002961 at y = 2.954832

phi_e, max: 7243.965470 at y = 2.950000
phi_m, max: 0.002912 at y = 2.954832

phi_e, max: 8171.704103 at y = 2.950000


phi_m, max: 0.002961 at y = 5.054832

phi_e, max: 7243.334164 at y = 4.420000
phi_m, max: 0.002912 at y = 5.055168

phi_e, max: 8171.083233 at y = 4.420000


phi_m, max: 0.002961 at y = 5.895168

phi_e, max: 7243.131926 at y = 5.260000
phi_m, max: 0.002912 at y = 5.895168

phi_e, max: 8170.884340 at y = 5.260000


 (0.00248068s, XML)

Time: 0.200000
CPU Time: 139.095480 min.
phi_m, max: 37.518961 at y = 0.739071

phi_e, max: 7277.000220 at y = 0.850000

Time: 0.400000
CPU Time: 139.556203 min.
phi_m, max: 293.418603 at y = 1.066426

phi_e, max: 10367.608208 at y = 1.061624


Writing: "NeuralEP2DmonoDL6mpi8_2.chk"
 (0.000857829s, XML)
Steps: 6000000  Time: 0.6         
Writing: "NeuralEP2DmonoDL6mpi8_phie_3.chk"
phi_m, max: 0.002961 at y = 5.895168

phi_e, max: 7243.131926 at y = 5.260000
phi_m, max: 0.002912 at y = 5.895168

phi_e, max: 8170.884340 at y = 5.260000
phi_m, max: 0.002865 at y = 5.894832

phi_e, max: 9670.112360 at y = 5.260000


phi_m, max: 0.002961 at y = 4.004832

phi_e, max: 7243.651681 at y = 3.580000
phi_m, max: 0.002912 at y = 4.004832

phi_e, max: 8171.395500 at y = 3.580000
phi_m, max: 0.002865 at y = 4.004832

phi_e, max: 9670.615570 at y = 3.580000


phi_m, max: 292.679863 at y = 0.438213

phi_e, max: 8884.380616 at y = 0.640587
phi_m, max: 256.772199 at y = 0.764286

phi_e, max: 8348.569334 at y = 0.650000
phi_m, max: 159.462977 at y = 0.764286

phi_e, max: 8720.179649 at y = 0.650000


phi_m, max: 0.002961 at y = 2.324832

phi_e, max: 7244.484725 at y = 2.110000
phi_m, max: 0.002912 at y = 2.114832

phi_e, max: 8172.214770 at y = 2.110000
phi_m, max: 1.427574 at y = 1.941928

phi_e, max: 9672.466580 at y = 2.110000


phi_m, max: 0.002961 at y = 1.905168

phi_e, max: 7245.123250 at y = 1.270000
phi_m, max: 263.604131 at y = 1.159071

phi_e, max: 8172.495179 at y = 1.694490
phi_m, max: 294.380674 at y = 1.664785

phi_e, max: 14131.676874 at y = 1.485449


phi_m, max: 0.002961 at y = 2.954832

phi_e, max: 7243.965470 at y = 2.950000
phi_m, max: 0.002912 at y = 2.954832

phi_e, max: 8171.704103 at y = 2.950000
phi_m, max: 0.002865 at y = 3.375168

phi_e, max: 9670.919371 at y = 2.950000


phi_m, max: 0.002961 at y = 5.054832

phi_e, max: 7243.334164 at y = 4.420000
phi_m, max: 0.002912 at y = 5.055168

phi_e, max: 8171.083233 at y = 4.420000
phi_m, max: 0.002865 at y = 5.054832

phi_e, max: 9670.308160 at y = 4.420000


 (0.00256636s, XML)

Time: 0.200000
CPU Time: 139.095480 min.
phi_m, max: 37.518961 at y = 0.739071

phi_e, max: 7277.000220 at y = 0.850000

Time: 0.400000
CPU Time: 139.556203 min.
phi_m, max: 293.418603 at y = 1.066426

phi_e, max: 10367.608208 at y = 1.061624

Time: 0.600000
CPU Time: 139.434396 min.
phi_m, max: 234.521182 at y = 1.184286

phi_e, max: 12664.151065 at y = 1.070000


Writing: "NeuralEP2DmonoDL6mpi8_3.chk"
 (0.000850244s, XML)
Steps: 8000000  Time: 0.8         
Writing: "NeuralEP2DmonoDL6mpi8_phie_4.chk"
phi_m, max: 0.002961 at y = 5.054832

phi_e, max: 7243.334164 at y = 4.420000
phi_m, max: 0.002912 at y = 5.055168

phi_e, max: 8171.083233 at y = 4.420000
phi_m, max: 0.002865 at y = 5.054832

phi_e, max: 9670.308160 at y = 4.420000
phi_m, max: 0.002830 at y = 5.055168

phi_e, max: 57197.565626 at y = 4.420000


phi_m, max: 0.002961 at y = 5.895168

phi_e, max: 7243.131926 at y = 5.260000
phi_m, max: 0.002912 at y = 5.895168

phi_e, max: 8170.884340 at y = 5.260000
phi_m, max: 0.002865 at y = 5.894832

phi_e, max: 9670.112360 at y = 5.260000
phi_m, max: 0.002830 at y = 5.264832

phi_e, max: 57197.370386 at y = 5.260000


phi_m, max: 0.002961 at y = 4.004832

phi_e, max: 7243.651681 at y = 3.580000
phi_m, max: 0.002912 at y = 4.004832

phi_e, max: 8171.395500 at y = 3.580000
phi_m, max: 0.002865 at y = 4.004832

phi_e, max: 9670.615570 at y = 3.580000
phi_m, max: 0.002830 at y = 4.004832

phi_e, max: 57197.872160 at y = 3.580000


phi_m, max: 292.679863 at y = 0.438213

phi_e, max: 8884.380616 at y = 0.640587
phi_m, max: 256.772199 at y = 0.764286

phi_e, max: 8348.569334 at y = 0.650000
phi_m, max: 159.462977 at y = 0.764286

phi_e, max: 8720.179649 at y = 0.650000
phi_m, max: 67.717315 at y = 0.764286

phi_e, max: 20291.945411 at y = 0.650000


phi_m, max: 0.002961 at y = 2.324832

phi_e, max: 7244.484725 at y = 2.110000
phi_m, max: 0.002912 at y = 2.114832

phi_e, max: 8172.214770 at y = 2.110000
phi_m, max: 1.427574 at y = 1.941928

phi_e, max: 9672.466580 at y = 2.110000
phi_m, max: 292.705259 at y = 2.118213

phi_e, max: 58804.828966 at y = 2.320587


phi_m, max: 0.002961 at y = 1.905168

phi_e, max: 7245.123250 at y = 1.270000
phi_m, max: 263.604131 at y = 1.159071

phi_e, max: 8172.495179 at y = 1.694490
phi_m, max: 294.380674 at y = 1.664785

phi_e, max: 14131.676874 at y = 1.485449
phi_m, max: 274.920962 at y = 1.909413

phi_e, max: 54305.246560 at y = 1.910000


phi_m, max: 0.002961 at y = 2.954832

phi_e, max: 7243.965470 at y = 2.950000
phi_m, max: 0.002912 at y = 2.954832

phi_e, max: 8171.704103 at y = 2.950000
phi_m, max: 0.002865 at y = 3.375168

phi_e, max: 9670.919371 at y = 2.950000
phi_m, max: 0.003038 at y = 2.775215

phi_e, max: 57198.179013 at y = 2.950000


 (0.00232573s, XML)

Time: 0.200000
CPU Time: 139.095480 min.
phi_m, max: 37.518961 at y = 0.739071

phi_e, max: 7277.000220 at y = 0.850000

Time: 0.400000
CPU Time: 139.556203 min.
phi_m, max: 293.418603 at y = 1.066426

phi_e, max: 10367.608208 at y = 1.061624

Time: 0.600000
CPU Time: 139.434396 min.
phi_m, max: 234.521182 at y = 1.184286

phi_e, max: 12664.151065 at y = 1.070000

Time: 0.800000
CPU Time: 126.822024 min.
phi_m, max: 135.362309 at y = 1.184286

phi_e, max: 57197.286429 at y = 6.100000


Writing: "NeuralEP2DmonoDL6mpi8_4.chk"
 (0.000767028s, XML)
Steps: 10000000 Time: 1           
Writing: "NeuralEP2DmonoDL6mpi8_phie_5.chk"
phi_m, max: 0.002961 at y = 4.004832

phi_e, max: 7243.651681 at y = 3.580000
phi_m, max: 0.002912 at y = 4.004832

phi_e, max: 8171.395500 at y = 3.580000
phi_m, max: 0.002865 at y = 4.004832

phi_e, max: 9670.615570 at y = 3.580000
phi_m, max: 0.002830 at y = 4.004832

phi_e, max: 57197.872160 at y = 3.580000
phi_m, max: 0.002992 at y = 3.580000

phi_e, max: 39518.113693 at y = 3.580000


phi_m, max: 292.679863 at y = 0.438213

phi_e, max: 8884.380616 at y = 0.640587
phi_m, max: 256.772199 at y = 0.764286

phi_e, max: 8348.569334 at y = 0.650000
phi_m, max: 159.462977 at y = 0.764286

phi_e, max: 8720.179649 at y = 0.650000
phi_m, max: 67.717315 at y = 0.764286

phi_e, max: 20291.945411 at y = 0.650000
phi_m, max: 1.364598 at y = 0.764286

phi_e, max: 11827.518919 at y = 0.650000


phi_m, max: 0.002961 at y = 2.324832

phi_e, max: 7244.484725 at y = 2.110000
phi_m, max: 0.002912 at y = 2.114832

phi_e, max: 8172.214770 at y = 2.110000
phi_m, max: 1.427574 at y = 1.941928

phi_e, max: 9672.466580 at y = 2.110000
phi_m, max: 292.705259 at y = 2.118213

phi_e, max: 58804.828966 at y = 2.320587
phi_m, max: 293.425922 at y = 2.746426

phi_e, max: 41759.368187 at y = 2.741624


phi_m, max: 0.002961 at y = 1.905168

phi_e, max: 7245.123250 at y = 1.270000
phi_m, max: 263.604131 at y = 1.159071

phi_e, max: 8172.495179 at y = 1.694490
phi_m, max: 294.380674 at y = 1.664785

phi_e, max: 14131.676874 at y = 1.485449
phi_m, max: 274.920962 at y = 1.909413

phi_e, max: 54305.246560 at y = 1.910000
phi_m, max: 183.621613 at y = 1.963787

phi_e, max: 34571.070800 at y = 1.910000


 (0.00222454s, XML)

Time: 0.200000
CPU Time: 139.095480 min.
phi_m, max: 37.518961 at y = 0.739071

phi_e, max: 7277.000220 at y = 0.850000

Time: 0.400000
CPU Time: 139.556203 min.
phi_m, max: 293.418603 at y = 1.066426

phi_e, max: 10367.608208 at y = 1.061624

Time: 0.600000
CPU Time: 139.434396 min.
phi_m, max: 234.521182 at y = 1.184286

phi_e, max: 12664.151065 at y = 1.070000

Time: 0.800000
CPU Time: 126.822024 min.
phi_m, max: 135.362309 at y = 1.184286

phi_e, max: 57197.286429 at y = 6.100000

Time: 1.000000
CPU Time: 126.610120 min.
phi_m, max: 38.744849 at y = 1.184286

phi_e, max: 39517.535456 at y = 6.100000


phi_m, max: 0.002961 at y = 2.954832

phi_e, max: 7243.965470 at y = 2.950000
phi_m, max: 0.002912 at y = 2.954832

phi_e, max: 8171.704103 at y = 2.950000
phi_m, max: 0.002865 at y = 3.375168

phi_e, max: 9670.919371 at y = 2.950000
phi_m, max: 0.003038 at y = 2.775215

phi_e, max: 57198.179013 at y = 2.950000
phi_m, max: 273.315691 at y = 2.750000

phi_e, max: 39518.190986 at y = 3.375587


phi_m, max: 0.002961 at y = 5.054832

phi_e, max: 7243.334164 at y = 4.420000
phi_m, max: 0.002912 at y = 5.055168

phi_e, max: 8171.083233 at y = 4.420000
phi_m, max: 0.002865 at y = 5.054832

phi_e, max: 9670.308160 at y = 4.420000
phi_m, max: 0.002830 at y = 5.055168

phi_e, max: 57197.565626 at y = 4.420000
phi_m, max: 0.002804 at y = 5.054832

phi_e, max: 39517.811212 at y = 4.420000


phi_m, max: 0.002961 at y = 5.895168

phi_e, max: 7243.131926 at y = 5.260000
phi_m, max: 0.002912 at y = 5.895168

phi_e, max: 8170.884340 at y = 5.260000
phi_m, max: 0.002865 at y = 5.894832

phi_e, max: 9670.112360 at y = 5.260000
phi_m, max: 0.002830 at y = 5.264832

phi_e, max: 57197.370386 at y = 5.260000
phi_m, max: 0.002804 at y = 5.895168

phi_e, max: 39517.618376 at y = 5.260000


Writing: "NeuralEP2DmonoDL6mpi8_5.chk"
 (0.000759535s, XML)
Steps: 12000000 Time: 1.2         
Writing: "NeuralEP2DmonoDL6mpi8_phie_6.chk"
phi_m, max: 292.679863 at y = 0.438213

phi_e, max: 8884.380616 at y = 0.640587
phi_m, max: 256.772199 at y = 0.764286

phi_e, max: 8348.569334 at y = 0.650000
phi_m, max: 159.462977 at y = 0.764286

phi_e, max: 8720.179649 at y = 0.650000
phi_m, max: 67.717315 at y = 0.764286

phi_e, max: 20291.945411 at y = 0.650000
phi_m, max: 1.364598 at y = 0.764286

phi_e, max: 11827.518919 at y = 0.650000
phi_m, max: 1.290543 at y = 0.222542

phi_e, max: 8901.320134 at y = 0.650000


phi_m, max: 0.002961 at y = 2.324832

phi_e, max: 7244.484725 at y = 2.110000
phi_m, max: 0.002912 at y = 2.114832

phi_e, max: 8172.214770 at y = 2.110000
phi_m, max: 1.427574 at y = 1.941928

phi_e, max: 9672.466580 at y = 2.110000
phi_m, max: 292.705259 at y = 2.118213

phi_e, max: 58804.828966 at y = 2.320587
phi_m, max: 293.425922 at y = 2.746426

phi_e, max: 41759.368187 at y = 2.741624
phi_m, max: 232.987822 at y = 2.750000

phi_e, max: 36128.298004 at y = 2.750000


 (0.00196462s, XML)

Time: 0.200000
CPU Time: 139.095480 min.
phi_m, max: 37.518961 at y = 0.739071

phi_e, max: 7277.000220 at y = 0.850000

Time: 0.400000
CPU Time: 139.556203 min.
phi_m, max: 293.418603 at y = 1.066426

phi_e, max: 10367.608208 at y = 1.061624

Time: 0.600000
CPU Time: 139.434396 min.
phi_m, max: 234.521182 at y = 1.184286

phi_e, max: 12664.151065 at y = 1.070000

Time: 0.800000
CPU Time: 126.822024 min.
phi_m, max: 135.362309 at y = 1.184286

phi_e, max: 57197.286429 at y = 6.100000

Time: 1.000000
CPU Time: 126.610120 min.
phi_m, max: 38.744849 at y = 1.184286

phi_e, max: 39517.535456 at y = 6.100000

Time: 1.200000
CPU Time: 118.238580 min.
phi_m, max: 0.951949 at y = 0.739071

phi_e, max: 33199.504505 at y = 6.100000


phi_m, max: 0.002961 at y = 5.895168

phi_e, max: 7243.131926 at y = 5.260000
phi_m, max: 0.002912 at y = 5.895168

phi_e, max: 8170.884340 at y = 5.260000
phi_m, max: 0.002865 at y = 5.894832

phi_e, max: 9670.112360 at y = 5.260000
phi_m, max: 0.002830 at y = 5.264832

phi_e, max: 57197.370386 at y = 5.260000
phi_m, max: 0.002804 at y = 5.895168

phi_e, max: 39517.618376 at y = 5.260000
phi_m, max: 0.002785 at y = 5.894832

phi_e, max: 33199.586738 at y = 5.260000


phi_m, max: 0.002961 at y = 2.954832

phi_e, max: 7243.965470 at y = 2.950000
phi_m, max: 0.002912 at y = 2.954832

phi_e, max: 8171.704103 at y = 2.950000
phi_m, max: 0.002865 at y = 3.375168

phi_e, max: 9670.919371 at y = 2.950000
phi_m, max: 0.003038 at y = 2.775215

phi_e, max: 57198.179013 at y = 2.950000
phi_m, max: 273.315691 at y = 2.750000

phi_e, max: 39518.190986 at y = 3.375587
phi_m, max: 294.711936 at y = 3.344785

phi_e, max: 37572.121576 at y = 3.165168


phi_m, max: 0.002961 at y = 5.054832

phi_e, max: 7243.334164 at y = 4.420000
phi_m, max: 0.002912 at y = 5.055168

phi_e, max: 8171.083233 at y = 4.420000
phi_m, max: 0.002865 at y = 5.054832

phi_e, max: 9670.308160 at y = 4.420000
phi_m, max: 0.002830 at y = 5.055168

phi_e, max: 57197.565626 at y = 4.420000
phi_m, max: 0.002804 at y = 5.054832

phi_e, max: 39517.811212 at y = 4.420000
phi_m, max: 0.002785 at y = 5.054832

phi_e, max: 33199.777995 at y = 4.420000


phi_m, max: 0.002961 at y = 1.905168

phi_e, max: 7245.123250 at y = 1.270000
phi_m, max: 263.604131 at y = 1.159071

phi_e, max: 8172.495179 at y = 1.694490
phi_m, max: 294.380674 at y = 1.664785

phi_e, max: 14131.676874 at y = 1.485449
phi_m, max: 274.920962 at y = 1.909413

phi_e, max: 54305.246560 at y = 1.910000
phi_m, max: 183.621613 at y = 1.963787

phi_e, max: 34571.070800 at y = 1.910000
phi_m, max: 90.795304 at y = 1.963787

phi_e, max: 26783.357955 at y = 1.910000


phi_m, max: 0.002961 at y = 4.004832

phi_e, max: 7243.651681 at y = 3.580000
phi_m, max: 0.002912 at y = 4.004832

phi_e, max: 8171.395500 at y = 3.580000
phi_m, max: 0.002865 at y = 4.004832

phi_e, max: 9670.615570 at y = 3.580000
phi_m, max: 0.002830 at y = 4.004832

phi_e, max: 57197.872160 at y = 3.580000
phi_m, max: 0.002992 at y = 3.580000

phi_e, max: 39518.113693 at y = 3.580000
phi_m, max: 82.502754 at y = 3.580000

phi_e, max: 33291.191850 at y = 3.580000


Writing: "NeuralEP2DmonoDL6mpi8_6.chk"
 (0.000684694s, XML)
Steps: 14000000 Time: 1.4         
Writing: "NeuralEP2DmonoDL6mpi8_phie_7.chk"
phi_m, max: 0.002961 at y = 2.324832

phi_e, max: 7244.484725 at y = 2.110000
phi_m, max: 0.002912 at y = 2.114832

phi_e, max: 8172.214770 at y = 2.110000
phi_m, max: 1.427574 at y = 1.941928

phi_e, max: 9672.466580 at y = 2.110000
phi_m, max: 292.705259 at y = 2.118213

phi_e, max: 58804.828966 at y = 2.320587
phi_m, max: 293.425922 at y = 2.746426

phi_e, max: 41759.368187 at y = 2.741624
phi_m, max: 232.987822 at y = 2.750000

phi_e, max: 36128.298004 at y = 2.750000
phi_m, max: 133.569836 at y = 2.750000

phi_e, max: 85949.200733 at y = 2.750000


phi_m, max: 292.679863 at y = 0.438213

phi_e, max: 8884.380616 at y = 0.640587
phi_m, max: 256.772199 at y = 0.764286

phi_e, max: 8348.569334 at y = 0.650000
phi_m, max: 159.462977 at y = 0.764286

phi_e, max: 8720.179649 at y = 0.650000
phi_m, max: 67.717315 at y = 0.764286

phi_e, max: 20291.945411 at y = 0.650000
phi_m, max: 1.364598 at y = 0.764286

phi_e, max: 11827.518919 at y = 0.650000
phi_m, max: 1.290543 at y = 0.222542

phi_e, max: 8901.320134 at y = 0.650000
phi_m, max: 1.317447 at y = 0.435510

phi_e, max: 20166.169400 at y = 0.650000


 (0.00219041s, XML)

Time: 0.200000
CPU Time: 139.095480 min.
phi_m, max: 37.518961 at y = 0.739071

phi_e, max: 7277.000220 at y = 0.850000

Time: 0.400000
CPU Time: 139.556203 min.
phi_m, max: 293.418603 at y = 1.066426

phi_e, max: 10367.608208 at y = 1.061624

Time: 0.600000
CPU Time: 139.434396 min.
phi_m, max: 234.521182 at y = 1.184286

phi_e, max: 12664.151065 at y = 1.070000

Time: 0.800000
CPU Time: 126.822024 min.
phi_m, max: 135.362309 at y = 1.184286

phi_e, max: 57197.286429 at y = 6.100000

Time: 1.000000
CPU Time: 126.610120 min.
phi_m, max: 38.744849 at y = 1.184286

phi_e, max: 39517.535456 at y = 6.100000

Time: 1.200000
CPU Time: 118.238580 min.
phi_m, max: 0.951949 at y = 0.739071

phi_e, max: 33199.504505 at y = 6.100000

Time: 1.400000
CPU Time: 111.932384 min.
phi_m, max: 1.285072 at y = 0.851175

phi_e, max: 110511.418869 at y = 6.100000


phi_m, max: 0.002961 at y = 4.004832

phi_e, max: 7243.651681 at y = 3.580000
phi_m, max: 0.002912 at y = 4.004832

phi_e, max: 8171.395500 at y = 3.580000
phi_m, max: 0.002865 at y = 4.004832

phi_e, max: 9670.615570 at y = 3.580000
phi_m, max: 0.002830 at y = 4.004832

phi_e, max: 57197.872160 at y = 3.580000
phi_m, max: 0.002992 at y = 3.580000

phi_e, max: 39518.113693 at y = 3.580000
phi_m, max: 82.502754 at y = 3.580000

phi_e, max: 33291.191850 at y = 3.580000
phi_m, max: 292.730745 at y = 3.798213

phi_e, max: 112084.412097 at y = 4.000587


phi_m, max: 0.002961 at y = 5.895168

phi_e, max: 7243.131926 at y = 5.260000
phi_m, max: 0.002912 at y = 5.895168

phi_e, max: 8170.884340 at y = 5.260000
phi_m, max: 0.002865 at y = 5.894832

phi_e, max: 9670.112360 at y = 5.260000
phi_m, max: 0.002830 at y = 5.264832

phi_e, max: 57197.370386 at y = 5.260000
phi_m, max: 0.002804 at y = 5.895168

phi_e, max: 39517.618376 at y = 5.260000
phi_m, max: 0.002785 at y = 5.894832

phi_e, max: 33199.586738 at y = 5.260000
phi_m, max: 0.002770 at y = 5.894832

phi_e, max: 110511.501995 at y = 5.260000


phi_m, max: 0.002961 at y = 2.954832

phi_e, max: 7243.965470 at y = 2.950000
phi_m, max: 0.002912 at y = 2.954832

phi_e, max: 8171.704103 at y = 2.950000
phi_m, max: 0.002865 at y = 3.375168

phi_e, max: 9670.919371 at y = 2.950000
phi_m, max: 0.003038 at y = 2.775215

phi_e, max: 57198.179013 at y = 2.950000
phi_m, max: 273.315691 at y = 2.750000

phi_e, max: 39518.190986 at y = 3.375587
phi_m, max: 294.711936 at y = 3.344785

phi_e, max: 37572.121576 at y = 3.165168
phi_m, max: 248.679672 at y = 3.580000

phi_e, max: 102929.007390 at y = 3.380000


phi_m, max: 0.002961 at y = 5.054832

phi_e, max: 7243.334164 at y = 4.420000
phi_m, max: 0.002912 at y = 5.055168

phi_e, max: 8171.083233 at y = 4.420000
phi_m, max: 0.002865 at y = 5.054832

phi_e, max: 9670.308160 at y = 4.420000
phi_m, max: 0.002830 at y = 5.055168

phi_e, max: 57197.565626 at y = 4.420000
phi_m, max: 0.002804 at y = 5.054832

phi_e, max: 39517.811212 at y = 4.420000
phi_m, max: 0.002785 at y = 5.054832

phi_e, max: 33199.777995 at y = 4.420000
phi_m, max: 0.348104 at y = 4.366213

phi_e, max: 110512.033906 at y = 4.420000


phi_m, max: 0.002961 at y = 1.905168

phi_e, max: 7245.123250 at y = 1.270000
phi_m, max: 263.604131 at y = 1.159071

phi_e, max: 8172.495179 at y = 1.694490
phi_m, max: 294.380674 at y = 1.664785

phi_e, max: 14131.676874 at y = 1.485449
phi_m, max: 274.920962 at y = 1.909413

phi_e, max: 54305.246560 at y = 1.910000
phi_m, max: 183.621613 at y = 1.963787

phi_e, max: 34571.070800 at y = 1.910000
phi_m, max: 90.795304 at y = 1.963787

phi_e, max: 26783.357955 at y = 1.910000
phi_m, max: 5.006401 at y = 1.963787

phi_e, max: 59366.903364 at y = 1.910000


Writing: "NeuralEP2DmonoDL6mpi8_7.chk"
 (0.000694432s, XML)
Steps: 16000000 Time: 1.6         
Writing: "NeuralEP2DmonoDL6mpi8_phie_8.chk"
phi_m, max: 292.679863 at y = 0.438213

phi_e, max: 8884.380616 at y = 0.640587
phi_m, max: 256.772199 at y = 0.764286

phi_e, max: 8348.569334 at y = 0.650000
phi_m, max: 159.462977 at y = 0.764286

phi_e, max: 8720.179649 at y = 0.650000
phi_m, max: 67.717315 at y = 0.764286

phi_e, max: 20291.945411 at y = 0.650000
phi_m, max: 1.364598 at y = 0.764286

phi_e, max: 11827.518919 at y = 0.650000
phi_m, max: 1.290543 at y = 0.222542

phi_e, max: 8901.320134 at y = 0.650000
phi_m, max: 1.317447 at y = 0.435510

phi_e, max: 20166.169400 at y = 0.650000
phi_m, max: 1.268278 at y = 0.648376

phi_e, max: 11901.286925 at y = 0.650000


 (0.00213739s, XML)

Time: 0.200000
CPU Time: 139.095480 min.
phi_m, max: 37.518961 at y = 0.739071

phi_e, max: 7277.000220 at y = 0.850000

Time: 0.400000
CPU Time: 139.556203 min.
phi_m, max: 293.418603 at y = 1.066426

phi_e, max: 10367.608208 at y = 1.061624

Time: 0.600000
CPU Time: 139.434396 min.
phi_m, max: 234.521182 at y = 1.184286

phi_e, max: 12664.151065 at y = 1.070000

Time: 0.800000
CPU Time: 126.822024 min.
phi_m, max: 135.362309 at y = 1.184286

phi_e, max: 57197.286429 at y = 6.100000

Time: 1.000000
CPU Time: 126.610120 min.
phi_m, max: 38.744849 at y = 1.184286

phi_e, max: 39517.535456 at y = 6.100000

Time: 1.200000
CPU Time: 118.238580 min.
phi_m, max: 0.951949 at y = 0.739071

phi_e, max: 33199.504505 at y = 6.100000

Time: 1.400000
CPU Time: 111.932384 min.
phi_m, max: 1.285072 at y = 0.851175

phi_e, max: 110511.418869 at y = 6.100000

Time: 1.600000
CPU Time: 112.067969 min.
phi_m, max: 1.319670 at y = 1.063574

phi_e, max: 70944.309499 at y = 6.100000


phi_m, max: 0.002961 at y = 1.905168

phi_e, max: 7245.123250 at y = 1.270000
phi_m, max: 263.604131 at y = 1.159071

phi_e, max: 8172.495179 at y = 1.694490
phi_m, max: 294.380674 at y = 1.664785

phi_e, max: 14131.676874 at y = 1.485449
phi_m, max: 274.920962 at y = 1.909413

phi_e, max: 54305.246560 at y = 1.910000
phi_m, max: 183.621613 at y = 1.963787

phi_e, max: 34571.070800 at y = 1.910000
phi_m, max: 90.795304 at y = 1.963787

phi_e, max: 26783.357955 at y = 1.910000
phi_m, max: 5.006401 at y = 1.963787

phi_e, max: 59366.903364 at y = 1.910000
phi_m, max: 1.310608 at y = 1.271624

phi_e, max: 35061.877090 at y = 1.910000


phi_m, max: 0.002961 at y = 4.004832

phi_e, max: 7243.651681 at y = 3.580000
phi_m, max: 0.002912 at y = 4.004832

phi_e, max: 8171.395500 at y = 3.580000
phi_m, max: 0.002865 at y = 4.004832

phi_e, max: 9670.615570 at y = 3.580000
phi_m, max: 0.002830 at y = 4.004832

phi_e, max: 57197.872160 at y = 3.580000
phi_m, max: 0.002992 at y = 3.580000

phi_e, max: 39518.113693 at y = 3.580000
phi_m, max: 82.502754 at y = 3.580000

phi_e, max: 33291.191850 at y = 3.580000
phi_m, max: 292.730745 at y = 3.798213

phi_e, max: 112084.412097 at y = 4.000587
phi_m, max: 282.934029 at y = 4.219413

phi_e, max: 72611.622163 at y = 4.220000


phi_m, max: 0.002961 at y = 5.895168

phi_e, max: 7243.131926 at y = 5.260000
phi_m, max: 0.002912 at y = 5.895168

phi_e, max: 8170.884340 at y = 5.260000
phi_m, max: 0.002865 at y = 5.894832

phi_e, max: 9670.112360 at y = 5.260000
phi_m, max: 0.002830 at y = 5.264832

phi_e, max: 57197.370386 at y = 5.260000
phi_m, max: 0.002804 at y = 5.895168

phi_e, max: 39517.618376 at y = 5.260000
phi_m, max: 0.002785 at y = 5.894832

phi_e, max: 33199.586738 at y = 5.260000
phi_m, max: 0.002770 at y = 5.894832

phi_e, max: 110511.501995 at y = 5.260000
phi_m, max: 0.003013 at y = 5.145714

phi_e, max: 70944.391370 at y = 5.260000


phi_m, max: 0.002961 at y = 2.954832

phi_e, max: 7243.965470 at y = 2.950000
phi_m, max: 0.002912 at y = 2.954832

phi_e, max: 8171.704103 at y = 2.950000
phi_m, max: 0.002865 at y = 3.375168

phi_e, max: 9670.919371 at y = 2.950000
phi_m, max: 0.003038 at y = 2.775215

phi_e, max: 57198.179013 at y = 2.950000
phi_m, max: 273.315691 at y = 2.750000

phi_e, max: 39518.190986 at y = 3.375587
phi_m, max: 294.711936 at y = 3.344785

phi_e, max: 37572.121576 at y = 3.165168
phi_m, max: 248.679672 at y = 3.580000

phi_e, max: 102929.007390 at y = 3.380000
phi_m, max: 149.687384 at y = 3.580000

phi_e, max: 62532.762477 at y = 3.380000


phi_m, max: 0.002961 at y = 5.054832

phi_e, max: 7243.334164 at y = 4.420000
phi_m, max: 0.002912 at y = 5.055168

phi_e, max: 8171.083233 at y = 4.420000
phi_m, max: 0.002865 at y = 5.054832

phi_e, max: 9670.308160 at y = 4.420000
phi_m, max: 0.002830 at y = 5.055168

phi_e, max: 57197.565626 at y = 4.420000
phi_m, max: 0.002804 at y = 5.054832

phi_e, max: 39517.811212 at y = 4.420000
phi_m, max: 0.002785 at y = 5.054832

phi_e, max: 33199.777995 at y = 4.420000
phi_m, max: 0.348104 at y = 4.366213

phi_e, max: 110512.033906 at y = 4.420000
phi_m, max: 293.437569 at y = 4.426426

phi_e, max: 73234.002552 at y = 4.421624


phi_m, max: 0.002961 at y = 2.324832

phi_e, max: 7244.484725 at y = 2.110000
phi_m, max: 0.002912 at y = 2.114832

phi_e, max: 8172.214770 at y = 2.110000
phi_m, max: 1.427574 at y = 1.941928

phi_e, max: 9672.466580 at y = 2.110000
phi_m, max: 292.705259 at y = 2.118213

phi_e, max: 58804.828966 at y = 2.320587
phi_m, max: 293.425922 at y = 2.746426

phi_e, max: 41759.368187 at y = 2.741624
phi_m, max: 232.987822 at y = 2.750000

phi_e, max: 36128.298004 at y = 2.750000
phi_m, max: 133.569836 at y = 2.750000

phi_e, max: 85949.200733 at y = 2.750000
phi_m, max: 36.241874 at y = 2.750000

phi_e, max: 50727.641870 at y = 2.750000


Writing: "NeuralEP2DmonoDL6mpi8_8.chk"
 (0.000706285s, XML)
Steps: 18000000 Time: 1.8         
Writing: "NeuralEP2DmonoDL6mpi8_phie_9.chk"
phi_m, max: 0.002961 at y = 2.324832

phi_e, max: 7244.484725 at y = 2.110000
phi_m, max: 0.002912 at y = 2.114832

phi_e, max: 8172.214770 at y = 2.110000
phi_m, max: 1.427574 at y = 1.941928

phi_e, max: 9672.466580 at y = 2.110000
phi_m, max: 292.705259 at y = 2.118213

phi_e, max: 58804.828966 at y = 2.320587
phi_m, max: 293.425922 at y = 2.746426

phi_e, max: 41759.368187 at y = 2.741624
phi_m, max: 232.987822 at y = 2.750000

phi_e, max: 36128.298004 at y = 2.750000
phi_m, max: 133.569836 at y = 2.750000

phi_e, max: 85949.200733 at y = 2.750000
phi_m, max: 36.241874 at y = 2.750000

phi_e, max: 50727.641870 at y = 2.750000
phi_m, max: 1.240109 at y = 1.941928

phi_e, max: 37425.450131 at y = 2.750000


phi_m, max: 0.002961 at y = 1.905168

phi_e, max: 7245.123250 at y = 1.270000
phi_m, max: 263.604131 at y = 1.159071

phi_e, max: 8172.495179 at y = 1.694490
phi_m, max: 294.380674 at y = 1.664785

phi_e, max: 14131.676874 at y = 1.485449
phi_m, max: 274.920962 at y = 1.909413

phi_e, max: 54305.246560 at y = 1.910000
phi_m, max: 183.621613 at y = 1.963787

phi_e, max: 34571.070800 at y = 1.910000
phi_m, max: 90.795304 at y = 1.963787

phi_e, max: 26783.357955 at y = 1.910000
phi_m, max: 5.006401 at y = 1.963787

phi_e, max: 59366.903364 at y = 1.910000
phi_m, max: 1.310608 at y = 1.271624

phi_e, max: 35061.877090 at y = 1.910000
phi_m, max: 1.319412 at y = 1.693574

phi_e, max: 25933.169929 at y = 1.910000


phi_m, max: 0.002961 at y = 4.004832

phi_e, max: 7243.651681 at y = 3.580000
phi_m, max: 0.002912 at y = 4.004832

phi_e, max: 8171.395500 at y = 3.580000
phi_m, max: 0.002865 at y = 4.004832

phi_e, max: 9670.615570 at y = 3.580000
phi_m, max: 0.002830 at y = 4.004832

phi_e, max: 57197.872160 at y = 3.580000
phi_m, max: 0.002992 at y = 3.580000

phi_e, max: 39518.113693 at y = 3.580000
phi_m, max: 82.502754 at y = 3.580000

phi_e, max: 33291.191850 at y = 3.580000
phi_m, max: 292.730745 at y = 3.798213

phi_e, max: 112084.412097 at y = 4.000587
phi_m, max: 282.934029 at y = 4.219413

phi_e, max: 72611.622163 at y = 4.220000
phi_m, max: 199.308573 at y = 4.391429

phi_e, max: 57104.193895 at y = 4.220000


phi_m, max: 0.002961 at y = 5.895168

phi_e, max: 7243.131926 at y = 5.260000
phi_m, max: 0.002912 at y = 5.895168

phi_e, max: 8170.884340 at y = 5.260000
phi_m, max: 0.002865 at y = 5.894832

phi_e, max: 9670.112360 at y = 5.260000
phi_m, max: 0.002830 at y = 5.264832

phi_e, max: 57197.370386 at y = 5.260000
phi_m, max: 0.002804 at y = 5.895168

phi_e, max: 39517.618376 at y = 5.260000
phi_m, max: 0.002785 at y = 5.894832

phi_e, max: 33199.586738 at y = 5.260000
phi_m, max: 0.002770 at y = 5.894832

phi_e, max: 110511.501995 at y = 5.260000
phi_m, max: 0.003013 at y = 5.145714

phi_e, max: 70944.391370 at y = 5.260000
phi_m, max: 107.421006 at y = 5.145714

phi_e, max: 56038.472169 at y = 5.260000


phi_m, max: 0.002961 at y = 2.954832

phi_e, max: 7243.965470 at y = 2.950000
phi_m, max: 0.002912 at y = 2.954832

phi_e, max: 8171.704103 at y = 2.950000
phi_m, max: 0.002865 at y = 3.375168

phi_e, max: 9670.919371 at y = 2.950000
phi_m, max: 0.003038 at y = 2.775215

phi_e, max: 57198.179013 at y = 2.950000
phi_m, max: 273.315691 at y = 2.750000

phi_e, max: 39518.190986 at y = 3.375587
phi_m, max: 294.711936 at y = 3.344785

phi_e, max: 37572.121576 at y = 3.165168
phi_m, max: 248.679672 at y = 3.580000

phi_e, max: 102929.007390 at y = 3.380000
phi_m, max: 149.687384 at y = 3.580000

phi_e, max: 62532.762477 at y = 3.380000
phi_m, max: 56.032742 at y = 3.580000

phi_e, max: 46329.883497 at y = 3.380000


phi_m, max: 292.679863 at y = 0.438213

phi_e, max: 8884.380616 at y = 0.640587
phi_m, max: 256.772199 at y = 0.764286

phi_e, max: 8348.569334 at y = 0.650000
phi_m, max: 159.462977 at y = 0.764286

phi_e, max: 8720.179649 at y = 0.650000
phi_m, max: 67.717315 at y = 0.764286

phi_e, max: 20291.945411 at y = 0.650000
phi_m, max: 1.364598 at y = 0.764286

phi_e, max: 11827.518919 at y = 0.650000
phi_m, max: 1.290543 at y = 0.222542

phi_e, max: 8901.320134 at y = 0.650000
phi_m, max: 1.317447 at y = 0.435510

phi_e, max: 20166.169400 at y = 0.650000
phi_m, max: 1.268278 at y = 0.648376

phi_e, max: 11901.286925 at y = 0.650000
phi_m, max: 1.092343 at y = 0.648825

phi_e, max: 8799.134694 at y = 0.650000


phi_m, max: 0.002961 at y = 5.054832

phi_e, max: 7243.334164 at y = 4.420000
phi_m, max: 0.002912 at y = 5.055168

phi_e, max: 8171.083233 at y = 4.420000
phi_m, max: 0.002865 at y = 5.054832

phi_e, max: 9670.308160 at y = 4.420000
phi_m, max: 0.002830 at y = 5.055168

phi_e, max: 57197.565626 at y = 4.420000
phi_m, max: 0.002804 at y = 5.054832

phi_e, max: 39517.811212 at y = 4.420000
phi_m, max: 0.002785 at y = 5.054832

phi_e, max: 33199.777995 at y = 4.420000
phi_m, max: 0.348104 at y = 4.366213

phi_e, max: 110512.033906 at y = 4.420000
phi_m, max: 293.437569 at y = 4.426426

phi_e, max: 73234.002552 at y = 4.421624
phi_m, max: 295.045183 at y = 5.024785

phi_e, max: 60230.655923 at y = 4.844832


 (0.00206973s, XML)

Time: 0.200000
CPU Time: 139.095480 min.
phi_m, max: 37.518961 at y = 0.739071

phi_e, max: 7277.000220 at y = 0.850000

Time: 0.400000
CPU Time: 139.556203 min.
phi_m, max: 293.418603 at y = 1.066426

phi_e, max: 10367.608208 at y = 1.061624

Time: 0.600000
CPU Time: 139.434396 min.
phi_m, max: 234.521182 at y = 1.184286

phi_e, max: 12664.151065 at y = 1.070000

Time: 0.800000
CPU Time: 126.822024 min.
phi_m, max: 135.362309 at y = 1.184286

phi_e, max: 57197.286429 at y = 6.100000

Time: 1.000000
CPU Time: 126.610120 min.
phi_m, max: 38.744849 at y = 1.184286

phi_e, max: 39517.535456 at y = 6.100000

Time: 1.200000
CPU Time: 118.238580 min.
phi_m, max: 0.951949 at y = 0.739071

phi_e, max: 33199.504505 at y = 6.100000

Time: 1.400000
CPU Time: 111.932384 min.
phi_m, max: 1.285072 at y = 0.851175

phi_e, max: 110511.418869 at y = 6.100000

Time: 1.600000
CPU Time: 112.067969 min.
phi_m, max: 1.319670 at y = 1.063574

phi_e, max: 70944.309499 at y = 6.100000

Time: 1.800000
CPU Time: 112.274278 min.
phi_m, max: 1.232302 at y = 1.068376

phi_e, max: 55949.105860 at y = 6.100000


Writing: "NeuralEP2DmonoDL6mpi8_9.chk"
 (0.000717224s, XML)
Steps: 20000000 Time: 2           
Writing: "NeuralEP2DmonoDL6mpi8_phie_10.chk"
phi_m, max: 0.002961 at y = 4.004832

phi_e, max: 7243.651681 at y = 3.580000
phi_m, max: 0.002912 at y = 4.004832

phi_e, max: 8171.395500 at y = 3.580000
phi_m, max: 0.002865 at y = 4.004832

phi_e, max: 9670.615570 at y = 3.580000
phi_m, max: 0.002830 at y = 4.004832

phi_e, max: 57197.872160 at y = 3.580000
phi_m, max: 0.002992 at y = 3.580000

phi_e, max: 39518.113693 at y = 3.580000
phi_m, max: 82.502754 at y = 3.580000

phi_e, max: 33291.191850 at y = 3.580000
phi_m, max: 292.730745 at y = 3.798213

phi_e, max: 112084.412097 at y = 4.000587
phi_m, max: 282.934029 at y = 4.219413

phi_e, max: 72611.622163 at y = 4.220000
phi_m, max: 199.308573 at y = 4.391429

phi_e, max: 57104.193895 at y = 4.220000
phi_m, max: 103.885327 at y = 4.391429

phi_e, max: 133502.783961 at y = 4.220000


phi_m, max: 0.002961 at y = 5.895168

phi_e, max: 7243.131926 at y = 5.260000
phi_m, max: 0.002912 at y = 5.895168

phi_e, max: 8170.884340 at y = 5.260000
phi_m, max: 0.002865 at y = 5.894832

phi_e, max: 9670.112360 at y = 5.260000
phi_m, max: 0.002830 at y = 5.264832

phi_e, max: 57197.370386 at y = 5.260000
phi_m, max: 0.002804 at y = 5.895168

phi_e, max: 39517.618376 at y = 5.260000
phi_m, max: 0.002785 at y = 5.894832

phi_e, max: 33199.586738 at y = 5.260000
phi_m, max: 0.002770 at y = 5.894832

phi_e, max: 110511.501995 at y = 5.260000
phi_m, max: 0.003013 at y = 5.145714

phi_e, max: 70944.391370 at y = 5.260000
phi_m, max: 107.421006 at y = 5.145714

phi_e, max: 56038.472169 at y = 5.260000
phi_m, max: 292.755326 at y = 5.478213

phi_e, max: 166684.835361 at y = 5.680587


phi_m, max: 0.002961 at y = 2.954832

phi_e, max: 7243.965470 at y = 2.950000
phi_m, max: 0.002912 at y = 2.954832

phi_e, max: 8171.704103 at y = 2.950000
phi_m, max: 0.002865 at y = 3.375168

phi_e, max: 9670.919371 at y = 2.950000
phi_m, max: 0.003038 at y = 2.775215

phi_e, max: 57198.179013 at y = 2.950000
phi_m, max: 273.315691 at y = 2.750000

phi_e, max: 39518.190986 at y = 3.375587
phi_m, max: 294.711936 at y = 3.344785

phi_e, max: 37572.121576 at y = 3.165168
phi_m, max: 248.679672 at y = 3.580000

phi_e, max: 102929.007390 at y = 3.380000
phi_m, max: 149.687384 at y = 3.580000

phi_e, max: 62532.762477 at y = 3.380000
phi_m, max: 56.032742 at y = 3.580000

phi_e, max: 46329.883497 at y = 3.380000
phi_m, max: 1.088495 at y = 2.750000

phi_e, max: 106386.723096 at y = 3.380000


phi_m, max: 292.679863 at y = 0.438213

phi_e, max: 8884.380616 at y = 0.640587
phi_m, max: 256.772199 at y = 0.764286

phi_e, max: 8348.569334 at y = 0.650000
phi_m, max: 159.462977 at y = 0.764286

phi_e, max: 8720.179649 at y = 0.650000
phi_m, max: 67.717315 at y = 0.764286

phi_e, max: 20291.945411 at y = 0.650000
phi_m, max: 1.364598 at y = 0.764286

phi_e, max: 11827.518919 at y = 0.650000
phi_m, max: 1.290543 at y = 0.222542

phi_e, max: 8901.320134 at y = 0.650000
phi_m, max: 1.317447 at y = 0.435510

phi_e, max: 20166.169400 at y = 0.650000
phi_m, max: 1.268278 at y = 0.648376

phi_e, max: 11901.286925 at y = 0.650000
phi_m, max: 1.092343 at y = 0.648825

phi_e, max: 8799.134694 at y = 0.650000
phi_m, max: 0.881409 at y = 0.764286

phi_e, max: 20404.562535 at y = 0.650000


 (0.00211908s, XML)

Time: 0.200000
CPU Time: 139.095480 min.
phi_m, max: 37.518961 at y = 0.739071

phi_e, max: 7277.000220 at y = 0.850000

Time: 0.400000
CPU Time: 139.556203 min.
phi_m, max: 293.418603 at y = 1.066426

phi_e, max: 10367.608208 at y = 1.061624

Time: 0.600000
CPU Time: 139.434396 min.
phi_m, max: 234.521182 at y = 1.184286

phi_e, max: 12664.151065 at y = 1.070000

Time: 0.800000
CPU Time: 126.822024 min.
phi_m, max: 135.362309 at y = 1.184286

phi_e, max: 57197.286429 at y = 6.100000

Time: 1.000000
CPU Time: 126.610120 min.
phi_m, max: 38.744849 at y = 1.184286

phi_e, max: 39517.535456 at y = 6.100000

Time: 1.200000
CPU Time: 118.238580 min.
phi_m, max: 0.951949 at y = 0.739071

phi_e, max: 33199.504505 at y = 6.100000

Time: 1.400000
CPU Time: 111.932384 min.
phi_m, max: 1.285072 at y = 0.851175

phi_e, max: 110511.418869 at y = 6.100000

Time: 1.600000
CPU Time: 112.067969 min.
phi_m, max: 1.319670 at y = 1.063574

phi_e, max: 70944.309499 at y = 6.100000

Time: 1.800000
CPU Time: 112.274278 min.
phi_m, max: 1.232302 at y = 1.068376

phi_e, max: 55949.105860 at y = 6.100000

Time: 2.000000
CPU Time: 112.257158 min.
phi_m, max: 1.040043 at y = 1.069413

phi_e, max: 165147.355270 at y = 6.100000


phi_m, max: 0.002961 at y = 5.054832

phi_e, max: 7243.334164 at y = 4.420000
phi_m, max: 0.002912 at y = 5.055168

phi_e, max: 8171.083233 at y = 4.420000
phi_m, max: 0.002865 at y = 5.054832

phi_e, max: 9670.308160 at y = 4.420000
phi_m, max: 0.002830 at y = 5.055168

phi_e, max: 57197.565626 at y = 4.420000
phi_m, max: 0.002804 at y = 5.054832

phi_e, max: 39517.811212 at y = 4.420000
phi_m, max: 0.002785 at y = 5.054832

phi_e, max: 33199.777995 at y = 4.420000
phi_m, max: 0.348104 at y = 4.366213

phi_e, max: 110512.033906 at y = 4.420000
phi_m, max: 293.437569 at y = 4.426426

phi_e, max: 73234.002552 at y = 4.421624
phi_m, max: 295.045183 at y = 5.024785

phi_e, max: 60230.655923 at y = 4.844832
phi_m, max: 246.165040 at y = 5.170929

phi_e, max: 157276.221705 at y = 5.060000


phi_m, max: 0.002961 at y = 2.324832

phi_e, max: 7244.484725 at y = 2.110000
phi_m, max: 0.002912 at y = 2.114832

phi_e, max: 8172.214770 at y = 2.110000
phi_m, max: 1.427574 at y = 1.941928

phi_e, max: 9672.466580 at y = 2.110000
phi_m, max: 292.705259 at y = 2.118213

phi_e, max: 58804.828966 at y = 2.320587
phi_m, max: 293.425922 at y = 2.746426

phi_e, max: 41759.368187 at y = 2.741624
phi_m, max: 232.987822 at y = 2.750000

phi_e, max: 36128.298004 at y = 2.750000
phi_m, max: 133.569836 at y = 2.750000

phi_e, max: 85949.200733 at y = 2.750000
phi_m, max: 36.241874 at y = 2.750000

phi_e, max: 50727.641870 at y = 2.750000
phi_m, max: 1.240109 at y = 1.941928

phi_e, max: 37425.450131 at y = 2.750000
phi_m, max: 1.316872 at y = 2.115510

phi_e, max: 86493.508314 at y = 2.750000


phi_m, max: 0.002961 at y = 1.905168

phi_e, max: 7245.123250 at y = 1.270000
phi_m, max: 263.604131 at y = 1.159071

phi_e, max: 8172.495179 at y = 1.694490
phi_m, max: 294.380674 at y = 1.664785

phi_e, max: 14131.676874 at y = 1.485449
phi_m, max: 274.920962 at y = 1.909413

phi_e, max: 54305.246560 at y = 1.910000
phi_m, max: 183.621613 at y = 1.963787

phi_e, max: 34571.070800 at y = 1.910000
phi_m, max: 90.795304 at y = 1.963787

phi_e, max: 26783.357955 at y = 1.910000
phi_m, max: 5.006401 at y = 1.963787

phi_e, max: 59366.903364 at y = 1.910000
phi_m, max: 1.310608 at y = 1.271624

phi_e, max: 35061.877090 at y = 1.910000
phi_m, max: 1.319412 at y = 1.693574

phi_e, max: 25933.169929 at y = 1.910000
phi_m, max: 1.295233 at y = 1.907458

phi_e, max: 60019.789890 at y = 1.910000


Writing: "NeuralEP2DmonoDL6mpi8_10.chk"
 (0.000682681s, XML)
Time-integration  : 74297.3s
Writing: "NeuralEP2DmonoDL6mpi8.fld"
 (0.000770866s, XML)
-------------------------------------------
Total Computation Time = 74300.1s
-------------------------------------------
L 2 error (variable um) : 10.28
L inf error (variable um) : 115.826
L 2 error (variable ue) : 10962.2
L inf error (variable ue) : 65947.2
