Zone start = 0, end = 159, Excite zone = 160, Node zone = 960, intra zone = 3760, extra zone = 960 / nq = 3760
v_InitObject: Node = 2800, Myelin = 960, extracell = 0
Max Anistrength_1  = 12.9582, Anistrength_2 = 12.9582, Min Anistrength 1 = 1, Anistrength 2 = 1
MMFActivation = 3760 /  3760 ( 100 % ) 
*** 1st Moving frames are NOT in unit length, Avg mag. = 11.1937 *** 
*** 2nd Moving frames are NOT in unit length, Avg mag. = 11.1937 *** 
*** Moving frames are Orthogonal
*** MF 0 = ( 0 , 11.1937 , 0 ) 
*** MF 1 = ( 11.1937 , 0 , 0 ) 
*** MF 2 = ( 0 , 0 , 1 ) 
MMFInitObject is done ===========================
*** 1st Moving frames are in unit length ***
*** 2nd Moving frames are in unit length ***
*** Moving frames are Orthogonal
*** MF 0 = ( 0.708203 , 0.706009 , 0 ) 
*** MF 1 = ( 0.706009 , 0.708203 , 0 ) 
*** MF 2 = ( 0 , 0 , 1 ) 
*** 1st Moving frames are NOT in unit length, Avg mag. = 1.41421 *** 
*** 2nd Moving frames are NOT in unit length, Avg mag. = 1.41421 *** 
*** Moving frames are Orthogonal
*** MF 0 = ( 1.00155 , 0.998447 , 0 ) 
*** MF 1 = ( 0.998447 , 1.00155 , 0 ) 
*** MF 2 = ( 0 , 0 , 1 ) 
*** 1st Moving frames are NOT in unit length, Avg mag. = 1.41421 *** 
*** 2nd Moving frames are NOT in unit length, Avg mag. = 1.41421 *** 
*** Moving frames are Orthogonal
*** MF 0 = ( 1.00155 , 0.998447 , 0 ) 
*** MF 1 = ( 0.998447 , 1.00155 , 0 ) 
*** MF 2 = ( 0 , 0 , 1 ) 
k = 0, m_varcoeff = ( 0 , 11.1937 , 0 , 1.39038e-12 , 144.902 ) 
k = 1, m_varcoeff = ( 11.1937 , 0 , 0 , 4.48582e-12 , 144.902 ) 
k = 2, m_varcoeff = ( 0 , 0 , 1 , 0 , 1 ) 
 ::::: 2D Varcoeff is Successfully Created ::::: 

k = 0, m_varcoeff = ( 1.00155 , 0.998447 , 0 , 1.72971e-06 , 2 ) 
k = 1, m_varcoeff = ( 0.998447 , 1.00155 , 0 , 4.94203e-06 , 2 ) 
k = 2, m_varcoeff = ( 0 , 0 , 1 , 0 , 1 ) 
 ::::: 2D Varcoeff is Successfully Created ::::: 

=======================================================================
	        EquationType: MMFNeuralEP
	        Session Name: NeuralEP2DmonoDWCL2_Np3
	        Spatial Dim.: 3
	  Max SEM Exp. Order: 4
	      Expansion Dim.: 2
	     Projection Type: Continuous Galerkin
	 Advect. advancement: explicit
	Diffuse. advancement: implicit
	           Time Step: 1e-07
	        No. of Steps: 10000000
	 Checkpoints (steps): 1000000
	    Integration Type: IMEX
	             Surface: Line
	           DerivType: Euclidean
	              MMFdir: TangentY
	        NeuralEPType: NeuralEP2Dbi
	      ExtCurrentType: WithCurrent
	       GlobalSysSoln: DirectMultiLevelStaticCond
	       TimeMapScheme: DeActivated
	        TimeMapStart: 0
	          TimeMapEnd: 10000
	          Fiber Type: MonoBCNeumann
	        Fiber Length: 0.01
	         Node Length: 0.01
	       Myelin Length: 0.2
	               Nnode: 10
	         Temperature: 24
	            diameter: 0.01
	             Helmtau: 1
=======================================================================
Initial Conditions:
  - Field um: 0
  - Field ue: 0
Initial Conditions:
  - Field um: 0
  - Field ue: 0
Writing: "NeuralEP2DmonoDWCL2_Np3_initial.chk"
 (0.000565701s, XML)
Steps: 1000000  Time: 0.1         
Writing: "NeuralEP2DmonoDWCL2_Np3_phie_1.chk"
 (0.000572102s, XML)

Time: 0.100000
CPU Time: 144.143866 min.
phi_m, max: -nan at y = 0.000000

phi_e, max: nan at y = 0.000000


Writing: "NeuralEP2DmonoDWCL2_Np3_1.chk"
 (0.000195657s, XML)
Steps: 2000000  Time: 0.2         
Writing: "NeuralEP2DmonoDWCL2_Np3_phie_2.chk"
 (0.00109359s, XML)

Time: 0.100000
CPU Time: 144.143866 min.
phi_m, max: -nan at y = 0.000000

phi_e, max: nan at y = 0.000000

Time: 0.200000
CPU Time: 144.713888 min.
phi_m, max: -nan at y = 0.000000

phi_e, max: nan at y = 0.000000


Writing: "NeuralEP2DmonoDWCL2_Np3_2.chk"
 (0.000204022s, XML)
Steps: 3000000  Time: 0.3         
Writing: "NeuralEP2DmonoDWCL2_Np3_phie_3.chk"
 (0.000532639s, XML)

Time: 0.100000
CPU Time: 144.143866 min.
phi_m, max: -nan at y = 0.000000

phi_e, max: nan at y = 0.000000

Time: 0.200000
CPU Time: 144.713888 min.
phi_m, max: -nan at y = 0.000000

phi_e, max: nan at y = 0.000000

Time: 0.300000
CPU Time: 142.704569 min.
phi_m, max: -nan at y = 0.000000

phi_e, max: nan at y = 0.000000


Writing: "NeuralEP2DmonoDWCL2_Np3_3.chk"
 (0.000161663s, XML)
Steps: 4000000  Time: 0.4         
Writing: "NeuralEP2DmonoDWCL2_Np3_phie_4.chk"
 (0.000510167s, XML)

Time: 0.100000
CPU Time: 144.143866 min.
phi_m, max: -nan at y = 0.000000

phi_e, max: nan at y = 0.000000

Time: 0.200000
CPU Time: 144.713888 min.
phi_m, max: -nan at y = 0.000000

phi_e, max: nan at y = 0.000000

Time: 0.300000
CPU Time: 142.704569 min.
phi_m, max: -nan at y = 0.000000

phi_e, max: nan at y = 0.000000

Time: 0.400000
CPU Time: 124.236039 min.
phi_m, max: -nan at y = 0.000000

phi_e, max: nan at y = 0.000000


Writing: "NeuralEP2DmonoDWCL2_Np3_4.chk"
 (0.000162645s, XML)
Steps: 5000000  Time: 0.5         
Writing: "NeuralEP2DmonoDWCL2_Np3_phie_5.chk"
 (0.000522951s, XML)

Time: 0.100000
CPU Time: 144.143866 min.
phi_m, max: -nan at y = 0.000000

phi_e, max: nan at y = 0.000000

Time: 0.200000
CPU Time: 144.713888 min.
phi_m, max: -nan at y = 0.000000

phi_e, max: nan at y = 0.000000

Time: 0.300000
CPU Time: 142.704569 min.
phi_m, max: -nan at y = 0.000000

phi_e, max: nan at y = 0.000000

Time: 0.400000
CPU Time: 124.236039 min.
phi_m, max: -nan at y = 0.000000

phi_e, max: nan at y = 0.000000

Time: 0.500000
CPU Time: 124.422726 min.
phi_m, max: -nan at y = 0.000000

phi_e, max: nan at y = 0.000000


Writing: "NeuralEP2DmonoDWCL2_Np3_5.chk"
 (0.000163907s, XML)
Steps: 6000000  Time: 0.6         
Writing: "NeuralEP2DmonoDWCL2_Np3_phie_6.chk"
 (0.00045881s, XML)

Time: 0.100000
CPU Time: 144.143866 min.
phi_m, max: -nan at y = 0.000000

phi_e, max: nan at y = 0.000000

Time: 0.200000
CPU Time: 144.713888 min.
phi_m, max: -nan at y = 0.000000

phi_e, max: nan at y = 0.000000

Time: 0.300000
CPU Time: 142.704569 min.
phi_m, max: -nan at y = 0.000000

phi_e, max: nan at y = 0.000000

Time: 0.400000
CPU Time: 124.236039 min.
phi_m, max: -nan at y = 0.000000

phi_e, max: nan at y = 0.000000

Time: 0.500000
CPU Time: 124.422726 min.
phi_m, max: -nan at y = 0.000000

phi_e, max: nan at y = 0.000000

Time: 0.600000
CPU Time: 114.642148 min.
phi_m, max: -nan at y = 0.000000

phi_e, max: nan at y = 0.000000


Writing: "NeuralEP2DmonoDWCL2_Np3_6.chk"
 (0.00014939s, XML)
Steps: 7000000  Time: 0.7         
Writing: "NeuralEP2DmonoDWCL2_Np3_phie_7.chk"
 (0.000461456s, XML)

Time: 0.100000
CPU Time: 144.143866 min.
phi_m, max: -nan at y = 0.000000

phi_e, max: nan at y = 0.000000

Time: 0.200000
CPU Time: 144.713888 min.
phi_m, max: -nan at y = 0.000000

phi_e, max: nan at y = 0.000000

Time: 0.300000
CPU Time: 142.704569 min.
phi_m, max: -nan at y = 0.000000

phi_e, max: nan at y = 0.000000

Time: 0.400000
CPU Time: 124.236039 min.
phi_m, max: -nan at y = 0.000000

phi_e, max: nan at y = 0.000000

Time: 0.500000
CPU Time: 124.422726 min.
phi_m, max: -nan at y = 0.000000

phi_e, max: nan at y = 0.000000

Time: 0.600000
CPU Time: 114.642148 min.
phi_m, max: -nan at y = 0.000000

phi_e, max: nan at y = 0.000000

Time: 0.700000
CPU Time: 107.735496 min.
phi_m, max: -nan at y = 0.000000

phi_e, max: nan at y = 0.000000


Writing: "NeuralEP2DmonoDWCL2_Np3_7.chk"
 (0.000144421s, XML)
Steps: 8000000  Time: 0.8         
Writing: "NeuralEP2DmonoDWCL2_Np3_phie_8.chk"
 (0.000449563s, XML)

Time: 0.100000
CPU Time: 144.143866 min.
phi_m, max: -nan at y = 0.000000

phi_e, max: nan at y = 0.000000

Time: 0.200000
CPU Time: 144.713888 min.
phi_m, max: -nan at y = 0.000000

phi_e, max: nan at y = 0.000000

Time: 0.300000
CPU Time: 142.704569 min.
phi_m, max: -nan at y = 0.000000

phi_e, max: nan at y = 0.000000

Time: 0.400000
CPU Time: 124.236039 min.
phi_m, max: -nan at y = 0.000000

phi_e, max: nan at y = 0.000000

Time: 0.500000
CPU Time: 124.422726 min.
phi_m, max: -nan at y = 0.000000

phi_e, max: nan at y = 0.000000

Time: 0.600000
CPU Time: 114.642148 min.
phi_m, max: -nan at y = 0.000000

phi_e, max: nan at y = 0.000000

Time: 0.700000
CPU Time: 107.735496 min.
phi_m, max: -nan at y = 0.000000

phi_e, max: nan at y = 0.000000

Time: 0.800000
CPU Time: 107.640850 min.
phi_m, max: -nan at y = 0.000000

phi_e, max: nan at y = 0.000000


Writing: "NeuralEP2DmonoDWCL2_Np3_8.chk"
 (0.000142627s, XML)
Steps: 9000000  Time: 0.9         
Writing: "NeuralEP2DmonoDWCL2_Np3_phie_9.chk"
 (0.000446457s, XML)

Time: 0.100000
CPU Time: 144.143866 min.
phi_m, max: -nan at y = 0.000000

phi_e, max: nan at y = 0.000000

Time: 0.200000
CPU Time: 144.713888 min.
phi_m, max: -nan at y = 0.000000

phi_e, max: nan at y = 0.000000

Time: 0.300000
CPU Time: 142.704569 min.
phi_m, max: -nan at y = 0.000000

phi_e, max: nan at y = 0.000000

Time: 0.400000
CPU Time: 124.236039 min.
phi_m, max: -nan at y = 0.000000

phi_e, max: nan at y = 0.000000

Time: 0.500000
CPU Time: 124.422726 min.
phi_m, max: -nan at y = 0.000000

phi_e, max: nan at y = 0.000000

Time: 0.600000
CPU Time: 114.642148 min.
phi_m, max: -nan at y = 0.000000

phi_e, max: nan at y = 0.000000

Time: 0.700000
CPU Time: 107.735496 min.
phi_m, max: -nan at y = 0.000000

phi_e, max: nan at y = 0.000000

Time: 0.800000
CPU Time: 107.640850 min.
phi_m, max: -nan at y = 0.000000

phi_e, max: nan at y = 0.000000

Time: 0.900000
CPU Time: 107.731015 min.
phi_m, max: -nan at y = 0.000000

phi_e, max: nan at y = 0.000000


Writing: "NeuralEP2DmonoDWCL2_Np3_9.chk"
 (0.000151384s, XML)
Steps: 10000000 Time: 1           
Writing: "NeuralEP2DmonoDWCL2_Np3_phie_10.chk"
 (0.000450435s, XML)

Time: 0.100000
CPU Time: 144.143866 min.
phi_m, max: -nan at y = 0.000000

phi_e, max: nan at y = 0.000000

Time: 0.200000
CPU Time: 144.713888 min.
phi_m, max: -nan at y = 0.000000

phi_e, max: nan at y = 0.000000

Time: 0.300000
CPU Time: 142.704569 min.
phi_m, max: -nan at y = 0.000000

phi_e, max: nan at y = 0.000000

Time: 0.400000
CPU Time: 124.236039 min.
phi_m, max: -nan at y = 0.000000

phi_e, max: nan at y = 0.000000

Time: 0.500000
CPU Time: 124.422726 min.
phi_m, max: -nan at y = 0.000000

phi_e, max: nan at y = 0.000000

Time: 0.600000
CPU Time: 114.642148 min.
phi_m, max: -nan at y = 0.000000

phi_e, max: nan at y = 0.000000

Time: 0.700000
CPU Time: 107.735496 min.
phi_m, max: -nan at y = 0.000000

phi_e, max: nan at y = 0.000000

Time: 0.800000
CPU Time: 107.640850 min.
phi_m, max: -nan at y = 0.000000

phi_e, max: nan at y = 0.000000

Time: 0.900000
CPU Time: 107.731015 min.
phi_m, max: -nan at y = 0.000000

phi_e, max: nan at y = 0.000000

Time: 1.000000
CPU Time: 107.946227 min.
phi_m, max: -nan at y = 0.000000

phi_e, max: nan at y = 0.000000


Writing: "NeuralEP2DmonoDWCL2_Np3_10.chk"
 (0.000143679s, XML)
Time-integration  : 73555s
Writing: "NeuralEP2DmonoDWCL2_Np3.fld"
 (0.000156623s, XML)
-------------------------------------------
Total Computation Time = 73559.2s
-------------------------------------------
L 2 error (variable um) : -nan
L inf error (variable um) : 0
L 2 error (variable ue) : nan
L inf error (variable ue) : 0
