Zone start = 0, end = 239, Excite zone = 240, Node zone = 1440, intra zone = 5640, extra zone = 1440 / nq = 5640
v_InitObject: Node = 4200, Myelin = 1440, extracell = 0
Max Anistrength_1  = 12.9582, Anistrength_2 = 12.9582, Min Anistrength 1 = 1, Anistrength 2 = 1
MMFActivation = 5640 /  5640 ( 100 % ) 
*** 1st Moving frames are NOT in unit length, Avg mag. = 11.1937 *** 
*** 2nd Moving frames are NOT in unit length, Avg mag. = 11.1937 *** 
*** Moving frames are Orthogonal
*** MF 0 = ( 0 , 11.1937 , 0 ) 
*** MF 1 = ( 11.1937 , 0 , 0 ) 
*** MF 2 = ( 0 , 0 , 1 ) 
MMFInitObject is done ===========================
*** 1st Moving frames are in unit length ***
*** 2nd Moving frames are in unit length ***
*** Moving frames are Orthogonal
*** MF 0 = ( 0.708203 , 0.706009 , 0 ) 
*** MF 1 = ( 0.706009 , 0.708203 , 0 ) 
*** MF 2 = ( 0 , 0 , 1 ) 
*** 1st Moving frames are NOT in unit length, Avg mag. = 1.41421 *** 
*** 2nd Moving frames are NOT in unit length, Avg mag. = 1.41421 *** 
*** Moving frames are Orthogonal
*** MF 0 = ( 1.00155 , 0.998447 , 0 ) 
*** MF 1 = ( 0.998447 , 1.00155 , 0 ) 
*** MF 2 = ( 0 , 0 , 1 ) 
*** 1st Moving frames are NOT in unit length, Avg mag. = 1.41421 *** 
*** 2nd Moving frames are NOT in unit length, Avg mag. = 1.41421 *** 
*** Moving frames are Orthogonal
*** MF 0 = ( 1.00155 , 0.998447 , 0 ) 
*** MF 1 = ( 0.998447 , 1.00155 , 0 ) 
*** MF 2 = ( 0 , 0 , 1 ) 
k = 0, m_varcoeff = ( 0 , 11.1937 , 0 , 1.64147e-12 , 144.902 ) 
k = 1, m_varcoeff = ( 11.1937 , 0 , 0 , 4.80233e-12 , 144.902 ) 
k = 2, m_varcoeff = ( 0 , 0 , 1 , 0 , 1 ) 
 ::::: 2D Varcoeff is Successfully Created ::::: 

k = 0, m_varcoeff = ( 1.00155 , 0.998447 , 0 , 1.7297e-06 , 2 ) 
k = 1, m_varcoeff = ( 0.998447 , 1.00155 , 0 , 4.94203e-06 , 2 ) 
k = 2, m_varcoeff = ( 0 , 0 , 1 , 0 , 1 ) 
 ::::: 2D Varcoeff is Successfully Created ::::: 

=======================================================================
	        EquationType: MMFNeuralEP
	        Session Name: NeuralEP2DmonoDWCL2_Np4
	        Spatial Dim.: 3
	  Max SEM Exp. Order: 5
	      Expansion Dim.: 2
	     Projection Type: Continuous Galerkin
	 Advect. advancement: explicit
	Diffuse. advancement: implicit
	           Time Step: 1e-07
	        No. of Steps: 10000000
	 Checkpoints (steps): 1000000
	    Integration Type: IMEX
	             Surface: Line
	           DerivType: Euclidean
	              MMFdir: TangentY
	        NeuralEPType: NeuralEP2Dbi
	      ExtCurrentType: WithCurrent
	       GlobalSysSoln: DirectMultiLevelStaticCond
	       TimeMapScheme: DeActivated
	        TimeMapStart: 0
	          TimeMapEnd: 10000
	          Fiber Type: MonoBCNeumann
	        Fiber Length: 0.01
	         Node Length: 0.01
	       Myelin Length: 0.2
	               Nnode: 10
	         Temperature: 24
	            diameter: 0.01
	             Helmtau: 1
=======================================================================
Initial Conditions:
  - Field um: 0
  - Field ue: 0
Initial Conditions:
  - Field um: 0
  - Field ue: 0
Writing: "NeuralEP2DmonoDWCL2_Np4_initial.chk"
 (0.000636163s, XML)
Steps: 1000000  Time: 0.1         
Writing: "NeuralEP2DmonoDWCL2_Np4_phie_1.chk"
 (0.000770404s, XML)

Time: 0.100000
CPU Time: 185.002651 min.
phi_m, max: -nan at y = 0.000000

phi_e, max: nan at y = 0.000000


Writing: "NeuralEP2DmonoDWCL2_Np4_1.chk"
 (0.000222417s, XML)
Steps: 2000000  Time: 0.2         
Writing: "NeuralEP2DmonoDWCL2_Np4_phie_2.chk"
 (0.000774181s, XML)

Time: 0.100000
CPU Time: 185.002651 min.
phi_m, max: -nan at y = 0.000000

phi_e, max: nan at y = 0.000000

Time: 0.200000
CPU Time: 185.166092 min.
phi_m, max: -nan at y = 0.000000

phi_e, max: nan at y = 0.000000


Writing: "NeuralEP2DmonoDWCL2_Np4_2.chk"
 (0.000228769s, XML)
Steps: 3000000  Time: 0.3         
Writing: "NeuralEP2DmonoDWCL2_Np4_phie_3.chk"
 (0.000694452s, XML)

Time: 0.100000
CPU Time: 185.002651 min.
phi_m, max: -nan at y = 0.000000

phi_e, max: nan at y = 0.000000

Time: 0.200000
CPU Time: 185.166092 min.
phi_m, max: -nan at y = 0.000000

phi_e, max: nan at y = 0.000000

Time: 0.300000
CPU Time: 172.589284 min.
phi_m, max: -nan at y = 0.000000

phi_e, max: nan at y = 0.000000


Writing: "NeuralEP2DmonoDWCL2_Np4_3.chk"
 (0.00020297s, XML)
Steps: 4000000  Time: 0.4         
Writing: "NeuralEP2DmonoDWCL2_Np4_phie_4.chk"
 (0.000684263s, XML)

Time: 0.100000
CPU Time: 185.002651 min.
phi_m, max: -nan at y = 0.000000

phi_e, max: nan at y = 0.000000

Time: 0.200000
CPU Time: 185.166092 min.
phi_m, max: -nan at y = 0.000000

phi_e, max: nan at y = 0.000000

Time: 0.300000
CPU Time: 172.589284 min.
phi_m, max: -nan at y = 0.000000

phi_e, max: nan at y = 0.000000

Time: 0.400000
CPU Time: 167.931689 min.
phi_m, max: -nan at y = 0.000000

phi_e, max: nan at y = 0.000000


Writing: "NeuralEP2DmonoDWCL2_Np4_4.chk"
 (0.000200726s, XML)
Steps: 5000000  Time: 0.5         
Writing: "NeuralEP2DmonoDWCL2_Np4_phie_5.chk"
 (0.000623089s, XML)

Time: 0.100000
CPU Time: 185.002651 min.
phi_m, max: -nan at y = 0.000000

phi_e, max: nan at y = 0.000000

Time: 0.200000
CPU Time: 185.166092 min.
phi_m, max: -nan at y = 0.000000

phi_e, max: nan at y = 0.000000

Time: 0.300000
CPU Time: 172.589284 min.
phi_m, max: -nan at y = 0.000000

phi_e, max: nan at y = 0.000000

Time: 0.400000
CPU Time: 167.931689 min.
phi_m, max: -nan at y = 0.000000

phi_e, max: nan at y = 0.000000

Time: 0.500000
CPU Time: 150.679689 min.
phi_m, max: -nan at y = 0.000000

phi_e, max: nan at y = 0.000000


Writing: "NeuralEP2DmonoDWCL2_Np4_5.chk"
 (0.000179176s, XML)
Steps: 6000000  Time: 0.6         
Writing: "NeuralEP2DmonoDWCL2_Np4_phie_6.chk"
 (0.000617528s, XML)

Time: 0.100000
CPU Time: 185.002651 min.
phi_m, max: -nan at y = 0.000000

phi_e, max: nan at y = 0.000000

Time: 0.200000
CPU Time: 185.166092 min.
phi_m, max: -nan at y = 0.000000

phi_e, max: nan at y = 0.000000

Time: 0.300000
CPU Time: 172.589284 min.
phi_m, max: -nan at y = 0.000000

phi_e, max: nan at y = 0.000000

Time: 0.400000
CPU Time: 167.931689 min.
phi_m, max: -nan at y = 0.000000

phi_e, max: nan at y = 0.000000

Time: 0.500000
CPU Time: 150.679689 min.
phi_m, max: -nan at y = 0.000000

phi_e, max: nan at y = 0.000000

Time: 0.600000
CPU Time: 148.791483 min.
phi_m, max: -nan at y = 0.000000

phi_e, max: nan at y = 0.000000


Writing: "NeuralEP2DmonoDWCL2_Np4_6.chk"
 (0.000179126s, XML)
Steps: 7000000  Time: 0.7         
Writing: "NeuralEP2DmonoDWCL2_Np4_phie_7.chk"
 (0.000662793s, XML)

Time: 0.100000
CPU Time: 185.002651 min.
phi_m, max: -nan at y = 0.000000

phi_e, max: nan at y = 0.000000

Time: 0.200000
CPU Time: 185.166092 min.
phi_m, max: -nan at y = 0.000000

phi_e, max: nan at y = 0.000000

Time: 0.300000
CPU Time: 172.589284 min.
phi_m, max: -nan at y = 0.000000

phi_e, max: nan at y = 0.000000

Time: 0.400000
CPU Time: 167.931689 min.
phi_m, max: -nan at y = 0.000000

phi_e, max: nan at y = 0.000000

Time: 0.500000
CPU Time: 150.679689 min.
phi_m, max: -nan at y = 0.000000

phi_e, max: nan at y = 0.000000

Time: 0.600000
CPU Time: 148.791483 min.
phi_m, max: -nan at y = 0.000000

phi_e, max: nan at y = 0.000000

Time: 0.700000
CPU Time: 148.966671 min.
phi_m, max: -nan at y = 0.000000

phi_e, max: nan at y = 0.000000


Writing: "NeuralEP2DmonoDWCL2_Np4_7.chk"
 (0.000180809s, XML)
Steps: 8000000  Time: 0.8         
Writing: "NeuralEP2DmonoDWCL2_Np4_phie_8.chk"
 (0.00062372s, XML)

Time: 0.100000
CPU Time: 185.002651 min.
phi_m, max: -nan at y = 0.000000

phi_e, max: nan at y = 0.000000

Time: 0.200000
CPU Time: 185.166092 min.
phi_m, max: -nan at y = 0.000000

phi_e, max: nan at y = 0.000000

Time: 0.300000
CPU Time: 172.589284 min.
phi_m, max: -nan at y = 0.000000

phi_e, max: nan at y = 0.000000

Time: 0.400000
CPU Time: 167.931689 min.
phi_m, max: -nan at y = 0.000000

phi_e, max: nan at y = 0.000000

Time: 0.500000
CPU Time: 150.679689 min.
phi_m, max: -nan at y = 0.000000

phi_e, max: nan at y = 0.000000

Time: 0.600000
CPU Time: 148.791483 min.
phi_m, max: -nan at y = 0.000000

phi_e, max: nan at y = 0.000000

Time: 0.700000
CPU Time: 148.966671 min.
phi_m, max: -nan at y = 0.000000

phi_e, max: nan at y = 0.000000

Time: 0.800000
CPU Time: 146.076080 min.
phi_m, max: -nan at y = 0.000000

phi_e, max: nan at y = 0.000000


Writing: "NeuralEP2DmonoDWCL2_Np4_8.chk"
 (0.000172514s, XML)
Steps: 9000000  Time: 0.9         
Writing: "NeuralEP2DmonoDWCL2_Np4_phie_9.chk"
 (0.000620473s, XML)

Time: 0.100000
CPU Time: 185.002651 min.
phi_m, max: -nan at y = 0.000000

phi_e, max: nan at y = 0.000000

Time: 0.200000
CPU Time: 185.166092 min.
phi_m, max: -nan at y = 0.000000

phi_e, max: nan at y = 0.000000

Time: 0.300000
CPU Time: 172.589284 min.
phi_m, max: -nan at y = 0.000000

phi_e, max: nan at y = 0.000000

Time: 0.400000
CPU Time: 167.931689 min.
phi_m, max: -nan at y = 0.000000

phi_e, max: nan at y = 0.000000

Time: 0.500000
CPU Time: 150.679689 min.
phi_m, max: -nan at y = 0.000000

phi_e, max: nan at y = 0.000000

Time: 0.600000
CPU Time: 148.791483 min.
phi_m, max: -nan at y = 0.000000

phi_e, max: nan at y = 0.000000

Time: 0.700000
CPU Time: 148.966671 min.
phi_m, max: -nan at y = 0.000000

phi_e, max: nan at y = 0.000000

Time: 0.800000
CPU Time: 146.076080 min.
phi_m, max: -nan at y = 0.000000

phi_e, max: nan at y = 0.000000

Time: 0.900000
CPU Time: 143.480233 min.
phi_m, max: -nan at y = 0.000000

phi_e, max: nan at y = 0.000000


Writing: "NeuralEP2DmonoDWCL2_Np4_9.chk"
 (0.000175569s, XML)
Steps: 10000000 Time: 1           
Writing: "NeuralEP2DmonoDWCL2_Np4_phie_10.chk"
 (0.000623609s, XML)

Time: 0.100000
CPU Time: 185.002651 min.
phi_m, max: -nan at y = 0.000000

phi_e, max: nan at y = 0.000000

Time: 0.200000
CPU Time: 185.166092 min.
phi_m, max: -nan at y = 0.000000

phi_e, max: nan at y = 0.000000

Time: 0.300000
CPU Time: 172.589284 min.
phi_m, max: -nan at y = 0.000000

phi_e, max: nan at y = 0.000000

Time: 0.400000
CPU Time: 167.931689 min.
phi_m, max: -nan at y = 0.000000

phi_e, max: nan at y = 0.000000

Time: 0.500000
CPU Time: 150.679689 min.
phi_m, max: -nan at y = 0.000000

phi_e, max: nan at y = 0.000000

Time: 0.600000
CPU Time: 148.791483 min.
phi_m, max: -nan at y = 0.000000

phi_e, max: nan at y = 0.000000

Time: 0.700000
CPU Time: 148.966671 min.
phi_m, max: -nan at y = 0.000000

phi_e, max: nan at y = 0.000000

Time: 0.800000
CPU Time: 146.076080 min.
phi_m, max: -nan at y = 0.000000

phi_e, max: nan at y = 0.000000

Time: 0.900000
CPU Time: 143.480233 min.
phi_m, max: -nan at y = 0.000000

phi_e, max: nan at y = 0.000000

Time: 1.000000
CPU Time: 142.889197 min.
phi_m, max: -nan at y = 0.000000

phi_e, max: nan at y = 0.000000


Writing: "NeuralEP2DmonoDWCL2_Np4_10.chk"
 (0.000172634s, XML)
Time-integration  : 95494.4s
Writing: "NeuralEP2DmonoDWCL2_Np4.fld"
 (0.000185698s, XML)
-------------------------------------------
Total Computation Time = 95496.3s
-------------------------------------------
L 2 error (variable um) : -nan
L inf error (variable um) : 0
L 2 error (variable ue) : nan
L inf error (variable ue) : 0
