The system is: Darwin - 23.0.0 - arm64
Compiling the Fortran compiler identification source file "CMakeFortranCompilerId.F" succeeded.
Compiler: /opt/homebrew/bin/gfortran 
Build flags: 
Id flags: -v 

The output was:
0
Driving: /opt/homebrew/bin/gfortran -v CMakeFortranCompilerId.F -mmacosx-version-min=14.0.0 -asm_macosx_version_min=14.0 -nodefaultexport -l gfortran
Using built-in specs.
COLLECT_GCC=/opt/homebrew/bin/gfortran
COLLECT_LTO_WRAPPER=/opt/homebrew/Cellar/gcc/13.1.0/bin/../libexec/gcc/aarch64-apple-darwin22/13/lto-wrapper
Target: aarch64-apple-darwin22
Configured with: ../configure --prefix=/opt/homebrew/opt/gcc --libdir=/opt/homebrew/opt/gcc/lib/gcc/current --disable-nls --enable-checking=release --with-gcc-major-version-only --enable-languages=c,c++,objc,obj-c++,fortran --program-suffix=-13 --with-gmp=/opt/homebrew/opt/gmp --with-mpfr=/opt/homebrew/opt/mpfr --with-mpc=/opt/homebrew/opt/libmpc --with-isl=/opt/homebrew/opt/isl --with-zstd=/opt/homebrew/opt/zstd --with-pkgversion='Homebrew GCC 13.1.0' --with-bugurl=https://github.com/Homebrew/homebrew-core/issues --with-system-zlib --build=aarch64-apple-darwin22 --with-sysroot=/Library/Developer/CommandLineTools/SDKs/MacOSX13.sdk
Thread model: posix
Supported LTO compression algorithms: zlib zstd
gcc version 13.1.0 (Homebrew GCC 13.1.0) 
COLLECT_GCC_OPTIONS='-v' '-mmacosx-version-min=14.0.0' '-asm_macosx_version_min=14.0' '-nodefaultexport' '-mlittle-endian' '-mabi=lp64' '-dumpdir' 'a-'
 /opt/homebrew/Cellar/gcc/13.1.0/bin/../libexec/gcc/aarch64-apple-darwin22/13/f951 CMakeFortranCompilerId.F -ffixed-form -cpp=/var/folders/1c/n28hs3nn1595rcrvhk8k2tf00000gn/T//cc2jitxB.f90 -quiet -v -iprefix /opt/homebrew/Cellar/gcc/13.1.0/bin/../lib/gcc/current/gcc/aarch64-apple-darwin22/13/ -D__DYNAMIC__ CMakeFortranCompilerId.F -fPIC -quiet -dumpdir a- -dumpbase CMakeFortranCompilerId.F -dumpbase-ext .F -mmacosx-version-min=14.0.0 -mlittle-endian -mabi=lp64 -version -fintrinsic-modules-path /opt/homebrew/Cellar/gcc/13.1.0/bin/../lib/gcc/current/gcc/aarch64-apple-darwin22/13/finclude -o /var/folders/1c/n28hs3nn1595rcrvhk8k2tf00000gn/T//ccMf3PHu.s
GNU Fortran (Homebrew GCC 13.1.0) version 13.1.0 (aarch64-apple-darwin22)
	compiled by GNU C version 13.1.0, GMP version 6.2.1, MPFR version 4.2.0-p4, MPC version 1.3.1, isl version isl-0.26-GMP

warning: MPFR header version 4.2.0-p4 differs from library version 4.2.0-p9.
GGC heuristics: --param ggc-min-expand=100 --param ggc-min-heapsize=131072
ignoring nonexistent directory "/opt/homebrew/Cellar/gcc/13.1.0/bin/../lib/gcc/current/gcc/aarch64-apple-darwin22/13/../../../../../../aarch64-apple-darwin22/include"
ignoring duplicate directory "/opt/homebrew/Cellar/gcc/13.1.0/bin/../lib/gcc/current/gcc/../../../../lib/gcc/current/gcc/aarch64-apple-darwin22/13/include"
ignoring nonexistent directory "/Library/Developer/CommandLineTools/SDKs/MacOSX13.sdk/usr/local/include"
ignoring duplicate directory "/opt/homebrew/Cellar/gcc/13.1.0/bin/../lib/gcc/current/gcc/../../../../lib/gcc/current/gcc/aarch64-apple-darwin22/13/include-fixed"
ignoring nonexistent directory "/opt/homebrew/Cellar/gcc/13.1.0/bin/../lib/gcc/current/gcc/../../../../lib/gcc/current/gcc/aarch64-apple-darwin22/13/../../../../../../aarch64-apple-darwin22/include"
#include "..." search starts here:
#include <...> search starts here:
 /opt/homebrew/Cellar/gcc/13.1.0/bin/../lib/gcc/current/gcc/aarch64-apple-darwin22/13/finclude
 /opt/homebrew/Cellar/gcc/13.1.0/bin/../lib/gcc/current/gcc/aarch64-apple-darwin22/13/include
 /opt/homebrew/Cellar/gcc/13.1.0/bin/../lib/gcc/current/gcc/aarch64-apple-darwin22/13/include-fixed
 /Library/Developer/CommandLineTools/SDKs/MacOSX13.sdk/usr/include
End of search list.
COLLECT_GCC_OPTIONS='-v' '-mmacosx-version-min=14.0.0'  '-nodefaultexport' '-mlittle-endian' '-mabi=lp64' '-dumpdir' 'a-'
 as -arch arm64 -v -mmacosx-version-min=14.0 -o /var/folders/1c/n28hs3nn1595rcrvhk8k2tf00000gn/T//cc6t5DJw.o /var/folders/1c/n28hs3nn1595rcrvhk8k2tf00000gn/T//ccMf3PHu.s
Apple clang version 15.0.0 (clang-1500.0.40.1)
Target: arm64-apple-darwin23.0.0
Thread model: posix
InstalledDir: /Applications/Xcode.app/Contents/Developer/Toolchains/XcodeDefault.xctoolchain/usr/bin
 "/Applications/Xcode.app/Contents/Developer/Toolchains/XcodeDefault.xctoolchain/usr/bin/clang" -cc1as -triple arm64-apple-macosx14.0.0 -filetype obj -main-file-name ccMf3PHu.s -target-cpu apple-m1 -target-feature +v8.5a -target-feature +crc -target-feature +lse -target-feature +rdm -target-feature +crypto -target-feature +dotprod -target-feature +fp-armv8 -target-feature +neon -target-feature +fp16fml -target-feature +ras -target-feature +rcpc -target-feature +zcm -target-feature +zcz -target-feature +fullfp16 -target-feature +sm4 -target-feature +sha3 -target-feature +sha2 -target-feature +aes -fdebug-compilation-dir=/Users/schun/nektar/build/CMakeFiles/CheckFortran/CMakeFiles/3.24.3/CompilerIdFortran -dwarf-debug-producer "Apple clang version 15.0.0 (clang-1500.0.40.1)" -dwarf-version=4 -mrelocation-model pic --mrelax-relocations -mllvm -disable-aligned-alloc-awareness=1 -o /var/folders/1c/n28hs3nn1595rcrvhk8k2tf00000gn/T//cc6t5DJw.o /var/folders/1c/n28hs3nn1595rcrvhk8k2tf00000gn/T//ccMf3PHu.s
Reading specs from /opt/homebrew/Cellar/gcc/13.1.0/bin/../lib/gcc/current/gcc/aarch64-apple-darwin22/13/../../../libgfortran.spec
rename spec lib to liborig
COLLECT_GCC_OPTIONS='-v' '-mmacosx-version-min=14.0.0'  '-nodefaultexport' '-mlittle-endian' '-mabi=lp64' '-dumpdir' 'a-'
COMPILER_PATH=/opt/homebrew/Cellar/gcc/13.1.0/bin/../libexec/gcc/aarch64-apple-darwin22/13/:/opt/homebrew/Cellar/gcc/13.1.0/bin/../libexec/gcc/
LIBRARY_PATH=/opt/homebrew/Cellar/gcc/13.1.0/bin/../lib/gcc/current/gcc/aarch64-apple-darwin22/13/:/opt/homebrew/Cellar/gcc/13.1.0/bin/../lib/gcc/current/gcc/:/opt/homebrew/Cellar/gcc/13.1.0/bin/../lib/gcc/current/gcc/aarch64-apple-darwin22/13/../../../
COLLECT_GCC_OPTIONS='-v' '-mmacosx-version-min=14.0.0'  '-nodefaultexport' '-mlittle-endian' '-mabi=lp64' '-dumpdir' 'a.'
 /opt/homebrew/Cellar/gcc/13.1.0/bin/../libexec/gcc/aarch64-apple-darwin22/13/collect2 -syslibroot /Library/Developer/CommandLineTools/SDKs/MacOSX13.sdk/ -dynamic -arch arm64 -macosx_version_min 14.0.0 -o a.out -L/opt/homebrew/Cellar/gcc/13.1.0/bin/../lib/gcc/current/gcc/aarch64-apple-darwin22/13 -L/opt/homebrew/Cellar/gcc/13.1.0/bin/../lib/gcc/current/gcc -L/opt/homebrew/Cellar/gcc/13.1.0/bin/../lib/gcc/current/gcc/aarch64-apple-darwin22/13/../../.. /var/folders/1c/n28hs3nn1595rcrvhk8k2tf00000gn/T//cc6t5DJw.o -lgfortran -lemutls_w -lgcc -lquadmath -lemutls_w -lgcc -lSystem -lgcc -no_compact_unwind -rpath @loader_path -rpath /opt/homebrew/Cellar/gcc/13.1.0/lib/gcc/current/gcc/aarch64-apple-darwin22/13 -rpath /opt/homebrew/Cellar/gcc/13.1.0/lib/gcc/current/gcc -rpath /opt/homebrew/Cellar/gcc/13.1.0/lib/gcc/current
-macosx_version_min has been renamed to -macos_version_min
ld: warning: ignoring duplicate libraries: '-lemutls_w', '-lgcc'


Compilation of the Fortran compiler identification source "CMakeFortranCompilerId.F" produced "a.out"

The Fortran compiler identification is GNU, found in "/Users/schun/nektar/build/CMakeFiles/CheckFortran/CMakeFiles/3.24.3/CompilerIdFortran/a.out"

Detecting Fortran compiler ABI info compiled with the following output:
Change Dir: /Users/schun/nektar/build/CMakeFiles/CheckFortran/CMakeFiles/CMakeTmp

Run Build Command(s):/opt/local/bin/gmake -f Makefile cmTC_afb20/fast && /opt/local/bin/gmake  -f CMakeFiles/cmTC_afb20.dir/build.make CMakeFiles/cmTC_afb20.dir/build
gmake[1]: Entering directory '/Users/schun/nektar/build/CMakeFiles/CheckFortran/CMakeFiles/CMakeTmp'
Building Fortran object CMakeFiles/cmTC_afb20.dir/CMakeFortranCompilerABI.F90.o
/opt/homebrew/bin/gfortran   -isysroot /Applications/Xcode.app/Contents/Developer/Platforms/MacOSX.platform/Developer/SDKs/MacOSX14.0.sdk   -v -Wl,-v -c /opt/local/share/cmake-3.24/Modules/CMakeFortranCompilerABI.F90 -o CMakeFiles/cmTC_afb20.dir/CMakeFortranCompilerABI.F90.o
Using built-in specs.
COLLECT_GCC=/opt/homebrew/bin/gfortran
Target: aarch64-apple-darwin22
Configured with: ../configure --prefix=/opt/homebrew/opt/gcc --libdir=/opt/homebrew/opt/gcc/lib/gcc/current --disable-nls --enable-checking=release --with-gcc-major-version-only --enable-languages=c,c++,objc,obj-c++,fortran --program-suffix=-13 --with-gmp=/opt/homebrew/opt/gmp --with-mpfr=/opt/homebrew/opt/mpfr --with-mpc=/opt/homebrew/opt/libmpc --with-isl=/opt/homebrew/opt/isl --with-zstd=/opt/homebrew/opt/zstd --with-pkgversion='Homebrew GCC 13.1.0' --with-bugurl=https://github.com/Homebrew/homebrew-core/issues --with-system-zlib --build=aarch64-apple-darwin22 --with-sysroot=/Library/Developer/CommandLineTools/SDKs/MacOSX13.sdk
Thread model: posix
Supported LTO compression algorithms: zlib zstd
gcc version 13.1.0 (Homebrew GCC 13.1.0) 
COLLECT_GCC_OPTIONS='-isysroot' '/Applications/Xcode.app/Contents/Developer/Platforms/MacOSX.platform/Developer/SDKs/MacOSX14.0.sdk' '-v' '-c' '-o' 'CMakeFiles/cmTC_afb20.dir/CMakeFortranCompilerABI.F90.o' '-mmacosx-version-min=14.0.0' '-asm_macosx_version_min=14.0' '-nodefaultexport' '-mlittle-endian' '-mabi=lp64' '-dumpdir' 'CMakeFiles/cmTC_afb20.dir/'
 /opt/homebrew/Cellar/gcc/13.1.0/bin/../libexec/gcc/aarch64-apple-darwin22/13/f951 /opt/local/share/cmake-3.24/Modules/CMakeFortranCompilerABI.F90 -cpp=/var/folders/1c/n28hs3nn1595rcrvhk8k2tf00000gn/T//ccRmawHO.f90 -quiet -v -iprefix /opt/homebrew/Cellar/gcc/13.1.0/bin/../lib/gcc/current/gcc/aarch64-apple-darwin22/13/ -D__DYNAMIC__ -isysroot /Applications/Xcode.app/Contents/Developer/Platforms/MacOSX.platform/Developer/SDKs/MacOSX14.0.sdk /opt/local/share/cmake-3.24/Modules/CMakeFortranCompilerABI.F90 -fPIC -quiet -dumpdir CMakeFiles/cmTC_afb20.dir/ -dumpbase CMakeFortranCompilerABI.F90.F90 -dumpbase-ext .F90 -mmacosx-version-min=14.0.0 -mlittle-endian -mabi=lp64 -version -fintrinsic-modules-path /opt/homebrew/Cellar/gcc/13.1.0/bin/../lib/gcc/current/gcc/aarch64-apple-darwin22/13/finclude -o /var/folders/1c/n28hs3nn1595rcrvhk8k2tf00000gn/T//cczYzKvA.s
GNU Fortran (Homebrew GCC 13.1.0) version 13.1.0 (aarch64-apple-darwin22)
	compiled by GNU C version 13.1.0, GMP version 6.2.1, MPFR version 4.2.0-p4, MPC version 1.3.1, isl version isl-0.26-GMP

warning: MPFR header version 4.2.0-p4 differs from library version 4.2.0-p9.
GGC heuristics: --param ggc-min-expand=100 --param ggc-min-heapsize=131072
ignoring nonexistent directory "/opt/homebrew/Cellar/gcc/13.1.0/bin/../lib/gcc/current/gcc/aarch64-apple-darwin22/13/../../../../../../aarch64-apple-darwin22/include"
ignoring duplicate directory "/opt/homebrew/Cellar/gcc/13.1.0/bin/../lib/gcc/current/gcc/../../../../lib/gcc/current/gcc/aarch64-apple-darwin22/13/include"
ignoring nonexistent directory "/Applications/Xcode.app/Contents/Developer/Platforms/MacOSX.platform/Developer/SDKs/MacOSX14.0.sdk/usr/local/include"
ignoring duplicate directory "/opt/homebrew/Cellar/gcc/13.1.0/bin/../lib/gcc/current/gcc/../../../../lib/gcc/current/gcc/aarch64-apple-darwin22/13/include-fixed"
ignoring nonexistent directory "/opt/homebrew/Cellar/gcc/13.1.0/bin/../lib/gcc/current/gcc/../../../../lib/gcc/current/gcc/aarch64-apple-darwin22/13/../../../../../../aarch64-apple-darwin22/include"
#include "..." search starts here:
#include <...> search starts here:
 /opt/homebrew/Cellar/gcc/13.1.0/bin/../lib/gcc/current/gcc/aarch64-apple-darwin22/13/finclude
 /opt/homebrew/Cellar/gcc/13.1.0/bin/../lib/gcc/current/gcc/aarch64-apple-darwin22/13/include
 /opt/homebrew/Cellar/gcc/13.1.0/bin/../lib/gcc/current/gcc/aarch64-apple-darwin22/13/include-fixed
 /Applications/Xcode.app/Contents/Developer/Platforms/MacOSX.platform/Developer/SDKs/MacOSX14.0.sdk/usr/include
End of search list.
COLLECT_GCC_OPTIONS='-isysroot' '/Applications/Xcode.app/Contents/Developer/Platforms/MacOSX.platform/Developer/SDKs/MacOSX14.0.sdk' '-v' '-c' '-o' 'CMakeFiles/cmTC_afb20.dir/CMakeFortranCompilerABI.F90.o' '-mmacosx-version-min=14.0.0'  '-nodefaultexport' '-mlittle-endian' '-mabi=lp64' '-dumpdir' 'CMakeFiles/cmTC_afb20.dir/'
 as -arch arm64 -v -mmacosx-version-min=14.0 -o CMakeFiles/cmTC_afb20.dir/CMakeFortranCompilerABI.F90.o /var/folders/1c/n28hs3nn1595rcrvhk8k2tf00000gn/T//cczYzKvA.s
Apple clang version 15.0.0 (clang-1500.0.40.1)
Target: arm64-apple-darwin23.0.0
Thread model: posix
InstalledDir: /Applications/Xcode.app/Contents/Developer/Toolchains/XcodeDefault.xctoolchain/usr/bin
 "/Applications/Xcode.app/Contents/Developer/Toolchains/XcodeDefault.xctoolchain/usr/bin/clang" -cc1as -triple arm64-apple-macosx14.0.0 -filetype obj -main-file-name cczYzKvA.s -target-cpu apple-m1 -target-feature +v8.5a -target-feature +crc -target-feature +lse -target-feature +rdm -target-feature +crypto -target-feature +dotprod -target-feature +fp-armv8 -target-feature +neon -target-feature +fp16fml -target-feature +ras -target-feature +rcpc -target-feature +zcm -target-feature +zcz -target-feature +fullfp16 -target-feature +sm4 -target-feature +sha3 -target-feature +sha2 -target-feature +aes -fdebug-compilation-dir=/Users/schun/nektar/build/CMakeFiles/CheckFortran/CMakeFiles/CMakeTmp -dwarf-debug-producer "Apple clang version 15.0.0 (clang-1500.0.40.1)" -dwarf-version=4 -mrelocation-model pic --mrelax-relocations -mllvm -disable-aligned-alloc-awareness=1 -o CMakeFiles/cmTC_afb20.dir/CMakeFortranCompilerABI.F90.o /var/folders/1c/n28hs3nn1595rcrvhk8k2tf00000gn/T//cczYzKvA.s
COMPILER_PATH=/opt/homebrew/Cellar/gcc/13.1.0/bin/../libexec/gcc/aarch64-apple-darwin22/13/:/opt/homebrew/Cellar/gcc/13.1.0/bin/../libexec/gcc/
LIBRARY_PATH=/opt/homebrew/Cellar/gcc/13.1.0/bin/../lib/gcc/current/gcc/aarch64-apple-darwin22/13/:/opt/homebrew/Cellar/gcc/13.1.0/bin/../lib/gcc/current/gcc/:/opt/homebrew/Cellar/gcc/13.1.0/bin/../lib/gcc/current/gcc/aarch64-apple-darwin22/13/../../../
COLLECT_GCC_OPTIONS='-isysroot' '/Applications/Xcode.app/Contents/Developer/Platforms/MacOSX.platform/Developer/SDKs/MacOSX14.0.sdk' '-v' '-c' '-o' 'CMakeFiles/cmTC_afb20.dir/CMakeFortranCompilerABI.F90.o' '-mmacosx-version-min=14.0.0'  '-nodefaultexport' '-mlittle-endian' '-mabi=lp64' '-dumpdir' 'CMakeFiles/cmTC_afb20.dir/CMakeFortranCompilerABI.F90.'
Linking Fortran executable cmTC_afb20
/opt/local/bin/cmake -E cmake_link_script CMakeFiles/cmTC_afb20.dir/link.txt --verbose=1
/opt/homebrew/bin/gfortran  -v -Wl,-v  -isysroot /Applications/Xcode.app/Contents/Developer/Platforms/MacOSX.platform/Developer/SDKs/MacOSX14.0.sdk CMakeFiles/cmTC_afb20.dir/CMakeFortranCompilerABI.F90.o -o cmTC_afb20 
Driving: /opt/homebrew/bin/gfortran -v -Wl,-v -isysroot /Applications/Xcode.app/Contents/Developer/Platforms/MacOSX.platform/Developer/SDKs/MacOSX14.0.sdk CMakeFiles/cmTC_afb20.dir/CMakeFortranCompilerABI.F90.o -o cmTC_afb20 -mmacosx-version-min=14.0.0 -asm_macosx_version_min=14.0 -nodefaultexport -l gfortran
Using built-in specs.
COLLECT_GCC=/opt/homebrew/bin/gfortran
COLLECT_LTO_WRAPPER=/opt/homebrew/Cellar/gcc/13.1.0/bin/../libexec/gcc/aarch64-apple-darwin22/13/lto-wrapper
Target: aarch64-apple-darwin22
Configured with: ../configure --prefix=/opt/homebrew/opt/gcc --libdir=/opt/homebrew/opt/gcc/lib/gcc/current --disable-nls --enable-checking=release --with-gcc-major-version-only --enable-languages=c,c++,objc,obj-c++,fortran --program-suffix=-13 --with-gmp=/opt/homebrew/opt/gmp --with-mpfr=/opt/homebrew/opt/mpfr --with-mpc=/opt/homebrew/opt/libmpc --with-isl=/opt/homebrew/opt/isl --with-zstd=/opt/homebrew/opt/zstd --with-pkgversion='Homebrew GCC 13.1.0' --with-bugurl=https://github.com/Homebrew/homebrew-core/issues --with-system-zlib --build=aarch64-apple-darwin22 --with-sysroot=/Library/Developer/CommandLineTools/SDKs/MacOSX13.sdk
Thread model: posix
Supported LTO compression algorithms: zlib zstd
gcc version 13.1.0 (Homebrew GCC 13.1.0) 
Reading specs from /opt/homebrew/Cellar/gcc/13.1.0/bin/../lib/gcc/current/gcc/aarch64-apple-darwin22/13/../../../libgfortran.spec
rename spec lib to liborig
COLLECT_GCC_OPTIONS='-v' '-isysroot' '/Applications/Xcode.app/Contents/Developer/Platforms/MacOSX.platform/Developer/SDKs/MacOSX14.0.sdk' '-o' 'cmTC_afb20' '-mmacosx-version-min=14.0.0' '-asm_macosx_version_min=14.0' '-nodefaultexport' '-mlittle-endian' '-mabi=lp64' '-dumpdir' 'cmTC_afb20-'
COMPILER_PATH=/opt/homebrew/Cellar/gcc/13.1.0/bin/../libexec/gcc/aarch64-apple-darwin22/13/:/opt/homebrew/Cellar/gcc/13.1.0/bin/../libexec/gcc/
LIBRARY_PATH=/opt/homebrew/Cellar/gcc/13.1.0/bin/../lib/gcc/current/gcc/aarch64-apple-darwin22/13/:/opt/homebrew/Cellar/gcc/13.1.0/bin/../lib/gcc/current/gcc/:/opt/homebrew/Cellar/gcc/13.1.0/bin/../lib/gcc/current/gcc/aarch64-apple-darwin22/13/../../../
COLLECT_GCC_OPTIONS='-v' '-isysroot' '/Applications/Xcode.app/Contents/Developer/Platforms/MacOSX.platform/Developer/SDKs/MacOSX14.0.sdk' '-o' 'cmTC_afb20' '-mmacosx-version-min=14.0.0' '-asm_macosx_version_min=14.0' '-nodefaultexport' '-mlittle-endian' '-mabi=lp64' '-dumpdir' 'cmTC_afb20.'
 /opt/homebrew/Cellar/gcc/13.1.0/bin/../libexec/gcc/aarch64-apple-darwin22/13/collect2 -dynamic -arch arm64 -syslibroot /Applications/Xcode.app/Contents/Developer/Platforms/MacOSX.platform/Developer/SDKs/MacOSX14.0.sdk -macosx_version_min 14.0.0 -o cmTC_afb20 -L/opt/homebrew/Cellar/gcc/13.1.0/bin/../lib/gcc/current/gcc/aarch64-apple-darwin22/13 -L/opt/homebrew/Cellar/gcc/13.1.0/bin/../lib/gcc/current/gcc -L/opt/homebrew/Cellar/gcc/13.1.0/bin/../lib/gcc/current/gcc/aarch64-apple-darwin22/13/../../.. -v CMakeFiles/cmTC_afb20.dir/CMakeFortranCompilerABI.F90.o -lgfortran -lemutls_w -lgcc -lquadmath -lemutls_w -lgcc -lSystem -lgcc -no_compact_unwind -rpath @loader_path -rpath /opt/homebrew/Cellar/gcc/13.1.0/lib/gcc/current/gcc/aarch64-apple-darwin22/13 -rpath /opt/homebrew/Cellar/gcc/13.1.0/lib/gcc/current/gcc -rpath /opt/homebrew/Cellar/gcc/13.1.0/lib/gcc/current
collect2 version 13.1.0
/opt/local/bin/ld -dynamic -arch arm64 -syslibroot /Applications/Xcode.app/Contents/Developer/Platforms/MacOSX.platform/Developer/SDKs/MacOSX14.0.sdk -macosx_version_min 14.0.0 -o cmTC_afb20 -L/opt/homebrew/Cellar/gcc/13.1.0/bin/../lib/gcc/current/gcc/aarch64-apple-darwin22/13 -L/opt/homebrew/Cellar/gcc/13.1.0/bin/../lib/gcc/current/gcc -L/opt/homebrew/Cellar/gcc/13.1.0/bin/../lib/gcc/current/gcc/aarch64-apple-darwin22/13/../../.. -v CMakeFiles/cmTC_afb20.dir/CMakeFortranCompilerABI.F90.o -lgfortran -lemutls_w -lgcc -lquadmath -lemutls_w -lgcc -lSystem -lgcc -no_compact_unwind -rpath @loader_path -rpath /opt/homebrew/Cellar/gcc/13.1.0/lib/gcc/current/gcc/aarch64-apple-darwin22/13 -rpath /opt/homebrew/Cellar/gcc/13.1.0/lib/gcc/current/gcc -rpath /opt/homebrew/Cellar/gcc/13.1.0/lib/gcc/current
-macosx_version_min has been renamed to -macos_version_min
@(#)PROGRAM:ld  PROJECT:dyld-1015.7
BUILD 18:48:48 Aug 22 2023
configured to support archs: armv6 armv7 armv7s arm64 arm64e arm64_32 i386 x86_64 x86_64h armv6m armv7k armv7m armv7em
will use ld-classic for: armv6 armv7 armv7s arm64_32 i386 armv6m armv7k armv7m armv7em
LTO support using: LLVM version 15.0.0 (static support for 29, runtime is 29)
TAPI support using: Apple TAPI version 15.0.0 (tapi-1500.0.12.3)
Library search paths:
	/opt/homebrew/Cellar/gcc/13.1.0/bin/../lib/gcc/current/gcc/aarch64-apple-darwin22/13
	/opt/homebrew/Cellar/gcc/13.1.0/bin/../lib/gcc/current/gcc
	/opt/homebrew/Cellar/gcc/13.1.0/bin/../lib/gcc/current/gcc/aarch64-apple-darwin22/13/../../..
Framework search paths:
ld: warning: ignoring duplicate libraries: '-lemutls_w', '-lgcc'
gmake[1]: Leaving directory '/Users/schun/nektar/build/CMakeFiles/CheckFortran/CMakeFiles/CMakeTmp'



Parsed Fortran implicit include dir info from above output: rv=done
  found start of include info
  found start of implicit include info
    add: [/opt/homebrew/Cellar/gcc/13.1.0/bin/../lib/gcc/current/gcc/aarch64-apple-darwin22/13/finclude]
    add: [/opt/homebrew/Cellar/gcc/13.1.0/bin/../lib/gcc/current/gcc/aarch64-apple-darwin22/13/include]
    add: [/opt/homebrew/Cellar/gcc/13.1.0/bin/../lib/gcc/current/gcc/aarch64-apple-darwin22/13/include-fixed]
    add: [/Applications/Xcode.app/Contents/Developer/Platforms/MacOSX.platform/Developer/SDKs/MacOSX14.0.sdk/usr/include]
  end of search list found
  collapse include dir [/opt/homebrew/Cellar/gcc/13.1.0/bin/../lib/gcc/current/gcc/aarch64-apple-darwin22/13/finclude] ==> [/opt/homebrew/Cellar/gcc/13.1.0/lib/gcc/current/gcc/aarch64-apple-darwin22/13/finclude]
  collapse include dir [/opt/homebrew/Cellar/gcc/13.1.0/bin/../lib/gcc/current/gcc/aarch64-apple-darwin22/13/include] ==> [/opt/homebrew/Cellar/gcc/13.1.0/lib/gcc/current/gcc/aarch64-apple-darwin22/13/include]
  collapse include dir [/opt/homebrew/Cellar/gcc/13.1.0/bin/../lib/gcc/current/gcc/aarch64-apple-darwin22/13/include-fixed] ==> [/opt/homebrew/Cellar/gcc/13.1.0/lib/gcc/current/gcc/aarch64-apple-darwin22/13/include-fixed]
  collapse include dir [/Applications/Xcode.app/Contents/Developer/Platforms/MacOSX.platform/Developer/SDKs/MacOSX14.0.sdk/usr/include] ==> [/Applications/Xcode.app/Contents/Developer/Platforms/MacOSX.platform/Developer/SDKs/MacOSX14.0.sdk/usr/include]
  implicit include dirs: [/opt/homebrew/Cellar/gcc/13.1.0/lib/gcc/current/gcc/aarch64-apple-darwin22/13/finclude;/opt/homebrew/Cellar/gcc/13.1.0/lib/gcc/current/gcc/aarch64-apple-darwin22/13/include;/opt/homebrew/Cellar/gcc/13.1.0/lib/gcc/current/gcc/aarch64-apple-darwin22/13/include-fixed;/Applications/Xcode.app/Contents/Developer/Platforms/MacOSX.platform/Developer/SDKs/MacOSX14.0.sdk/usr/include]


Parsed Fortran implicit link information from above output:
  link line regex: [^( *|.*[/\])(ld|CMAKE_LINK_STARTFILE-NOTFOUND|([^/\]+-)?ld|collect2)[^/\]*( |$)]
  ignore line: [Change Dir: /Users/schun/nektar/build/CMakeFiles/CheckFortran/CMakeFiles/CMakeTmp]
  ignore line: []
  ignore line: [Run Build Command(s):/opt/local/bin/gmake -f Makefile cmTC_afb20/fast && /opt/local/bin/gmake  -f CMakeFiles/cmTC_afb20.dir/build.make CMakeFiles/cmTC_afb20.dir/build]
  ignore line: [gmake[1]: Entering directory '/Users/schun/nektar/build/CMakeFiles/CheckFortran/CMakeFiles/CMakeTmp']
  ignore line: [Building Fortran object CMakeFiles/cmTC_afb20.dir/CMakeFortranCompilerABI.F90.o]
  ignore line: [/opt/homebrew/bin/gfortran   -isysroot /Applications/Xcode.app/Contents/Developer/Platforms/MacOSX.platform/Developer/SDKs/MacOSX14.0.sdk   -v -Wl -v -c /opt/local/share/cmake-3.24/Modules/CMakeFortranCompilerABI.F90 -o CMakeFiles/cmTC_afb20.dir/CMakeFortranCompilerABI.F90.o]
  ignore line: [Using built-in specs.]
  ignore line: [COLLECT_GCC=/opt/homebrew/bin/gfortran]
  ignore line: [Target: aarch64-apple-darwin22]
  ignore line: [Configured with: ../configure --prefix=/opt/homebrew/opt/gcc --libdir=/opt/homebrew/opt/gcc/lib/gcc/current --disable-nls --enable-checking=release --with-gcc-major-version-only --enable-languages=c c++ objc obj-c++ fortran --program-suffix=-13 --with-gmp=/opt/homebrew/opt/gmp --with-mpfr=/opt/homebrew/opt/mpfr --with-mpc=/opt/homebrew/opt/libmpc --with-isl=/opt/homebrew/opt/isl --with-zstd=/opt/homebrew/opt/zstd --with-pkgversion='Homebrew GCC 13.1.0' --with-bugurl=https://github.com/Homebrew/homebrew-core/issues --with-system-zlib --build=aarch64-apple-darwin22 --with-sysroot=/Library/Developer/CommandLineTools/SDKs/MacOSX13.sdk]
  ignore line: [Thread model: posix]
  ignore line: [Supported LTO compression algorithms: zlib zstd]
  ignore line: [gcc version 13.1.0 (Homebrew GCC 13.1.0) ]
  ignore line: [COLLECT_GCC_OPTIONS='-isysroot' '/Applications/Xcode.app/Contents/Developer/Platforms/MacOSX.platform/Developer/SDKs/MacOSX14.0.sdk' '-v' '-c' '-o' 'CMakeFiles/cmTC_afb20.dir/CMakeFortranCompilerABI.F90.o' '-mmacosx-version-min=14.0.0' '-asm_macosx_version_min=14.0' '-nodefaultexport' '-mlittle-endian' '-mabi=lp64' '-dumpdir' 'CMakeFiles/cmTC_afb20.dir/']
  ignore line: [ /opt/homebrew/Cellar/gcc/13.1.0/bin/../libexec/gcc/aarch64-apple-darwin22/13/f951 /opt/local/share/cmake-3.24/Modules/CMakeFortranCompilerABI.F90 -cpp=/var/folders/1c/n28hs3nn1595rcrvhk8k2tf00000gn/T//ccRmawHO.f90 -quiet -v -iprefix /opt/homebrew/Cellar/gcc/13.1.0/bin/../lib/gcc/current/gcc/aarch64-apple-darwin22/13/ -D__DYNAMIC__ -isysroot /Applications/Xcode.app/Contents/Developer/Platforms/MacOSX.platform/Developer/SDKs/MacOSX14.0.sdk /opt/local/share/cmake-3.24/Modules/CMakeFortranCompilerABI.F90 -fPIC -quiet -dumpdir CMakeFiles/cmTC_afb20.dir/ -dumpbase CMakeFortranCompilerABI.F90.F90 -dumpbase-ext .F90 -mmacosx-version-min=14.0.0 -mlittle-endian -mabi=lp64 -version -fintrinsic-modules-path /opt/homebrew/Cellar/gcc/13.1.0/bin/../lib/gcc/current/gcc/aarch64-apple-darwin22/13/finclude -o /var/folders/1c/n28hs3nn1595rcrvhk8k2tf00000gn/T//cczYzKvA.s]
  ignore line: [GNU Fortran (Homebrew GCC 13.1.0) version 13.1.0 (aarch64-apple-darwin22)]
  ignore line: [	compiled by GNU C version 13.1.0  GMP version 6.2.1  MPFR version 4.2.0-p4  MPC version 1.3.1  isl version isl-0.26-GMP]
  ignore line: []
  ignore line: [warning: MPFR header version 4.2.0-p4 differs from library version 4.2.0-p9.]
  ignore line: [GGC heuristics: --param ggc-min-expand=100 --param ggc-min-heapsize=131072]
  ignore line: [ignoring nonexistent directory "/opt/homebrew/Cellar/gcc/13.1.0/bin/../lib/gcc/current/gcc/aarch64-apple-darwin22/13/../../../../../../aarch64-apple-darwin22/include"]
  ignore line: [ignoring duplicate directory "/opt/homebrew/Cellar/gcc/13.1.0/bin/../lib/gcc/current/gcc/../../../../lib/gcc/current/gcc/aarch64-apple-darwin22/13/include"]
  ignore line: [ignoring nonexistent directory "/Applications/Xcode.app/Contents/Developer/Platforms/MacOSX.platform/Developer/SDKs/MacOSX14.0.sdk/usr/local/include"]
  ignore line: [ignoring duplicate directory "/opt/homebrew/Cellar/gcc/13.1.0/bin/../lib/gcc/current/gcc/../../../../lib/gcc/current/gcc/aarch64-apple-darwin22/13/include-fixed"]
  ignore line: [ignoring nonexistent directory "/opt/homebrew/Cellar/gcc/13.1.0/bin/../lib/gcc/current/gcc/../../../../lib/gcc/current/gcc/aarch64-apple-darwin22/13/../../../../../../aarch64-apple-darwin22/include"]
  ignore line: [#include "..." search starts here:]
  ignore line: [#include <...> search starts here:]
  ignore line: [ /opt/homebrew/Cellar/gcc/13.1.0/bin/../lib/gcc/current/gcc/aarch64-apple-darwin22/13/finclude]
  ignore line: [ /opt/homebrew/Cellar/gcc/13.1.0/bin/../lib/gcc/current/gcc/aarch64-apple-darwin22/13/include]
  ignore line: [ /opt/homebrew/Cellar/gcc/13.1.0/bin/../lib/gcc/current/gcc/aarch64-apple-darwin22/13/include-fixed]
  ignore line: [ /Applications/Xcode.app/Contents/Developer/Platforms/MacOSX.platform/Developer/SDKs/MacOSX14.0.sdk/usr/include]
  ignore line: [End of search list.]
  ignore line: [COLLECT_GCC_OPTIONS='-isysroot' '/Applications/Xcode.app/Contents/Developer/Platforms/MacOSX.platform/Developer/SDKs/MacOSX14.0.sdk' '-v' '-c' '-o' 'CMakeFiles/cmTC_afb20.dir/CMakeFortranCompilerABI.F90.o' '-mmacosx-version-min=14.0.0'  '-nodefaultexport' '-mlittle-endian' '-mabi=lp64' '-dumpdir' 'CMakeFiles/cmTC_afb20.dir/']
  ignore line: [ as -arch arm64 -v -mmacosx-version-min=14.0 -o CMakeFiles/cmTC_afb20.dir/CMakeFortranCompilerABI.F90.o /var/folders/1c/n28hs3nn1595rcrvhk8k2tf00000gn/T//cczYzKvA.s]
  ignore line: [Apple clang version 15.0.0 (clang-1500.0.40.1)]
  ignore line: [Target: arm64-apple-darwin23.0.0]
  ignore line: [Thread model: posix]
  ignore line: [InstalledDir: /Applications/Xcode.app/Contents/Developer/Toolchains/XcodeDefault.xctoolchain/usr/bin]
  ignore line: [ "/Applications/Xcode.app/Contents/Developer/Toolchains/XcodeDefault.xctoolchain/usr/bin/clang" -cc1as -triple arm64-apple-macosx14.0.0 -filetype obj -main-file-name cczYzKvA.s -target-cpu apple-m1 -target-feature +v8.5a -target-feature +crc -target-feature +lse -target-feature +rdm -target-feature +crypto -target-feature +dotprod -target-feature +fp-armv8 -target-feature +neon -target-feature +fp16fml -target-feature +ras -target-feature +rcpc -target-feature +zcm -target-feature +zcz -target-feature +fullfp16 -target-feature +sm4 -target-feature +sha3 -target-feature +sha2 -target-feature +aes -fdebug-compilation-dir=/Users/schun/nektar/build/CMakeFiles/CheckFortran/CMakeFiles/CMakeTmp -dwarf-debug-producer "Apple clang version 15.0.0 (clang-1500.0.40.1)" -dwarf-version=4 -mrelocation-model pic --mrelax-relocations -mllvm -disable-aligned-alloc-awareness=1 -o CMakeFiles/cmTC_afb20.dir/CMakeFortranCompilerABI.F90.o /var/folders/1c/n28hs3nn1595rcrvhk8k2tf00000gn/T//cczYzKvA.s]
  ignore line: [COMPILER_PATH=/opt/homebrew/Cellar/gcc/13.1.0/bin/../libexec/gcc/aarch64-apple-darwin22/13/:/opt/homebrew/Cellar/gcc/13.1.0/bin/../libexec/gcc/]
  ignore line: [LIBRARY_PATH=/opt/homebrew/Cellar/gcc/13.1.0/bin/../lib/gcc/current/gcc/aarch64-apple-darwin22/13/:/opt/homebrew/Cellar/gcc/13.1.0/bin/../lib/gcc/current/gcc/:/opt/homebrew/Cellar/gcc/13.1.0/bin/../lib/gcc/current/gcc/aarch64-apple-darwin22/13/../../../]
  ignore line: [COLLECT_GCC_OPTIONS='-isysroot' '/Applications/Xcode.app/Contents/Developer/Platforms/MacOSX.platform/Developer/SDKs/MacOSX14.0.sdk' '-v' '-c' '-o' 'CMakeFiles/cmTC_afb20.dir/CMakeFortranCompilerABI.F90.o' '-mmacosx-version-min=14.0.0'  '-nodefaultexport' '-mlittle-endian' '-mabi=lp64' '-dumpdir' 'CMakeFiles/cmTC_afb20.dir/CMakeFortranCompilerABI.F90.']
  ignore line: [Linking Fortran executable cmTC_afb20]
  ignore line: [/opt/local/bin/cmake -E cmake_link_script CMakeFiles/cmTC_afb20.dir/link.txt --verbose=1]
  ignore line: [/opt/homebrew/bin/gfortran  -v -Wl -v  -isysroot /Applications/Xcode.app/Contents/Developer/Platforms/MacOSX.platform/Developer/SDKs/MacOSX14.0.sdk CMakeFiles/cmTC_afb20.dir/CMakeFortranCompilerABI.F90.o -o cmTC_afb20 ]
  ignore line: [Driving: /opt/homebrew/bin/gfortran -v -Wl -v -isysroot /Applications/Xcode.app/Contents/Developer/Platforms/MacOSX.platform/Developer/SDKs/MacOSX14.0.sdk CMakeFiles/cmTC_afb20.dir/CMakeFortranCompilerABI.F90.o -o cmTC_afb20 -mmacosx-version-min=14.0.0 -asm_macosx_version_min=14.0 -nodefaultexport -l gfortran]
  ignore line: [Using built-in specs.]
  ignore line: [COLLECT_GCC=/opt/homebrew/bin/gfortran]
  ignore line: [COLLECT_LTO_WRAPPER=/opt/homebrew/Cellar/gcc/13.1.0/bin/../libexec/gcc/aarch64-apple-darwin22/13/lto-wrapper]
  ignore line: [Target: aarch64-apple-darwin22]
  ignore line: [Configured with: ../configure --prefix=/opt/homebrew/opt/gcc --libdir=/opt/homebrew/opt/gcc/lib/gcc/current --disable-nls --enable-checking=release --with-gcc-major-version-only --enable-languages=c c++ objc obj-c++ fortran --program-suffix=-13 --with-gmp=/opt/homebrew/opt/gmp --with-mpfr=/opt/homebrew/opt/mpfr --with-mpc=/opt/homebrew/opt/libmpc --with-isl=/opt/homebrew/opt/isl --with-zstd=/opt/homebrew/opt/zstd --with-pkgversion='Homebrew GCC 13.1.0' --with-bugurl=https://github.com/Homebrew/homebrew-core/issues --with-system-zlib --build=aarch64-apple-darwin22 --with-sysroot=/Library/Developer/CommandLineTools/SDKs/MacOSX13.sdk]
  ignore line: [Thread model: posix]
  ignore line: [Supported LTO compression algorithms: zlib zstd]
  ignore line: [gcc version 13.1.0 (Homebrew GCC 13.1.0) ]
  ignore line: [Reading specs from /opt/homebrew/Cellar/gcc/13.1.0/bin/../lib/gcc/current/gcc/aarch64-apple-darwin22/13/../../../libgfortran.spec]
  ignore line: [rename spec lib to liborig]
  ignore line: [COLLECT_GCC_OPTIONS='-v' '-isysroot' '/Applications/Xcode.app/Contents/Developer/Platforms/MacOSX.platform/Developer/SDKs/MacOSX14.0.sdk' '-o' 'cmTC_afb20' '-mmacosx-version-min=14.0.0' '-asm_macosx_version_min=14.0' '-nodefaultexport' '-mlittle-endian' '-mabi=lp64' '-dumpdir' 'cmTC_afb20-']
  ignore line: [COMPILER_PATH=/opt/homebrew/Cellar/gcc/13.1.0/bin/../libexec/gcc/aarch64-apple-darwin22/13/:/opt/homebrew/Cellar/gcc/13.1.0/bin/../libexec/gcc/]
  ignore line: [LIBRARY_PATH=/opt/homebrew/Cellar/gcc/13.1.0/bin/../lib/gcc/current/gcc/aarch64-apple-darwin22/13/:/opt/homebrew/Cellar/gcc/13.1.0/bin/../lib/gcc/current/gcc/:/opt/homebrew/Cellar/gcc/13.1.0/bin/../lib/gcc/current/gcc/aarch64-apple-darwin22/13/../../../]
  ignore line: [COLLECT_GCC_OPTIONS='-v' '-isysroot' '/Applications/Xcode.app/Contents/Developer/Platforms/MacOSX.platform/Developer/SDKs/MacOSX14.0.sdk' '-o' 'cmTC_afb20' '-mmacosx-version-min=14.0.0' '-asm_macosx_version_min=14.0' '-nodefaultexport' '-mlittle-endian' '-mabi=lp64' '-dumpdir' 'cmTC_afb20.']
  link line: [ /opt/homebrew/Cellar/gcc/13.1.0/bin/../libexec/gcc/aarch64-apple-darwin22/13/collect2 -dynamic -arch arm64 -syslibroot /Applications/Xcode.app/Contents/Developer/Platforms/MacOSX.platform/Developer/SDKs/MacOSX14.0.sdk -macosx_version_min 14.0.0 -o cmTC_afb20 -L/opt/homebrew/Cellar/gcc/13.1.0/bin/../lib/gcc/current/gcc/aarch64-apple-darwin22/13 -L/opt/homebrew/Cellar/gcc/13.1.0/bin/../lib/gcc/current/gcc -L/opt/homebrew/Cellar/gcc/13.1.0/bin/../lib/gcc/current/gcc/aarch64-apple-darwin22/13/../../.. -v CMakeFiles/cmTC_afb20.dir/CMakeFortranCompilerABI.F90.o -lgfortran -lemutls_w -lgcc -lquadmath -lemutls_w -lgcc -lSystem -lgcc -no_compact_unwind -rpath @loader_path -rpath /opt/homebrew/Cellar/gcc/13.1.0/lib/gcc/current/gcc/aarch64-apple-darwin22/13 -rpath /opt/homebrew/Cellar/gcc/13.1.0/lib/gcc/current/gcc -rpath /opt/homebrew/Cellar/gcc/13.1.0/lib/gcc/current]
    arg [/opt/homebrew/Cellar/gcc/13.1.0/bin/../libexec/gcc/aarch64-apple-darwin22/13/collect2] ==> ignore
    arg [-dynamic] ==> ignore
    arg [-arch] ==> ignore
    arg [arm64] ==> ignore
    arg [-syslibroot] ==> ignore
    arg [/Applications/Xcode.app/Contents/Developer/Platforms/MacOSX.platform/Developer/SDKs/MacOSX14.0.sdk] ==> ignore
    arg [-macosx_version_min] ==> ignore
    arg [14.0.0] ==> ignore
    arg [-o] ==> ignore
    arg [cmTC_afb20] ==> ignore
    arg [-L/opt/homebrew/Cellar/gcc/13.1.0/bin/../lib/gcc/current/gcc/aarch64-apple-darwin22/13] ==> dir [/opt/homebrew/Cellar/gcc/13.1.0/bin/../lib/gcc/current/gcc/aarch64-apple-darwin22/13]
    arg [-L/opt/homebrew/Cellar/gcc/13.1.0/bin/../lib/gcc/current/gcc] ==> dir [/opt/homebrew/Cellar/gcc/13.1.0/bin/../lib/gcc/current/gcc]
    arg [-L/opt/homebrew/Cellar/gcc/13.1.0/bin/../lib/gcc/current/gcc/aarch64-apple-darwin22/13/../../..] ==> dir [/opt/homebrew/Cellar/gcc/13.1.0/bin/../lib/gcc/current/gcc/aarch64-apple-darwin22/13/../../..]
    arg [-v] ==> ignore
    arg [CMakeFiles/cmTC_afb20.dir/CMakeFortranCompilerABI.F90.o] ==> ignore
    arg [-lgfortran] ==> lib [gfortran]
    arg [-lemutls_w] ==> lib [emutls_w]
    arg [-lgcc] ==> lib [gcc]
    arg [-lquadmath] ==> lib [quadmath]
    arg [-lemutls_w] ==> lib [emutls_w]
    arg [-lgcc] ==> lib [gcc]
    arg [-lSystem] ==> lib [System]
    arg [-lgcc] ==> lib [gcc]
    arg [-no_compact_unwind] ==> ignore
    arg [-rpath] ==> ignore
    arg [@loader_path] ==> ignore
    arg [-rpath] ==> ignore
    arg [/opt/homebrew/Cellar/gcc/13.1.0/lib/gcc/current/gcc/aarch64-apple-darwin22/13] ==> ignore
    arg [-rpath] ==> ignore
    arg [/opt/homebrew/Cellar/gcc/13.1.0/lib/gcc/current/gcc] ==> ignore
    arg [-rpath] ==> ignore
    arg [/opt/homebrew/Cellar/gcc/13.1.0/lib/gcc/current] ==> ignore
  Library search paths: [;/opt/homebrew/Cellar/gcc/13.1.0/bin/../lib/gcc/current/gcc/aarch64-apple-darwin22/13;/opt/homebrew/Cellar/gcc/13.1.0/bin/../lib/gcc/current/gcc;/opt/homebrew/Cellar/gcc/13.1.0/bin/../lib/gcc/current/gcc/aarch64-apple-darwin22/13/../../..]
  remove lib [System]
  collapse library dir [/opt/homebrew/Cellar/gcc/13.1.0/bin/../lib/gcc/current/gcc/aarch64-apple-darwin22/13] ==> [/opt/homebrew/Cellar/gcc/13.1.0/lib/gcc/current/gcc/aarch64-apple-darwin22/13]
  collapse library dir [/opt/homebrew/Cellar/gcc/13.1.0/bin/../lib/gcc/current/gcc] ==> [/opt/homebrew/Cellar/gcc/13.1.0/lib/gcc/current/gcc]
  collapse library dir [/opt/homebrew/Cellar/gcc/13.1.0/bin/../lib/gcc/current/gcc/aarch64-apple-darwin22/13/../../..] ==> [/opt/homebrew/Cellar/gcc/13.1.0/lib/gcc/current]
  collapse library dir [/opt/homebrew/Cellar/gcc/13.1.0/bin/../lib/gcc/current/gcc/aarch64-apple-darwin22/13] ==> [/opt/homebrew/Cellar/gcc/13.1.0/lib/gcc/current/gcc/aarch64-apple-darwin22/13]
  collapse library dir [/opt/homebrew/Cellar/gcc/13.1.0/bin/../lib/gcc/current/gcc] ==> [/opt/homebrew/Cellar/gcc/13.1.0/lib/gcc/current/gcc]
  collapse library dir [/opt/homebrew/Cellar/gcc/13.1.0/bin/../lib/gcc/current/gcc/aarch64-apple-darwin22/13/../../..] ==> [/opt/homebrew/Cellar/gcc/13.1.0/lib/gcc/current]
  implicit libs: [gfortran;emutls_w;gcc;quadmath;emutls_w;gcc;gcc]
  implicit objs: []
  implicit dirs: [/opt/homebrew/Cellar/gcc/13.1.0/lib/gcc/current/gcc/aarch64-apple-darwin22/13;/opt/homebrew/Cellar/gcc/13.1.0/lib/gcc/current/gcc;/opt/homebrew/Cellar/gcc/13.1.0/lib/gcc/current]
  implicit fwks: []


