Total 392460 grid points have been flipped
SetUp 2D MF: ***********************************************************
LOCAL construction for 39388 elements, adapated from MF1 = 12859, MF2 = 12890, MF3 = 13639
*** 1st Moving frames are in unit length ***
*** 2nd Moving frames are in unit length ***
*** Moving frames are Orthogonal
*** MF 0 = ( 0.633851 , 0.516989 , 0.575287 ) 
*** MF 1 = ( 0.615276 , 0.530049 , 0.58351 ) 
*** MF 2 = ( 0.468689 , 0.672139 , 0.573202 ) 
============ End of MMFInitObect ============
k = 0, m_varcoeff = ( 0.633851 , 0.516989 , 0.575287 , 3.74423e-15 , 1 ) 
k = 1, m_varcoeff = ( 0.615276 , 0.530049 , 0.58351 , 3.68023e-15 , 1 ) 
k = 2, m_varcoeff = ( 0.468689 , 0.672139 , 0.573202 , 1.15316e-15 , 1 ) 
 ::::: 2D Varcoeff is Successfully Created ::::: 

=======================================================================
	        EquationType: MMFCardiacEP
	        Session Name: CRatriumISOTM
	        Spatial Dim.: 3
	  Max SEM Exp. Order: 4
	      Expansion Dim.: 2
	     Projection Type: Discontinuous Galerkin
	 Advect. advancement: explicit
	Diffuse. advancement: implicit
	           Time Step: 0.02
	        No. of Steps: 5000
	 Checkpoints (steps): 500
	    Integration Type: IMEX
	             Surface: Atrium
	           DerivType: Euclidean
	          MediumType: Isotropy
	              MMFdir: LOCAL
	    SolverSchemeType: Default
	             TimeMap: Activated
	        TimeMapStart: 0
	          TimeMapEnd: 10000
	    AnisotropyRegion: 1000000
	  AnisotropyStrength: 4
	          TimeMapEnd: 10000
	          Cell model: CourtemancheRamirezNattel98
	     Cell model var.: Original
=======================================================================
Initial Conditions:
  - Field u: -81.0
total 787760 / 787760 is init-Acitvated
Initial: max u = -31
Writing: "CRatriumISOTM_initial.chk"
 (0s, XML)
xmax = 33.5879, xmin = -76.6759, ymax = 42.5444, ymin = -24.806
Steps: 500      Time: 10          
 CPU Time: 45.6011 min.
u_max = 9.54219 at x = -32.7827, y = 10.4419, z = 11.2643
u_min = -85.7296 at x = -60.2808, y = -14.0456, z = 11.3076
Writing: "CRatriumISOTM_TimeMap_1.chk"
 (0s, XML)
Time Map: Max = 0, Min = 0
Writing: "CRatriumISOTM_1.chk"
 (0s, XML)
Steps: 1000     Time: 20          
 CPU Time: 44.4897 min.
u_max = 10.6403 at x = -45.6752, y = 23.0626, z = -3.98432
u_min = -84.4434 at x = -60.2808, y = -14.0456, z = 11.3076
Writing: "CRatriumISOTM_TimeMap_2.chk"
 (0s, XML)
Time Map: Max = 0, Min = 0
Writing: "CRatriumISOTM_2.chk"
 (0s, XML)
Steps: 1500     Time: 30          
 CPU Time: 44.1562 min.
u_max = 19.7364 at x = -61.7885, y = 10.469, z = 23.5035
u_min = -83.4251 at x = -60.2808, y = -14.0456, z = 11.3076
Writing: "CRatriumISOTM_TimeMap_3.chk"
 (0s, XML)
Time Map: Max = 0, Min = 0
Writing: "CRatriumISOTM_3.chk"
 (0s, XML)
Steps: 2000     Time: 40          
 CPU Time: 43.5457 min.
u_max = 26.6508 at x = -58.7013, y = -21.9531, z = 17.297
u_min = -81.3504 at x = -54.7544, y = -10.8437, z = -5.57871
Writing: "CRatriumISOTM_TimeMap_4.chk"
 (0s, XML)
Time Map: Max = 0, Min = 0
Writing: "CRatriumISOTM_4.chk"
 (0s, XML)
Steps: 2500     Time: 50          
 CPU Time: 35.4735 min.
u_max = 13.1661 at x = -48.3017, y = -5.99696, z = -27.1985
u_min = -81.1381 at x = -44.8391, y = -3.78404, z = -36.6077
Writing: "CRatriumISOTM_TimeMap_5.chk"
 (0s, XML)
Time Map: Max = 0, Min = 0
Writing: "CRatriumISOTM_5.chk"
 (0s, XML)
Steps: 3000     Time: 60          
 CPU Time: 40.8827 min.
u_max = -7.75231 at x = -44.8391, y = -3.78404, z = -36.6077
u_min = -14.5208 at x = -60.2808, y = -14.0456, z = 11.3076
Writing: "CRatriumISOTM_TimeMap_6.chk"
 (0s, XML)
Time Map: Max = 0, Min = 0
Writing: "CRatriumISOTM_6.chk"
 (0s, XML)
Steps: 3500     Time: 70          
 CPU Time: 41.5813 min.
u_max = -9.34278 at x = -11.4327, y = 18.8401, z = 3.16775
u_min = -14.4905 at x = -60.9266, y = -6.98093, z = -4.28251
Writing: "CRatriumISOTM_TimeMap_7.chk"
 (0s, XML)
Time Map: Max = 0, Min = 0
Writing: "CRatriumISOTM_7.chk"
 (0s, XML)
Steps: 4000     Time: 80          
 CPU Time: 41.6439 min.
u_max = -8.64924 at x = -17.5952, y = 21.4575, z = 0.596824
u_min = -14.3367 at x = -44.8391, y = -3.78404, z = -36.6077
Writing: "CRatriumISOTM_TimeMap_8.chk"
 (0s, XML)
Time Map: Max = 0, Min = 0
Writing: "CRatriumISOTM_8.chk"
 (0s, XML)
Steps: 4500     Time: 90          
 CPU Time: 41.551 min.
u_max = -8.29232 at x = -19.0497, y = 23.6599, z = -3.13413
u_min = -13.2296 at x = -44.8391, y = -3.78404, z = -36.6077
Writing: "CRatriumISOTM_TimeMap_9.chk"
 (0s, XML)
Time Map: Max = 0, Min = 0
Writing: "CRatriumISOTM_9.chk"
 (0s, XML)
Steps: 5000     Time: 100         
 CPU Time: 41.4997 min.
u_max = -8.16586 at x = 19.1897, y = 18.6783, z = 19.951
u_min = -11.6208 at x = -44.8391, y = -3.78404, z = -36.6077
Writing: "CRatriumISOTM_TimeMap_10.chk"
 (0s, XML)
Time Map: Max = 0, Min = 0
Writing: "CRatriumISOTM_10.chk"
 (0s, XML)
Time-integration  : 25230.4s
Writing: "CRatriumISOTM.fld"
 (0s, XML)
-------------------------------------------
Total Computation Time = 26583.9s
-------------------------------------------
L 2 error (variable u) : 1187.46
L inf error (variable u) : 11.6175
