Anisotropy = [ 1 , 2 ] 

MMFInitObejct Starts: ==============================================
MMFActivation = 14196 /  14196 ( 100 % ) 
*** 1st Moving frames are NOT in unit length, Avg mag. = 1.06588 *** 
*** 2nd Moving frames are in unit length ***
*** Moving frames are Orthogonal
*** MF 0 = ( 1.06588 , 0 , 0 ) 
*** MF 1 = ( 0 , 1 , 0 ) 
*** MF 2 = ( 0 , 0 , 1 ) 
MMFInitObject is done ==============================================

k = 0, m_varcoeff = ( 1.06588 , 0 , 0 , 1.1728e-14 , 1.18671 ) 
k = 1, m_varcoeff = ( 0 , 1 , 0 , 8.31529e-15 , 1 ) 
k = 2, m_varcoeff = ( 0 , 0 , 1 , 0 , 1 ) 
 ::::: 2D Varcoeff is Successfully Created ::::: 

=======================================================================
	        EquationType: MMFCardiacEP
	        Session Name: CardiacTimeMapLineX4
	        Spatial Dim.: 3
	  Max SEM Exp. Order: 6
	      Expansion Dim.: 2
	     Projection Type: Continuous Galerkin
	 Advect. advancement: explicit
	Diffuse. advancement: implicit
	           Time Step: 0.001
	        No. of Steps: 100000
	 Checkpoints (steps): 10000
	    Integration Type: IMEX
	             Surface: Plane
	           DerivType: Euclidean
	              MMFdir: TangentX
	    SolverSchemeType: MMFZero
	       TimeMapScheme: 0
	        TimeMapStart: 0
	          TimeMapEnd: 10000
	      AniRegionStart: 146
	        AniRegionEnd: 192
	  AnisotropyStrength: 4
	               urest: 0
	          Cell model: Aliev-Panfilov
	                   k: 8
	                   a: 0.15
	                 eps: 0.002
	                 mu1: 0.2
	                 mu2: 0.3
=======================================================================
Initial Conditions:
  - Field u: 0 (default)
Writing: "CardiacTimeMapLineX4_initialcondition.chk"
 (0.004388s, XML)
ValidTimeMap = 2184 / 14196 ( 15.3846 % ) is De-Acitvated
Initial: u = 1.2867, max u = 4.3515
Writing: "CardiacTimeMapLineX4_initial.chk"
 (0.00387s, XML)
xmax = 40, xmin = -40, ymax = 1, ymin = -1
Steps: 10000    Time: 10          
 CPU Time: 1.62913 min.
u_max = 0.996267 at x = -18.9209, y = -0.668304, z = 0
u_min = 2.74959e-47 at x = 40, y = -1, z = 0
Writing: "CardiacTimeMapLineX4_TimeMap_1.chk"
 (0.019736s, XML)
Time Map: Max = 9.98765, Min = 0, vel mag max = 220.766
Writing: "CardiacTimeMapLineX4_1.chk"
 (0.003882s, XML)
Steps: 20000    Time: 20          
 CPU Time: 1.62724 min.
u_max = 0.995788 at x = -5.15398, y = 0.651457, z = 0
u_min = 1.93693e-33 at x = 40, y = -1, z = 0
Writing: "CardiacTimeMapLineX4_TimeMap_2.chk"
 (0.022841s, XML)
Time Map: Max = 19.9965, Min = 0, vel mag max = 3630.54
Writing: "CardiacTimeMapLineX4_2.chk"
 (0.004097s, XML)
Steps: 30000    Time: 30          
 CPU Time: 1.6277 min.
u_max = 0.996267 at x = 11.8672, y = 0.733192, z = 0
u_min = 1.83025e-21 at x = 40, y = -1, z = 0
Writing: "CardiacTimeMapLineX4_TimeMap_3.chk"
 (0.02022s, XML)
Time Map: Max = 29.999, Min = 0, vel mag max = 930.374
Writing: "CardiacTimeMapLineX4_3.chk"
 (0.004169s, XML)
Steps: 40000    Time: 40          
 CPU Time: 1.62801 min.
u_max = 0.996267 at x = 25.8137, y = 0.464318, z = 0
u_min = 2.82761e-09 at x = 40, y = -1, z = 0
Writing: "CardiacTimeMapLineX4_TimeMap_4.chk"
 (0.020254s, XML)
Time Map: Max = 39.9955, Min = 0, vel mag max = 962.307
Writing: "CardiacTimeMapLineX4_4.chk"
 (0.004123s, XML)
Steps: 50000    Time: 50          
 CPU Time: 1.6298 min.
u_max = 0.997113 at x = 40, y = -1, z = 0
u_min = 2.35733e-14 at x = -40, y = 1, z = 0
Writing: "CardiacTimeMapLineX4_TimeMap_5.chk"
 (0.020584s, XML)
Time Map: Max = 46.7441, Min = 0, vel mag max = 1.04603
Writing: "CardiacTimeMapLineX4_5.chk"
 (0.004102s, XML)
Steps: 60000    Time: 60          
 CPU Time: 1.62784 min.
u_max = 0.969981 at x = 40, y = -1, z = 0
u_min = 1.70888e-18 at x = -40, y = 1, z = 0
Writing: "CardiacTimeMapLineX4_TimeMap_6.chk"
 (0.020209s, XML)
Time Map: Max = 46.7441, Min = 0, vel mag max = 1.04603
Writing: "CardiacTimeMapLineX4_6.chk"
 (0.004161s, XML)
Steps: 70000    Time: 70          
 CPU Time: 1.62785 min.
u_max = 0.536745 at x = 40, y = -1, z = 0
u_min = 4.13634e-22 at x = -40, y = 1, z = 0
Writing: "CardiacTimeMapLineX4_TimeMap_7.chk"
 (0.02017s, XML)
Time Map: Max = 46.7441, Min = 0, vel mag max = 1.04603
Writing: "CardiacTimeMapLineX4_7.chk"
 (0.004149s, XML)
Steps: 80000    Time: 80          
 CPU Time: 1.62987 min.
u_max = 3.36898e-08 at x = 40, y = -1, z = 0
u_min = 8.24966e-26 at x = -40, y = 1, z = 0
Writing: "CardiacTimeMapLineX4_TimeMap_8.chk"
 (0.020175s, XML)
Time Map: Max = 46.7441, Min = 0, vel mag max = 1.04603
Writing: "CardiacTimeMapLineX4_8.chk"
 (0.004223s, XML)
Steps: 90000    Time: 90          
 CPU Time: 1.62843 min.
u_max = 6.25218e-14 at x = 40, y = -1, z = 0
u_min = 1.52746e-29 at x = -40, y = 1, z = 0
Writing: "CardiacTimeMapLineX4_TimeMap_9.chk"
 (0.023221s, XML)
Time Map: Max = 46.7441, Min = 0, vel mag max = 1.04603
Writing: "CardiacTimeMapLineX4_9.chk"
 (0.00418s, XML)
Steps: 100000   Time: 100         
 CPU Time: 1.63121 min.
u_max = 1.91351e-19 at x = 40, y = -1, z = 0
u_min = 3.09659e-33 at x = -40, y = 1, z = 0
Writing: "CardiacTimeMapLineX4_TimeMap_10.chk"
 (0.023179s, XML)
Time Map: Max = 46.7441, Min = 0, vel mag max = 1.04603
Writing: "CardiacTimeMapLineX4_10.chk"
 (0.003939s, XML)
Time-integration  : 977.225s
Writing: "CardiacTimeMapLineX4.fld"
 (0.003888s, XML)
-------------------------------------------
Total Computation Time = 9851.8s
-------------------------------------------
L 2 error (variable u) : 0
L inf error (variable u) : 1.91351e-19
