Anisotropy = [ 1 , 1 ] 

MMFInitObejct Starts: ==============================================
MMFActivation = 14196 /  14196 ( 100 % ) 
*** 1st Moving frames are in unit length ***
*** 2nd Moving frames are in unit length ***
*** Moving frames are Orthogonal
*** MF 0 = ( 1 , 0 , 0 ) 
*** MF 1 = ( 0 , 1 , 0 ) 
*** MF 2 = ( 0 , 0 , 1 ) 
MMFInitObject is done ==============================================

k = 0, m_varcoeff = ( 1 , 0 , 0 , 1.04436e-14 , 1 ) 
k = 1, m_varcoeff = ( 0 , 1 , 0 , 8.31529e-15 , 1 ) 
k = 2, m_varcoeff = ( 0 , 0 , 1 , 0 , 1 ) 
 ::::: 2D Varcoeff is Successfully Created ::::: 

=======================================================================
	        EquationType: MMFCardiacEP
	        Session Name: CardiacTimeMapLineX1
	        Spatial Dim.: 3
	  Max SEM Exp. Order: 6
	      Expansion Dim.: 2
	     Projection Type: Continuous Galerkin
	 Advect. advancement: explicit
	Diffuse. advancement: implicit
	           Time Step: 0.001
	        No. of Steps: 100000
	 Checkpoints (steps): 10000
	    Integration Type: IMEX
	             Surface: Plane
	           DerivType: Euclidean
	              MMFdir: TangentX
	    SolverSchemeType: MMFZero
	       TimeMapScheme: 0
	        TimeMapStart: 0
	          TimeMapEnd: 10000
	      AniRegionStart: 146
	        AniRegionEnd: 192
	  AnisotropyStrength: 1
	               urest: 0
	          Cell model: Aliev-Panfilov
	                   k: 8
	                   a: 0.15
	                 eps: 0.002
	                 mu1: 0.2
	                 mu2: 0.3
=======================================================================
Initial Conditions:
  - Field u: 0 (default)
Writing: "CardiacTimeMapLineX1_initialcondition.chk"
 (0.004594s, XML)
ValidTimeMap = 2184 / 14196 ( 15.3846 % ) is De-Acitvated
Initial: u = 1.2867, max u = 4.3515
Writing: "CardiacTimeMapLineX1_initial.chk"
 (0.003897s, XML)
xmax = 40, xmin = -40, ymax = 1, ymin = -1
Steps: 10000    Time: 10          
 CPU Time: 1.62143 min.
u_max = 0.996267 at x = -18.9209, y = -0.668304, z = 0
u_min = 1.60125e-50 at x = 40, y = -1, z = 0
Writing: "CardiacTimeMapLineX1_TimeMap_1.chk"
 (0.019675s, XML)
Time Map: Max = 9.98765, Min = 0, vel mag max = 220.766
Writing: "CardiacTimeMapLineX1_1.chk"
 (0.004045s, XML)
Steps: 20000    Time: 20          
 CPU Time: 1.62097 min.
u_max = 0.996266 at x = -4.95078, y = -0.49338, z = 0
u_min = 5.67756e-36 at x = 40, y = -1, z = 0
Writing: "CardiacTimeMapLineX1_TimeMap_2.chk"
 (0.023111s, XML)
Time Map: Max = 19.9886, Min = 0, vel mag max = 449.708
Writing: "CardiacTimeMapLineX1_2.chk"
 (0.004249s, XML)
Steps: 30000    Time: 30          
 CPU Time: 1.61847 min.
u_max = 0.996267 at x = 9, y = -1, z = 0
u_min = 7.44738e-24 at x = 40, y = -1, z = 0
Writing: "CardiacTimeMapLineX1_TimeMap_3.chk"
 (0.020244s, XML)
Time Map: Max = 29.9995, Min = 0, vel mag max = 1385.66
Writing: "CardiacTimeMapLineX1_3.chk"
 (0.003899s, XML)
Steps: 40000    Time: 40          
 CPU Time: 1.61884 min.
u_max = 0.996267 at x = 22.9647, y = 0.542768, z = 0
u_min = 9.58168e-12 at x = 40, y = -1, z = 0
Writing: "CardiacTimeMapLineX1_TimeMap_4.chk"
 (0.020314s, XML)
Time Map: Max = 39.995, Min = 0, vel mag max = 914.081
Writing: "CardiacTimeMapLineX1_4.chk"
 (0.003909s, XML)
Steps: 50000    Time: 50          
 CPU Time: 1.61776 min.
u_max = 0.998331 at x = 40, y = -1, z = 0
u_min = 2.35737e-14 at x = -40, y = 1, z = 0
Writing: "CardiacTimeMapLineX1_TimeMap_5.chk"
 (0.023465s, XML)
Time Map: Max = 48.7837, Min = 0, vel mag max = 0.731096
Writing: "CardiacTimeMapLineX1_5.chk"
 (0.004155s, XML)
Steps: 60000    Time: 60          
 CPU Time: 1.6159 min.
u_max = 0.980434 at x = 40, y = -1, z = 0
u_min = 1.69203e-18 at x = -40, y = 1, z = 0
Writing: "CardiacTimeMapLineX1_TimeMap_6.chk"
 (0.020295s, XML)
Time Map: Max = 48.7837, Min = 0, vel mag max = 0.731096
Writing: "CardiacTimeMapLineX1_6.chk"
 (0.003872s, XML)
Steps: 70000    Time: 70          
 CPU Time: 1.61541 min.
u_max = 0.811538 at x = 40, y = -1, z = 0
u_min = 3.40786e-22 at x = -40, y = 1, z = 0
Writing: "CardiacTimeMapLineX1_TimeMap_7.chk"
 (0.020565s, XML)
Time Map: Max = 48.7837, Min = 0, vel mag max = 0.731096
Writing: "CardiacTimeMapLineX1_7.chk"
 (0.003901s, XML)
Steps: 80000    Time: 80          
 CPU Time: 1.62071 min.
u_max = 5.81594e-07 at x = 40, y = -1, z = 0
u_min = 7.00848e-26 at x = -40, y = 1, z = 0
Writing: "CardiacTimeMapLineX1_TimeMap_8.chk"
 (0.020644s, XML)
Time Map: Max = 48.7837, Min = 0, vel mag max = 0.731096
Writing: "CardiacTimeMapLineX1_8.chk"
 (0.004062s, XML)
Steps: 90000    Time: 90          
 CPU Time: 1.61999 min.
u_max = 8.69635e-13 at x = 40, y = -1, z = 0
u_min = 1.45069e-29 at x = -40, y = 1, z = 0
Writing: "CardiacTimeMapLineX1_TimeMap_9.chk"
 (0.020505s, XML)
Time Map: Max = 48.7837, Min = 0, vel mag max = 0.731096
Writing: "CardiacTimeMapLineX1_9.chk"
 (0.003858s, XML)
Steps: 100000   Time: 100         
 CPU Time: 1.61858 min.
u_max = 2.497e-18 at x = 40, y = -1, z = 0
u_min = 3.02822e-33 at x = -40, y = 1, z = 0
Writing: "CardiacTimeMapLineX1_TimeMap_10.chk"
 (0.022312s, XML)
Time Map: Max = 48.7837, Min = 0, vel mag max = 0.731096
Writing: "CardiacTimeMapLineX1_10.chk"
 (0.003858s, XML)
Time-integration  : 971.283s
Writing: "CardiacTimeMapLineX1.fld"
 (0.003714s, XML)
-------------------------------------------
Total Computation Time = 9877.98s
-------------------------------------------
L 2 error (variable u) : 0
L inf error (variable u) : 2.497e-18
