MMFActivation = 57120 / 57600
SetUp 2D MF: ***********************************************************
LOCAL construction for 1920 elements, adapated from MF1 = 1023, MF2 = 897, MF3 = 0
*** 1st Moving frames are in unit length ***
*** 2nd Moving frames are in unit length ***
*** Moving frames are Orthogonal
*** MF 0 = ( 0.576493 , 0.577487 , 0.578069 ) 
*** MF 1 = ( 0.578117 , 0.577302 , 0.576631 ) 
*** MF 2 = ( 0.577439 , 0.577262 , 0.57735 ) 
============ End of MMFInitObect ============
k = 0, m_varcoeff = ( 0.576493 , 0.577487 , 0.578069 , 0.00438236 , 1 ) 
k = 1, m_varcoeff = ( 0.578117 , 0.577302 , 0.576631 , 0.00396538 , 1 ) 
k = 2, m_varcoeff = ( 0.577439 , 0.577262 , 0.57735 , 0.200302 , 1 ) 
 ::::: 2D Varcoeff is Successfully Created ::::: 

=======================================================================
	        EquationType: MMFCardiacEP
	        Session Name: SphereAPh20TM
	        Spatial Dim.: 3
	  Max SEM Exp. Order: 5
	      Expansion Dim.: 2
	     Projection Type: Discontinuous Galerkin
	 Advect. advancement: explicit
	Diffuse. advancement: implicit
	           Time Step: 0.001
	        No. of Steps: 30000
	 Checkpoints (steps): 100
	    Integration Type: IMEX
	             Surface: Sphere
	           DerivType: Euclidean
	          MediumType: Isotropy
	              MMFdir: LOCAL
	    SolverSchemeType: Default
	             TimeMap: Activated
	        TimeMapStart: 0
	          TimeMapEnd: 10000
	    AnisotropyRegion: 1000000
	  AnisotropyStrength: 4
	          TimeMapEnd: 10000
	          Cell model: Aliev-Panfilov
	                   k: 8
	                   a: 0.15
	                 eps: 0.002
	                 mu1: 0.2
	                 mu2: 0.3
=======================================================================
Initial Conditions:
  - Field u: 0
total 480 / 57600 is init-Acitvated
Initial: max u = 5.14996
Writing: "SphereAPh20TM_initial.chk"
 (0s, XML)
xmax = 10, xmin = -10, ymax = 10, ymin = -10
Steps: 100      Time: 0.1         
 CPU Time: 0.149054 min.
u_max = 1.47203 at x = 0, y = 0, z = 10
u_min = -0.000308542 at x = 0, y = 3.61369, z = 9.3243
Writing: "SphereAPh20TM_TimeMap_1.chk"
 (0s, XML)
Time Map: Max = 0.1, Min = 0
Writing: "SphereAPh20TM_1.chk"
 (0s, XML)
Steps: 200      Time: 0.2         
 CPU Time: 0.0685271 min.
u_max = 1.34672 at x = 0, y = 0, z = 10
u_min = -0.000577067 at x = -3.61369, y = 0, z = 9.3243
Writing: "SphereAPh20TM_TimeMap_2.chk"
 (0s, XML)
Time Map: Max = 0.199501, Min = 0
Writing: "SphereAPh20TM_2.chk"
 (0s, XML)
Steps: 300      Time: 0.3         
 CPU Time: 0.0683655 min.
u_max = 1.32364 at x = 0, y = 0, z = 10
u_min = -4.54287e-06 at x = 3.25058, y = -3.25058, z = 8.88074
Writing: "SphereAPh20TM_TimeMap_3.chk"
 (0s, XML)
Time Map: Max = 0.299501, Min = 0
Writing: "SphereAPh20TM_3.chk"
 (0s, XML)
Steps: 400      Time: 0.4         
 CPU Time: 0.0682545 min.
u_max = 1.31896 at x = 0, y = 0, z = 10
u_min = -2.83309e-06 at x = -5.36334, y = 0, z = 8.44014
Writing: "SphereAPh20TM_TimeMap_4.chk"
 (0s, XML)
Time Map: Max = 0.398504, Min = 0
Writing: "SphereAPh20TM_4.chk"
 (0s, XML)
Steps: 500      Time: 0.5         
 CPU Time: 0.0681786 min.
u_max = 1.31831 at x = 0, y = 0, z = 10
u_min = -3.79678e-06 at x = -5.36334, y = 0, z = 8.44014
Writing: "SphereAPh20TM_TimeMap_5.chk"
 (0s, XML)
Time Map: Max = 0.497011, Min = 0
Writing: "SphereAPh20TM_5.chk"
 (0s, XML)
Steps: 600      Time: 0.6         
 CPU Time: 0.068426 min.
u_max = 1.31857 at x = 0, y = 0, z = 10
u_min = -1.61245e-08 at x = 0, y = 6.90687, z = 7.23163
Writing: "SphereAPh20TM_TimeMap_6.chk"
 (0s, XML)
Time Map: Max = 0.595026, Min = 0
Writing: "SphereAPh20TM_6.chk"
 (0s, XML)
Steps: 700      Time: 0.7         
 CPU Time: 0.0682402 min.
u_max = 1.31907 at x = 0, y = 0, z = 10
u_min = -4.03468e-08 at x = 0, y = 6.90687, z = 7.23163
Writing: "SphereAPh20TM_TimeMap_7.chk"
 (0s, XML)
Time Map: Max = 0.699002, Min = 0
Writing: "SphereAPh20TM_7.chk"
 (0s, XML)
Steps: 800      Time: 0.8         
 CPU Time: 0.0685998 min.
u_max = 1.31966 at x = 0, y = 0, z = 10
u_min = -4.37402e-08 at x = 0, y = 6.90687, z = 7.23163
Writing: "SphereAPh20TM_TimeMap_8.chk"
 (0s, XML)
Time Map: Max = 0.796015, Min = 0
Writing: "SphereAPh20TM_8.chk"
 (0s, XML)
Steps: 900      Time: 0.9         
 CPU Time: 0.0684884 min.
u_max = 1.32029 at x = 0, y = 0, z = 10
u_min = -4.89659e-10 at x = 8.20997, y = -0.0357642, z = 5.70929
Writing: "SphereAPh20TM_TimeMap_9.chk"
 (0s, XML)
Time Map: Max = 0.897009, Min = 0
Writing: "SphereAPh20TM_9.chk"
 (0s, XML)
Steps: 1000     Time: 1           
 CPU Time: 0.0684905 min.
u_max = 1.31884 at x = 0, y = 0, z = 10
u_min = -1.02705e-09 at x = 8.20997, y = 0.0357642, z = 5.70929
Writing: "SphereAPh20TM_TimeMap_10.chk"
 (0s, XML)
Time Map: Max = 1, Min = 0
Writing: "SphereAPh20TM_10.chk"
 (0s, XML)
Steps: 1100     Time: 1.1         
 CPU Time: 0.0694763 min.
u_max = 1.08875 at x = 0, y = 0, z = 10
u_min = -1.26741e-09 at x = 0.0357642, y = -8.20997, z = 5.70929
Writing: "SphereAPh20TM_TimeMap_11.chk"
 (0s, XML)
Time Map: Max = 1.1, Min = 0
Writing: "SphereAPh20TM_11.chk"
 (0s, XML)
Steps: 1200     Time: 1.2         
 CPU Time: 0.0712549 min.
u_max = 1.02633 at x = 0, y = 0, z = 10
u_min = -1.45869e-11 at x = 6.33099, y = 6.33099, z = 4.4539
Writing: "SphereAPh20TM_TimeMap_12.chk"
 (0s, XML)
Time Map: Max = 1.2, Min = 0
Writing: "SphereAPh20TM_12.chk"
 (0s, XML)
Steps: 1300     Time: 1.3         
 CPU Time: 0.0713942 min.
u_max = 1.00331 at x = 0, y = 0, z = 10
u_min = -1.1408e-11 at x = 9.11861, y = -1.62028, z = 3.77183
Writing: "SphereAPh20TM_TimeMap_13.chk"
 (0s, XML)
Time Map: Max = 1.29552, Min = 0
Writing: "SphereAPh20TM_13.chk"
 (0s, XML)
Steps: 1400     Time: 1.4         
 CPU Time: 0.0714815 min.
u_max = 0.994297 at x = 0, y = 0, z = 10
u_min = -1.93647e-11 at x = 9.11861, y = -1.62028, z = 3.77183
Writing: "SphereAPh20TM_TimeMap_14.chk"
 (0s, XML)
Time Map: Max = 1.39751, Min = 0
Writing: "SphereAPh20TM_14.chk"
 (0s, XML)
Steps: 1500     Time: 1.5         
 CPU Time: 0.0713745 min.
u_max = 0.991137 at x = 0, y = 0, z = 10
u_min = -1.44635e-11 at x = 1.62028, y = 9.11861, z = 3.77183
Writing: "SphereAPh20TM_TimeMap_15.chk"
 (0s, XML)
Time Map: Max = 1.498, Min = 0
Writing: "SphereAPh20TM_15.chk"
 (0s, XML)
Steps: 1600     Time: 1.6         
 CPU Time: 0.0713895 min.
u_max = 0.990564 at x = 0, y = 0, z = 10
u_min = -4.1495e-13 at x = 9.77037, y = 0.0354942, z = 2.13063
Writing: "SphereAPh20TM_TimeMap_16.chk"
 (0s, XML)
Time Map: Max = 1.5995, Min = 0
Writing: "SphereAPh20TM_16.chk"
 (0s, XML)
Steps: 1700     Time: 1.7         
 CPU Time: 0.0712986 min.
u_max = 0.99112 at x = 0, y = 0, z = 10
u_min = -4.50688e-13 at x = 0.0354942, y = -9.77037, z = 2.13063
Writing: "SphereAPh20TM_TimeMap_17.chk"
 (0s, XML)
Time Map: Max = 1.699, Min = 0
Writing: "SphereAPh20TM_17.chk"
 (0s, XML)
Steps: 1800     Time: 1.8         
 CPU Time: 0.0713657 min.
u_max = 0.992116 at x = 0, y = 0, z = 10
u_min = -2.5731e-15 at x = 9.99743, y = 0, z = 0.229637
Writing: "SphereAPh20TM_TimeMap_18.chk"
 (0s, XML)
Time Map: Max = 1.8, Min = 0
Writing: "SphereAPh20TM_18.chk"
 (0s, XML)
Steps: 1900     Time: 1.9         
 CPU Time: 0.0714037 min.
u_max = 0.993222 at x = 0, y = 0, z = 10
u_min = -2.55187e-15 at x = 0, y = -9.99743, z = 0.229637
Writing: "SphereAPh20TM_TimeMap_19.chk"
 (0s, XML)
Time Map: Max = 1.89205, Min = 0
Writing: "SphereAPh20TM_19.chk"
 (0s, XML)
Steps: 2000     Time: 2           
 CPU Time: 0.0713907 min.
u_max = 0.994281 at x = 0, y = 0, z = 10
u_min = -3.66535e-17 at x = -9.85013, y = 0, z = -1.72518
Writing: "SphereAPh20TM_TimeMap_20.chk"
 (0s, XML)
Time Map: Max = 1.99502, Min = 0
Writing: "SphereAPh20TM_20.chk"
 (0s, XML)
Steps: 2100     Time: 2.1         
 CPU Time: 0.0713559 min.
u_max = 0.99523 at x = 0, y = 0, z = 10
u_min = -7.00695e-17 at x = -9.85013, y = 0, z = -1.72518
Writing: "SphereAPh20TM_TimeMap_21.chk"
 (0s, XML)
Time Map: Max = 2.09701, Min = 0
Writing: "SphereAPh20TM_21.chk"
 (0s, XML)
Steps: 2200     Time: 2.2         
 CPU Time: 0.0714965 min.
u_max = 0.996045 at x = 0, y = 0, z = 10
u_min = -7.80973e-17 at x = -9.85013, y = 0, z = -1.72518
Writing: "SphereAPh20TM_TimeMap_22.chk"
 (0s, XML)
Time Map: Max = 2.2, Min = 0
Writing: "SphereAPh20TM_22.chk"
 (0s, XML)
Steps: 2300     Time: 2.3         
 CPU Time: 0.0716485 min.
u_max = 0.996728 at x = 0, y = 0, z = 10
u_min = -3.12305e-18 at x = 9.25829, y = -1.61893, z = -3.41527
Writing: "SphereAPh20TM_TimeMap_23.chk"
 (0s, XML)
Time Map: Max = 2.2985, Min = 0
Writing: "SphereAPh20TM_23.chk"
 (0s, XML)
Steps: 2400     Time: 2.4         
 CPU Time: 0.0715082 min.
u_max = 0.99729 at x = 0, y = 0, z = 10
u_min = -6.54296e-18 at x = 9.25829, y = -1.61893, z = -3.41527
Writing: "SphereAPh20TM_TimeMap_24.chk"
 (0s, XML)
Time Map: Max = 2.4, Min = 0
Writing: "SphereAPh20TM_24.chk"
 (0s, XML)
Steps: 2500     Time: 2.5         
 CPU Time: 0.0717044 min.
u_max = 0.997745 at x = 0, y = 0, z = 10
u_min = -1.02961e-17 at x = 9.25829, y = -1.61893, z = -3.41527
Writing: "SphereAPh20TM_TimeMap_25.chk"
 (0s, XML)
Time Map: Max = 2.4985, Min = 0
Writing: "SphereAPh20TM_25.chk"
 (0s, XML)
Steps: 2600     Time: 2.6         
 CPU Time: 0.0715578 min.
u_max = 0.99811 at x = 0, y = 0, z = 10
u_min = -6.15461e-18 at x = 9.25829, y = -1.61893, z = -3.41527
Writing: "SphereAPh20TM_TimeMap_26.chk"
 (0s, XML)
Time Map: Max = 2.598, Min = 0
Writing: "SphereAPh20TM_26.chk"
 (0s, XML)
Steps: 2700     Time: 2.7         
 CPU Time: 0.0714134 min.
u_max = 0.998398 at x = 0, y = 0, z = 10
u_min = -9.52897e-20 at x = 8.39989, y = -1.68532, z = -5.15781
Writing: "SphereAPh20TM_TimeMap_27.chk"
 (0s, XML)
Time Map: Max = 2.698, Min = 0
Writing: "SphereAPh20TM_27.chk"
 (0s, XML)
Steps: 2800     Time: 2.8         
 CPU Time: 0.0714577 min.
u_max = 0.998623 at x = 0, y = 0, z = 10
u_min = -4.43456e-20 at x = -1.68532, y = -8.39989, z = -5.15781
Writing: "SphereAPh20TM_TimeMap_28.chk"
 (0s, XML)
Time Map: Max = 2.7995, Min = 0
Writing: "SphereAPh20TM_28.chk"
 (0s, XML)
Steps: 2900     Time: 2.9         
 CPU Time: 0.0714508 min.
u_max = 0.998795 at x = 0, y = 0, z = 10
u_min = -4.39599e-22 at x = 0, y = -7.23163, z = -6.90687
Writing: "SphereAPh20TM_TimeMap_29.chk"
 (0s, XML)
Time Map: Max = 2.9, Min = 0
Writing: "SphereAPh20TM_29.chk"
 (0s, XML)
Steps: 3000     Time: 3           
 CPU Time: 0.0716875 min.
u_max = 0.998924 at x = 0, y = 0, z = 10
u_min = -4.78963e-22 at x = 0, y = -7.23163, z = -6.90687
Writing: "SphereAPh20TM_TimeMap_30.chk"
 (0s, XML)
Time Map: Max = 2.999, Min = 0
Writing: "SphereAPh20TM_30.chk"
 (0s, XML)
Steps: 3100     Time: 3.1         
 CPU Time: 0.0715207 min.
u_max = 0.999019 at x = 0, y = 0, z = 10
u_min = -1.19554e-23 at x = 5.70929, y = -0.0357642, z = -8.20997
Writing: "SphereAPh20TM_TimeMap_31.chk"
 (0s, XML)
Time Map: Max = 3.0995, Min = 0
Writing: "SphereAPh20TM_31.chk"
 (0s, XML)
Steps: 3200     Time: 3.2         
 CPU Time: 0.0714115 min.
u_max = 0.999085 at x = 0, y = 0, z = 10
u_min = -2.6122e-23 at x = 5.70929, y = -0.0357642, z = -8.20997
Writing: "SphereAPh20TM_TimeMap_32.chk"
 (0s, XML)
Time Map: Max = 3.199, Min = 0
Writing: "SphereAPh20TM_32.chk"
 (0s, XML)
Steps: 3300     Time: 3.3         
 CPU Time: 0.0714716 min.
u_max = 0.999128 at x = 0, y = 0, z = 10
u_min = -4.80536e-23 at x = 5.70929, y = -0.0357642, z = -8.20997
Writing: "SphereAPh20TM_TimeMap_33.chk"
 (0s, XML)
Time Map: Max = 3.2995, Min = 0
Writing: "SphereAPh20TM_33.chk"
 (0s, XML)
Steps: 3400     Time: 3.4         
 CPU Time: 0.0716229 min.
u_max = 0.999152 at x = 0, y = 0, z = 10
u_min = -6.06056e-23 at x = 5.70929, y = 0.0357642, z = -8.20997
Writing: "SphereAPh20TM_TimeMap_34.chk"
 (0s, XML)
Time Map: Max = 3.3995, Min = 0
Writing: "SphereAPh20TM_34.chk"
 (0s, XML)
Steps: 3500     Time: 3.5         
 CPU Time: 0.0715196 min.
u_max = 0.999161 at x = 0, y = 0, z = 10
u_min = -3.07614e-25 at x = 3.7462, y = 1.5917, z = -9.13418
Writing: "SphereAPh20TM_TimeMap_35.chk"
 (0s, XML)
Time Map: Max = 3.499, Min = 0
Writing: "SphereAPh20TM_35.chk"
 (0s, XML)
Steps: 3600     Time: 3.6         
 CPU Time: 0.0718389 min.
u_max = 0.999157 at x = 0, y = 0, z = 10
u_min = -6.5596e-26 at x = 3.7462, y = 1.5917, z = -9.13418
Writing: "SphereAPh20TM_TimeMap_36.chk"
 (0s, XML)
Time Map: Max = 3.6, Min = 0
Writing: "SphereAPh20TM_36.chk"
 (0s, XML)
Steps: 3700     Time: 3.7         
 CPU Time: 0.0715567 min.
u_max = 0.999144 at x = 0, y = 0, z = 10
u_min = -7.99049e-27 at x = 2.13063, y = 0.0354942, z = -9.77037
Writing: "SphereAPh20TM_TimeMap_37.chk"
 (0s, XML)
Time Map: Max = 3.699, Min = 0
Writing: "SphereAPh20TM_37.chk"
 (0s, XML)
Steps: 3800     Time: 3.8         
 CPU Time: 0.0714873 min.
u_max = 0.999122 at x = 0, y = 0, z = 10
u_min = -1.42655e-26 at x = 2.13063, y = 0.0354942, z = -9.77037
Writing: "SphereAPh20TM_TimeMap_38.chk"
 (0s, XML)
Time Map: Max = 3.8, Min = 0
Writing: "SphereAPh20TM_38.chk"
 (0s, XML)
Steps: 3900     Time: 3.9         
 CPU Time: 0.0716132 min.
u_max = 0.999094 at x = 0, y = 0, z = 10
u_min = -1.47335e-26 at x = 2.13063, y = 0.0354942, z = -9.77037
Writing: "SphereAPh20TM_TimeMap_39.chk"
 (0s, XML)
Time Map: Max = 3.9, Min = 0
Writing: "SphereAPh20TM_39.chk"
 (0s, XML)
Steps: 4000     Time: 4           
 CPU Time: 0.0717027 min.
u_max = 0.99906 at x = 0, y = 0, z = 10
u_min = 8.9734e-28 at x = -0.229637, y = 0, z = -9.99743
Writing: "SphereAPh20TM_TimeMap_40.chk"
 (0s, XML)
Time Map: Max = 4, Min = 0
Writing: "SphereAPh20TM_40.chk"
 (0s, XML)
Steps: 4100     Time: 4.1         
 CPU Time: 0.0717602 min.
u_max = 0.999021 at x = 0, y = 0, z = 10
u_min = 3.15981e-27 at x = -0.229637, y = 0, z = -9.99743
Writing: "SphereAPh20TM_TimeMap_41.chk"
 (0s, XML)
Time Map: Max = 4.099, Min = 0
Writing: "SphereAPh20TM_41.chk"
 (0s, XML)
Steps: 4200     Time: 4.2         
 CPU Time: 0.0715975 min.
u_max = 0.998978 at x = 0, y = 0, z = 10
u_min = 1.04514e-26 at x = -0.229637, y = 0, z = -9.99743
Writing: "SphereAPh20TM_TimeMap_42.chk"
 (0s, XML)
Time Map: Max = 4.1995, Min = 0
Writing: "SphereAPh20TM_42.chk"
 (0s, XML)
Steps: 4300     Time: 4.3         
 CPU Time: 0.0717291 min.
u_max = 0.998932 at x = 0, y = 0, z = 10
u_min = 3.26286e-26 at x = -0.229637, y = 0, z = -9.99743
Writing: "SphereAPh20TM_TimeMap_43.chk"
 (0s, XML)
Time Map: Max = 4.299, Min = 0
Writing: "SphereAPh20TM_43.chk"
 (0s, XML)
Steps: 4400     Time: 4.4         
 CPU Time: 0.0717051 min.
u_max = 0.998883 at x = 0, y = 0, z = 10
u_min = 9.65212e-26 at x = -0.229637, y = 0, z = -9.99743
Writing: "SphereAPh20TM_TimeMap_44.chk"
 (0s, XML)
Time Map: Max = 4.4, Min = 0
Writing: "SphereAPh20TM_44.chk"
 (0s, XML)
Steps: 4500     Time: 4.5         
 CPU Time: 0.0717694 min.
u_max = 0.998832 at x = 0, y = 0, z = 10
u_min = 2.71468e-25 at x = -0.229637, y = 0, z = -9.99743
Writing: "SphereAPh20TM_TimeMap_45.chk"
 (0s, XML)
Time Map: Max = 4.5, Min = 0
Writing: "SphereAPh20TM_45.chk"
 (0s, XML)
Steps: 4600     Time: 4.6         
 CPU Time: 0.0715167 min.
u_max = 0.998778 at x = 0, y = 0, z = 10
u_min = 7.28142e-25 at x = -0.229637, y = 0, z = -9.99743
Writing: "SphereAPh20TM_TimeMap_46.chk"
 (0s, XML)
Time Map: Max = 4.6, Min = 0
Writing: "SphereAPh20TM_46.chk"
 (0s, XML)
Steps: 4700     Time: 4.7         
 CPU Time: 0.0717208 min.
u_max = 0.998723 at x = 0, y = 0, z = 10
u_min = 1.86786e-24 at x = -0.229637, y = 0, z = -9.99743
Writing: "SphereAPh20TM_TimeMap_47.chk"
 (0s, XML)
Time Map: Max = 4.6995, Min = 0
Writing: "SphereAPh20TM_47.chk"
 (0s, XML)
Steps: 4800     Time: 4.8         
 CPU Time: 0.0714972 min.
u_max = 0.998665 at x = 0, y = 0, z = 10
u_min = 4.59459e-24 at x = -0.229637, y = 0, z = -9.99743
Writing: "SphereAPh20TM_TimeMap_48.chk"
 (0s, XML)
Time Map: Max = 4.8, Min = 0
Writing: "SphereAPh20TM_48.chk"
 (0s, XML)
Steps: 4900     Time: 4.9         
 CPU Time: 0.0716841 min.
u_max = 0.998606 at x = 0, y = 0, z = 10
u_min = 1.08641e-23 at x = -0.229637, y = 0, z = -9.99743
Writing: "SphereAPh20TM_TimeMap_49.chk"
 (0s, XML)
Time Map: Max = 4.8995, Min = 0
Writing: "SphereAPh20TM_49.chk"
 (0s, XML)
Steps: 5000     Time: 5           
 CPU Time: 0.0716417 min.
u_max = 0.998546 at x = 0, y = 0, z = 10
u_min = 2.47508e-23 at x = -0.229637, y = 0, z = -9.99743
Writing: "SphereAPh20TM_TimeMap_50.chk"
 (0s, XML)
Time Map: Max = 5, Min = 0
Writing: "SphereAPh20TM_50.chk"
 (0s, XML)
Steps: 5100     Time: 5.1         
 CPU Time: 0.0714025 min.
u_max = 0.998483 at x = 0, y = 0, z = 10
u_min = 5.44465e-23 at x = -0.229637, y = 0, z = -9.99743
Writing: "SphereAPh20TM_TimeMap_51.chk"
 (0s, XML)
Time Map: Max = 5.1, Min = 0
Writing: "SphereAPh20TM_51.chk"
 (0s, XML)
Steps: 5200     Time: 5.2         
 CPU Time: 0.0715828 min.
u_max = 0.99842 at x = 0, y = 0, z = 10
u_min = 1.15881e-22 at x = -0.229637, y = 0, z = -9.99743
Writing: "SphereAPh20TM_TimeMap_52.chk"
 (0s, XML)
Time Map: Max = 5.2, Min = 0
Writing: "SphereAPh20TM_52.chk"
 (0s, XML)
Steps: 5300     Time: 5.3         
 CPU Time: 0.0716633 min.
u_max = 0.998355 at x = 0, y = 0, z = 10
u_min = 2.38793e-22 at x = 0, y = 0, z = -10
Writing: "SphereAPh20TM_TimeMap_53.chk"
 (0s, XML)
Time Map: Max = 5.3, Min = 0
Writing: "SphereAPh20TM_53.chk"
 (0s, XML)
Steps: 5400     Time: 5.4         
 CPU Time: 0.0716018 min.
u_max = 0.998288 at x = 0, y = 0, z = 10
u_min = 4.74907e-22 at x = 0, y = 0, z = -10
Writing: "SphereAPh20TM_TimeMap_54.chk"
 (0s, XML)
Time Map: Max = 5.39751, Min = 0
Writing: "SphereAPh20TM_54.chk"
 (0s, XML)
Steps: 5500     Time: 5.5         
 CPU Time: 0.0715355 min.
u_max = 0.99822 at x = 0, y = 0, z = 10
u_min = 9.19766e-22 at x = 0, y = 0, z = -10
Writing: "SphereAPh20TM_TimeMap_55.chk"
 (0s, XML)
Time Map: Max = 5.499, Min = 0
Writing: "SphereAPh20TM_55.chk"
 (0s, XML)
Steps: 5600     Time: 5.6         
 CPU Time: 0.0714688 min.
u_max = 0.998151 at x = 0, y = 0, z = 10
u_min = 1.73704e-21 at x = 0, y = 0, z = -10
Writing: "SphereAPh20TM_TimeMap_56.chk"
 (0s, XML)
Time Map: Max = 5.5995, Min = 0
Writing: "SphereAPh20TM_56.chk"
 (0s, XML)
Steps: 5700     Time: 5.7         
 CPU Time: 0.0716124 min.
u_max = 0.99808 at x = 0, y = 0, z = 10
u_min = 3.20306e-21 at x = 0, y = 0, z = -10
Writing: "SphereAPh20TM_TimeMap_57.chk"
 (0s, XML)
Time Map: Max = 5.69801, Min = 0
Writing: "SphereAPh20TM_57.chk"
 (0s, XML)
Steps: 5800     Time: 5.8         
 CPU Time: 0.0716111 min.
u_max = 0.998008 at x = 0, y = 0, z = 10
u_min = 5.77387e-21 at x = 0, y = 0, z = -10
Writing: "SphereAPh20TM_TimeMap_58.chk"
 (0s, XML)
Time Map: Max = 5.7995, Min = 0
Writing: "SphereAPh20TM_58.chk"
 (0s, XML)
Steps: 5900     Time: 5.9         
 CPU Time: 0.0716544 min.
u_max = 0.997934 at x = 0, y = 0, z = 10
u_min = 1.01864e-20 at x = 0, y = 0, z = -10
Writing: "SphereAPh20TM_TimeMap_59.chk"
 (0s, XML)
Time Map: Max = 5.9, Min = 0
Writing: "SphereAPh20TM_59.chk"
 (0s, XML)
Steps: 6000     Time: 6           
 CPU Time: 0.0714499 min.
u_max = 0.997859 at x = 0, y = 0, z = 10
u_min = 1.76075e-20 at x = 0, y = 0, z = -10
Writing: "SphereAPh20TM_TimeMap_60.chk"
 (0s, XML)
Time Map: Max = 5.99801, Min = 0
Writing: "SphereAPh20TM_60.chk"
 (0s, XML)
Steps: 6100     Time: 6.1         
 CPU Time: 0.0715532 min.
u_max = 0.997782 at x = 0, y = 0, z = 10
u_min = 2.98504e-20 at x = 0, y = 0, z = -10
Writing: "SphereAPh20TM_TimeMap_61.chk"
 (0s, XML)
Time Map: Max = 6.09651, Min = 0
Writing: "SphereAPh20TM_61.chk"
 (0s, XML)
Steps: 6200     Time: 6.2         
 CPU Time: 0.0715261 min.
u_max = 0.997704 at x = 0, y = 0, z = 10
u_min = 4.96826e-20 at x = 0, y = 0, z = -10
Writing: "SphereAPh20TM_TimeMap_62.chk"
 (0s, XML)
Time Map: Max = 6.1995, Min = 0
Writing: "SphereAPh20TM_62.chk"
 (0s, XML)
Steps: 6300     Time: 6.3         
 CPU Time: 0.0712502 min.
u_max = 0.997625 at x = 0, y = 0, z = 10
u_min = 8.12577e-20 at x = 0, y = 0, z = -10
Writing: "SphereAPh20TM_TimeMap_63.chk"
 (0s, XML)
Time Map: Max = 6.3, Min = 0
Writing: "SphereAPh20TM_63.chk"
 (0s, XML)
Steps: 6400     Time: 6.4         
 CPU Time: 0.0713596 min.
u_max = 0.997543 at x = 0, y = 0, z = 10
u_min = 1.30711e-19 at x = 0, y = 0, z = -10
Writing: "SphereAPh20TM_TimeMap_64.chk"
 (0s, XML)
Time Map: Max = 6.4, Min = 0
Writing: "SphereAPh20TM_64.chk"
 (0s, XML)
Steps: 6500     Time: 6.5         
 CPU Time: 0.0715085 min.
u_max = 0.997461 at x = 0, y = 0, z = 10
u_min = 2.06974e-19 at x = 0, y = 0, z = -10
Writing: "SphereAPh20TM_TimeMap_65.chk"
 (0s, XML)
Time Map: Max = 6.5, Min = 0
Writing: "SphereAPh20TM_65.chk"
 (0s, XML)
Steps: 6600     Time: 6.6         
 CPU Time: 0.0713626 min.
u_max = 0.997376 at x = 0, y = 0, z = 10
u_min = 3.22863e-19 at x = 0, y = 0, z = -10
Writing: "SphereAPh20TM_TimeMap_66.chk"
 (0s, XML)
Time Map: Max = 6.5995, Min = 0
Writing: "SphereAPh20TM_66.chk"
 (0s, XML)
Steps: 6700     Time: 6.7         
 CPU Time: 0.0714621 min.
u_max = 0.997291 at x = 0, y = 0, z = 10
u_min = 4.96532e-19 at x = 0, y = 0, z = -10
Writing: "SphereAPh20TM_TimeMap_67.chk"
 (0s, XML)
Time Map: Max = 6.699, Min = 0
Writing: "SphereAPh20TM_67.chk"
 (0s, XML)
Steps: 6800     Time: 6.8         
 CPU Time: 0.0716898 min.
u_max = 0.997203 at x = 0, y = 0, z = 10
u_min = 7.53388e-19 at x = 0, y = 0, z = -10
Writing: "SphereAPh20TM_TimeMap_68.chk"
 (0s, XML)
Time Map: Max = 6.8, Min = 0
Writing: "SphereAPh20TM_68.chk"
 (0s, XML)
Steps: 6900     Time: 6.9         
 CPU Time: 0.0714812 min.
u_max = 0.997114 at x = 0, y = 0, z = 10
u_min = 1.12857e-18 at x = 0, y = 0, z = -10
Writing: "SphereAPh20TM_TimeMap_69.chk"
 (0s, XML)
Time Map: Max = 6.89701, Min = 0
Writing: "SphereAPh20TM_69.chk"
 (0s, XML)
Steps: 7000     Time: 7           
 CPU Time: 0.0715804 min.
u_max = 0.997023 at x = 0, y = 0, z = 10
u_min = 1.6702e-18 at x = 0, y = 0, z = -10
Writing: "SphereAPh20TM_TimeMap_70.chk"
 (0s, XML)
Time Map: Max = 6.9995, Min = 0
Writing: "SphereAPh20TM_70.chk"
 (0s, XML)
Steps: 7100     Time: 7.1         
 CPU Time: 0.0713451 min.
u_max = 0.99693 at x = 0, y = 0, z = 10
u_min = 2.44348e-18 at x = 0, y = 0, z = -10
Writing: "SphereAPh20TM_TimeMap_71.chk"
 (0s, XML)
Time Map: Max = 7.0995, Min = 0
Writing: "SphereAPh20TM_71.chk"
 (0s, XML)
Steps: 7200     Time: 7.2         
 CPU Time: 0.0713728 min.
u_max = 0.996835 at x = 0, y = 0, z = 10
u_min = 3.536e-18 at x = 0, y = 0, z = -10
Writing: "SphereAPh20TM_TimeMap_72.chk"
 (0s, XML)
Time Map: Max = 7.2, Min = 0
Writing: "SphereAPh20TM_72.chk"
 (0s, XML)
Steps: 7300     Time: 7.3         
 CPU Time: 0.0715015 min.
u_max = 0.996739 at x = 0, y = 0, z = 10
u_min = 5.06445e-18 at x = 0, y = 0, z = -10
Writing: "SphereAPh20TM_TimeMap_73.chk"
 (0s, XML)
Time Map: Max = 7.29751, Min = 0
Writing: "SphereAPh20TM_73.chk"
 (0s, XML)
Steps: 7400     Time: 7.4         
 CPU Time: 0.0714027 min.
u_max = 0.996641 at x = 0, y = 0, z = 10
u_min = 7.18309e-18 at x = 0, y = 0, z = -10
Writing: "SphereAPh20TM_TimeMap_74.chk"
 (0s, XML)
Time Map: Max = 7.399, Min = 0
Writing: "SphereAPh20TM_74.chk"
 (0s, XML)
Steps: 7500     Time: 7.5         
 CPU Time: 0.0714783 min.
u_max = 0.996541 at x = 0, y = 0, z = 10
u_min = 1.00945e-17 at x = 0, y = 0, z = -10
Writing: "SphereAPh20TM_TimeMap_75.chk"
 (0s, XML)
Time Map: Max = 7.5, Min = 0
Writing: "SphereAPh20TM_75.chk"
 (0s, XML)
Steps: 7600     Time: 7.6         
 CPU Time: 0.0716904 min.
u_max = 0.996439 at x = 0, y = 0, z = 10
u_min = 1.40631e-17 at x = 0, y = 0, z = -10
Writing: "SphereAPh20TM_TimeMap_76.chk"
 (0s, XML)
Time Map: Max = 7.5995, Min = 0
Writing: "SphereAPh20TM_76.chk"
 (0s, XML)
Steps: 7700     Time: 7.7         
 CPU Time: 0.0716207 min.
u_max = 0.996335 at x = 0, y = 0, z = 10
u_min = 1.94321e-17 at x = 0, y = 0, z = -10
Writing: "SphereAPh20TM_TimeMap_77.chk"
 (0s, XML)
Time Map: Max = 7.6995, Min = 0
Writing: "SphereAPh20TM_77.chk"
 (0s, XML)
Steps: 7800     Time: 7.8         
 CPU Time: 0.0715211 min.
u_max = 0.996228 at x = 0, y = 0, z = 10
u_min = 2.66449e-17 at x = 0, y = 0, z = -10
Writing: "SphereAPh20TM_TimeMap_78.chk"
 (0s, XML)
Time Map: Max = 7.79602, Min = 0
Writing: "SphereAPh20TM_78.chk"
 (0s, XML)
Steps: 7900     Time: 7.9         
 CPU Time: 0.0717277 min.
u_max = 0.99612 at x = 0, y = 0, z = 10
u_min = 3.6272e-17 at x = 0, y = 0, z = -10
Writing: "SphereAPh20TM_TimeMap_79.chk"
 (0s, XML)
Time Map: Max = 7.8985, Min = 0
Writing: "SphereAPh20TM_79.chk"
 (0s, XML)
Steps: 8000     Time: 8           
 CPU Time: 0.0715455 min.
u_max = 0.99601 at x = 0, y = 0, z = 10
u_min = 4.90449e-17 at x = 0, y = 0, z = -10
Writing: "SphereAPh20TM_TimeMap_80.chk"
 (0s, XML)
Time Map: Max = 7.9995, Min = 0
Writing: "SphereAPh20TM_80.chk"
 (0s, XML)
Steps: 8100     Time: 8.1         
 CPU Time: 0.0715825 min.
u_max = 0.995898 at x = 0, y = 0, z = 10
u_min = 6.58989e-17 at x = 0, y = 0, z = -10
Writing: "SphereAPh20TM_TimeMap_81.chk"
 (0s, XML)
Time Map: Max = 8.1, Min = 0
Writing: "SphereAPh20TM_81.chk"
 (0s, XML)
Steps: 8200     Time: 8.2         
 CPU Time: 0.0718302 min.
u_max = 0.995783 at x = 0, y = 0, z = 10
u_min = 8.80273e-17 at x = 0, y = 0, z = -10
Writing: "SphereAPh20TM_TimeMap_82.chk"
 (0s, XML)
Time Map: Max = 8.2, Min = 0
Writing: "SphereAPh20TM_82.chk"
 (0s, XML)
Steps: 8300     Time: 8.3         
 CPU Time: 0.0718724 min.
u_max = 0.995791 at x = 3.22297, y = 5.93035, z = 7.37858
u_min = 1.1695e-16 at x = 0, y = 0, z = -10
Writing: "SphereAPh20TM_TimeMap_83.chk"
 (0s, XML)
Time Map: Max = 8.3, Min = 0
Writing: "SphereAPh20TM_83.chk"
 (0s, XML)
Steps: 8400     Time: 8.4         
 CPU Time: 0.0718194 min.
u_max = 0.995806 at x = -3.7947, y = 5.7101, z = 7.27978
u_min = 1.54599e-16 at x = 0, y = 0, z = -10
Writing: "SphereAPh20TM_TimeMap_84.chk"
 (0s, XML)
Time Map: Max = 8.4, Min = 0
Writing: "SphereAPh20TM_84.chk"
 (0s, XML)
Steps: 8500     Time: 8.5         
 CPU Time: 0.0715704 min.
u_max = 0.995823 at x = -5.74651, y = -3.87363, z = 7.20921
u_min = 2.03431e-16 at x = 0, y = 0, z = -10
Writing: "SphereAPh20TM_TimeMap_85.chk"
 (0s, XML)
Time Map: Max = 8.49801, Min = 0
Writing: "SphereAPh20TM_85.chk"
 (0s, XML)
Steps: 8600     Time: 8.6         
 CPU Time: 0.0717538 min.
u_max = 0.995839 at x = 0, y = 7.07107, z = 7.07107
u_min = 2.66569e-16 at x = 0, y = 0, z = -10
Writing: "SphereAPh20TM_TimeMap_86.chk"
 (0s, XML)
Time Map: Max = 8.6, Min = 0
Writing: "SphereAPh20TM_86.chk"
 (0s, XML)
Steps: 8700     Time: 8.7         
 CPU Time: 0.0716361 min.
u_max = 0.995849 at x = 1.53263, y = -6.98753, z = 6.98753
u_min = 3.47975e-16 at x = 0, y = 0, z = -10
Writing: "SphereAPh20TM_TimeMap_87.chk"
 (0s, XML)
Time Map: Max = 8.7, Min = 0
Writing: "SphereAPh20TM_87.chk"
 (0s, XML)
Steps: 8800     Time: 8.8         
 CPU Time: 0.0717083 min.
u_max = 0.995873 at x = 0, y = 7.23163, z = 6.90687
u_min = 4.52692e-16 at x = 0, y = 0, z = -10
Writing: "SphereAPh20TM_TimeMap_88.chk"
 (0s, XML)
Time Map: Max = 8.8, Min = 0
Writing: "SphereAPh20TM_88.chk"
 (0s, XML)
Steps: 8900     Time: 8.9         
 CPU Time: 0.071637 min.
u_max = 0.995875 at x = -0.100051, y = 7.29712, z = 6.83686
u_min = 5.87126e-16 at x = 0, y = 0, z = -10
Writing: "SphereAPh20TM_TimeMap_89.chk"
 (0s, XML)
Time Map: Max = 8.8985, Min = 0
Writing: "SphereAPh20TM_89.chk"
 (0s, XML)
Steps: 9000     Time: 9           
 CPU Time: 0.0714614 min.
u_max = 0.995888 at x = -5.24604, y = 5.24604, z = 6.70509
u_min = 7.59435e-16 at x = 0, y = 0, z = -10
Writing: "SphereAPh20TM_TimeMap_90.chk"
 (0s, XML)
Time Map: Max = 8.9995, Min = 0
Writing: "SphereAPh20TM_90.chk"
 (0s, XML)
Steps: 9100     Time: 9.1         
 CPU Time: 0.0714318 min.
u_max = 0.995897 at x = -5.31193, y = 5.31193, z = 6.60053
u_min = 9.80006e-16 at x = 0, y = 0, z = -10
Writing: "SphereAPh20TM_TimeMap_91.chk"
 (0s, XML)
Time Map: Max = 9.0985, Min = 0
Writing: "SphereAPh20TM_91.chk"
 (0s, XML)
Steps: 9200     Time: 9.2         
 CPU Time: 0.0713109 min.
u_max = 0.995907 at x = -4.40321, y = 6.18509, z = 6.50819
u_min = 1.26209e-15 at x = 0, y = 0, z = -10
Writing: "SphereAPh20TM_TimeMap_92.chk"
 (0s, XML)
Time Map: Max = 9.2, Min = 0
Writing: "SphereAPh20TM_92.chk"
 (0s, XML)
Steps: 9300     Time: 9.3         
 CPU Time: 0.07151 min.
u_max = 0.99592 at x = -6.38675, y = -4.29179, z = 6.38675
u_min = 1.6226e-15 at x = 0, y = 0, z = -10
Writing: "SphereAPh20TM_TimeMap_93.chk"
 (0s, XML)
Time Map: Max = 9.2985, Min = 0
Writing: "SphereAPh20TM_93.chk"
 (0s, XML)
Steps: 9400     Time: 9.4         
 CPU Time: 0.0716584 min.
u_max = 0.995933 at x = -0.850905, y = 7.74368, z = 6.26987
u_min = 2.08315e-15 at x = 0, y = 0, z = -10
Writing: "SphereAPh20TM_TimeMap_94.chk"
 (0s, XML)
Time Map: Max = 9.39751, Min = 0
Writing: "SphereAPh20TM_94.chk"
 (0s, XML)
Steps: 9500     Time: 9.5         
 CPU Time: 0.0714643 min.
u_max = 0.995945 at x = 1.61831, y = -7.67333, z = 6.20492
u_min = 2.67143e-15 at x = 0, y = 0, z = -10
Writing: "SphereAPh20TM_TimeMap_95.chk"
 (0s, XML)
Time Map: Max = 9.49751, Min = 0
Writing: "SphereAPh20TM_95.chk"
 (0s, XML)
Steps: 9600     Time: 9.6         
 CPU Time: 0.0715746 min.
u_max = 0.995955 at x = -2.37582, y = 7.5649, z = 6.09326
u_min = 3.4229e-15 at x = 0, y = 0, z = -10
Writing: "SphereAPh20TM_TimeMap_96.chk"
 (0s, XML)
Time Map: Max = 9.6, Min = 0
Writing: "SphereAPh20TM_96.chk"
 (0s, XML)
Steps: 9700     Time: 9.7         
 CPU Time: 0.0715466 min.
u_max = 0.995962 at x = -2.29665, y = 7.65444, z = 6.01126
u_min = 4.38306e-15 at x = 0, y = 0, z = -10
Writing: "SphereAPh20TM_TimeMap_97.chk"
 (0s, XML)
Time Map: Max = 9.69651, Min = 0
Writing: "SphereAPh20TM_97.chk"
 (0s, XML)
Steps: 9800     Time: 9.8         
 CPU Time: 0.0714889 min.
u_max = 0.995973 at x = -7.16109, y = -3.77818, z = 5.86894
u_min = 5.61038e-15 at x = 0, y = 0, z = -10
Writing: "SphereAPh20TM_TimeMap_98.chk"
 (0s, XML)
Time Map: Max = 9.79801, Min = 0
Writing: "SphereAPh20TM_98.chk"
 (0s, XML)
Steps: 9900     Time: 9.9         
 CPU Time: 0.0717602 min.
u_max = 0.995984 at x = -3.87363, y = 7.20921, z = 5.74651
u_min = 7.18007e-15 at x = 0, y = 0, z = -10
Writing: "SphereAPh20TM_TimeMap_99.chk"
 (0s, XML)
Time Map: Max = 9.9, Min = 0
Writing: "SphereAPh20TM_99.chk"
 (0s, XML)
Steps: 10000    Time: 10          
 CPU Time: 0.0715124 min.
u_max = 0.995993 at x = -8.25431, y = -0.100039, z = 5.64417
u_min = 9.18896e-15 at x = 0, y = 0, z = -10
Writing: "SphereAPh20TM_TimeMap_100.chk"
 (0s, XML)
Time Map: Max = 9.99354, Min = 0
Writing: "SphereAPh20TM_100.chk"
 (0s, XML)
Steps: 10100    Time: 10.1        
 CPU Time: 0.0714239 min.
u_max = 0.996007 at x = 0, y = 8.3147, z = 5.5557
u_min = 1.17619e-14 at x = 0, y = 0, z = -10
Writing: "SphereAPh20TM_TimeMap_101.chk"
 (0s, XML)
Time Map: Max = 10.0891, Min = 0
Writing: "SphereAPh20TM_101.chk"
 (0s, XML)
Steps: 10200    Time: 10.2        
 CPU Time: 0.0715537 min.
u_max = 0.99602 at x = 8.44014, y = 0, z = 5.36334
u_min = 1.50601e-14 at x = 0, y = 0, z = -10
Writing: "SphereAPh20TM_TimeMap_102.chk"
 (0s, XML)
Time Map: Max = 10.1916, Min = 0
Writing: "SphereAPh20TM_102.chk"
 (0s, XML)
Steps: 10300    Time: 10.3        
 CPU Time: 0.071496 min.
u_max = 0.996026 at x = -8.44014, y = 0, z = 5.36334
u_min = 1.92917e-14 at x = 0, y = 0, z = -10
Writing: "SphereAPh20TM_TimeMap_103.chk"
 (0s, XML)
Time Map: Max = 10.3, Min = 0
Writing: "SphereAPh20TM_103.chk"
 (0s, XML)
Steps: 10400    Time: 10.4        
 CPU Time: 0.0716003 min.
u_max = 0.996044 at x = 1.68532, y = 8.39989, z = 5.15781
u_min = 2.47258e-14 at x = 0, y = 0, z = -10
Writing: "SphereAPh20TM_TimeMap_104.chk"
 (0s, XML)
Time Map: Max = 10.398, Min = 0
Writing: "SphereAPh20TM_104.chk"
 (0s, XML)
Steps: 10500    Time: 10.5        
 CPU Time: 0.0715631 min.
u_max = 0.996042 at x = 1.68532, y = 8.39989, z = 5.15781
u_min = 3.1711e-14 at x = 0, y = 0, z = -10
Writing: "SphereAPh20TM_TimeMap_105.chk"
 (0s, XML)
Time Map: Max = 10.5, Min = 0
Writing: "SphereAPh20TM_105.chk"
 (0s, XML)
Steps: 10600    Time: 10.6        
 CPU Time: 0.071689 min.
u_max = 0.996046 at x = -8.02146, y = 3.30143, z = 4.97564
u_min = 4.06987e-14 at x = 0, y = 0, z = -10
Writing: "SphereAPh20TM_TimeMap_106.chk"
 (0s, XML)
Time Map: Max = 10.6, Min = 0
Writing: "SphereAPh20TM_106.chk"
 (0s, XML)
Steps: 10700    Time: 10.7        
 CPU Time: 0.0714727 min.
u_max = 0.996051 at x = -8.23607, y = 2.95702, z = 4.83974
u_min = 5.22743e-14 at x = 0, y = 0, z = -10
Writing: "SphereAPh20TM_TimeMap_107.chk"
 (0s, XML)
Time Map: Max = 10.7, Min = 0
Writing: "SphereAPh20TM_107.chk"
 (0s, XML)
Steps: 10800    Time: 10.8        
 CPU Time: 0.0714423 min.
u_max = 0.996067 at x = -0.849678, y = -8.82476, z = 4.6262
u_min = 6.71974e-14 at x = 0, y = 0, z = -10
Writing: "SphereAPh20TM_TimeMap_108.chk"
 (0s, XML)
Time Map: Max = 10.7985, Min = 0
Writing: "SphereAPh20TM_108.chk"
 (0s, XML)
Steps: 10900    Time: 10.9        
 CPU Time: 0.0714665 min.
u_max = 0.996082 at x = -0.849678, y = -8.82476, z = 4.6262
u_min = 8.64545e-14 at x = 0, y = 0, z = -10
Writing: "SphereAPh20TM_TimeMap_109.chk"
 (0s, XML)
Time Map: Max = 10.9, Min = 0
Writing: "SphereAPh20TM_109.chk"
 (0s, XML)
Steps: 11000    Time: 11          
 CPU Time: 0.0715254 min.
u_max = 0.996081 at x = -6.33099, y = 6.33099, z = 4.4539
u_min = 1.11328e-13 at x = 0, y = 0, z = -10
Writing: "SphereAPh20TM_TimeMap_110.chk"
 (0s, XML)
Time Map: Max = 10.9985, Min = 0
Writing: "SphereAPh20TM_110.chk"
 (0s, XML)
Steps: 11100    Time: 11.1        
 CPU Time: 0.0715641 min.
u_max = 0.99609 at x = -8.65682, y = 2.49111, z = 4.3421
u_min = 1.43485e-13 at x = 0, y = 0, z = -10
Writing: "SphereAPh20TM_TimeMap_111.chk"
 (0s, XML)
Time Map: Max = 11.1, Min = 0
Writing: "SphereAPh20TM_111.chk"
 (0s, XML)
Steps: 11200    Time: 11.2        
 CPU Time: 0.0712899 min.
u_max = 0.996095 at x = -2.39402, y = 8.7262, z = 4.25702
u_min = 1.85096e-13 at x = 0, y = 0, z = -10
Writing: "SphereAPh20TM_TimeMap_112.chk"
 (0s, XML)
Time Map: Max = 11.2, Min = 0
Writing: "SphereAPh20TM_112.chk"
 (0s, XML)
Steps: 11300    Time: 11.3        
 CPU Time: 0.0714087 min.
u_max = 0.996099 at x = -4.05704, y = 8.19031, z = 4.05704
u_min = 2.38988e-13 at x = 0, y = 0, z = -10
Writing: "SphereAPh20TM_TimeMap_113.chk"
 (0s, XML)
Time Map: Max = 11.2995, Min = 0
Writing: "SphereAPh20TM_113.chk"
 (0s, XML)
Steps: 11400    Time: 11.4        
 CPU Time: 0.0715328 min.
u_max = 0.99611 at x = -8.26985, y = 3.97553, z = 3.97553
u_min = 3.08846e-13 at x = 0, y = 0, z = -10
Writing: "SphereAPh20TM_TimeMap_114.chk"
 (0s, XML)
Time Map: Max = 11.4, Min = 0
Writing: "SphereAPh20TM_114.chk"
 (0s, XML)
Steps: 11500    Time: 11.5        
 CPU Time: 0.0715016 min.
u_max = 0.996124 at x = 0, y = -9.23879, z = 3.82683
u_min = 3.99471e-13 at x = 0, y = 0, z = -10
Writing: "SphereAPh20TM_TimeMap_115.chk"
 (0s, XML)
Time Map: Max = 11.497, Min = 0
Writing: "SphereAPh20TM_115.chk"
 (0s, XML)
Steps: 11600    Time: 11.6        
 CPU Time: 0.0713863 min.
u_max = 0.996127 at x = 0, y = 9.3243, z = 3.61369
u_min = 5.17135e-13 at x = 0, y = 0, z = -10
Writing: "SphereAPh20TM_TimeMap_116.chk"
 (0s, XML)
Time Map: Max = 11.5985, Min = 0
Writing: "SphereAPh20TM_116.chk"
 (0s, XML)
Steps: 11700    Time: 11.7        
 CPU Time: 0.0714011 min.
u_max = 0.996139 at x = 0, y = 9.3243, z = 3.61369
u_min = 6.7002e-13 at x = 0, y = 0, z = -10
Writing: "SphereAPh20TM_TimeMap_117.chk"
 (0s, XML)
Time Map: Max = 11.7, Min = 0
Writing: "SphereAPh20TM_117.chk"
 (0s, XML)
Steps: 11800    Time: 11.8        
 CPU Time: 0.0715793 min.
u_max = 0.996149 at x = -9.25829, y = 1.61893, z = 3.41527
u_min = 8.68818e-13 at x = 0, y = 0, z = -10
Writing: "SphereAPh20TM_TimeMap_118.chk"
 (0s, XML)
Time Map: Max = 11.7985, Min = 0
Writing: "SphereAPh20TM_118.chk"
 (0s, XML)
Steps: 11900    Time: 11.9        
 CPU Time: 0.0714492 min.
u_max = 0.996154 at x = -9.26848, y = 1.65446, z = 3.3704
u_min = 1.12751e-12 at x = 0, y = 0, z = -10
Writing: "SphereAPh20TM_TimeMap_119.chk"
 (0s, XML)
Time Map: Max = 11.898, Min = 0
Writing: "SphereAPh20TM_119.chk"
 (0s, XML)
Steps: 12000    Time: 12          
 CPU Time: 0.0715705 min.
u_max = 0.996152 at x = 5.10307, y = 7.97922, z = 3.20792
u_min = 1.46436e-12 at x = 0, y = 0, z = -10
Writing: "SphereAPh20TM_TimeMap_120.chk"
 (0s, XML)
Time Map: Max = 11.9995, Min = 0
Writing: "SphereAPh20TM_120.chk"
 (0s, XML)
Steps: 12100    Time: 12.1        
 CPU Time: 0.071574 min.
u_max = 0.99616 at x = -3.29503, y = 8.92964, z = 3.06676
u_min = 1.9033e-12 at x = 0, y = 0, z = -10
Writing: "SphereAPh20TM_TimeMap_121.chk"
 (0s, XML)
Time Map: Max = 12.0995, Min = 0
Writing: "SphereAPh20TM_121.chk"
 (0s, XML)
Steps: 12200    Time: 12.2        
 CPU Time: 0.0714772 min.
u_max = 0.996164 at x = -9.5403, y = 0.746055, z = 2.90282
u_min = 2.47564e-12 at x = 0, y = 0, z = -10
Writing: "SphereAPh20TM_TimeMap_122.chk"
 (0s, XML)
Time Map: Max = 12.1995, Min = 0
Writing: "SphereAPh20TM_122.chk"
 (0s, XML)
Steps: 12300    Time: 12.3        
 CPU Time: 0.0714041 min.
u_max = 0.996177 at x = -9.56962, y = 0.844516, z = 2.77654
u_min = 3.2224e-12 at x = 0, y = 0, z = -10
Writing: "SphereAPh20TM_TimeMap_123.chk"
 (0s, XML)
Time Map: Max = 12.298, Min = 0
Writing: "SphereAPh20TM_123.chk"
 (0s, XML)
Steps: 12400    Time: 12.4        
 CPU Time: 0.0715581 min.
u_max = 0.99618 at x = 2.38411, y = -9.35374, z = 2.61228
u_min = 4.19734e-12 at x = 0, y = 0, z = -10
Writing: "SphereAPh20TM_TimeMap_124.chk"
 (0s, XML)
Time Map: Max = 12.4, Min = 0
Writing: "SphereAPh20TM_124.chk"
 (0s, XML)
Steps: 12500    Time: 12.5        
 CPU Time: 0.0716759 min.
u_max = 0.996191 at x = -2.47933, y = 9.36514, z = 2.47933
u_min = 5.47094e-12 at x = 0, y = 0, z = -10
Writing: "SphereAPh20TM_TimeMap_125.chk"
 (0s, XML)
Time Map: Max = 12.499, Min = 0
Writing: "SphereAPh20TM_125.chk"
 (0s, XML)
Steps: 12600    Time: 12.6        
 CPU Time: 0.0715587 min.
u_max = 0.996194 at x = -2.38635, y = 9.41334, z = 2.38635
u_min = 7.1357e-12 at x = 0, y = 0, z = -10
Writing: "SphereAPh20TM_TimeMap_126.chk"
 (0s, XML)
Time Map: Max = 12.6, Min = 0
Writing: "SphereAPh20TM_126.chk"
 (0s, XML)
Steps: 12700    Time: 12.7        
 CPU Time: 0.0714971 min.
u_max = 0.996196 at x = 5.27973, y = -8.19284, z = 2.23647
u_min = 9.31298e-12 at x = 0, y = 0, z = -10
Writing: "SphereAPh20TM_TimeMap_127.chk"
 (0s, XML)
Time Map: Max = 12.6985, Min = 0
Writing: "SphereAPh20TM_127.chk"
 (0s, XML)
Steps: 12800    Time: 12.8        
 CPU Time: 0.0716743 min.
u_max = 0.996208 at x = 0.0992817, y = -9.78724, z = 2.04944
u_min = 1.21622e-11 at x = 0, y = 0, z = -10
Writing: "SphereAPh20TM_TimeMap_128.chk"
 (0s, XML)
Time Map: Max = 12.7985, Min = 0
Writing: "SphereAPh20TM_128.chk"
 (0s, XML)
Steps: 12900    Time: 12.9        
 CPU Time: 0.0714982 min.
u_max = 0.996219 at x = 0, y = -9.80785, z = 1.9509
u_min = 1.58927e-11 at x = 0, y = 0, z = -10
Writing: "SphereAPh20TM_TimeMap_129.chk"
 (0s, XML)
Time Map: Max = 12.9, Min = 0
Writing: "SphereAPh20TM_129.chk"
 (0s, XML)
Steps: 13000    Time: 13          
 CPU Time: 0.0715077 min.
u_max = 0.996224 at x = -9.84389, y = 0.0354108, z = 1.75998
u_min = 2.07798e-11 at x = 0, y = 0, z = -10
Writing: "SphereAPh20TM_TimeMap_130.chk"
 (0s, XML)
Time Map: Max = 12.9995, Min = 0
Writing: "SphereAPh20TM_130.chk"
 (0s, XML)
Steps: 13100    Time: 13.1        
 CPU Time: 0.0715325 min.
u_max = 0.996234 at x = 0, y = -9.85013, z = 1.72518
u_min = 2.71855e-11 at x = 0, y = 0, z = -10
Writing: "SphereAPh20TM_TimeMap_131.chk"
 (0s, XML)
Time Map: Max = 13.0995, Min = 0
Writing: "SphereAPh20TM_131.chk"
 (0s, XML)
Steps: 13200    Time: 13.2        
 CPU Time: 0.0715122 min.
u_max = 0.996231 at x = -9.22782, y = 3.54088, z = 1.51982
u_min = 3.55858e-11 at x = 0, y = 0, z = -10
Writing: "SphereAPh20TM_TimeMap_132.chk"
 (0s, XML)
Time Map: Max = 13.2, Min = 0
Writing: "SphereAPh20TM_132.chk"
 (0s, XML)
Steps: 13300    Time: 13.3        
 CPU Time: 0.0714648 min.
u_max = 0.996237 at x = -9.20662, y = 3.62174, z = 1.45665
u_min = 4.66076e-11 at x = 0, y = 0, z = -10
Writing: "SphereAPh20TM_TimeMap_133.chk"
 (0s, XML)
Time Map: Max = 13.298, Min = 0
Writing: "SphereAPh20TM_133.chk"
 (0s, XML)
Steps: 13400    Time: 13.4        
 CPU Time: 0.0714352 min.
u_max = 0.996239 at x = -7.09755, y = -6.92428, z = 1.29593
u_min = 6.10762e-11 at x = 0, y = 0, z = -10
Writing: "SphereAPh20TM_TimeMap_134.chk"
 (0s, XML)
Time Map: Max = 13.3995, Min = 0
Writing: "SphereAPh20TM_134.chk"
 (0s, XML)
Steps: 13500    Time: 13.5        
 CPU Time: 0.0714017 min.
u_max = 0.996247 at x = -7.87069, y = -6.06184, z = 1.14287
u_min = 8.00788e-11 at x = 0, y = 0, z = -10
Writing: "SphereAPh20TM_TimeMap_135.chk"
 (0s, XML)
Time Map: Max = 13.4985, Min = 0
Writing: "SphereAPh20TM_135.chk"
 (0s, XML)
Steps: 13600    Time: 13.6        
 CPU Time: 0.0715556 min.
u_max = 0.996256 at x = 4.71553, y = -8.76721, z = 0.948717
u_min = 1.05048e-10 at x = 0, y = 0, z = -10
Writing: "SphereAPh20TM_TimeMap_136.chk"
 (0s, XML)
Time Map: Max = 13.6, Min = 0
Writing: "SphereAPh20TM_136.chk"
 (0s, XML)
Steps: 13700    Time: 13.7        
 CPU Time: 0.071247 min.
u_max = 0.996274 at x = 4.6262, y = -8.82476, z = 0.849678
u_min = 1.37875e-10 at x = 0, y = 0, z = -10
Writing: "SphereAPh20TM_TimeMap_137.chk"
 (0s, XML)
Time Map: Max = 13.6995, Min = 0
Writing: "SphereAPh20TM_137.chk"
 (0s, XML)
Steps: 13800    Time: 13.8        
 CPU Time: 0.0714308 min.
u_max = 0.996268 at x = 0.826095, y = 9.93802, z = 0.74405
u_min = 1.8105e-10 at x = 0, y = 0, z = -10
Writing: "SphereAPh20TM_TimeMap_138.chk"
 (0s, XML)
Time Map: Max = 13.7985, Min = 0
Writing: "SphereAPh20TM_138.chk"
 (0s, XML)
Steps: 13900    Time: 13.9        
 CPU Time: 0.0715409 min.
u_max = 0.99627 at x = -8.87644, y = 4.57263, z = 0.547051
u_min = 2.37864e-10 at x = 0, y = 0, z = -10
Writing: "SphereAPh20TM_TimeMap_139.chk"
 (0s, XML)
Time Map: Max = 13.8995, Min = 0
Writing: "SphereAPh20TM_139.chk"
 (0s, XML)
Steps: 14000    Time: 14          
 CPU Time: 0.0717035 min.
u_max = 0.996276 at x = -9.73872, y = 2.22999, z = 0.429161
u_min = 3.12659e-10 at x = 0, y = 0, z = -10
Writing: "SphereAPh20TM_TimeMap_140.chk"
 (0s, XML)
Time Map: Max = 13.999, Min = 0
Writing: "SphereAPh20TM_140.chk"
 (0s, XML)
Steps: 14100    Time: 14.1        
 CPU Time: 0.0715924 min.
u_max = 0.996282 at x = -9.9909, y = -0.301548, z = 0.301548
u_min = 4.11172e-10 at x = 0, y = 0, z = -10
Writing: "SphereAPh20TM_TimeMap_141.chk"
 (0s, XML)
Time Map: Max = 14.1, Min = 0
Writing: "SphereAPh20TM_141.chk"
 (0s, XML)
Steps: 14200    Time: 14.2        
 CPU Time: 0.0715047 min.
u_max = 0.996296 at x = 2.04944, y = 9.78724, z = 0.0992817
u_min = 5.40985e-10 at x = 0, y = 0, z = -10
Writing: "SphereAPh20TM_TimeMap_142.chk"
 (0s, XML)
Time Map: Max = 14.1995, Min = 0
Writing: "SphereAPh20TM_142.chk"
 (0s, XML)
Steps: 14300    Time: 14.3        
 CPU Time: 0.0716189 min.
u_max = 0.996307 at x = 0, y = -10, z = 0
u_min = 7.12119e-10 at x = 0, y = 0, z = -10
Writing: "SphereAPh20TM_TimeMap_143.chk"
 (0s, XML)
Time Map: Max = 14.2975, Min = 0
Writing: "SphereAPh20TM_143.chk"
 (0s, XML)
Steps: 14400    Time: 14.4        
 CPU Time: 0.0712578 min.
u_max = 0.996309 at x = -9.81428, y = -1.90954, z = -0.18533
u_min = 9.37831e-10 at x = 0, y = 0, z = -10
Writing: "SphereAPh20TM_TimeMap_144.chk"
 (0s, XML)
Time Map: Max = 14.3995, Min = 0
Writing: "SphereAPh20TM_144.chk"
 (0s, XML)
Steps: 14500    Time: 14.5        
 CPU Time: 0.0716423 min.
u_max = 0.996314 at x = 9.99743, y = 0, z = -0.229637
u_min = 1.23566e-09 at x = 0, y = 0, z = -10
Writing: "SphereAPh20TM_TimeMap_145.chk"
 (0s, XML)
Time Map: Max = 14.499, Min = 0
Writing: "SphereAPh20TM_145.chk"
 (0s, XML)
Steps: 14600    Time: 14.6        
 CPU Time: 0.0715757 min.
u_max = 0.996313 at x = 9.98532, y = 0.30157, z = -0.449585
u_min = 1.62883e-09 at x = 0, y = 0, z = -10
Writing: "SphereAPh20TM_TimeMap_146.chk"
 (0s, XML)
Time Map: Max = 14.5985, Min = 0
Writing: "SphereAPh20TM_146.chk"
 (0s, XML)
Steps: 14700    Time: 14.7        
 CPU Time: 0.0715505 min.
u_max = 0.996318 at x = 4.57263, y = -8.87644, z = -0.547051
u_min = 2.14809e-09 at x = 0, y = 0, z = -10
Writing: "SphereAPh20TM_TimeMap_147.chk"
 (0s, XML)
Time Map: Max = 14.6995, Min = 0
Writing: "SphereAPh20TM_147.chk"
 (0s, XML)
Steps: 14800    Time: 14.8        
 CPU Time: 0.0714986 min.
u_max = 0.996331 at x = 6.37001, y = -7.67192, z = -0.751657
u_min = 2.83419e-09 at x = 0, y = 0, z = -10
Writing: "SphereAPh20TM_TimeMap_148.chk"
 (0s, XML)
Time Map: Max = 14.798, Min = 0
Writing: "SphereAPh20TM_148.chk"
 (0s, XML)
Steps: 14900    Time: 14.9        
 CPU Time: 0.0715085 min.
u_max = 0.996346 at x = 4.6262, y = 8.82476, z = -0.849678
u_min = 3.74115e-09 at x = 0, y = 0, z = -10
Writing: "SphereAPh20TM_TimeMap_149.chk"
 (0s, XML)
Time Map: Max = 14.8995, Min = 0
Writing: "SphereAPh20TM_149.chk"
 (0s, XML)
Steps: 15000    Time: 15          
 CPU Time: 0.0714539 min.
u_max = 0.996339 at x = -0.744181, y = -9.92465, z = -0.973591
u_min = 4.94061e-09 at x = 0, y = 0, z = -10
Writing: "SphereAPh20TM_TimeMap_150.chk"
 (0s, XML)
Time Map: Max = 14.999, Min = 0
Writing: "SphereAPh20TM_150.chk"
 (0s, XML)
Steps: 15100    Time: 15.1        
 CPU Time: 0.0713376 min.
u_max = 0.996343 at x = 6.30776, y = -7.66972, z = -1.17788
u_min = 6.52761e-09 at x = 0, y = 0, z = -10
Writing: "SphereAPh20TM_TimeMap_151.chk"
 (0s, XML)
Time Map: Max = 15.1, Min = 0
Writing: "SphereAPh20TM_151.chk"
 (0s, XML)
Steps: 15200    Time: 15.2        
 CPU Time: 0.0713991 min.
u_max = 0.996349 at x = -7.09755, y = 6.92428, z = -1.29593
u_min = 8.62833e-09 at x = 0, y = 0, z = -10
Writing: "SphereAPh20TM_TimeMap_152.chk"
 (0s, XML)
Time Map: Max = 15.2, Min = 0
Writing: "SphereAPh20TM_152.chk"
 (0s, XML)
Steps: 15300    Time: 15.3        
 CPU Time: 0.0713748 min.
u_max = 0.996358 at x = 7.08206, y = 6.90879, z = -1.45372
u_min = 1.14103e-08 at x = 0, y = 0, z = -10
Writing: "SphereAPh20TM_TimeMap_153.chk"
 (0s, XML)
Time Map: Max = 15.3, Min = 0
Writing: "SphereAPh20TM_153.chk"
 (0s, XML)
Steps: 15400    Time: 15.4        
 CPU Time: 0.0714296 min.
u_max = 0.996366 at x = -1.80424, y = -9.70866, z = -1.57705
u_min = 1.50963e-08 at x = 0, y = 0, z = -10
Writing: "SphereAPh20TM_TimeMap_154.chk"
 (0s, XML)
Time Map: Max = 15.3985, Min = 0
Writing: "SphereAPh20TM_154.chk"
 (0s, XML)
Steps: 15500    Time: 15.5        
 CPU Time: 0.0713973 min.
u_max = 0.996375 at x = -8.27549, y = 5.35467, z = -1.68634
u_min = 1.99821e-08 at x = 0, y = 0, z = -10
Writing: "SphereAPh20TM_TimeMap_155.chk"
 (0s, XML)
Time Map: Max = 15.5, Min = 0
Writing: "SphereAPh20TM_155.chk"
 (0s, XML)
Steps: 15600    Time: 15.6        
 CPU Time: 0.0713805 min.
u_max = 0.996387 at x = 1.67332, y = 9.67393, z = -1.90173
u_min = 2.64615e-08 at x = 0, y = 0, z = -10
Writing: "SphereAPh20TM_TimeMap_156.chk"
 (0s, XML)
Time Map: Max = 15.6, Min = 0
Writing: "SphereAPh20TM_156.chk"
 (0s, XML)
Steps: 15700    Time: 15.7        
 CPU Time: 0.0715646 min.
u_max = 0.996392 at x = 0, y = 9.80785, z = -1.9509
u_min = 3.50583e-08 at x = 0, y = 0, z = -10
Writing: "SphereAPh20TM_TimeMap_157.chk"
 (0s, XML)
Time Map: Max = 15.7, Min = 0
Writing: "SphereAPh20TM_157.chk"
 (0s, XML)
Steps: 15800    Time: 15.8        
 CPU Time: 0.0717061 min.
u_max = 0.996399 at x = -0.0116682, y = 9.7638, z = -2.16085
u_min = 4.64699e-08 at x = 0, y = 0, z = -10
Writing: "SphereAPh20TM_TimeMap_158.chk"
 (0s, XML)
Time Map: Max = 15.799, Min = 0
Writing: "SphereAPh20TM_158.chk"
 (0s, XML)
Steps: 15900    Time: 15.9        
 CPU Time: 0.0713685 min.
u_max = 0.996396 at x = 9.74364, y = -0.0992847, z = -2.2477
u_min = 6.16252e-08 at x = 0, y = 0, z = -10
Writing: "SphereAPh20TM_TimeMap_159.chk"
 (0s, XML)
Time Map: Max = 15.9, Min = 0
Writing: "SphereAPh20TM_159.chk"
 (0s, XML)
Steps: 16000    Time: 16          
 CPU Time: 0.0716038 min.
u_max = 0.996408 at x = 9.36514, y = -2.47933, z = -2.47933
u_min = 8.17624e-08 at x = 0, y = 0, z = -10
Writing: "SphereAPh20TM_TimeMap_160.chk"
 (0s, XML)
Time Map: Max = 16, Min = 0
Writing: "SphereAPh20TM_160.chk"
 (0s, XML)
Steps: 16100    Time: 16.1        
 CPU Time: 0.0714866 min.
u_max = 0.996411 at x = -2.38442, y = -9.36101, z = -2.58581
u_min = 1.08532e-07 at x = 0, y = 0, z = -10
Writing: "SphereAPh20TM_TimeMap_161.chk"
 (0s, XML)
Time Map: Max = 16.1, Min = 0
Writing: "SphereAPh20TM_161.chk"
 (0s, XML)
Steps: 16200    Time: 16.2        
 CPU Time: 0.0714728 min.
u_max = 0.996418 at x = 0.844516, y = -9.56962, z = -2.77654
u_min = 1.44137e-07 at x = 0, y = 0, z = -10
Writing: "SphereAPh20TM_TimeMap_162.chk"
 (0s, XML)
Time Map: Max = 16.1995, Min = 0
Writing: "SphereAPh20TM_162.chk"
 (0s, XML)
Steps: 16300    Time: 16.3        
 CPU Time: 0.0717138 min.
u_max = 0.996422 at x = 0.939631, y = -9.53189, z = -2.87409
u_min = 1.91518e-07 at x = 0, y = 0, z = -10
Writing: "SphereAPh20TM_TimeMap_163.chk"
 (0s, XML)
Time Map: Max = 16.299, Min = 0
Writing: "SphereAPh20TM_163.chk"
 (0s, XML)
Steps: 16400    Time: 16.4        
 CPU Time: 0.0716542 min.
u_max = 0.996432 at x = 6.73887, y = -6.73887, z = -3.02905
u_min = 2.54601e-07 at x = 0, y = 0, z = -10
Writing: "SphereAPh20TM_TimeMap_164.chk"
 (0s, XML)
Time Map: Max = 16.3995, Min = 0
Writing: "SphereAPh20TM_164.chk"
 (0s, XML)
Steps: 16500    Time: 16.5        
 CPU Time: 0.0715124 min.
u_max = 0.996434 at x = -3.16231, y = 8.94426, z = -3.16231
u_min = 3.38637e-07 at x = 0, y = 0, z = -10
Writing: "SphereAPh20TM_TimeMap_165.chk"
 (0s, XML)
Time Map: Max = 16.4985, Min = 0
Writing: "SphereAPh20TM_165.chk"
 (0s, XML)
Steps: 16600    Time: 16.6        
 CPU Time: 0.0714913 min.
u_max = 0.996445 at x = -3.25058, y = 8.88074, z = -3.25058
u_min = 4.50643e-07 at x = 0, y = 0, z = -10
Writing: "SphereAPh20TM_TimeMap_166.chk"
 (0s, XML)
Time Map: Max = 16.5985, Min = 0
Writing: "SphereAPh20TM_166.chk"
 (0s, XML)
Steps: 16700    Time: 16.7        
 CPU Time: 0.0714844 min.
u_max = 0.996449 at x = 1.59054, y = -9.24993, z = -3.45103
u_min = 6.00014e-07 at x = 0, y = 0, z = -10
Writing: "SphereAPh20TM_TimeMap_167.chk"
 (0s, XML)
Time Map: Max = 16.6985, Min = 0
Writing: "SphereAPh20TM_167.chk"
 (0s, XML)
Steps: 16800    Time: 16.8        
 CPU Time: 0.0715921 min.
u_max = 0.996463 at x = -1.64816, y = -9.18728, z = -3.58851
u_min = 7.99327e-07 at x = 0, y = 0, z = -10
Writing: "SphereAPh20TM_TimeMap_168.chk"
 (0s, XML)
Time Map: Max = 16.795, Min = 0
Writing: "SphereAPh20TM_168.chk"
 (0s, XML)
Steps: 16900    Time: 16.9        
 CPU Time: 0.0713163 min.
u_max = 0.996473 at x = 9.1054, y = 1.6443, z = -3.79332
u_min = 1.06543e-06 at x = 0, y = 0, z = -10
Writing: "SphereAPh20TM_TimeMap_169.chk"
 (0s, XML)
Time Map: Max = 16.9, Min = 0
Writing: "SphereAPh20TM_169.chk"
 (0s, XML)
Steps: 17000    Time: 17          
 CPU Time: 0.0715025 min.
u_max = 0.996482 at x = -1.65606, y = 9.0989, z = -3.80382
u_min = 1.42094e-06 at x = 0, y = 0, z = -10
Writing: "SphereAPh20TM_TimeMap_170.chk"
 (0s, XML)
Time Map: Max = 16.9985, Min = 0
Writing: "SphereAPh20TM_170.chk"
 (0s, XML)
Steps: 17100    Time: 17.1        
 CPU Time: 0.0716685 min.
u_max = 0.996484 at x = -9.14854, y = 0, z = -4.03801
u_min = 1.89615e-06 at x = 0, y = 0, z = -10
Writing: "SphereAPh20TM_TimeMap_171.chk"
 (0s, XML)
Time Map: Max = 17.1, Min = 0
Writing: "SphereAPh20TM_171.chk"
 (0s, XML)
Steps: 17200    Time: 17.2        
 CPU Time: 0.0716236 min.
u_max = 0.996487 at x = -9.11595, y = 0.0998954, z = -4.10976
u_min = 2.53179e-06 at x = 0, y = 0, z = -10
Writing: "SphereAPh20TM_TimeMap_172.chk"
 (0s, XML)
Time Map: Max = 17.1985, Min = 0
Writing: "SphereAPh20TM_172.chk"
 (0s, XML)
Steps: 17300    Time: 17.3        
 CPU Time: 0.0718523 min.
u_max = 0.996494 at x = -2.39402, y = -8.7262, z = -4.25702
u_min = 3.38258e-06 at x = 0, y = 0, z = -10
Writing: "SphereAPh20TM_TimeMap_173.chk"
 (0s, XML)
Time Map: Max = 17.2965, Min = 0
Writing: "SphereAPh20TM_173.chk"
 (0s, XML)
Steps: 17400    Time: 17.4        
 CPU Time: 0.0714637 min.
u_max = 0.996502 at x = 2.49111, y = 8.65682, z = -4.3421
u_min = 4.5221e-06 at x = 0, y = 0, z = -10
Writing: "SphereAPh20TM_TimeMap_174.chk"
 (0s, XML)
Time Map: Max = 17.3955, Min = 0
Writing: "SphereAPh20TM_174.chk"
 (0s, XML)
Steps: 17500    Time: 17.5        
 CPU Time: 0.0714797 min.
u_max = 0.996511 at x = -8.82476, y = -0.849678, z = -4.6262
u_min = 6.0494e-06 at x = 0, y = 0, z = -10
Writing: "SphereAPh20TM_TimeMap_175.chk"
 (0s, XML)
Time Map: Max = 17.5, Min = 0
Writing: "SphereAPh20TM_175.chk"
 (0s, XML)
Steps: 17600    Time: 17.6        
 CPU Time: 0.0714978 min.
u_max = 0.996527 at x = -8.82476, y = -0.849678, z = -4.6262
u_min = 8.09794e-06 at x = 0, y = 0, z = -10
Writing: "SphereAPh20TM_TimeMap_176.chk"
 (0s, XML)
Time Map: Max = 17.6, Min = 0
Writing: "SphereAPh20TM_176.chk"
 (0s, XML)
Steps: 17700    Time: 17.7        
 CPU Time: 0.0714284 min.
u_max = 0.996523 at x = -8.77325, y = -0.750584, z = -4.73993
u_min = 1.08477e-05 at x = 0, y = 0, z = -10
Writing: "SphereAPh20TM_TimeMap_177.chk"
 (0s, XML)
Time Map: Max = 17.699, Min = 0
Writing: "SphereAPh20TM_177.chk"
 (0s, XML)
Steps: 17800    Time: 17.8        
 CPU Time: 0.0715437 min.
u_max = 0.996528 at x = -0.935414, y = 8.65334, z = -4.92384
u_min = 1.45415e-05 at x = 0, y = 0, z = -10
Writing: "SphereAPh20TM_TimeMap_178.chk"
 (0s, XML)
Time Map: Max = 17.8, Min = 0
Writing: "SphereAPh20TM_178.chk"
 (0s, XML)
Steps: 17900    Time: 17.9        
 CPU Time: 0.0715006 min.
u_max = 0.996538 at x = -3.38094, y = -7.93793, z = -5.0556
u_min = 1.95078e-05 at x = 0, y = 0, z = -10
Writing: "SphereAPh20TM_TimeMap_179.chk"
 (0s, XML)
Time Map: Max = 17.8965, Min = 0
Writing: "SphereAPh20TM_179.chk"
 (0s, XML)
Steps: 18000    Time: 18          
 CPU Time: 0.0715816 min.
u_max = 0.996547 at x = -1.68532, y = 8.39989, z = -5.15781
u_min = 2.61904e-05 at x = 0, y = 0, z = -10
Writing: "SphereAPh20TM_TimeMap_180.chk"
 (0s, XML)
Time Map: Max = 17.9995, Min = 0
Writing: "SphereAPh20TM_180.chk"
 (0s, XML)
Steps: 18100    Time: 18.1        
 CPU Time: 0.071464 min.
u_max = 0.996564 at x = 8.27549, y = 1.68634, z = -5.35467
u_min = 3.51908e-05 at x = 0, y = 0, z = -10
Writing: "SphereAPh20TM_TimeMap_181.chk"
 (0s, XML)
Time Map: Max = 18.0995, Min = 0
Writing: "SphereAPh20TM_181.chk"
 (0s, XML)
Steps: 18200    Time: 18.2        
 CPU Time: 0.0715762 min.
u_max = 0.996566 at x = 0.0999095, y = 8.38265, z = -5.45174
u_min = 4.73243e-05 at x = 0, y = 0, z = -10
Writing: "SphereAPh20TM_TimeMap_182.chk"
 (0s, XML)
Time Map: Max = 18.1995, Min = 0
Writing: "SphereAPh20TM_182.chk"
 (0s, XML)
Steps: 18300    Time: 18.3        
 CPU Time: 0.0715744 min.
u_max = 0.996582 at x = 8.3147, y = 0, z = -5.5557
u_min = 6.36983e-05 at x = 0, y = 0, z = -10
Writing: "SphereAPh20TM_TimeMap_183.chk"
 (0s, XML)
Time Map: Max = 18.296, Min = 0
Writing: "SphereAPh20TM_183.chk"
 (0s, XML)
Steps: 18400    Time: 18.4        
 CPU Time: 0.0715311 min.
u_max = 0.996596 at x = -0.0117568, y = -8.19322, z = -5.73343
u_min = 8.58183e-05 at x = 0, y = 0, z = -10
Writing: "SphereAPh20TM_TimeMap_184.chk"
 (0s, XML)
Time Map: Max = 18.3995, Min = 0
Writing: "SphereAPh20TM_184.chk"
 (0s, XML)
Steps: 18500    Time: 18.5        
 CPU Time: 0.0718121 min.
u_max = 0.996597 at x = 0, y = -8.18498, z = -5.74521
u_min = 0.000115735 at x = 0, y = 0, z = -10
Writing: "SphereAPh20TM_TimeMap_185.chk"
 (0s, XML)
Time Map: Max = 18.5, Min = 0
Writing: "SphereAPh20TM_185.chk"
 (0s, XML)
Steps: 18600    Time: 18.6        
 CPU Time: 0.0718836 min.
u_max = 0.9966 at x = -1.15188, y = 7.95036, z = -5.95524
u_min = 0.000156246 at x = 0, y = 0, z = -10
Writing: "SphereAPh20TM_TimeMap_186.chk"
 (0s, XML)
Time Map: Max = 18.599, Min = 0
Writing: "SphereAPh20TM_186.chk"
 (0s, XML)
Steps: 18700    Time: 18.7        
 CPU Time: 0.0717322 min.
u_max = 0.996614 at x = -2.37582, y = -7.5649, z = -6.09326
u_min = 0.000211175 at x = 0, y = 0, z = -10
Writing: "SphereAPh20TM_TimeMap_187.chk"
 (0s, XML)
Time Map: Max = 18.6995, Min = 0
Writing: "SphereAPh20TM_187.chk"
 (0s, XML)
Steps: 18800    Time: 18.8        
 CPU Time: 0.0716979 min.
u_max = 0.996626 at x = -0.850905, y = -7.74368, z = -6.26987
u_min = 0.000285759 at x = 0, y = 0, z = -10
Writing: "SphereAPh20TM_TimeMap_188.chk"
 (0s, XML)
Time Map: Max = 18.7985, Min = 0
Writing: "SphereAPh20TM_188.chk"
 (0s, XML)
Steps: 18900    Time: 18.9        
 CPU Time: 0.0714794 min.
u_max = 0.996638 at x = -0.850905, y = -7.74368, z = -6.26987
u_min = 0.000387184 at x = 0, y = 0, z = -10
Writing: "SphereAPh20TM_TimeMap_189.chk"
 (0s, XML)
Time Map: Max = 18.9, Min = 0
Writing: "SphereAPh20TM_189.chk"
 (0s, XML)
Steps: 19000    Time: 19          
 CPU Time: 0.0717834 min.
u_max = 0.996643 at x = 4.38904, y = -6.26704, z = -6.439
u_min = 0.000525341 at x = 0, y = 0, z = -10
Writing: "SphereAPh20TM_TimeMap_190.chk"
 (0s, XML)
Time Map: Max = 18.998, Min = 0
Writing: "SphereAPh20TM_190.chk"
 (0s, XML)
Steps: 19100    Time: 19.1        
 CPU Time: 0.0715721 min.
u_max = 0.996653 at x = 0, y = 7.5489, z = -6.5585
u_min = 0.000713875 at x = 0, y = 0, z = -10
Writing: "SphereAPh20TM_TimeMap_191.chk"
 (0s, XML)
Time Map: Max = 19.098, Min = 0
Writing: "SphereAPh20TM_191.chk"
 (0s, XML)
Steps: 19200    Time: 19.2        
 CPU Time: 0.0715614 min.
u_max = 0.996667 at x = 5.24604, y = -5.24604, z = -6.70509
u_min = 0.000971678 at x = 0, y = 0, z = -10
Writing: "SphereAPh20TM_TimeMap_192.chk"
 (0s, XML)
Time Map: Max = 19.1985, Min = 0
Writing: "SphereAPh20TM_192.chk"
 (0s, XML)
Steps: 19300    Time: 19.3        
 CPU Time: 0.0716857 min.
u_max = 0.996677 at x = -0.088389, y = -7.30569, z = -6.82789
u_min = 0.001325 at x = 0, y = 0, z = -10
Writing: "SphereAPh20TM_TimeMap_193.chk"
 (0s, XML)
Time Map: Max = 19.2955, Min = 0
Writing: "SphereAPh20TM_193.chk"
 (0s, XML)
Steps: 19400    Time: 19.4        
 CPU Time: 0.0716303 min.
u_max = 0.996691 at x = 0, y = -7.23163, z = -6.90687
u_min = 0.00181043 at x = 0, y = 0, z = -10
Writing: "SphereAPh20TM_TimeMap_194.chk"
 (0s, XML)
Time Map: Max = 19.3848, Min = 0
Writing: "SphereAPh20TM_194.chk"
 (0s, XML)
Steps: 19500    Time: 19.5        
 CPU Time: 0.071549 min.
u_max = 0.996713 at x = 0, y = -7.07107, z = -7.07107
u_min = 0.0024792 at x = 0, y = 0, z = -10
Writing: "SphereAPh20TM_TimeMap_195.chk"
 (0s, XML)
Time Map: Max = 19.5, Min = 0
Writing: "SphereAPh20TM_195.chk"
 (0s, XML)
Steps: 19600    Time: 19.6        
 CPU Time: 0.0715673 min.
u_max = 0.996719 at x = 0, y = -7.07107, z = -7.07107
u_min = 0.00340359 at x = 0, y = 0, z = -10
Writing: "SphereAPh20TM_TimeMap_196.chk"
 (0s, XML)
Time Map: Max = 19.5853, Min = 0
Writing: "SphereAPh20TM_196.chk"
 (0s, XML)
Steps: 19700    Time: 19.7        
 CPU Time: 0.0716949 min.
u_max = 0.996736 at x = 0, y = -6.90687, z = -7.23163
u_min = 0.0046857 at x = 0, y = 0, z = -10
Writing: "SphereAPh20TM_TimeMap_197.chk"
 (0s, XML)
Time Map: Max = 19.6397, Min = 0
Writing: "SphereAPh20TM_197.chk"
 (0s, XML)
Steps: 19800    Time: 19.8        
 CPU Time: 0.0715932 min.
u_max = 0.996742 at x = 3.88158, y = 5.56541, z = -7.34572
u_min = 0.00647068 at x = 0, y = 0, z = -10
Writing: "SphereAPh20TM_TimeMap_198.chk"
 (0s, XML)
Time Map: Max = 19.6995, Min = 0
Writing: "SphereAPh20TM_198.chk"
 (0s, XML)
Steps: 19900    Time: 19.9        
 CPU Time: 0.0715578 min.
u_max = 0.996759 at x = -6.20425, y = -2.27895, z = -7.50426
u_min = 0.00896592 at x = 0, y = 0, z = -10
Writing: "SphereAPh20TM_TimeMap_199.chk"
 (0s, XML)
Time Map: Max = 19.7645, Min = 0
Writing: "SphereAPh20TM_199.chk"
 (0s, XML)
Steps: 20000    Time: 20          
 CPU Time: 0.0715067 min.
u_max = 0.996776 at x = -2.37582, y = 6.09326, z = -7.5649
u_min = 0.0124686 at x = 0, y = 0, z = -10
Writing: "SphereAPh20TM_TimeMap_200.chk"
 (0s, XML)
Time Map: Max = 19.8343, Min = 0
Writing: "SphereAPh20TM_200.chk"
 (0s, XML)
Steps: 20100    Time: 20.1        
 CPU Time: 0.0715262 min.
u_max = 0.996792 at x = -1.61831, y = 6.20492, z = -7.67333
u_min = 0.0174071 at x = 0, y = 0, z = -10
Writing: "SphereAPh20TM_TimeMap_201.chk"
 (0s, XML)
Time Map: Max = 19.9086, Min = 0
Writing: "SphereAPh20TM_201.chk"
 (0s, XML)
Steps: 20200    Time: 20.2        
 CPU Time: 0.0715459 min.
u_max = 0.996811 at x = -0.949943, y = -6.16819, z = -7.81354
u_min = 0.0243996 at x = 0, y = 0, z = -10
Writing: "SphereAPh20TM_TimeMap_202.chk"
 (0s, XML)
Time Map: Max = 19.9867, Min = 0
Writing: "SphereAPh20TM_202.chk"
 (0s, XML)
Steps: 20300    Time: 20.3        
 CPU Time: 0.0716113 min.
u_max = 0.996827 at x = 5.20575, y = -3.20115, z = -7.91536
u_min = 0.0343417 at x = 0, y = 0, z = -10
Writing: "SphereAPh20TM_TimeMap_203.chk"
 (0s, XML)
Time Map: Max = 20.0681, Min = 0
Writing: "SphereAPh20TM_203.chk"
 (0s, XML)
Steps: 20400    Time: 20.4        
 CPU Time: 0.0714577 min.
u_max = 0.996847 at x = 5.13922, y = -3.03307, z = -8.02431
u_min = 0.048462 at x = 0, y = 0, z = -10
Writing: "SphereAPh20TM_TimeMap_204.chk"
 (0s, XML)
Time Map: Max = 20.152, Min = 0
Writing: "SphereAPh20TM_204.chk"
 (0s, XML)
Steps: 20500    Time: 20.5        
 CPU Time: 0.0714424 min.
u_max = 0.996866 at x = -3.13145, y = 4.92583, z = -8.11975
u_min = 0.0687903 at x = 0, y = 0, z = -10
Writing: "SphereAPh20TM_TimeMap_205.chk"
 (0s, XML)
Time Map: Max = 20.2375, Min = 0
Writing: "SphereAPh20TM_205.chk"
 (0s, XML)
Steps: 20600    Time: 20.6        
 CPU Time: 0.0715797 min.
u_max = 0.996891 at x = -1.5897, y = -5.46735, z = -8.22078
u_min = 0.0986298 at x = 0, y = 0, z = -10
Writing: "SphereAPh20TM_TimeMap_206.chk"
 (0s, XML)
Time Map: Max = 20.3231, Min = 0
Writing: "SphereAPh20TM_206.chk"
 (0s, XML)
Steps: 20700    Time: 20.7        
 CPU Time: 0.0713709 min.
u_max = 0.996918 at x = -5.5557, y = 0, z = -8.3147
u_min = 0.143323 at x = 0, y = 0, z = -10
Writing: "SphereAPh20TM_TimeMap_207.chk"
 (0s, XML)
Time Map: Max = 20.4067, Min = 0
Writing: "SphereAPh20TM_207.chk"
 (0s, XML)
Steps: 20800    Time: 20.8        
 CPU Time: 0.0714237 min.
u_max = 0.996946 at x = -5.36334, y = 0, z = -8.44014
u_min = 0.210425 at x = 0, y = 0, z = -10
Writing: "SphereAPh20TM_TimeMap_208.chk"
 (0s, XML)
Time Map: Max = 20.4861, Min = 0
Writing: "SphereAPh20TM_208.chk"
 (0s, XML)
Steps: 20900    Time: 20.9        
 CPU Time: 0.0715189 min.
u_max = 0.996966 at x = 4.09, y = -3.2488, z = -8.52745
u_min = 0.309467 at x = 0, y = 0, z = -10
Writing: "SphereAPh20TM_TimeMap_209.chk"
 (0s, XML)
Time Map: Max = 20.5593, Min = 0
Writing: "SphereAPh20TM_209.chk"
 (0s, XML)
Steps: 21000    Time: 21          
 CPU Time: 0.0717845 min.
u_max = 0.997002 at x = 4.3421, y = -2.49111, z = -8.65682
u_min = 0.446087 at x = 0, y = 0, z = -10
Writing: "SphereAPh20TM_TimeMap_210.chk"
 (0s, XML)
Time Map: Max = 20.624, Min = 0
Writing: "SphereAPh20TM_210.chk"
 (0s, XML)
Steps: 21100    Time: 21.1        
 CPU Time: 0.0718004 min.
u_max = 0.997035 at x = 2.39402, y = -4.25702, z = -8.7262
u_min = 0.609104 at x = 0, y = 0, z = -10
Writing: "SphereAPh20TM_TimeMap_211.chk"
 (0s, XML)
Time Map: Max = 20.6784, Min = 0
Writing: "SphereAPh20TM_211.chk"
 (0s, XML)
Steps: 21200    Time: 21.2        
 CPU Time: 0.0717802 min.
u_max = 0.997085 at x = 0.849678, y = 4.6262, z = -8.82476
u_min = 0.763705 at x = 0, y = 0, z = -10
Writing: "SphereAPh20TM_TimeMap_212.chk"
 (0s, XML)
Time Map: Max = 20.7208, Min = 0
Writing: "SphereAPh20TM_212.chk"
 (0s, XML)
Steps: 21300    Time: 21.3        
 CPU Time: 0.0717498 min.
u_max = 0.997116 at x = -3.06676, y = -3.29503, z = -8.92964
u_min = 0.838899 at x = 2.20397, y = 0.337414, z = 9.74825
Writing: "SphereAPh20TM_TimeMap_213.chk"
 (0s, XML)
Time Map: Max = 20.7512, Min = 0
Writing: "SphereAPh20TM_213.chk"
 (0s, XML)
Steps: 21400    Time: 21.4        
 CPU Time: 0.0716618 min.
u_max = 0.997166 at x = 2.62876, y = -3.32435, z = -9.05748
u_min = 0.834952 at x = 2.20397, y = 0.337414, z = 9.74825
Writing: "SphereAPh20TM_TimeMap_214.chk"
 (0s, XML)
Time Map: Max = 20.7709, Min = 0
Writing: "SphereAPh20TM_214.chk"
 (0s, XML)
Steps: 21500    Time: 21.5        
 CPU Time: 0.0715954 min.
u_max = 0.99724 at x = -1.64816, y = 3.58851, z = -9.18728
u_min = 0.830881 at x = 2.20397, y = 0.337414, z = 9.74825
Writing: "SphereAPh20TM_TimeMap_215.chk"
 (0s, XML)
Time Map: Max = 20.7827, Min = 0
Writing: "SphereAPh20TM_215.chk"
 (0s, XML)
Steps: 21600    Time: 21.6        
 CPU Time: 0.0715818 min.
u_max = 0.997319 at x = 3.70716, y = 0.099307, z = -9.28695
u_min = 0.82668 at x = 2.20397, y = 0.337414, z = 9.74825
Writing: "SphereAPh20TM_TimeMap_216.chk"
 (0s, XML)
Time Map: Max = 20.7894, Min = 0
Writing: "SphereAPh20TM_216.chk"
 (0s, XML)
Steps: 21700    Time: 21.7        
 CPU Time: 0.0714893 min.
u_max = 0.997428 at x = -2.38613, y = 2.41296, z = -9.4066
u_min = 0.822344 at x = 2.20397, y = 0.337414, z = 9.74825
Writing: "SphereAPh20TM_TimeMap_217.chk"
 (0s, XML)
Time Map: Max = 20.793, Min = 0
Writing: "SphereAPh20TM_217.chk"
 (0s, XML)
Steps: 21800    Time: 21.8        
 CPU Time: 0.0714748 min.
u_max = 0.997593 at x = 2.77654, y = -0.844516, z = -9.56962
u_min = 0.817866 at x = 1.708, y = 1.47848, z = 9.74154
Writing: "SphereAPh20TM_TimeMap_218.chk"
 (0s, XML)
Time Map: Max = 20.7949, Min = 0
Writing: "SphereAPh20TM_218.chk"
 (0s, XML)
Steps: 21900    Time: 21.9        
 CPU Time: 0.0714809 min.
u_max = 0.997869 at x = -1.9509, y = 0, z = -9.80785
u_min = 0.813238 at x = 1.708, y = 1.47848, z = 9.74154
Writing: "SphereAPh20TM_TimeMap_219.chk"
 (0s, XML)
Time Map: Max = 20.7959, Min = 0
Writing: "SphereAPh20TM_219.chk"
 (0s, XML)
Steps: 22000    Time: 22          
 CPU Time: 0.0717637 min.
u_max = 0.998391 at x = 0, y = 0, z = -10
u_min = 0.808454 at x = 1.708, y = 1.47848, z = 9.74154
Writing: "SphereAPh20TM_TimeMap_220.chk"
 (0s, XML)
Time Map: Max = 20.7964, Min = 0
Writing: "SphereAPh20TM_220.chk"
 (0s, XML)
Steps: 22100    Time: 22.1        
 CPU Time: 0.0716785 min.
u_max = 0.998642 at x = 0, y = 0, z = -10
u_min = 0.803507 at x = 1.708, y = 1.47848, z = 9.74154
Writing: "SphereAPh20TM_TimeMap_221.chk"
 (0s, XML)
Time Map: Max = 20.7966, Min = 0
Writing: "SphereAPh20TM_221.chk"
 (0s, XML)
Steps: 22200    Time: 22.2        
 CPU Time: 0.0716803 min.
u_max = 0.998729 at x = 0, y = 0, z = -10
u_min = 0.798387 at x = 1.708, y = 1.47848, z = 9.74154
Writing: "SphereAPh20TM_TimeMap_222.chk"
 (0s, XML)
Time Map: Max = 20.7967, Min = 0
Writing: "SphereAPh20TM_222.chk"
 (0s, XML)
Steps: 22300    Time: 22.3        
 CPU Time: 0.071521 min.
u_max = 0.998739 at x = 0, y = 0, z = -10
u_min = 0.793086 at x = 1.708, y = 1.47848, z = 9.74154
Writing: "SphereAPh20TM_TimeMap_223.chk"
 (0s, XML)
Time Map: Max = 20.7967, Min = 0
Writing: "SphereAPh20TM_223.chk"
 (0s, XML)
Steps: 22400    Time: 22.4        
 CPU Time: 0.0715962 min.
u_max = 0.998713 at x = 0, y = 0, z = -10
u_min = 0.787594 at x = 1.708, y = 1.47848, z = 9.74154
Writing: "SphereAPh20TM_TimeMap_224.chk"
 (0s, XML)
Time Map: Max = 20.7967, Min = 0
Writing: "SphereAPh20TM_224.chk"
 (0s, XML)
Steps: 22500    Time: 22.5        
 CPU Time: 0.0717317 min.
u_max = 0.998669 at x = 0, y = 0, z = -10
u_min = 0.7819 at x = 1.708, y = 1.47848, z = 9.74154
Writing: "SphereAPh20TM_TimeMap_225.chk"
 (0s, XML)
Time Map: Max = 20.7967, Min = 0
Writing: "SphereAPh20TM_225.chk"
 (0s, XML)
Steps: 22600    Time: 22.6        
 CPU Time: 0.0716976 min.
u_max = 0.998615 at x = 0, y = 0, z = -10
u_min = 0.775995 at x = 1.708, y = 1.47848, z = 9.74154
Writing: "SphereAPh20TM_TimeMap_226.chk"
 (0s, XML)
Time Map: Max = 20.7967, Min = 0
Writing: "SphereAPh20TM_226.chk"
 (0s, XML)
Steps: 22700    Time: 22.7        
 CPU Time: 0.0716134 min.
u_max = 0.998557 at x = 0, y = 0, z = -10
u_min = 0.769864 at x = 1.708, y = 1.47848, z = 9.74154
Writing: "SphereAPh20TM_TimeMap_227.chk"
 (0s, XML)
Time Map: Max = 20.7967, Min = 0
Writing: "SphereAPh20TM_227.chk"
 (0s, XML)
Steps: 22800    Time: 22.8        
 CPU Time: 0.071591 min.
u_max = 0.998496 at x = 0, y = 0, z = -10
u_min = 0.763496 at x = 1.708, y = 1.47848, z = 9.74154
Writing: "SphereAPh20TM_TimeMap_228.chk"
 (0s, XML)
Time Map: Max = 20.7967, Min = 0
Writing: "SphereAPh20TM_228.chk"
 (0s, XML)
Steps: 22900    Time: 22.9        
 CPU Time: 0.0716641 min.
u_max = 0.998433 at x = 0, y = 0, z = -10
u_min = 0.756877 at x = 1.708, y = -1.47848, z = 9.74154
Writing: "SphereAPh20TM_TimeMap_229.chk"
 (0s, XML)
Time Map: Max = 20.7967, Min = 0
Writing: "SphereAPh20TM_229.chk"
 (0s, XML)
Steps: 23000    Time: 23          
 CPU Time: 0.0716397 min.
u_max = 0.998368 at x = 0, y = 0, z = -10
u_min = 0.749989 at x = 1.708, y = -1.47848, z = 9.74154
Writing: "SphereAPh20TM_TimeMap_230.chk"
 (0s, XML)
Time Map: Max = 20.7967, Min = 0
Writing: "SphereAPh20TM_230.chk"
 (0s, XML)
Steps: 23100    Time: 23.1        
 CPU Time: 0.0715742 min.
u_max = 0.998302 at x = 0, y = 0, z = -10
u_min = 0.742818 at x = 1.708, y = -1.47848, z = 9.74154
Writing: "SphereAPh20TM_TimeMap_231.chk"
 (0s, XML)
Time Map: Max = 20.7967, Min = 0
Writing: "SphereAPh20TM_231.chk"
 (0s, XML)
Steps: 23200    Time: 23.2        
 CPU Time: 0.0715726 min.
u_max = 0.998234 at x = 0, y = 0, z = -10
u_min = 0.735345 at x = 1.708, y = -1.47848, z = 9.74154
Writing: "SphereAPh20TM_TimeMap_232.chk"
 (0s, XML)
Time Map: Max = 20.7967, Min = 0
Writing: "SphereAPh20TM_232.chk"
 (0s, XML)
Steps: 23300    Time: 23.3        
 CPU Time: 0.0716347 min.
u_max = 0.998165 at x = 0, y = 0, z = -10
u_min = 0.72755 at x = 1.708, y = -1.47848, z = 9.74154
Writing: "SphereAPh20TM_TimeMap_233.chk"
 (0s, XML)
Time Map: Max = 20.7967, Min = 0
Writing: "SphereAPh20TM_233.chk"
 (0s, XML)
Steps: 23400    Time: 23.4        
 CPU Time: 0.0716297 min.
u_max = 0.998095 at x = 0, y = 0, z = -10
u_min = 0.719411 at x = 1.708, y = -1.47848, z = 9.74154
Writing: "SphereAPh20TM_TimeMap_234.chk"
 (0s, XML)
Time Map: Max = 20.7967, Min = 0
Writing: "SphereAPh20TM_234.chk"
 (0s, XML)
Steps: 23500    Time: 23.5        
 CPU Time: 0.0715231 min.
u_max = 0.998023 at x = 0, y = 0, z = -10
u_min = 0.710905 at x = 1.708, y = -1.47848, z = 9.74154
Writing: "SphereAPh20TM_TimeMap_235.chk"
 (0s, XML)
Time Map: Max = 20.7967, Min = 0
Writing: "SphereAPh20TM_235.chk"
 (0s, XML)
Steps: 23600    Time: 23.6        
 CPU Time: 0.0716305 min.
u_max = 0.997951 at x = 0, y = 0, z = -10
u_min = 0.702006 at x = 1.708, y = -1.47848, z = 9.74154
Writing: "SphereAPh20TM_TimeMap_236.chk"
 (0s, XML)
Time Map: Max = 20.7967, Min = 0
Writing: "SphereAPh20TM_236.chk"
 (0s, XML)
Steps: 23700    Time: 23.7        
 CPU Time: 0.0718113 min.
u_max = 0.997876 at x = 0, y = 0, z = -10
u_min = 0.692685 at x = 1.708, y = -1.47848, z = 9.74154
Writing: "SphereAPh20TM_TimeMap_237.chk"
 (0s, XML)
Time Map: Max = 20.7967, Min = 0
Writing: "SphereAPh20TM_237.chk"
 (0s, XML)
Steps: 23800    Time: 23.8        
 CPU Time: 0.0718695 min.
u_max = 0.9978 at x = 0, y = 0, z = -10
u_min = 0.682912 at x = 1.708, y = -1.47848, z = 9.74154
Writing: "SphereAPh20TM_TimeMap_238.chk"
 (0s, XML)
Time Map: Max = 20.7967, Min = 0
Writing: "SphereAPh20TM_238.chk"
 (0s, XML)
Steps: 23900    Time: 23.9        
 CPU Time: 0.0716851 min.
u_max = 0.997723 at x = 0, y = 0, z = -10
u_min = 0.672651 at x = 1.708, y = -1.47848, z = 9.74154
Writing: "SphereAPh20TM_TimeMap_239.chk"
 (0s, XML)
Time Map: Max = 20.7967, Min = 0
Writing: "SphereAPh20TM_239.chk"
 (0s, XML)
Steps: 24000    Time: 24          
 CPU Time: 0.0716139 min.
u_max = 0.997645 at x = 0, y = 0, z = -10
u_min = 0.661867 at x = 1.708, y = -1.47848, z = 9.74154
Writing: "SphereAPh20TM_TimeMap_240.chk"
 (0s, XML)
Time Map: Max = 20.7967, Min = 0
Writing: "SphereAPh20TM_240.chk"
 (0s, XML)
Steps: 24100    Time: 24.1        
 CPU Time: 0.0714728 min.
u_max = 0.997564 at x = 0, y = 0, z = -10
u_min = 0.650518 at x = 1.708, y = -1.47848, z = 9.74154
Writing: "SphereAPh20TM_TimeMap_241.chk"
 (0s, XML)
Time Map: Max = 20.7967, Min = 0
Writing: "SphereAPh20TM_241.chk"
 (0s, XML)
Steps: 24200    Time: 24.2        
 CPU Time: 0.0716099 min.
u_max = 0.997483 at x = 0, y = 0, z = -10
u_min = 0.63856 at x = 1.708, y = -1.47848, z = 9.74154
Writing: "SphereAPh20TM_TimeMap_242.chk"
 (0s, XML)
Time Map: Max = 20.7967, Min = 0
Writing: "SphereAPh20TM_242.chk"
 (0s, XML)
Steps: 24300    Time: 24.3        
 CPU Time: 0.0715358 min.
u_max = 0.9974 at x = 0, y = 0, z = -10
u_min = 0.625941 at x = 2.20397, y = 0.337414, z = 9.74825
Writing: "SphereAPh20TM_TimeMap_243.chk"
 (0s, XML)
Time Map: Max = 20.7967, Min = 0
Writing: "SphereAPh20TM_243.chk"
 (0s, XML)
Steps: 24400    Time: 24.4        
 CPU Time: 0.0716644 min.
u_max = 0.997315 at x = 0, y = 0, z = -10
u_min = 0.612605 at x = 2.20397, y = 0.337414, z = 9.74825
Writing: "SphereAPh20TM_TimeMap_244.chk"
 (0s, XML)
Time Map: Max = 20.7967, Min = 0
Writing: "SphereAPh20TM_244.chk"
 (0s, XML)
Steps: 24500    Time: 24.5        
 CPU Time: 0.0715068 min.
u_max = 0.997229 at x = 0, y = 0, z = -10
u_min = 0.598498 at x = 2.20397, y = 0.337414, z = 9.74825
Writing: "SphereAPh20TM_TimeMap_245.chk"
 (0s, XML)
Time Map: Max = 20.7967, Min = 0
Writing: "SphereAPh20TM_245.chk"
 (0s, XML)
Steps: 24600    Time: 24.6        
 CPU Time: 0.0715222 min.
u_max = 0.997141 at x = 0, y = 0, z = -10
u_min = 0.583558 at x = 2.03288, y = -0.888576, z = 9.75073
Writing: "SphereAPh20TM_TimeMap_246.chk"
 (0s, XML)
Time Map: Max = 20.7967, Min = 0
Writing: "SphereAPh20TM_246.chk"
 (0s, XML)
Steps: 24700    Time: 24.7        
 CPU Time: 0.0716036 min.
u_max = 0.997051 at x = 0, y = 0, z = -10
u_min = 0.567715 at x = 2.03288, y = -0.888576, z = 9.75073
Writing: "SphereAPh20TM_TimeMap_247.chk"
 (0s, XML)
Time Map: Max = 20.7967, Min = 0
Writing: "SphereAPh20TM_247.chk"
 (0s, XML)
Steps: 24800    Time: 24.8        
 CPU Time: 0.0715426 min.
u_max = 0.99696 at x = 0, y = 0, z = -10
u_min = 0.550904 at x = 2.03288, y = -0.888576, z = 9.75073
Writing: "SphereAPh20TM_TimeMap_248.chk"
 (0s, XML)
Time Map: Max = 20.7967, Min = 0
Writing: "SphereAPh20TM_248.chk"
 (0s, XML)
Steps: 24900    Time: 24.9        
 CPU Time: 0.0716061 min.
u_max = 0.996866 at x = 0, y = 0, z = -10
u_min = 0.533054 at x = 2.03288, y = -0.888576, z = 9.75073
Writing: "SphereAPh20TM_TimeMap_249.chk"
 (0s, XML)
Time Map: Max = 20.7967, Min = 0
Writing: "SphereAPh20TM_249.chk"
 (0s, XML)
Steps: 25000    Time: 25          
 CPU Time: 0.0714372 min.
u_max = 0.996772 at x = 0, y = 0, z = -10
u_min = 0.514086 at x = 2.17563, y = 0, z = 9.76053
Writing: "SphereAPh20TM_TimeMap_250.chk"
 (0s, XML)
Time Map: Max = 20.7967, Min = 0
Writing: "SphereAPh20TM_250.chk"
 (0s, XML)
Steps: 25100    Time: 25.1        
 CPU Time: 0.0715107 min.
u_max = 0.996675 at x = 0, y = 0, z = -10
u_min = 0.493922 at x = 2.17563, y = 0, z = 9.76053
Writing: "SphereAPh20TM_TimeMap_251.chk"
 (0s, XML)
Time Map: Max = 20.7967, Min = 0
Writing: "SphereAPh20TM_251.chk"
 (0s, XML)
Steps: 25200    Time: 25.2        
 CPU Time: 0.0715698 min.
u_max = 0.996576 at x = 0, y = 0, z = -10
u_min = 0.472526 at x = 2.17563, y = 0, z = 9.76053
Writing: "SphereAPh20TM_TimeMap_252.chk"
 (0s, XML)
Time Map: Max = 20.7967, Min = 0
Writing: "SphereAPh20TM_252.chk"
 (0s, XML)
Steps: 25300    Time: 25.3        
 CPU Time: 0.0715051 min.
u_max = 0.996476 at x = 0, y = 0, z = -10
u_min = 0.449861 at x = 2.17563, y = 0, z = 9.76053
Writing: "SphereAPh20TM_TimeMap_253.chk"
 (0s, XML)
Time Map: Max = 20.7967, Min = 0
Writing: "SphereAPh20TM_253.chk"
 (0s, XML)
Steps: 25400    Time: 25.4        
 CPU Time: 0.0715617 min.
u_max = 0.996374 at x = 0, y = 0, z = -10
u_min = 0.425906 at x = 2.16085, y = -0.0116682, z = 9.7638
Writing: "SphereAPh20TM_TimeMap_254.chk"
 (0s, XML)
Time Map: Max = 20.7967, Min = 0
Writing: "SphereAPh20TM_254.chk"
 (0s, XML)
Steps: 25500    Time: 25.5        
 CPU Time: 0.0717045 min.
u_max = 0.99627 at x = 0, y = 0, z = -10
u_min = 0.400662 at x = 1.60731, y = -1.40448, z = 9.76956
Writing: "SphereAPh20TM_TimeMap_255.chk"
 (0s, XML)
Time Map: Max = 20.7967, Min = 0
Writing: "SphereAPh20TM_255.chk"
 (0s, XML)
Steps: 25600    Time: 25.6        
 CPU Time: 0.0716839 min.
u_max = 0.996163 at x = 0, y = 0, z = -10
u_min = 0.37423 at x = 1.60731, y = -1.40448, z = 9.76956
Writing: "SphereAPh20TM_TimeMap_256.chk"
 (0s, XML)
Time Map: Max = 20.7967, Min = 0
Writing: "SphereAPh20TM_256.chk"
 (0s, XML)
Steps: 25700    Time: 25.7        
 CPU Time: 0.0714408 min.
u_max = 0.996055 at x = 0, y = 0, z = -10
u_min = 0.346744 at x = 2.09464, y = -0.0638134, z = 9.77799
Writing: "SphereAPh20TM_TimeMap_257.chk"
 (0s, XML)
Time Map: Max = 20.7967, Min = 0
Writing: "SphereAPh20TM_257.chk"
 (0s, XML)
Steps: 25800    Time: 25.8        
 CPU Time: 0.0714647 min.
u_max = 0.995945 at x = 0, y = 0, z = -10
u_min = 0.318022 at x = 1.9509, y = 0, z = 9.80785
Writing: "SphereAPh20TM_TimeMap_258.chk"
 (0s, XML)
Time Map: Max = 20.7967, Min = 0
Writing: "SphereAPh20TM_258.chk"
 (0s, XML)
Steps: 25900    Time: 25.9        
 CPU Time: 0.0715477 min.
u_max = 0.995832 at x = 0, y = 0, z = -10
u_min = 0.288777 at x = 1.9509, y = 0, z = 9.80785
Writing: "SphereAPh20TM_TimeMap_259.chk"
 (0s, XML)
Time Map: Max = 20.7967, Min = 0
Writing: "SphereAPh20TM_259.chk"
 (0s, XML)
Steps: 26000    Time: 26          
 CPU Time: 0.071641 min.
u_max = 0.995718 at x = 0, y = 0, z = -10
u_min = 0.259504 at x = 1.9509, y = 0, z = 9.80785
Writing: "SphereAPh20TM_TimeMap_260.chk"
 (0s, XML)
Time Map: Max = 20.7967, Min = 0
Writing: "SphereAPh20TM_260.chk"
 (0s, XML)
Steps: 26100    Time: 26.1        
 CPU Time: 0.0715961 min.
u_max = 0.995601 at x = 0, y = 0, z = -10
u_min = 0.230718 at x = 1.9509, y = 0, z = 9.80785
Writing: "SphereAPh20TM_TimeMap_261.chk"
 (0s, XML)
Time Map: Max = 20.7967, Min = 0
Writing: "SphereAPh20TM_261.chk"
 (0s, XML)
Steps: 26200    Time: 26.2        
 CPU Time: 0.0715406 min.
u_max = 0.995482 at x = 0, y = 0, z = -10
u_min = 0.202963 at x = 1.9509, y = 0, z = 9.80785
Writing: "SphereAPh20TM_TimeMap_262.chk"
 (0s, XML)
Time Map: Max = 20.7967, Min = 0
Writing: "SphereAPh20TM_262.chk"
 (0s, XML)
Steps: 26300    Time: 26.3        
 CPU Time: 0.0715875 min.
u_max = 0.995361 at x = 0, y = 0, z = -10
u_min = 0.176661 at x = 0.0990576, y = -1.82253, z = 9.83204
Writing: "SphereAPh20TM_TimeMap_263.chk"
 (0s, XML)
Time Map: Max = 20.7967, Min = 0
Writing: "SphereAPh20TM_263.chk"
 (0s, XML)
Steps: 26400    Time: 26.4        
 CPU Time: 0.0715816 min.
u_max = 0.995238 at x = 0, y = 0, z = -10
u_min = 0.151867 at x = 0.0990576, y = -1.82253, z = 9.83204
Writing: "SphereAPh20TM_TimeMap_264.chk"
 (0s, XML)
Time Map: Max = 20.7967, Min = 0
Writing: "SphereAPh20TM_264.chk"
 (0s, XML)
Steps: 26500    Time: 26.5        
 CPU Time: 0.0714415 min.
u_max = 0.995112 at x = 0, y = 0, z = -10
u_min = 0.129069 at x = 1.49644, y = -0.687404, z = 9.86342
Writing: "SphereAPh20TM_TimeMap_265.chk"
 (0s, XML)
Time Map: Max = 20.7967, Min = 0
Writing: "SphereAPh20TM_265.chk"
 (0s, XML)
Steps: 26600    Time: 26.6        
 CPU Time: 0.071618 min.
u_max = 0.994983 at x = 0, y = 0, z = -10
u_min = 0.108479 at x = 1.55823, y = -0.301732, z = 9.87324
Writing: "SphereAPh20TM_TimeMap_266.chk"
 (0s, XML)
Time Map: Max = 20.7967, Min = 0
Writing: "SphereAPh20TM_266.chk"
 (0s, XML)
Steps: 26700    Time: 26.7        
 CPU Time: 0.0716498 min.
u_max = 0.994853 at x = 0, y = 0, z = -10
u_min = 0.0903042 at x = 1.20626, y = -0.75675, z = 9.89807
Writing: "SphereAPh20TM_TimeMap_267.chk"
 (0s, XML)
Time Map: Max = 20.7967, Min = 0
Writing: "SphereAPh20TM_267.chk"
 (0s, XML)
Steps: 26800    Time: 26.8        
 CPU Time: 0.0715574 min.
u_max = 0.99472 at x = 0, y = 0, z = -10
u_min = 0.0745846 at x = 1.25925, y = 0, z = 9.92039
Writing: "SphereAPh20TM_TimeMap_268.chk"
 (0s, XML)
Time Map: Max = 20.7967, Min = 0
Writing: "SphereAPh20TM_268.chk"
 (0s, XML)
Steps: 26900    Time: 26.9        
 CPU Time: 0.0714439 min.
u_max = 0.994584 at x = 0, y = 0, z = -10
u_min = 0.0612137 at x = 0.770975, y = -0.744001, z = 9.94245
Writing: "SphereAPh20TM_TimeMap_269.chk"
 (0s, XML)
Time Map: Max = 20.7967, Min = 0
Writing: "SphereAPh20TM_269.chk"
 (0s, XML)
Steps: 27000    Time: 27          
 CPU Time: 0.0714475 min.
u_max = 0.994445 at x = 0, y = 0, z = -10
u_min = 0.0500239 at x = 0.194131, y = -0.893903, z = 9.95802
Writing: "SphereAPh20TM_TimeMap_270.chk"
 (0s, XML)
Time Map: Max = 20.7967, Min = 0
Writing: "SphereAPh20TM_270.chk"
 (0s, XML)
Steps: 27100    Time: 27.1        
 CPU Time: 0.0715403 min.
u_max = 0.994304 at x = 0, y = 0, z = -10
u_min = 0.040784 at x = 0.266361, y = -0.495917, z = 9.98416
Writing: "SphereAPh20TM_TimeMap_271.chk"
 (0s, XML)
Time Map: Max = 20.7967, Min = 0
Writing: "SphereAPh20TM_271.chk"
 (0s, XML)
Steps: 27200    Time: 27.2        
 CPU Time: 0.0716722 min.
u_max = 0.994161 at x = 0, y = 0, z = -10
u_min = 0.0331792 at x = 0, y = 0, z = 10
Writing: "SphereAPh20TM_TimeMap_272.chk"
 (0s, XML)
Time Map: Max = 20.7967, Min = 0
Writing: "SphereAPh20TM_272.chk"
 (0s, XML)
Steps: 27300    Time: 27.3        
 CPU Time: 0.0714898 min.
u_max = 0.994014 at x = 0, y = 0, z = -10
u_min = 0.0271467 at x = 0, y = 0, z = 10
Writing: "SphereAPh20TM_TimeMap_273.chk"
 (0s, XML)
Time Map: Max = 20.7967, Min = 0
Writing: "SphereAPh20TM_273.chk"
 (0s, XML)
Steps: 27400    Time: 27.4        
 CPU Time: 0.0714348 min.
u_max = 0.993865 at x = 0, y = 0, z = -10
u_min = 0.0223972 at x = 0, y = 0, z = 10
Writing: "SphereAPh20TM_TimeMap_274.chk"
 (0s, XML)
Time Map: Max = 20.7967, Min = 0
Writing: "SphereAPh20TM_274.chk"
 (0s, XML)
Steps: 27500    Time: 27.5        
 CPU Time: 0.0714228 min.
u_max = 0.993713 at x = 0, y = 0, z = -10
u_min = 0.0186338 at x = 0, y = 0, z = 10
Writing: "SphereAPh20TM_TimeMap_275.chk"
 (0s, XML)
Time Map: Max = 20.7967, Min = 0
Writing: "SphereAPh20TM_275.chk"
 (0s, XML)
Steps: 27600    Time: 27.6        
 CPU Time: 0.0715405 min.
u_max = 0.993558 at x = 0, y = 0, z = -10
u_min = 0.0156303 at x = 0, y = 0, z = 10
Writing: "SphereAPh20TM_TimeMap_276.chk"
 (0s, XML)
Time Map: Max = 20.7967, Min = 0
Writing: "SphereAPh20TM_276.chk"
 (0s, XML)
Steps: 27700    Time: 27.7        
 CPU Time: 0.0715651 min.
u_max = 0.9934 at x = 0, y = 0, z = -10
u_min = 0.0132144 at x = 0, y = 0, z = 10
Writing: "SphereAPh20TM_TimeMap_277.chk"
 (0s, XML)
Time Map: Max = 20.7967, Min = 0
Writing: "SphereAPh20TM_277.chk"
 (0s, XML)
Steps: 27800    Time: 27.8        
 CPU Time: 0.0716255 min.
u_max = 0.993238 at x = 0, y = 0, z = -10
u_min = 0.0112558 at x = 0, y = 0, z = 10
Writing: "SphereAPh20TM_TimeMap_278.chk"
 (0s, XML)
Time Map: Max = 20.7967, Min = 0
Writing: "SphereAPh20TM_278.chk"
 (0s, XML)
Steps: 27900    Time: 27.9        
 CPU Time: 0.0716261 min.
u_max = 0.993074 at x = 0, y = 0, z = -10
u_min = 0.00965497 at x = 0, y = 0, z = 10
Writing: "SphereAPh20TM_TimeMap_279.chk"
 (0s, XML)
Time Map: Max = 20.7967, Min = 0
Writing: "SphereAPh20TM_279.chk"
 (0s, XML)
Steps: 28000    Time: 28          
 CPU Time: 0.0715275 min.
u_max = 0.992907 at x = 0, y = 0, z = -10
u_min = 0.00833633 at x = 0, y = 0, z = 10
Writing: "SphereAPh20TM_TimeMap_280.chk"
 (0s, XML)
Time Map: Max = 20.7967, Min = 0
Writing: "SphereAPh20TM_280.chk"
 (0s, XML)
Steps: 28100    Time: 28.1        
 CPU Time: 0.0713943 min.
u_max = 0.992736 at x = 0, y = 0, z = -10
u_min = 0.0072417 at x = 0, y = 0, z = 10
Writing: "SphereAPh20TM_TimeMap_281.chk"
 (0s, XML)
Time Map: Max = 20.7967, Min = 0
Writing: "SphereAPh20TM_281.chk"
 (0s, XML)
Steps: 28200    Time: 28.2        
 CPU Time: 0.0715621 min.
u_max = 0.992562 at x = 0, y = 0, z = -10
u_min = 0.00632624 at x = 0, y = 0, z = 10
Writing: "SphereAPh20TM_TimeMap_282.chk"
 (0s, XML)
Time Map: Max = 20.7967, Min = 0
Writing: "SphereAPh20TM_282.chk"
 (0s, XML)
Steps: 28300    Time: 28.3        
 CPU Time: 0.0716532 min.
u_max = 0.992385 at x = 0, y = 0, z = -10
u_min = 0.00555512 at x = 0, y = 0, z = 10
Writing: "SphereAPh20TM_TimeMap_283.chk"
 (0s, XML)
Time Map: Max = 20.7967, Min = 0
Writing: "SphereAPh20TM_283.chk"
 (0s, XML)
Steps: 28400    Time: 28.4        
 CPU Time: 0.0716036 min.
u_max = 0.992205 at x = 0, y = 0, z = -10
u_min = 0.00490113 at x = 0, y = 0, z = 10
Writing: "SphereAPh20TM_TimeMap_284.chk"
 (0s, XML)
Time Map: Max = 20.7967, Min = 0
Writing: "SphereAPh20TM_284.chk"
 (0s, XML)
Steps: 28500    Time: 28.5        
 CPU Time: 0.071672 min.
u_max = 0.99202 at x = 0, y = 0, z = -10
u_min = 0.00434287 at x = 0, y = 0, z = 10
Writing: "SphereAPh20TM_TimeMap_285.chk"
 (0s, XML)
Time Map: Max = 20.7967, Min = 0
Writing: "SphereAPh20TM_285.chk"
 (0s, XML)
Steps: 28600    Time: 28.6        
 CPU Time: 0.0715979 min.
u_max = 0.991833 at x = 0, y = 0, z = -10
u_min = 0.00386338 at x = 0, y = 0, z = 10
Writing: "SphereAPh20TM_TimeMap_286.chk"
 (0s, XML)
Time Map: Max = 20.7967, Min = 0
Writing: "SphereAPh20TM_286.chk"
 (0s, XML)
Steps: 28700    Time: 28.7        
 CPU Time: 0.0715376 min.
u_max = 0.991641 at x = 0, y = 0, z = -10
u_min = 0.00344916 at x = 0, y = 0, z = 10
Writing: "SphereAPh20TM_TimeMap_287.chk"
 (0s, XML)
Time Map: Max = 20.7967, Min = 0
Writing: "SphereAPh20TM_287.chk"
 (0s, XML)
Steps: 28800    Time: 28.8        
 CPU Time: 0.0716506 min.
u_max = 0.991446 at x = 0, y = 0, z = -10
u_min = 0.00308937 at x = 0, y = 0, z = 10
Writing: "SphereAPh20TM_TimeMap_288.chk"
 (0s, XML)
Time Map: Max = 20.7967, Min = 0
Writing: "SphereAPh20TM_288.chk"
 (0s, XML)
Steps: 28900    Time: 28.9        
 CPU Time: 0.0714949 min.
u_max = 0.991247 at x = 0, y = 0, z = -10
u_min = 0.00277525 at x = 0, y = 0, z = 10
Writing: "SphereAPh20TM_TimeMap_289.chk"
 (0s, XML)
Time Map: Max = 20.7967, Min = 0
Writing: "SphereAPh20TM_289.chk"
 (0s, XML)
Steps: 29000    Time: 29          
 CPU Time: 0.0713745 min.
u_max = 0.991045 at x = 0, y = 0, z = -10
u_min = 0.00249971 at x = 0, y = 0, z = 10
Writing: "SphereAPh20TM_TimeMap_290.chk"
 (0s, XML)
Time Map: Max = 20.7967, Min = 0
Writing: "SphereAPh20TM_290.chk"
 (0s, XML)
Steps: 29100    Time: 29.1        
 CPU Time: 0.0717453 min.
u_max = 0.990838 at x = 0, y = 0, z = -10
u_min = 0.00225693 at x = 0, y = 0, z = 10
Writing: "SphereAPh20TM_TimeMap_291.chk"
 (0s, XML)
Time Map: Max = 20.7967, Min = 0
Writing: "SphereAPh20TM_291.chk"
 (0s, XML)
Steps: 29200    Time: 29.2        
 CPU Time: 0.0717421 min.
u_max = 0.990627 at x = 0, y = 0, z = -10
u_min = 0.00204214 at x = 0, y = 0, z = 10
Writing: "SphereAPh20TM_TimeMap_292.chk"
 (0s, XML)
Time Map: Max = 20.7967, Min = 0
Writing: "SphereAPh20TM_292.chk"
 (0s, XML)
Steps: 29300    Time: 29.3        
 CPU Time: 0.0714963 min.
u_max = 0.990413 at x = 0, y = 0, z = -10
u_min = 0.00185139 at x = 0, y = 0, z = 10
Writing: "SphereAPh20TM_TimeMap_293.chk"
 (0s, XML)
Time Map: Max = 20.7967, Min = 0
Writing: "SphereAPh20TM_293.chk"
 (0s, XML)
Steps: 29400    Time: 29.4        
 CPU Time: 0.071535 min.
u_max = 0.990194 at x = 0, y = 0, z = -10
u_min = 0.0016814 at x = 0, y = 0, z = 10
Writing: "SphereAPh20TM_TimeMap_294.chk"
 (0s, XML)
Time Map: Max = 20.7967, Min = 0
Writing: "SphereAPh20TM_294.chk"
 (0s, XML)
Steps: 29500    Time: 29.5        
 CPU Time: 0.0716435 min.
u_max = 0.98997 at x = 0, y = 0, z = -10
u_min = 0.00152942 at x = 0, y = 0, z = 10
Writing: "SphereAPh20TM_TimeMap_295.chk"
 (0s, XML)
Time Map: Max = 20.7967, Min = 0
Writing: "SphereAPh20TM_295.chk"
 (0s, XML)
Steps: 29600    Time: 29.6        
 CPU Time: 0.0715854 min.
u_max = 0.989743 at x = 0, y = 0, z = -10
u_min = 0.00139313 at x = 0, y = 0, z = 10
Writing: "SphereAPh20TM_TimeMap_296.chk"
 (0s, XML)
Time Map: Max = 20.7967, Min = 0
Writing: "SphereAPh20TM_296.chk"
 (0s, XML)
Steps: 29700    Time: 29.7        
 CPU Time: 0.0715627 min.
u_max = 0.989511 at x = 0, y = 0, z = -10
u_min = 0.0012706 at x = 0, y = 0, z = 10
Writing: "SphereAPh20TM_TimeMap_297.chk"
 (0s, XML)
Time Map: Max = 20.7967, Min = 0
Writing: "SphereAPh20TM_297.chk"
 (0s, XML)
Steps: 29800    Time: 29.8        
 CPU Time: 0.0714644 min.
u_max = 0.989274 at x = 0, y = 0, z = -10
u_min = 0.00116015 at x = 0, y = 0, z = 10
Writing: "SphereAPh20TM_TimeMap_298.chk"
 (0s, XML)
Time Map: Max = 20.7967, Min = 0
Writing: "SphereAPh20TM_298.chk"
 (0s, XML)
Steps: 29900    Time: 29.9        
 CPU Time: 0.0716482 min.
u_max = 0.989033 at x = 0, y = 0, z = -10
u_min = 0.00106038 at x = 0, y = 0, z = 10
Writing: "SphereAPh20TM_TimeMap_299.chk"
 (0s, XML)
Time Map: Max = 20.7967, Min = 0
Writing: "SphereAPh20TM_299.chk"
 (0s, XML)
Steps: 30000    Time: 30          
 CPU Time: 0.0716656 min.
u_max = 0.988787 at x = 0, y = 0, z = -10
u_min = 0.000970072 at x = 0, y = 0, z = 10
Writing: "SphereAPh20TM_TimeMap_300.chk"
 (0s, XML)
Time Map: Max = 20.7967, Min = 0
Writing: "SphereAPh20TM_300.chk"
 (0s, XML)
Time-integration  : 1290.8s
Writing: "SphereAPh20TM.fld"
 (0s, XML)
-------------------------------------------
Total Computation Time = 1846.48s
-------------------------------------------
L 2 error (variable u) : 28.1267
L inf error (variable u) : 0.988787
