Compiling the C compiler identification source file "CMakeCCompilerId.c" failed.
Compiler: /Applications/Xcode.app/Contents/Developer/Toolchains/XcodeDefault.xctoolchain/usr/bin/cc 
Build flags: 
Id flags:  

The output was:
1
ld: library not found for -lSystem
clang: error: linker command failed with exit code 1 (use -v to see invocation)


Compiling the CXX compiler identification source file "CMakeCXXCompilerId.cpp" failed.
Compiler: /Applications/Xcode.app/Contents/Developer/Toolchains/XcodeDefault.xctoolchain/usr/bin/c++ 
Build flags: 
Id flags:  

The output was:
1
ld: library not found for -lc++
clang: error: linker command failed with exit code 1 (use -v to see invocation)


Looking for a Fortran compiler failed with the following output:
-- The Fortran compiler identification is unknown
CMake Error at CMakeLists.txt:2 (project):
  No CMAKE_Fortran_COMPILER could be found.

  Tell CMake where to find the compiler by setting either the environment
  variable "FC" or the CMake cache entry CMAKE_Fortran_COMPILER to the full
  path to the compiler, or to the compiler name if it is in the PATH.


-- Configuring incomplete, errors occurred!
See also "/Users/schun/nektar/build/CMakeFiles/CheckFortran/CMakeFiles/CMakeOutput.log".
See also "/Users/schun/nektar/build/CMakeFiles/CheckFortran/CMakeFiles/CMakeError.log".

Determining if the function dgemm_ exists failed with the following output:
Change Dir: /Users/schun/nektar/build/CMakeFiles/CMakeTmp

Run Build Command(s):/usr/bin/make -f Makefile cmTC_41892/fast && /Applications/Xcode.app/Contents/Developer/usr/bin/make  -f CMakeFiles/cmTC_41892.dir/build.make CMakeFiles/cmTC_41892.dir/build
Building C object CMakeFiles/cmTC_41892.dir/CheckFunctionExists.c.o
/Applications/Xcode.app/Contents/Developer/Toolchains/XcodeDefault.xctoolchain/usr/bin/cc   -DCHECK_FUNCTION_EXISTS=dgemm_ -arch arm64 -isysroot /Applications/Xcode.app/Contents/Developer/Platforms/MacOSX.platform/Developer/SDKs/MacOSX13.1.sdk -MD -MT CMakeFiles/cmTC_41892.dir/CheckFunctionExists.c.o -MF CMakeFiles/cmTC_41892.dir/CheckFunctionExists.c.o.d -o CMakeFiles/cmTC_41892.dir/CheckFunctionExists.c.o -c /opt/local/share/cmake-3.24/Modules/CheckFunctionExists.c
Linking C executable cmTC_41892
/opt/local/bin/cmake -E cmake_link_script CMakeFiles/cmTC_41892.dir/link.txt --verbose=1
/Applications/Xcode.app/Contents/Developer/Toolchains/XcodeDefault.xctoolchain/usr/bin/cc  -DCHECK_FUNCTION_EXISTS=dgemm_ -arch arm64 -isysroot /Applications/Xcode.app/Contents/Developer/Platforms/MacOSX.platform/Developer/SDKs/MacOSX13.1.sdk -Wl,-search_paths_first -Wl,-headerpad_max_install_names CMakeFiles/cmTC_41892.dir/CheckFunctionExists.c.o -o cmTC_41892 
Undefined symbols for architecture arm64:
  "_dgemm_", referenced from:
      _main in CheckFunctionExists.c.o
ld: symbol(s) not found for architecture arm64
clang: error: linker command failed with exit code 1 (use -v to see invocation)
make[1]: *** [cmTC_41892] Error 1
make: *** [cmTC_41892/fast] Error 2



Determining if files mpi.h exist failed with the following output:
Change Dir: /Users/schun/nektar/build/CMakeFiles/CMakeTmp

Run Build Command(s):/usr/bin/make -f Makefile cmTC_70148/fast && /Applications/Xcode.app/Contents/Developer/usr/bin/make  -f CMakeFiles/cmTC_70148.dir/build.make CMakeFiles/cmTC_70148.dir/build
Building C object CMakeFiles/cmTC_70148.dir/HAVE_MPI_H.c.o
/Applications/Xcode.app/Contents/Developer/Toolchains/XcodeDefault.xctoolchain/usr/bin/cc   -arch arm64 -isysroot /Applications/Xcode.app/Contents/Developer/Platforms/MacOSX.platform/Developer/SDKs/MacOSX13.1.sdk -MD -MT CMakeFiles/cmTC_70148.dir/HAVE_MPI_H.c.o -MF CMakeFiles/cmTC_70148.dir/HAVE_MPI_H.c.o.d -o CMakeFiles/cmTC_70148.dir/HAVE_MPI_H.c.o -c /Users/schun/nektar/build/CMakeFiles/CheckIncludeFiles/HAVE_MPI_H.c
/Users/schun/nektar/build/CMakeFiles/CheckIncludeFiles/HAVE_MPI_H.c:2:10: fatal error: 'mpi.h' file not found
#include <mpi.h>
         ^~~~~~~
1 error generated.
make[1]: *** [CMakeFiles/cmTC_70148.dir/HAVE_MPI_H.c.o] Error 1
make: *** [cmTC_70148/fast] Error 2


Source:
/* */
#include <mpi.h>


int main(void){return 0;}

Determining if the function MPI_Send exists failed with the following output:
Change Dir: /Users/schun/nektar/build/CMakeFiles/CMakeTmp

Run Build Command(s):/usr/bin/make -f Makefile cmTC_1ae0c/fast && /Applications/Xcode.app/Contents/Developer/usr/bin/make  -f CMakeFiles/cmTC_1ae0c.dir/build.make CMakeFiles/cmTC_1ae0c.dir/build
Building C object CMakeFiles/cmTC_1ae0c.dir/CheckFunctionExists.c.o
/Applications/Xcode.app/Contents/Developer/Toolchains/XcodeDefault.xctoolchain/usr/bin/cc   -DCHECK_FUNCTION_EXISTS=MPI_Send -arch arm64 -isysroot /Applications/Xcode.app/Contents/Developer/Platforms/MacOSX.platform/Developer/SDKs/MacOSX13.1.sdk -MD -MT CMakeFiles/cmTC_1ae0c.dir/CheckFunctionExists.c.o -MF CMakeFiles/cmTC_1ae0c.dir/CheckFunctionExists.c.o.d -o CMakeFiles/cmTC_1ae0c.dir/CheckFunctionExists.c.o -c /opt/local/share/cmake-3.24/Modules/CheckFunctionExists.c
Linking C executable cmTC_1ae0c
/opt/local/bin/cmake -E cmake_link_script CMakeFiles/cmTC_1ae0c.dir/link.txt --verbose=1
/Applications/Xcode.app/Contents/Developer/Toolchains/XcodeDefault.xctoolchain/usr/bin/cc  -DCHECK_FUNCTION_EXISTS=MPI_Send -arch arm64 -isysroot /Applications/Xcode.app/Contents/Developer/Platforms/MacOSX.platform/Developer/SDKs/MacOSX13.1.sdk -Wl,-search_paths_first -Wl,-headerpad_max_install_names CMakeFiles/cmTC_1ae0c.dir/CheckFunctionExists.c.o -o cmTC_1ae0c 
Undefined symbols for architecture arm64:
  "_MPI_Send", referenced from:
      _main in CheckFunctionExists.c.o
ld: symbol(s) not found for architecture arm64
clang: error: linker command failed with exit code 1 (use -v to see invocation)
make[1]: *** [cmTC_1ae0c] Error 1
make: *** [cmTC_1ae0c/fast] Error 2



The MPI test test_mpi for C in mode normal failed to compile with the following output:
Change Dir: /Users/schun/nektar/build/CMakeFiles/CMakeTmp

Run Build Command(s):/usr/bin/make -f Makefile cmTC_3a41e/fast && /Applications/Xcode.app/Contents/Developer/usr/bin/make  -f CMakeFiles/cmTC_3a41e.dir/build.make CMakeFiles/cmTC_3a41e.dir/build
Building C object CMakeFiles/cmTC_3a41e.dir/test_mpi.c.o
/Applications/Xcode.app/Contents/Developer/Toolchains/XcodeDefault.xctoolchain/usr/bin/cc   -arch arm64 -isysroot /Applications/Xcode.app/Contents/Developer/Platforms/MacOSX.platform/Developer/SDKs/MacOSX13.1.sdk -MD -MT CMakeFiles/cmTC_3a41e.dir/test_mpi.c.o -MF CMakeFiles/cmTC_3a41e.dir/test_mpi.c.o.d -o CMakeFiles/cmTC_3a41e.dir/test_mpi.c.o -c /opt/local/share/cmake-3.24/Modules/FindMPI/test_mpi.c
/opt/local/share/cmake-3.24/Modules/FindMPI/test_mpi.c:1:10: fatal error: 'mpi.h' file not found
#include <mpi.h>
         ^~~~~~~
1 error generated.
make[1]: *** [CMakeFiles/cmTC_3a41e.dir/test_mpi.c.o] Error 1
make: *** [cmTC_3a41e/fast] Error 2



The MPI test test_mpi for CXX in mode normal failed to compile with the following output:
Change Dir: /Users/schun/nektar/build/CMakeFiles/CMakeTmp

Run Build Command(s):/usr/bin/make -f Makefile cmTC_4cf48/fast && /Applications/Xcode.app/Contents/Developer/usr/bin/make  -f CMakeFiles/cmTC_4cf48.dir/build.make CMakeFiles/cmTC_4cf48.dir/build
Building CXX object CMakeFiles/cmTC_4cf48.dir/test_mpi.cpp.o
/Applications/Xcode.app/Contents/Developer/Toolchains/XcodeDefault.xctoolchain/usr/bin/c++   -arch arm64 -isysroot /Applications/Xcode.app/Contents/Developer/Platforms/MacOSX.platform/Developer/SDKs/MacOSX13.1.sdk -MD -MT CMakeFiles/cmTC_4cf48.dir/test_mpi.cpp.o -MF CMakeFiles/cmTC_4cf48.dir/test_mpi.cpp.o.d -o CMakeFiles/cmTC_4cf48.dir/test_mpi.cpp.o -c /Users/schun/nektar/build/CMakeFiles/FindMPI/test_mpi.cpp
/Users/schun/nektar/build/CMakeFiles/FindMPI/test_mpi.cpp:1:10: fatal error: 'mpi.h' file not found
#include <mpi.h>
         ^~~~~~~
1 error generated.
make[1]: *** [CMakeFiles/cmTC_4cf48.dir/test_mpi.cpp.o] Error 1
make: *** [cmTC_4cf48/fast] Error 2



The MPI test test_mpi for C in mode normal failed to compile with the following output:
Change Dir: /Users/schun/nektar/build/CMakeFiles/CMakeTmp

Run Build Command(s):/usr/bin/make -f Makefile cmTC_b7d7a/fast && /Applications/Xcode.app/Contents/Developer/usr/bin/make  -f CMakeFiles/cmTC_b7d7a.dir/build.make CMakeFiles/cmTC_b7d7a.dir/build
Building C object CMakeFiles/cmTC_b7d7a.dir/test_mpi.c.o
/Applications/Xcode.app/Contents/Developer/Toolchains/XcodeDefault.xctoolchain/usr/bin/cc   -arch arm64 -isysroot /Applications/Xcode.app/Contents/Developer/Platforms/MacOSX.platform/Developer/SDKs/MacOSX13.1.sdk -MD -MT CMakeFiles/cmTC_b7d7a.dir/test_mpi.c.o -MF CMakeFiles/cmTC_b7d7a.dir/test_mpi.c.o.d -o CMakeFiles/cmTC_b7d7a.dir/test_mpi.c.o -c /opt/local/share/cmake-3.24/Modules/FindMPI/test_mpi.c
/opt/local/share/cmake-3.24/Modules/FindMPI/test_mpi.c:1:10: fatal error: 'mpi.h' file not found
#include <mpi.h>
         ^~~~~~~
1 error generated.
make[1]: *** [CMakeFiles/cmTC_b7d7a.dir/test_mpi.c.o] Error 1
make: *** [cmTC_b7d7a/fast] Error 2



The MPI test test_mpi for CXX in mode normal failed to compile with the following output:
Change Dir: /Users/schun/nektar/build/CMakeFiles/CMakeTmp

Run Build Command(s):/usr/bin/make -f Makefile cmTC_97372/fast && /Applications/Xcode.app/Contents/Developer/usr/bin/make  -f CMakeFiles/cmTC_97372.dir/build.make CMakeFiles/cmTC_97372.dir/build
Building CXX object CMakeFiles/cmTC_97372.dir/test_mpi.cpp.o
/Applications/Xcode.app/Contents/Developer/Toolchains/XcodeDefault.xctoolchain/usr/bin/c++   -arch arm64 -isysroot /Applications/Xcode.app/Contents/Developer/Platforms/MacOSX.platform/Developer/SDKs/MacOSX13.1.sdk -MD -MT CMakeFiles/cmTC_97372.dir/test_mpi.cpp.o -MF CMakeFiles/cmTC_97372.dir/test_mpi.cpp.o.d -o CMakeFiles/cmTC_97372.dir/test_mpi.cpp.o -c /Users/schun/nektar/build/CMakeFiles/FindMPI/test_mpi.cpp
/Users/schun/nektar/build/CMakeFiles/FindMPI/test_mpi.cpp:1:10: fatal error: 'mpi.h' file not found
#include <mpi.h>
         ^~~~~~~
1 error generated.
make[1]: *** [CMakeFiles/cmTC_97372.dir/test_mpi.cpp.o] Error 1
make: *** [cmTC_97372/fast] Error 2



The MPI test test_mpi for C in mode normal failed to compile with the following output:
Change Dir: /Users/schun/nektar/build/CMakeFiles/CMakeTmp

Run Build Command(s):/usr/bin/make -f Makefile cmTC_5267c/fast && /Applications/Xcode.app/Contents/Developer/usr/bin/make  -f CMakeFiles/cmTC_5267c.dir/build.make CMakeFiles/cmTC_5267c.dir/build
Building C object CMakeFiles/cmTC_5267c.dir/test_mpi.c.o
/Applications/Xcode.app/Contents/Developer/Toolchains/XcodeDefault.xctoolchain/usr/bin/cc   -arch arm64 -isysroot /Applications/Xcode.app/Contents/Developer/Platforms/MacOSX.platform/Developer/SDKs/MacOSX13.1.sdk -MD -MT CMakeFiles/cmTC_5267c.dir/test_mpi.c.o -MF CMakeFiles/cmTC_5267c.dir/test_mpi.c.o.d -o CMakeFiles/cmTC_5267c.dir/test_mpi.c.o -c /opt/local/share/cmake-3.24/Modules/FindMPI/test_mpi.c
/opt/local/share/cmake-3.24/Modules/FindMPI/test_mpi.c:1:10: fatal error: 'mpi.h' file not found
#include <mpi.h>
         ^~~~~~~
1 error generated.
make[1]: *** [CMakeFiles/cmTC_5267c.dir/test_mpi.c.o] Error 1
make: *** [cmTC_5267c/fast] Error 2



The MPI test test_mpi for CXX in mode normal failed to compile with the following output:
Change Dir: /Users/schun/nektar/build/CMakeFiles/CMakeTmp

Run Build Command(s):/usr/bin/make -f Makefile cmTC_a67cd/fast && /Applications/Xcode.app/Contents/Developer/usr/bin/make  -f CMakeFiles/cmTC_a67cd.dir/build.make CMakeFiles/cmTC_a67cd.dir/build
Building CXX object CMakeFiles/cmTC_a67cd.dir/test_mpi.cpp.o
/Applications/Xcode.app/Contents/Developer/Toolchains/XcodeDefault.xctoolchain/usr/bin/c++   -arch arm64 -isysroot /Applications/Xcode.app/Contents/Developer/Platforms/MacOSX.platform/Developer/SDKs/MacOSX13.1.sdk -MD -MT CMakeFiles/cmTC_a67cd.dir/test_mpi.cpp.o -MF CMakeFiles/cmTC_a67cd.dir/test_mpi.cpp.o.d -o CMakeFiles/cmTC_a67cd.dir/test_mpi.cpp.o -c /Users/schun/nektar/build/CMakeFiles/FindMPI/test_mpi.cpp
/Users/schun/nektar/build/CMakeFiles/FindMPI/test_mpi.cpp:1:10: fatal error: 'mpi.h' file not found
#include <mpi.h>
         ^~~~~~~
1 error generated.
make[1]: *** [CMakeFiles/cmTC_a67cd.dir/test_mpi.cpp.o] Error 1
make: *** [cmTC_a67cd/fast] Error 2



The MPI test test_mpi for C in mode normal failed to compile with the following output:
Change Dir: /Users/schun/nektar/build/CMakeFiles/CMakeTmp

Run Build Command(s):/usr/bin/make -f Makefile cmTC_92cb0/fast && /Applications/Xcode.app/Contents/Developer/usr/bin/make  -f CMakeFiles/cmTC_92cb0.dir/build.make CMakeFiles/cmTC_92cb0.dir/build
Building C object CMakeFiles/cmTC_92cb0.dir/test_mpi.c.o
/Applications/Xcode.app/Contents/Developer/Toolchains/XcodeDefault.xctoolchain/usr/bin/cc   -arch arm64 -isysroot /Applications/Xcode.app/Contents/Developer/Platforms/MacOSX.platform/Developer/SDKs/MacOSX13.1.sdk -MD -MT CMakeFiles/cmTC_92cb0.dir/test_mpi.c.o -MF CMakeFiles/cmTC_92cb0.dir/test_mpi.c.o.d -o CMakeFiles/cmTC_92cb0.dir/test_mpi.c.o -c /opt/local/share/cmake-3.24/Modules/FindMPI/test_mpi.c
/opt/local/share/cmake-3.24/Modules/FindMPI/test_mpi.c:1:10: fatal error: 'mpi.h' file not found
#include <mpi.h>
         ^~~~~~~
1 error generated.
make[1]: *** [CMakeFiles/cmTC_92cb0.dir/test_mpi.c.o] Error 1
make: *** [cmTC_92cb0/fast] Error 2



The MPI test test_mpi for CXX in mode normal failed to compile with the following output:
Change Dir: /Users/schun/nektar/build/CMakeFiles/CMakeTmp

Run Build Command(s):/usr/bin/make -f Makefile cmTC_a2f06/fast && /Applications/Xcode.app/Contents/Developer/usr/bin/make  -f CMakeFiles/cmTC_a2f06.dir/build.make CMakeFiles/cmTC_a2f06.dir/build
Building CXX object CMakeFiles/cmTC_a2f06.dir/test_mpi.cpp.o
/Applications/Xcode.app/Contents/Developer/Toolchains/XcodeDefault.xctoolchain/usr/bin/c++   -arch arm64 -isysroot /Applications/Xcode.app/Contents/Developer/Platforms/MacOSX.platform/Developer/SDKs/MacOSX13.1.sdk -MD -MT CMakeFiles/cmTC_a2f06.dir/test_mpi.cpp.o -MF CMakeFiles/cmTC_a2f06.dir/test_mpi.cpp.o.d -o CMakeFiles/cmTC_a2f06.dir/test_mpi.cpp.o -c /Users/schun/nektar/build/CMakeFiles/FindMPI/test_mpi.cpp
/Users/schun/nektar/build/CMakeFiles/FindMPI/test_mpi.cpp:1:10: fatal error: 'mpi.h' file not found
#include <mpi.h>
         ^~~~~~~
1 error generated.
make[1]: *** [CMakeFiles/cmTC_a2f06.dir/test_mpi.cpp.o] Error 1
make: *** [cmTC_a2f06/fast] Error 2



The MPI test test_mpi for C in mode normal failed to compile with the following output:
Change Dir: /Users/schun/nektar/build/CMakeFiles/CMakeTmp

Run Build Command(s):/usr/bin/make -f Makefile cmTC_80f9b/fast && /Applications/Xcode.app/Contents/Developer/usr/bin/make  -f CMakeFiles/cmTC_80f9b.dir/build.make CMakeFiles/cmTC_80f9b.dir/build
Building C object CMakeFiles/cmTC_80f9b.dir/test_mpi.c.o
/Applications/Xcode.app/Contents/Developer/Toolchains/XcodeDefault.xctoolchain/usr/bin/cc   -arch arm64 -isysroot /Applications/Xcode.app/Contents/Developer/Platforms/MacOSX.platform/Developer/SDKs/MacOSX13.1.sdk -MD -MT CMakeFiles/cmTC_80f9b.dir/test_mpi.c.o -MF CMakeFiles/cmTC_80f9b.dir/test_mpi.c.o.d -o CMakeFiles/cmTC_80f9b.dir/test_mpi.c.o -c /opt/local/share/cmake-3.24/Modules/FindMPI/test_mpi.c
/opt/local/share/cmake-3.24/Modules/FindMPI/test_mpi.c:1:10: fatal error: 'mpi.h' file not found
#include <mpi.h>
         ^~~~~~~
1 error generated.
make[1]: *** [CMakeFiles/cmTC_80f9b.dir/test_mpi.c.o] Error 1
make: *** [cmTC_80f9b/fast] Error 2



The MPI test test_mpi for CXX in mode normal failed to compile with the following output:
Change Dir: /Users/schun/nektar/build/CMakeFiles/CMakeTmp

Run Build Command(s):/usr/bin/make -f Makefile cmTC_1018b/fast && /Applications/Xcode.app/Contents/Developer/usr/bin/make  -f CMakeFiles/cmTC_1018b.dir/build.make CMakeFiles/cmTC_1018b.dir/build
Building CXX object CMakeFiles/cmTC_1018b.dir/test_mpi.cpp.o
/Applications/Xcode.app/Contents/Developer/Toolchains/XcodeDefault.xctoolchain/usr/bin/c++   -arch arm64 -isysroot /Applications/Xcode.app/Contents/Developer/Platforms/MacOSX.platform/Developer/SDKs/MacOSX13.1.sdk -MD -MT CMakeFiles/cmTC_1018b.dir/test_mpi.cpp.o -MF CMakeFiles/cmTC_1018b.dir/test_mpi.cpp.o.d -o CMakeFiles/cmTC_1018b.dir/test_mpi.cpp.o -c /Users/schun/nektar/build/CMakeFiles/FindMPI/test_mpi.cpp
/Users/schun/nektar/build/CMakeFiles/FindMPI/test_mpi.cpp:1:10: fatal error: 'mpi.h' file not found
#include <mpi.h>
         ^~~~~~~
1 error generated.
make[1]: *** [CMakeFiles/cmTC_1018b.dir/test_mpi.cpp.o] Error 1
make: *** [cmTC_1018b/fast] Error 2



The MPI test test_mpi for C in mode normal failed to compile with the following output:
Change Dir: /Users/schun/nektar/build/CMakeFiles/CMakeTmp

Run Build Command(s):/usr/bin/make -f Makefile cmTC_4bce8/fast && /Applications/Xcode.app/Contents/Developer/usr/bin/make  -f CMakeFiles/cmTC_4bce8.dir/build.make CMakeFiles/cmTC_4bce8.dir/build
Building C object CMakeFiles/cmTC_4bce8.dir/test_mpi.c.o
/Applications/Xcode.app/Contents/Developer/Toolchains/XcodeDefault.xctoolchain/usr/bin/cc   -arch arm64 -isysroot /Applications/Xcode.app/Contents/Developer/Platforms/MacOSX.platform/Developer/SDKs/MacOSX13.1.sdk -MD -MT CMakeFiles/cmTC_4bce8.dir/test_mpi.c.o -MF CMakeFiles/cmTC_4bce8.dir/test_mpi.c.o.d -o CMakeFiles/cmTC_4bce8.dir/test_mpi.c.o -c /opt/local/share/cmake-3.24/Modules/FindMPI/test_mpi.c
/opt/local/share/cmake-3.24/Modules/FindMPI/test_mpi.c:1:10: fatal error: 'mpi.h' file not found
#include <mpi.h>
         ^~~~~~~
1 error generated.
make[1]: *** [CMakeFiles/cmTC_4bce8.dir/test_mpi.c.o] Error 1
make: *** [cmTC_4bce8/fast] Error 2



The MPI test test_mpi for CXX in mode normal failed to compile with the following output:
Change Dir: /Users/schun/nektar/build/CMakeFiles/CMakeTmp

Run Build Command(s):/usr/bin/make -f Makefile cmTC_dd6b6/fast && /Applications/Xcode.app/Contents/Developer/usr/bin/make  -f CMakeFiles/cmTC_dd6b6.dir/build.make CMakeFiles/cmTC_dd6b6.dir/build
Building CXX object CMakeFiles/cmTC_dd6b6.dir/test_mpi.cpp.o
/Applications/Xcode.app/Contents/Developer/Toolchains/XcodeDefault.xctoolchain/usr/bin/c++   -arch arm64 -isysroot /Applications/Xcode.app/Contents/Developer/Platforms/MacOSX.platform/Developer/SDKs/MacOSX13.1.sdk -MD -MT CMakeFiles/cmTC_dd6b6.dir/test_mpi.cpp.o -MF CMakeFiles/cmTC_dd6b6.dir/test_mpi.cpp.o.d -o CMakeFiles/cmTC_dd6b6.dir/test_mpi.cpp.o -c /Users/schun/nektar/build/CMakeFiles/FindMPI/test_mpi.cpp
/Users/schun/nektar/build/CMakeFiles/FindMPI/test_mpi.cpp:1:10: fatal error: 'mpi.h' file not found
#include <mpi.h>
         ^~~~~~~
1 error generated.
make[1]: *** [CMakeFiles/cmTC_dd6b6.dir/test_mpi.cpp.o] Error 1
make: *** [cmTC_dd6b6/fast] Error 2



The MPI test test_mpi for C in mode normal failed to compile with the following output:
Change Dir: /Users/schun/nektar/build/CMakeFiles/CMakeTmp

Run Build Command(s):/usr/bin/make -f Makefile cmTC_103d1/fast && /Applications/Xcode.app/Contents/Developer/usr/bin/make  -f CMakeFiles/cmTC_103d1.dir/build.make CMakeFiles/cmTC_103d1.dir/build
Building C object CMakeFiles/cmTC_103d1.dir/test_mpi.c.o
/Applications/Xcode.app/Contents/Developer/Toolchains/XcodeDefault.xctoolchain/usr/bin/cc   -arch arm64 -isysroot /Applications/Xcode.app/Contents/Developer/Platforms/MacOSX.platform/Developer/SDKs/MacOSX13.1.sdk -MD -MT CMakeFiles/cmTC_103d1.dir/test_mpi.c.o -MF CMakeFiles/cmTC_103d1.dir/test_mpi.c.o.d -o CMakeFiles/cmTC_103d1.dir/test_mpi.c.o -c /opt/local/share/cmake-3.24/Modules/FindMPI/test_mpi.c
/opt/local/share/cmake-3.24/Modules/FindMPI/test_mpi.c:1:10: fatal error: 'mpi.h' file not found
#include <mpi.h>
         ^~~~~~~
1 error generated.
make[1]: *** [CMakeFiles/cmTC_103d1.dir/test_mpi.c.o] Error 1
make: *** [cmTC_103d1/fast] Error 2



The MPI test test_mpi for CXX in mode normal failed to compile with the following output:
Change Dir: /Users/schun/nektar/build/CMakeFiles/CMakeTmp

Run Build Command(s):/usr/bin/make -f Makefile cmTC_e96d9/fast && /Applications/Xcode.app/Contents/Developer/usr/bin/make  -f CMakeFiles/cmTC_e96d9.dir/build.make CMakeFiles/cmTC_e96d9.dir/build
Building CXX object CMakeFiles/cmTC_e96d9.dir/test_mpi.cpp.o
/Applications/Xcode.app/Contents/Developer/Toolchains/XcodeDefault.xctoolchain/usr/bin/c++   -arch arm64 -isysroot /Applications/Xcode.app/Contents/Developer/Platforms/MacOSX.platform/Developer/SDKs/MacOSX13.1.sdk -MD -MT CMakeFiles/cmTC_e96d9.dir/test_mpi.cpp.o -MF CMakeFiles/cmTC_e96d9.dir/test_mpi.cpp.o.d -o CMakeFiles/cmTC_e96d9.dir/test_mpi.cpp.o -c /Users/schun/nektar/build/CMakeFiles/FindMPI/test_mpi.cpp
/Users/schun/nektar/build/CMakeFiles/FindMPI/test_mpi.cpp:1:10: fatal error: 'mpi.h' file not found
#include <mpi.h>
         ^~~~~~~
1 error generated.
make[1]: *** [CMakeFiles/cmTC_e96d9.dir/test_mpi.cpp.o] Error 1
make: *** [cmTC_e96d9/fast] Error 2



The MPI test test_mpi for C in mode normal failed to compile with the following output:
Change Dir: /Users/schun/nektar/build/CMakeFiles/CMakeTmp

Run Build Command(s):/usr/bin/make -f Makefile cmTC_93f8f/fast && /Applications/Xcode.app/Contents/Developer/usr/bin/make  -f CMakeFiles/cmTC_93f8f.dir/build.make CMakeFiles/cmTC_93f8f.dir/build
Building C object CMakeFiles/cmTC_93f8f.dir/test_mpi.c.o
/Applications/Xcode.app/Contents/Developer/Toolchains/XcodeDefault.xctoolchain/usr/bin/cc   -arch arm64 -isysroot /Applications/Xcode.app/Contents/Developer/Platforms/MacOSX.platform/Developer/SDKs/MacOSX13.1.sdk -MD -MT CMakeFiles/cmTC_93f8f.dir/test_mpi.c.o -MF CMakeFiles/cmTC_93f8f.dir/test_mpi.c.o.d -o CMakeFiles/cmTC_93f8f.dir/test_mpi.c.o -c /opt/local/share/cmake-3.24/Modules/FindMPI/test_mpi.c
/opt/local/share/cmake-3.24/Modules/FindMPI/test_mpi.c:1:10: fatal error: 'mpi.h' file not found
#include <mpi.h>
         ^~~~~~~
1 error generated.
make[2]: *** [CMakeFiles/cmTC_93f8f.dir/test_mpi.c.o] Error 1
make[1]: *** [cmTC_93f8f/fast] Error 2



The MPI test test_mpi for CXX in mode normal failed to compile with the following output:
Change Dir: /Users/schun/nektar/build/CMakeFiles/CMakeTmp

Run Build Command(s):/usr/bin/make -f Makefile cmTC_6a2f8/fast && /Applications/Xcode.app/Contents/Developer/usr/bin/make  -f CMakeFiles/cmTC_6a2f8.dir/build.make CMakeFiles/cmTC_6a2f8.dir/build
Building CXX object CMakeFiles/cmTC_6a2f8.dir/test_mpi.cpp.o
/Applications/Xcode.app/Contents/Developer/Toolchains/XcodeDefault.xctoolchain/usr/bin/c++   -arch arm64 -isysroot /Applications/Xcode.app/Contents/Developer/Platforms/MacOSX.platform/Developer/SDKs/MacOSX13.1.sdk -MD -MT CMakeFiles/cmTC_6a2f8.dir/test_mpi.cpp.o -MF CMakeFiles/cmTC_6a2f8.dir/test_mpi.cpp.o.d -o CMakeFiles/cmTC_6a2f8.dir/test_mpi.cpp.o -c /Users/schun/nektar/build/CMakeFiles/FindMPI/test_mpi.cpp
/Users/schun/nektar/build/CMakeFiles/FindMPI/test_mpi.cpp:1:10: fatal error: 'mpi.h' file not found
#include <mpi.h>
         ^~~~~~~
1 error generated.
make[2]: *** [CMakeFiles/cmTC_6a2f8.dir/test_mpi.cpp.o] Error 1
make[1]: *** [cmTC_6a2f8/fast] Error 2



The MPI test test_mpi for C in mode normal failed to compile with the following output:
Change Dir: /Users/schun/nektar/build/CMakeFiles/CMakeTmp

Run Build Command(s):/usr/bin/make -f Makefile cmTC_e6711/fast && /Applications/Xcode.app/Contents/Developer/usr/bin/make  -f CMakeFiles/cmTC_e6711.dir/build.make CMakeFiles/cmTC_e6711.dir/build
Building C object CMakeFiles/cmTC_e6711.dir/test_mpi.c.o
/Applications/Xcode.app/Contents/Developer/Toolchains/XcodeDefault.xctoolchain/usr/bin/cc   -arch arm64 -isysroot /Applications/Xcode.app/Contents/Developer/Platforms/MacOSX.platform/Developer/SDKs/MacOSX13.1.sdk -MD -MT CMakeFiles/cmTC_e6711.dir/test_mpi.c.o -MF CMakeFiles/cmTC_e6711.dir/test_mpi.c.o.d -o CMakeFiles/cmTC_e6711.dir/test_mpi.c.o -c /opt/local/share/cmake-3.24/Modules/FindMPI/test_mpi.c
/opt/local/share/cmake-3.24/Modules/FindMPI/test_mpi.c:1:10: fatal error: 'mpi.h' file not found
#include <mpi.h>
         ^~~~~~~
1 error generated.
make[1]: *** [CMakeFiles/cmTC_e6711.dir/test_mpi.c.o] Error 1
make: *** [cmTC_e6711/fast] Error 2



The MPI test test_mpi for CXX in mode normal failed to compile with the following output:
Change Dir: /Users/schun/nektar/build/CMakeFiles/CMakeTmp

Run Build Command(s):/usr/bin/make -f Makefile cmTC_d567c/fast && /Applications/Xcode.app/Contents/Developer/usr/bin/make  -f CMakeFiles/cmTC_d567c.dir/build.make CMakeFiles/cmTC_d567c.dir/build
Building CXX object CMakeFiles/cmTC_d567c.dir/test_mpi.cpp.o
/Applications/Xcode.app/Contents/Developer/Toolchains/XcodeDefault.xctoolchain/usr/bin/c++   -arch arm64 -isysroot /Applications/Xcode.app/Contents/Developer/Platforms/MacOSX.platform/Developer/SDKs/MacOSX13.1.sdk -MD -MT CMakeFiles/cmTC_d567c.dir/test_mpi.cpp.o -MF CMakeFiles/cmTC_d567c.dir/test_mpi.cpp.o.d -o CMakeFiles/cmTC_d567c.dir/test_mpi.cpp.o -c /Users/schun/nektar/build/CMakeFiles/FindMPI/test_mpi.cpp
/Users/schun/nektar/build/CMakeFiles/FindMPI/test_mpi.cpp:1:10: fatal error: 'mpi.h' file not found
#include <mpi.h>
         ^~~~~~~
1 error generated.
make[1]: *** [CMakeFiles/cmTC_d567c.dir/test_mpi.cpp.o] Error 1
make: *** [cmTC_d567c/fast] Error 2



The MPI test test_mpi for C in mode normal failed to compile with the following output:
Change Dir: /Users/schun/nektar/build/CMakeFiles/CMakeTmp

Run Build Command(s):/usr/bin/make -f Makefile cmTC_a1a1f/fast && /Applications/Xcode.app/Contents/Developer/usr/bin/make  -f CMakeFiles/cmTC_a1a1f.dir/build.make CMakeFiles/cmTC_a1a1f.dir/build
Building C object CMakeFiles/cmTC_a1a1f.dir/test_mpi.c.o
/Applications/Xcode.app/Contents/Developer/Toolchains/XcodeDefault.xctoolchain/usr/bin/cc   -arch arm64 -isysroot /Applications/Xcode.app/Contents/Developer/Platforms/MacOSX.platform/Developer/SDKs/MacOSX13.1.sdk -MD -MT CMakeFiles/cmTC_a1a1f.dir/test_mpi.c.o -MF CMakeFiles/cmTC_a1a1f.dir/test_mpi.c.o.d -o CMakeFiles/cmTC_a1a1f.dir/test_mpi.c.o -c /opt/local/share/cmake-3.24/Modules/FindMPI/test_mpi.c
/opt/local/share/cmake-3.24/Modules/FindMPI/test_mpi.c:1:10: fatal error: 'mpi.h' file not found
#include <mpi.h>
         ^~~~~~~
1 error generated.
make[1]: *** [CMakeFiles/cmTC_a1a1f.dir/test_mpi.c.o] Error 1
make: *** [cmTC_a1a1f/fast] Error 2



The MPI test test_mpi for CXX in mode normal failed to compile with the following output:
Change Dir: /Users/schun/nektar/build/CMakeFiles/CMakeTmp

Run Build Command(s):/usr/bin/make -f Makefile cmTC_d514c/fast && /Applications/Xcode.app/Contents/Developer/usr/bin/make  -f CMakeFiles/cmTC_d514c.dir/build.make CMakeFiles/cmTC_d514c.dir/build
Building CXX object CMakeFiles/cmTC_d514c.dir/test_mpi.cpp.o
/Applications/Xcode.app/Contents/Developer/Toolchains/XcodeDefault.xctoolchain/usr/bin/c++   -arch arm64 -isysroot /Applications/Xcode.app/Contents/Developer/Platforms/MacOSX.platform/Developer/SDKs/MacOSX13.1.sdk -MD -MT CMakeFiles/cmTC_d514c.dir/test_mpi.cpp.o -MF CMakeFiles/cmTC_d514c.dir/test_mpi.cpp.o.d -o CMakeFiles/cmTC_d514c.dir/test_mpi.cpp.o -c /Users/schun/nektar/build/CMakeFiles/FindMPI/test_mpi.cpp
/Users/schun/nektar/build/CMakeFiles/FindMPI/test_mpi.cpp:1:10: fatal error: 'mpi.h' file not found
#include <mpi.h>
         ^~~~~~~
1 error generated.
make[1]: *** [CMakeFiles/cmTC_d514c.dir/test_mpi.cpp.o] Error 1
make: *** [cmTC_d514c/fast] Error 2



