Cm = 1.87e-11, Cn = 3.14e-09, Rf = 1.26e+08, Cm * Rf = 0.39564
v_InitObject: Node = 4800, Myelin = 1440, extracell = 0
Max Anistrength_1  = 12.9582, Anistrength_2 = 12.9582, Min Anistrength 1 = 1, Anistrength 2 = 1
*** 1st Moving frames are NOT in unit length, Avg mag. = 11.3752 *** 
*** 2nd Moving frames are NOT in unit length, Avg mag. = 11.3752 *** 
*** Moving frames are Orthogonal
*** MF 0 = ( 0 , 11.3752 , 0 ) 
*** MF 1 = ( 11.3752 , 0 , 0 ) 
*** MF 2 = ( 0 , 0 , 1 ) 
============ End of MMFInitObect ============
Compute Varcoeff for phim ====================== 
k = 0, m_varcoeff = ( 0 , 11.3752 , 0 , 1.39065e-12 , 147.271 ) 
k = 1, m_varcoeff = ( 11.3752 , 0 , 0 , 2.76616e-12 , 147.271 ) 
k = 2, m_varcoeff = ( 0 , 0 , 1 , 0 , 1 ) 
 ::::: 2D Varcoeff is Successfully Created ::::: 

=======================================================================
	        EquationType: MMFNeuralEP
	        Session Name: NeuralEP2DL2mono_reri1
	        Spatial Dim.: 3
	  Max SEM Exp. Order: 5
	      Expansion Dim.: 2
	     Projection Type: Continuous Galerkin
	 Advect. advancement: explicit
	Diffuse. advancement: implicit
	           Time Step: 1e-07
	        No. of Steps: 20000000
	 Checkpoints (steps): 100000
	    Integration Type: IMEX
	             Surface: Plane
	           DerivType: Euclidean
	          MediumType: Anisotropy
	              MMFdir: TangentY
	        NeuralEPType: NeuralEP2D
	    SolverSchemeType: Default
	             TimeMap: DeActivated
	        TimeMapStart: 0
	          TimeMapEnd: 10000
	         ElemNodeEnd: 47
	       ElemMyelenEnd: 207
	         Temperature: 24
	            diameter: 0.025
	             Helmtau: 1
	         ratio_re_ri: 1
=======================================================================
Initial Conditions:
  - Field um: 0
Elemid = 0, Nodeid = 0, x = 0.0125, y = 0.005, dist = 0.0177992, e1mag = 1, e2mag = 1, inarray = 0
Elemid = 1, Nodeid = 0, x = 0.005, y = 0.0125, dist = 0.0177992, e1mag = 1, e2mag = 1, inarray = 0
Elemid = 2, Nodeid = 0, x = 0.02, y = 0.0125, dist = 0.0177992, e1mag = 1, e2mag = 1, inarray = 0
Elemid = 3, Nodeid = 0, x = 0.0125, y = 0.02, dist = 0.0177992, e1mag = 1, e2mag = 1, inarray = 0
Elemid = 4, Nodeid = 1, x = 0.02, y = 0.0375, dist = 0.0177992, e1mag = 1, e2mag = 1, inarray = 0
Elemid = 5, Nodeid = 1, x = 0.0125, y = 0.045, dist = 0.0177992, e1mag = 1, e2mag = 1, inarray = 0
Elemid = 6, Nodeid = 1, x = 0.0125, y = 0.03, dist = 0.0177992, e1mag = 1, e2mag = 1, inarray = 0
Elemid = 7, Nodeid = 1, x = 0.005, y = 0.0375, dist = 0.0177992, e1mag = 1, e2mag = 1, inarray = 0
Elemid = 8, Nodeid = 2, x = 0.005, y = 0.2625, dist = 0.0177992, e1mag = 1, e2mag = 1, inarray = 0
Elemid = 9, Nodeid = 2, x = 0.02, y = 0.2625, dist = 0.0177992, e1mag = 1, e2mag = 1, inarray = 0
Elemid = 10, Nodeid = 2, x = 0.0125, y = 0.255, dist = 0.0177992, e1mag = 1, e2mag = 1, inarray = 0
Elemid = 11, Nodeid = 2, x = 0.0125, y = 0.27, dist = 0.0177992, e1mag = 1, e2mag = 1, inarray = 0
Elemid = 12, Nodeid = 3, x = 0.02, y = 0.4875, dist = 0.0177992, e1mag = 1, e2mag = 1, inarray = 0
Elemid = 13, Nodeid = 3, x = 0.0125, y = 0.495, dist = 0.0177992, e1mag = 1, e2mag = 1, inarray = 0
Elemid = 14, Nodeid = 3, x = 0.0125, y = 0.48, dist = 0.0177992, e1mag = 1, e2mag = 1, inarray = 0
Elemid = 15, Nodeid = 3, x = 0.005, y = 0.4875, dist = 0.0177992, e1mag = 1, e2mag = 1, inarray = 0
Elemid = 16, Nodeid = 4, x = 0.005, y = 0.7125, dist = 0.0177992, e1mag = 1, e2mag = 1, inarray = 0
Elemid = 17, Nodeid = 4, x = 0.0125, y = 0.72, dist = 0.0177992, e1mag = 1, e2mag = 1, inarray = 0
Elemid = 18, Nodeid = 4, x = 0.0125, y = 0.705, dist = 0.0177992, e1mag = 1, e2mag = 1, inarray = 0
Elemid = 19, Nodeid = 4, x = 0.02, y = 0.7125, dist = 0.0177992, e1mag = 1, e2mag = 1, inarray = 0
Elemid = 20, Nodeid = 5, x = 0.005, y = 0.9375, dist = 0.0177992, e1mag = 1, e2mag = 1, inarray = 0
Elemid = 21, Nodeid = 5, x = 0.0125, y = 0.93, dist = 0.0177992, e1mag = 1, e2mag = 1, inarray = 0
Elemid = 22, Nodeid = 5, x = 0.0125, y = 0.945, dist = 0.0177992, e1mag = 1, e2mag = 1, inarray = 0
Elemid = 23, Nodeid = 5, x = 0.02, y = 0.9375, dist = 0.0177992, e1mag = 1, e2mag = 1, inarray = 0
Elemid = 24, Nodeid = 6, x = 0.0125, y = 1.155, dist = 0.0177992, e1mag = 1, e2mag = 1, inarray = 0
Elemid = 25, Nodeid = 6, x = 0.0125, y = 1.17, dist = 0.0177992, e1mag = 1, e2mag = 1, inarray = 0
Elemid = 26, Nodeid = 6, x = 0.005, y = 1.1625, dist = 0.0177992, e1mag = 1, e2mag = 1, inarray = 0
Elemid = 27, Nodeid = 6, x = 0.02, y = 1.1625, dist = 0.0177992, e1mag = 1, e2mag = 1, inarray = 0
Elemid = 28, Nodeid = 7, x = 0.0125, y = 1.38, dist = 0.0177992, e1mag = 1, e2mag = 1, inarray = 0
Elemid = 29, Nodeid = 7, x = 0.0125, y = 1.395, dist = 0.0177992, e1mag = 1, e2mag = 1, inarray = 0
Elemid = 30, Nodeid = 7, x = 0.005, y = 1.3875, dist = 0.0177992, e1mag = 1, e2mag = 1, inarray = 0
Elemid = 31, Nodeid = 7, x = 0.02, y = 1.3875, dist = 0.0177992, e1mag = 1, e2mag = 1, inarray = 0
Elemid = 32, Nodeid = 8, x = 0.0125, y = 1.62, dist = 0.0177992, e1mag = 1, e2mag = 1, inarray = 0
Elemid = 33, Nodeid = 8, x = 0.0125, y = 1.605, dist = 0.0177992, e1mag = 1, e2mag = 1, inarray = 0
Elemid = 34, Nodeid = 8, x = 0.005, y = 1.6125, dist = 0.0177992, e1mag = 1, e2mag = 1, inarray = 0
Elemid = 35, Nodeid = 8, x = 0.02, y = 1.6125, dist = 0.0177992, e1mag = 1, e2mag = 1, inarray = 0
Elemid = 36, Nodeid = 9, x = 0.0125, y = 1.83, dist = 0.0177992, e1mag = 1, e2mag = 1, inarray = 0
Elemid = 37, Nodeid = 9, x = 0.0125, y = 1.845, dist = 0.0177992, e1mag = 1, e2mag = 1, inarray = 0
Elemid = 38, Nodeid = 9, x = 0.005, y = 1.8375, dist = 0.0177992, e1mag = 1, e2mag = 1, inarray = 0
Elemid = 39, Nodeid = 9, x = 0.02, y = 1.8375, dist = 0.0177992, e1mag = 1, e2mag = 1, inarray = 0
Elemid = 40, Nodeid = 10, x = 0.0125, y = 2.055, dist = 0.0177992, e1mag = 1, e2mag = 1, inarray = 0
Elemid = 41, Nodeid = 10, x = 0.0125, y = 2.07, dist = 0.0177992, e1mag = 1, e2mag = 1, inarray = 0
Elemid = 42, Nodeid = 10, x = 0.005, y = 2.0625, dist = 0.0177992, e1mag = 1, e2mag = 1, inarray = 0
Elemid = 43, Nodeid = 10, x = 0.02, y = 2.0625, dist = 0.0177992, e1mag = 1, e2mag = 1, inarray = 0
Elemid = 44, Nodeid = 11, x = 0.005, y = 2.2875, dist = 0.0177992, e1mag = 1, e2mag = 1, inarray = 0
Elemid = 45, Nodeid = 11, x = 0.0125, y = 2.295, dist = 0.0177992, e1mag = 1, e2mag = 1, inarray = 0
Elemid = 46, Nodeid = 11, x = 0.0125, y = 2.28, dist = 0.0177992, e1mag = 1, e2mag = 1, inarray = 0
Elemid = 47, Nodeid = 11, x = 0.02, y = 2.2875, dist = 0.0177992, e1mag = 1, e2mag = 1, inarray = 0
Elemid = 48, Nodeid = -1, x = 0.01125, y = 0.1575, dist = 0.0237141, e1mag = 12.9582, e2mag = 12.9582, inarray = 0
Elemid = 49, Nodeid = -1, x = 0.01125, y = 0.2075, dist = 0.0237141, e1mag = 12.9582, e2mag = 12.9582, inarray = 0
Elemid = 50, Nodeid = -1, x = 0.01375, y = 0.2425, dist = 0.0237141, e1mag = 12.9582, e2mag = 12.9582, inarray = 0
Elemid = 51, Nodeid = -1, x = 0.01375, y = 0.1925, dist = 0.0237141, e1mag = 12.9582, e2mag = 12.9582, inarray = 0
Elemid = 52, Nodeid = -1, x = 0.01125, y = 0.0575, dist = 0.0237141, e1mag = 12.9582, e2mag = 12.9582, inarray = 0
Elemid = 53, Nodeid = -1, x = 0.01375, y = 0.0925, dist = 0.0237141, e1mag = 12.9582, e2mag = 12.9582, inarray = 0
Elemid = 54, Nodeid = -1, x = 0.01125, y = 0.1075, dist = 0.0237141, e1mag = 12.9582, e2mag = 12.9582, inarray = 0
Elemid = 55, Nodeid = -1, x = 0.01375, y = 0.1425, dist = 0.0237141, e1mag = 12.9582, e2mag = 12.9582, inarray = 0
Elemid = 56, Nodeid = -1, x = 0.00375, y = 0.0775, dist = 0.0470861, e1mag = 12.9582, e2mag = 12.9582, inarray = 0
Elemid = 57, Nodeid = -1, x = 0.02125, y = 0.0725, dist = 0.0470861, e1mag = 12.9582, e2mag = 12.9582, inarray = 0
Elemid = 58, Nodeid = -1, x = 0.00375, y = 0.2275, dist = 0.0470861, e1mag = 12.9582, e2mag = 12.9582, inarray = 0
Elemid = 59, Nodeid = -1, x = 0.02125, y = 0.2225, dist = 0.0470861, e1mag = 12.9582, e2mag = 12.9582, inarray = 0
Elemid = 60, Nodeid = -1, x = 0.00375, y = 0.1275, dist = 0.0470861, e1mag = 12.9582, e2mag = 12.9582, inarray = 0
Elemid = 61, Nodeid = -1, x = 0.00375, y = 0.1775, dist = 0.0470861, e1mag = 12.9582, e2mag = 12.9582, inarray = 0
Elemid = 62, Nodeid = -1, x = 0.02125, y = 0.1225, dist = 0.0470861, e1mag = 12.9582, e2mag = 12.9582, inarray = 0
Elemid = 63, Nodeid = -1, x = 0.02125, y = 0.1725, dist = 0.0470861, e1mag = 12.9582, e2mag = 12.9582, inarray = 0
Elemid = 64, Nodeid = -1, x = 0.01125, y = 0.4325, dist = 0.0237141, e1mag = 12.9582, e2mag = 12.9582, inarray = 0
Elemid = 65, Nodeid = -1, x = 0.01375, y = 0.3175, dist = 0.0237141, e1mag = 12.9582, e2mag = 12.9582, inarray = 0
Elemid = 66, Nodeid = -1, x = 0.01375, y = 0.4175, dist = 0.0237141, e1mag = 12.9582, e2mag = 12.9582, inarray = 0
Elemid = 67, Nodeid = -1, x = 0.01125, y = 0.3825, dist = 0.0237141, e1mag = 12.9582, e2mag = 12.9582, inarray = 0
Elemid = 68, Nodeid = -1, x = 0.01125, y = 0.3325, dist = 0.0237141, e1mag = 12.9582, e2mag = 12.9582, inarray = 0
Elemid = 69, Nodeid = -1, x = 0.01375, y = 0.3675, dist = 0.0237141, e1mag = 12.9582, e2mag = 12.9582, inarray = 0
Elemid = 70, Nodeid = -1, x = 0.01125, y = 0.2825, dist = 0.0237141, e1mag = 12.9582, e2mag = 12.9582, inarray = 0
Elemid = 71, Nodeid = -1, x = 0.01375, y = 0.4675, dist = 0.0237141, e1mag = 12.9582, e2mag = 12.9582, inarray = 0
Elemid = 72, Nodeid = -1, x = 0.00375, y = 0.3025, dist = 0.0470861, e1mag = 12.9582, e2mag = 12.9582, inarray = 0
Elemid = 73, Nodeid = -1, x = 0.02125, y = 0.2975, dist = 0.0470861, e1mag = 12.9582, e2mag = 12.9582, inarray = 0
Elemid = 74, Nodeid = -1, x = 0.00375, y = 0.4525, dist = 0.0470861, e1mag = 12.9582, e2mag = 12.9582, inarray = 0
Elemid = 75, Nodeid = -1, x = 0.02125, y = 0.4475, dist = 0.0470861, e1mag = 12.9582, e2mag = 12.9582, inarray = 0
Elemid = 76, Nodeid = -1, x = 0.00375, y = 0.3525, dist = 0.0470861, e1mag = 12.9582, e2mag = 12.9582, inarray = 0
Elemid = 77, Nodeid = -1, x = 0.00375, y = 0.4025, dist = 0.0470861, e1mag = 12.9582, e2mag = 12.9582, inarray = 0
Elemid = 78, Nodeid = -1, x = 0.02125, y = 0.3475, dist = 0.0470861, e1mag = 12.9582, e2mag = 12.9582, inarray = 0
Elemid = 79, Nodeid = -1, x = 0.02125, y = 0.3975, dist = 0.0470861, e1mag = 12.9582, e2mag = 12.9582, inarray = 0
Elemid = 80, Nodeid = -1, x = 0.01125, y = 0.5575, dist = 0.0237141, e1mag = 12.9582, e2mag = 12.9582, inarray = 0
Elemid = 81, Nodeid = -1, x = 0.01375, y = 0.6425, dist = 0.0237141, e1mag = 12.9582, e2mag = 12.9582, inarray = 0
Elemid = 82, Nodeid = -1, x = 0.01375, y = 0.6925, dist = 0.0237141, e1mag = 12.9582, e2mag = 12.9582, inarray = 0
Elemid = 83, Nodeid = -1, x = 0.01125, y = 0.6575, dist = 0.0237141, e1mag = 12.9582, e2mag = 12.9582, inarray = 0
Elemid = 84, Nodeid = -1, x = 0.01125, y = 0.6075, dist = 0.0237141, e1mag = 12.9582, e2mag = 12.9582, inarray = 0
Elemid = 85, Nodeid = -1, x = 0.01375, y = 0.5925, dist = 0.0237141, e1mag = 12.9582, e2mag = 12.9582, inarray = 0
Elemid = 86, Nodeid = -1, x = 0.01375, y = 0.5425, dist = 0.0237141, e1mag = 12.9582, e2mag = 12.9582, inarray = 0
Elemid = 87, Nodeid = -1, x = 0.01125, y = 0.5075, dist = 0.0237141, e1mag = 12.9582, e2mag = 12.9582, inarray = 0
Elemid = 88, Nodeid = -1, x = 0.00375, y = 0.5275, dist = 0.0470861, e1mag = 12.9582, e2mag = 12.9582, inarray = 0
Elemid = 89, Nodeid = -1, x = 0.02125, y = 0.5225, dist = 0.0470861, e1mag = 12.9582, e2mag = 12.9582, inarray = 0
Elemid = 90, Nodeid = -1, x = 0.00375, y = 0.6775, dist = 0.0470861, e1mag = 12.9582, e2mag = 12.9582, inarray = 0
Elemid = 91, Nodeid = -1, x = 0.02125, y = 0.6725, dist = 0.0470861, e1mag = 12.9582, e2mag = 12.9582, inarray = 0
Elemid = 92, Nodeid = -1, x = 0.00375, y = 0.5775, dist = 0.0470861, e1mag = 12.9582, e2mag = 12.9582, inarray = 0
Elemid = 93, Nodeid = -1, x = 0.00375, y = 0.6275, dist = 0.0470861, e1mag = 12.9582, e2mag = 12.9582, inarray = 0
Elemid = 94, Nodeid = -1, x = 0.02125, y = 0.5725, dist = 0.0470861, e1mag = 12.9582, e2mag = 12.9582, inarray = 0
Elemid = 95, Nodeid = -1, x = 0.02125, y = 0.6225, dist = 0.0470861, e1mag = 12.9582, e2mag = 12.9582, inarray = 0
Elemid = 96, Nodeid = -1, x = 0.01125, y = 0.8825, dist = 0.0237141, e1mag = 12.9582, e2mag = 12.9582, inarray = 0
Elemid = 97, Nodeid = -1, x = 0.01375, y = 0.7675, dist = 0.0237141, e1mag = 12.9582, e2mag = 12.9582, inarray = 0
Elemid = 98, Nodeid = -1, x = 0.01125, y = 0.7325, dist = 0.0237141, e1mag = 12.9582, e2mag = 12.9582, inarray = 0
Elemid = 99, Nodeid = -1, x = 0.01125, y = 0.8325, dist = 0.0237141, e1mag = 12.9582, e2mag = 12.9582, inarray = 0
Elemid = 100, Nodeid = -1, x = 0.01375, y = 0.8675, dist = 0.0237141, e1mag = 12.9582, e2mag = 12.9582, inarray = 0
Elemid = 101, Nodeid = -1, x = 0.01125, y = 0.7825, dist = 0.0237141, e1mag = 12.9582, e2mag = 12.9582, inarray = 0
Elemid = 102, Nodeid = -1, x = 0.01375, y = 0.8175, dist = 0.0237141, e1mag = 12.9582, e2mag = 12.9582, inarray = 0
Elemid = 103, Nodeid = -1, x = 0.01375, y = 0.9175, dist = 0.0237141, e1mag = 12.9582, e2mag = 12.9582, inarray = 0
Elemid = 104, Nodeid = -1, x = 0.00375, y = 0.7525, dist = 0.0470861, e1mag = 12.9582, e2mag = 12.9582, inarray = 0
Elemid = 105, Nodeid = -1, x = 0.02125, y = 0.7475, dist = 0.0470861, e1mag = 12.9582, e2mag = 12.9582, inarray = 0
Elemid = 106, Nodeid = -1, x = 0.00375, y = 0.9025, dist = 0.0470861, e1mag = 12.9582, e2mag = 12.9582, inarray = 0
Elemid = 107, Nodeid = -1, x = 0.02125, y = 0.8975, dist = 0.0470861, e1mag = 12.9582, e2mag = 12.9582, inarray = 0
Elemid = 108, Nodeid = -1, x = 0.00375, y = 0.8025, dist = 0.0470861, e1mag = 12.9582, e2mag = 12.9582, inarray = 0
Elemid = 109, Nodeid = -1, x = 0.00375, y = 0.8525, dist = 0.0470861, e1mag = 12.9582, e2mag = 12.9582, inarray = 0
Elemid = 110, Nodeid = -1, x = 0.02125, y = 0.7975, dist = 0.0470861, e1mag = 12.9582, e2mag = 12.9582, inarray = 0
Elemid = 111, Nodeid = -1, x = 0.02125, y = 0.8475, dist = 0.0470861, e1mag = 12.9582, e2mag = 12.9582, inarray = 0
Elemid = 112, Nodeid = -1, x = 0.01125, y = 1.1075, dist = 0.0237141, e1mag = 12.9582, e2mag = 12.9582, inarray = 0
Elemid = 113, Nodeid = -1, x = 0.01375, y = 0.9925, dist = 0.0237141, e1mag = 12.9582, e2mag = 12.9582, inarray = 0
Elemid = 114, Nodeid = -1, x = 0.01125, y = 0.9575, dist = 0.0237141, e1mag = 12.9582, e2mag = 12.9582, inarray = 0
Elemid = 115, Nodeid = -1, x = 0.01125, y = 1.0575, dist = 0.0237141, e1mag = 12.9582, e2mag = 12.9582, inarray = 0
Elemid = 116, Nodeid = -1, x = 0.01125, y = 1.0075, dist = 0.0237141, e1mag = 12.9582, e2mag = 12.9582, inarray = 0
Elemid = 117, Nodeid = -1, x = 0.01375, y = 1.0425, dist = 0.0237141, e1mag = 12.9582, e2mag = 12.9582, inarray = 0
Elemid = 118, Nodeid = -1, x = 0.01375, y = 1.0925, dist = 0.0237141, e1mag = 12.9582, e2mag = 12.9582, inarray = 0
Elemid = 119, Nodeid = -1, x = 0.01375, y = 1.1425, dist = 0.0237141, e1mag = 12.9582, e2mag = 12.9582, inarray = 0
Elemid = 120, Nodeid = -1, x = 0.00375, y = 0.9775, dist = 0.0470861, e1mag = 12.9582, e2mag = 12.9582, inarray = 0
Elemid = 121, Nodeid = -1, x = 0.02125, y = 0.9725, dist = 0.0470861, e1mag = 12.9582, e2mag = 12.9582, inarray = 0
Elemid = 122, Nodeid = -1, x = 0.00375, y = 1.1275, dist = 0.0470861, e1mag = 12.9582, e2mag = 12.9582, inarray = 0
Elemid = 123, Nodeid = -1, x = 0.02125, y = 1.1225, dist = 0.0470861, e1mag = 12.9582, e2mag = 12.9582, inarray = 0
Elemid = 124, Nodeid = -1, x = 0.00375, y = 1.0275, dist = 0.0470861, e1mag = 12.9582, e2mag = 12.9582, inarray = 0
Elemid = 125, Nodeid = -1, x = 0.00375, y = 1.0775, dist = 0.0470861, e1mag = 12.9582, e2mag = 12.9582, inarray = 0
Elemid = 126, Nodeid = -1, x = 0.02125, y = 1.0225, dist = 0.0470861, e1mag = 12.9582, e2mag = 12.9582, inarray = 0
Elemid = 127, Nodeid = -1, x = 0.02125, y = 1.0725, dist = 0.0470861, e1mag = 12.9582, e2mag = 12.9582, inarray = 0
Elemid = 128, Nodeid = -1, x = 0.01125, y = 1.3325, dist = 0.0237141, e1mag = 12.9582, e2mag = 12.9582, inarray = 0
Elemid = 129, Nodeid = -1, x = 0.01375, y = 1.3175, dist = 0.0237141, e1mag = 12.9582, e2mag = 12.9582, inarray = 0
Elemid = 130, Nodeid = -1, x = 0.01125, y = 1.1825, dist = 0.0237141, e1mag = 12.9582, e2mag = 12.9582, inarray = 0
Elemid = 131, Nodeid = -1, x = 0.01125, y = 1.2325, dist = 0.0237141, e1mag = 12.9582, e2mag = 12.9582, inarray = 0
Elemid = 132, Nodeid = -1, x = 0.01375, y = 1.2675, dist = 0.0237141, e1mag = 12.9582, e2mag = 12.9582, inarray = 0
Elemid = 133, Nodeid = -1, x = 0.01125, y = 1.2825, dist = 0.0237141, e1mag = 12.9582, e2mag = 12.9582, inarray = 0
Elemid = 134, Nodeid = -1, x = 0.01375, y = 1.2175, dist = 0.0237141, e1mag = 12.9582, e2mag = 12.9582, inarray = 0
Elemid = 135, Nodeid = -1, x = 0.01375, y = 1.3675, dist = 0.0237141, e1mag = 12.9582, e2mag = 12.9582, inarray = 0
Elemid = 136, Nodeid = -1, x = 0.00375, y = 1.2025, dist = 0.0470861, e1mag = 12.9582, e2mag = 12.9582, inarray = 0
Elemid = 137, Nodeid = -1, x = 0.02125, y = 1.1975, dist = 0.0470861, e1mag = 12.9582, e2mag = 12.9582, inarray = 0
Elemid = 138, Nodeid = -1, x = 0.00375, y = 1.3525, dist = 0.0470861, e1mag = 12.9582, e2mag = 12.9582, inarray = 0
Elemid = 139, Nodeid = -1, x = 0.02125, y = 1.3475, dist = 0.0470861, e1mag = 12.9582, e2mag = 12.9582, inarray = 0
Elemid = 140, Nodeid = -1, x = 0.00375, y = 1.2525, dist = 0.0470861, e1mag = 12.9582, e2mag = 12.9582, inarray = 0
Elemid = 141, Nodeid = -1, x = 0.00375, y = 1.3025, dist = 0.0470861, e1mag = 12.9582, e2mag = 12.9582, inarray = 0
Elemid = 142, Nodeid = -1, x = 0.02125, y = 1.2475, dist = 0.0470861, e1mag = 12.9582, e2mag = 12.9582, inarray = 0
Elemid = 143, Nodeid = -1, x = 0.02125, y = 1.2975, dist = 0.0470861, e1mag = 12.9582, e2mag = 12.9582, inarray = 0
Elemid = 144, Nodeid = -1, x = 0.01125, y = 1.5575, dist = 0.0237141, e1mag = 12.9582, e2mag = 12.9582, inarray = 0
Elemid = 145, Nodeid = -1, x = 0.01125, y = 1.5075, dist = 0.0237141, e1mag = 12.9582, e2mag = 12.9582, inarray = 0
Elemid = 146, Nodeid = -1, x = 0.01125, y = 1.4575, dist = 0.0237141, e1mag = 12.9582, e2mag = 12.9582, inarray = 0
Elemid = 147, Nodeid = -1, x = 0.01375, y = 1.4425, dist = 0.0237141, e1mag = 12.9582, e2mag = 12.9582, inarray = 0
Elemid = 148, Nodeid = -1, x = 0.01125, y = 1.4075, dist = 0.0237141, e1mag = 12.9582, e2mag = 12.9582, inarray = 0
Elemid = 149, Nodeid = -1, x = 0.01375, y = 1.4925, dist = 0.0237141, e1mag = 12.9582, e2mag = 12.9582, inarray = 0
Elemid = 150, Nodeid = -1, x = 0.01375, y = 1.5425, dist = 0.0237141, e1mag = 12.9582, e2mag = 12.9582, inarray = 0
Elemid = 151, Nodeid = -1, x = 0.01375, y = 1.5925, dist = 0.0237141, e1mag = 12.9582, e2mag = 12.9582, inarray = 0
Elemid = 152, Nodeid = -1, x = 0.00375, y = 1.4275, dist = 0.0470861, e1mag = 12.9582, e2mag = 12.9582, inarray = 0
Elemid = 153, Nodeid = -1, x = 0.02125, y = 1.4225, dist = 0.0470861, e1mag = 12.9582, e2mag = 12.9582, inarray = 0
Elemid = 154, Nodeid = -1, x = 0.00375, y = 1.5775, dist = 0.0470861, e1mag = 12.9582, e2mag = 12.9582, inarray = 0
Elemid = 155, Nodeid = -1, x = 0.02125, y = 1.5725, dist = 0.0470861, e1mag = 12.9582, e2mag = 12.9582, inarray = 0
Elemid = 156, Nodeid = -1, x = 0.00375, y = 1.4775, dist = 0.0470861, e1mag = 12.9582, e2mag = 12.9582, inarray = 0
Elemid = 157, Nodeid = -1, x = 0.00375, y = 1.5275, dist = 0.0470861, e1mag = 12.9582, e2mag = 12.9582, inarray = 0
Elemid = 158, Nodeid = -1, x = 0.02125, y = 1.4725, dist = 0.0470861, e1mag = 12.9582, e2mag = 12.9582, inarray = 0
Elemid = 159, Nodeid = -1, x = 0.02125, y = 1.5225, dist = 0.0470861, e1mag = 12.9582, e2mag = 12.9582, inarray = 0
Elemid = 160, Nodeid = -1, x = 0.01125, y = 1.7825, dist = 0.0237141, e1mag = 12.9582, e2mag = 12.9582, inarray = 0
Elemid = 161, Nodeid = -1, x = 0.01375, y = 1.7675, dist = 0.0237141, e1mag = 12.9582, e2mag = 12.9582, inarray = 0
Elemid = 162, Nodeid = -1, x = 0.01125, y = 1.6325, dist = 0.0237141, e1mag = 12.9582, e2mag = 12.9582, inarray = 0
Elemid = 163, Nodeid = -1, x = 0.01375, y = 1.7175, dist = 0.0237141, e1mag = 12.9582, e2mag = 12.9582, inarray = 0
Elemid = 164, Nodeid = -1, x = 0.01125, y = 1.6825, dist = 0.0237141, e1mag = 12.9582, e2mag = 12.9582, inarray = 0
Elemid = 165, Nodeid = -1, x = 0.01125, y = 1.7325, dist = 0.0237141, e1mag = 12.9582, e2mag = 12.9582, inarray = 0
Elemid = 166, Nodeid = -1, x = 0.01375, y = 1.6675, dist = 0.0237141, e1mag = 12.9582, e2mag = 12.9582, inarray = 0
Elemid = 167, Nodeid = -1, x = 0.01375, y = 1.8175, dist = 0.0237141, e1mag = 12.9582, e2mag = 12.9582, inarray = 0
Elemid = 168, Nodeid = -1, x = 0.00375, y = 1.6525, dist = 0.0470861, e1mag = 12.9582, e2mag = 12.9582, inarray = 0
Elemid = 169, Nodeid = -1, x = 0.02125, y = 1.6475, dist = 0.0470861, e1mag = 12.9582, e2mag = 12.9582, inarray = 0
Elemid = 170, Nodeid = -1, x = 0.00375, y = 1.8025, dist = 0.0470861, e1mag = 12.9582, e2mag = 12.9582, inarray = 0
Elemid = 171, Nodeid = -1, x = 0.02125, y = 1.7975, dist = 0.0470861, e1mag = 12.9582, e2mag = 12.9582, inarray = 0
Elemid = 172, Nodeid = -1, x = 0.00375, y = 1.7025, dist = 0.0470861, e1mag = 12.9582, e2mag = 12.9582, inarray = 0
Elemid = 173, Nodeid = -1, x = 0.00375, y = 1.7525, dist = 0.0470861, e1mag = 12.9582, e2mag = 12.9582, inarray = 0
Elemid = 174, Nodeid = -1, x = 0.02125, y = 1.6975, dist = 0.0470861, e1mag = 12.9582, e2mag = 12.9582, inarray = 0
Elemid = 175, Nodeid = -1, x = 0.02125, y = 1.7475, dist = 0.0470861, e1mag = 12.9582, e2mag = 12.9582, inarray = 0
Elemid = 176, Nodeid = -1, x = 0.01125, y = 2.0075, dist = 0.0237141, e1mag = 12.9582, e2mag = 12.9582, inarray = 0
Elemid = 177, Nodeid = -1, x = 0.01125, y = 1.8575, dist = 0.0237141, e1mag = 12.9582, e2mag = 12.9582, inarray = 0
Elemid = 178, Nodeid = -1, x = 0.01125, y = 1.9575, dist = 0.0237141, e1mag = 12.9582, e2mag = 12.9582, inarray = 0
Elemid = 179, Nodeid = -1, x = 0.01375, y = 1.8925, dist = 0.0237141, e1mag = 12.9582, e2mag = 12.9582, inarray = 0
Elemid = 180, Nodeid = -1, x = 0.01125, y = 1.9075, dist = 0.0237141, e1mag = 12.9582, e2mag = 12.9582, inarray = 0
Elemid = 181, Nodeid = -1, x = 0.01375, y = 1.9925, dist = 0.0237141, e1mag = 12.9582, e2mag = 12.9582, inarray = 0
Elemid = 182, Nodeid = -1, x = 0.01375, y = 1.9425, dist = 0.0237141, e1mag = 12.9582, e2mag = 12.9582, inarray = 0
Elemid = 183, Nodeid = -1, x = 0.01375, y = 2.0425, dist = 0.0237141, e1mag = 12.9582, e2mag = 12.9582, inarray = 0
Elemid = 184, Nodeid = -1, x = 0.00375, y = 1.8775, dist = 0.0470861, e1mag = 12.9582, e2mag = 12.9582, inarray = 0
Elemid = 185, Nodeid = -1, x = 0.02125, y = 1.8725, dist = 0.0470861, e1mag = 12.9582, e2mag = 12.9582, inarray = 0
Elemid = 186, Nodeid = -1, x = 0.00375, y = 2.0275, dist = 0.0470861, e1mag = 12.9582, e2mag = 12.9582, inarray = 0
Elemid = 187, Nodeid = -1, x = 0.02125, y = 2.0225, dist = 0.0470861, e1mag = 12.9582, e2mag = 12.9582, inarray = 0
Elemid = 188, Nodeid = -1, x = 0.00375, y = 1.9275, dist = 0.0470861, e1mag = 12.9582, e2mag = 12.9582, inarray = 0
Elemid = 189, Nodeid = -1, x = 0.00375, y = 1.9775, dist = 0.0470861, e1mag = 12.9582, e2mag = 12.9582, inarray = 0
Elemid = 190, Nodeid = -1, x = 0.02125, y = 1.9225, dist = 0.0470861, e1mag = 12.9582, e2mag = 12.9582, inarray = 0
Elemid = 191, Nodeid = -1, x = 0.02125, y = 1.9725, dist = 0.0470861, e1mag = 12.9582, e2mag = 12.9582, inarray = 0
Elemid = 192, Nodeid = -1, x = 0.01125, y = 2.2325, dist = 0.0237141, e1mag = 12.9582, e2mag = 12.9582, inarray = 0
Elemid = 193, Nodeid = -1, x = 0.01125, y = 2.1325, dist = 0.0237141, e1mag = 12.9582, e2mag = 12.9582, inarray = 0
Elemid = 194, Nodeid = -1, x = 0.01375, y = 2.1175, dist = 0.0237141, e1mag = 12.9582, e2mag = 12.9582, inarray = 0
Elemid = 195, Nodeid = -1, x = 0.01125, y = 2.0825, dist = 0.0237141, e1mag = 12.9582, e2mag = 12.9582, inarray = 0
Elemid = 196, Nodeid = -1, x = 0.01125, y = 2.1825, dist = 0.0237141, e1mag = 12.9582, e2mag = 12.9582, inarray = 0
Elemid = 197, Nodeid = -1, x = 0.01375, y = 2.2175, dist = 0.0237141, e1mag = 12.9582, e2mag = 12.9582, inarray = 0
Elemid = 198, Nodeid = -1, x = 0.01375, y = 2.1675, dist = 0.0237141, e1mag = 12.9582, e2mag = 12.9582, inarray = 0
Elemid = 199, Nodeid = -1, x = 0.01375, y = 2.2675, dist = 0.0237141, e1mag = 12.9582, e2mag = 12.9582, inarray = 0
Elemid = 200, Nodeid = -1, x = 0.00375, y = 2.1025, dist = 0.0470861, e1mag = 12.9582, e2mag = 12.9582, inarray = 0
Elemid = 201, Nodeid = -1, x = 0.02125, y = 2.0975, dist = 0.0470861, e1mag = 12.9582, e2mag = 12.9582, inarray = 0
Elemid = 202, Nodeid = -1, x = 0.00375, y = 2.2525, dist = 0.0470861, e1mag = 12.9582, e2mag = 12.9582, inarray = 0
Elemid = 203, Nodeid = -1, x = 0.02125, y = 2.2475, dist = 0.0470861, e1mag = 12.9582, e2mag = 12.9582, inarray = 0
Elemid = 204, Nodeid = -1, x = 0.00375, y = 2.1525, dist = 0.0470861, e1mag = 12.9582, e2mag = 12.9582, inarray = 0
Elemid = 205, Nodeid = -1, x = 0.00375, y = 2.2025, dist = 0.0470861, e1mag = 12.9582, e2mag = 12.9582, inarray = 0
Elemid = 206, Nodeid = -1, x = 0.02125, y = 2.1475, dist = 0.0470861, e1mag = 12.9582, e2mag = 12.9582, inarray = 0
Elemid = 207, Nodeid = -1, x = 0.02125, y = 2.1975, dist = 0.0470861, e1mag = 12.9582, e2mag = 12.9582, inarray = 0
Initial: max um = 0
Writing: "NeuralEP2DL2mono_reri1_initial.chk"
 (0s, XML)
Steps: 100000   Time: 0.01        
 CPU Time: 10.5756 min.

um_max = 131.97 at x = 0, y = 0, z = 0
 
(Nodeid,phim): (0,125.558), (1,89.5592), (2,1.13603), (3,0.000118438), (4,-0.00106768), (5,-0.00106891), (6,-0.00106356), (7,-0.00106356), (8,-0.00106356), (9,-0.00106356), (10,-0.00106356), (11,-0.00107109),  

Writing: "NeuralEP2DL2mono_reri1_1.chk"
 (0s, XML)
Steps: 200000   Time: 0.02        
 CPU Time: 10.5564 min.

um_max = 116.62 at x = 0, y = 0.0279368, z = 0
 
(Nodeid,phim): (0,113.453), (1,96.2938), (2,1.38237), (3,0.000352776), (4,-0.00108757), (5,-0.00108907), (6,-0.00108362), (7,-0.00108362), (8,-0.00108362), (9,-0.00108362), (10,-0.00108362), (11,-0.00109128),  

Writing: "NeuralEP2DL2mono_reri1_2.chk"
 (0s, XML)
Steps: 300000   Time: 0.03        
 CPU Time: 10.5584 min.

um_max = 118.091 at x = 0, y = 0.0279368, z = 0
 
(Nodeid,phim): (0,115.765), (1,108.061), (2,2.91479), (3,0.00193449), (4,-0.00110255), (5,-0.00110573), (6,-0.0011002), (7,-0.0011002), (8,-0.0011002), (9,-0.0011002), (10,-0.0011002), (11,-0.00110797),  

Writing: "NeuralEP2DL2mono_reri1_3.chk"
 (0s, XML)
Steps: 400000   Time: 0.04        
 CPU Time: 10.5725 min.

um_max = 117.695 at x = 0.0110316, y = 0.0389684, z = 0
 
(Nodeid,phim): (0,116.405), (1,113.389), (2,4.90454), (3,0.00373038), (4,-0.00111438), (5,-0.00111945), (6,-0.00111387), (7,-0.00111387), (8,-0.00111387), (9,-0.00111387), (10,-0.00111387), (11,-0.00112172),  

Writing: "NeuralEP2DL2mono_reri1_4.chk"
 (0s, XML)
Steps: 500000   Time: 0.05        
 CPU Time: 10.572 min.

um_max = 117.099 at x = 0.0110316, y = 0.0389684, z = 0
 
(Nodeid,phim): (0,116.367), (1,115.303), (2,8.39991), (3,0.00469708), (4,-0.00112461), (5,-0.00113074), (6,-0.0011251), (7,-0.0011251), (8,-0.0011251), (9,-0.0011251), (10,-0.0011251), (11,-0.00113303),  

Writing: "NeuralEP2DL2mono_reri1_5.chk"
 (0s, XML)
Steps: 600000   Time: 0.06        
 CPU Time: 10.572 min.

um_max = 116.275 at x = 0.0110316, y = 0.0389684, z = 0
 
(Nodeid,phim): (0,115.965), (1,115.782), (2,13.3009), (3,-0.000796655), (4,-0.00113948), (5,-0.00113998), (6,-0.0011343), (7,-0.0011343), (8,-0.0011343), (9,-0.0011343), (10,-0.0011343), (11,-0.00114229),  

Writing: "NeuralEP2DL2mono_reri1_6.chk"
 (0s, XML)
Steps: 700000   Time: 0.07        
 CPU Time: 10.565 min.

um_max = 116.071 at x = 0.0235316, y = 0.0459398, z = 0
 
(Nodeid,phim): (0,115.328), (1,115.533), (2,19.9521), (3,-0.0191669), (4,-0.00116625), (5,-0.00114753), (6,-0.00114179), (7,-0.00114179), (8,-0.00114179), (9,-0.00114179), (10,-0.00114179), (11,-0.00114983),  

Writing: "NeuralEP2DL2mono_reri1_7.chk"
 (0s, XML)
Steps: 800000   Time: 0.08        
 CPU Time: 10.5966 min.

um_max = 116.99 at x = 0.0014684, y = 0.251468, z = 0
 
(Nodeid,phim): (0,114.52), (1,114.935), (2,26.7771), (3,-0.031315), (4,-0.0011853), (5,-0.00115364), (6,-0.00114786), (7,-0.00114786), (8,-0.00114786), (9,-0.00114786), (10,-0.00114786), (11,-0.00115594),  

Writing: "NeuralEP2DL2mono_reri1_8.chk"
 (0s, XML)
Steps: 900000   Time: 0.09        
 CPU Time: 10.5457 min.

um_max = 118.571 at x = 0, y = 0.252937, z = 0
 
(Nodeid,phim): (0,113.573), (1,114.145), (2,36.5199), (3,-0.0117691), (4,-0.00117019), (5,-0.00115851), (6,-0.00115273), (7,-0.00115273), (8,-0.00115273), (9,-0.00115273), (10,-0.00115273), (11,-0.00116084),  

Writing: "NeuralEP2DL2mono_reri1_9.chk"
 (0s, XML)
Steps: 1000000  Time: 0.1         
 CPU Time: 10.5328 min.

um_max = 117.579 at x = 0.0014684, y = 0.25406, z = 0
 
(Nodeid,phim): (0,112.508), (1,113.206), (2,49.8875), (3,0.046572), (4,-0.00111275), (5,-0.00116233), (6,-0.00115659), (7,-0.00115659), (8,-0.00115659), (9,-0.00115659), (10,-0.00115659), (11,-0.00116473),  

Writing: "NeuralEP2DL2mono_reri1_10.chk"
 (0s, XML)
Steps: 1100000  Time: 0.11        
 CPU Time: 10.5489 min.

um_max = 118.577 at x = 0.0235316, y = 0.25406, z = 0
 
(Nodeid,phim): (0,111.338), (1,112.129), (2,63.377), (3,0.0758099), (4,-0.00108455), (5,-0.00116534), (6,-0.00115962), (7,-0.00115962), (8,-0.00115962), (9,-0.00115962), (10,-0.00115962), (11,-0.00116778),  

Writing: "NeuralEP2DL2mono_reri1_11.chk"
 (0s, XML)
Steps: 1200000  Time: 0.12        
 CPU Time: 10.5302 min.

um_max = 117.44 at x = 0.0205327, y = 0.256355, z = 0
 
(Nodeid,phim): (0,110.075), (1,110.943), (2,79.2715), (3,0.0619064), (4,-0.00110119), (5,-0.00116768), (6,-0.00116194), (7,-0.00116194), (8,-0.00116194), (9,-0.00116194), (10,-0.00116194), (11,-0.00117011),  

Writing: "NeuralEP2DL2mono_reri1_12.chk"
 (0s, XML)
Steps: 1300000  Time: 0.13        
 CPU Time: 10.5446 min.

um_max = 119.681 at x = 0, y = 0.258935, z = 0
 
(Nodeid,phim): (0,108.725), (1,109.662), (2,92.059), (3,0.115758), (4,-0.00104856), (5,-0.00116937), (6,-0.00116367), (7,-0.00116367), (8,-0.00116367), (9,-0.00116367), (10,-0.00116367), (11,-0.00117185),  

Writing: "NeuralEP2DL2mono_reri1_13.chk"
 (0s, XML)
Steps: 1400000  Time: 0.14        
 CPU Time: 10.555 min.

um_max = 116.611 at x = 0.0169673, y = 0.261226, z = 0
 
(Nodeid,phim): (0,107.296), (1,108.287), (2,101.382), (3,0.483459), (4,-0.000666958), (5,-0.00117021), (6,-0.0011649), (7,-0.00116491), (8,-0.00116491), (9,-0.00116491), (10,-0.00116491), (11,-0.0011731),  

Writing: "NeuralEP2DL2mono_reri1_14.chk"
 (0s, XML)
Steps: 1500000  Time: 0.15        
 CPU Time: 10.5351 min.

um_max = 117.342 at x = 0, y = 0.266065, z = 0
 
(Nodeid,phim): (0,105.794), (1,106.833), (2,107.25), (3,1.15019), (4,2.99172e-05), (5,-0.00117031), (6,-0.00116572), (7,-0.00116573), (8,-0.00116573), (9,-0.00116573), (10,-0.00116573), (11,-0.00117392),  

Writing: "NeuralEP2DL2mono_reri1_15.chk"
 (0s, XML)
Steps: 1600000  Time: 0.16        
 CPU Time: 10.5455 min.

um_max = 119.756 at x = 0, y = 0.266065, z = 0
 
(Nodeid,phim): (0,104.225), (1,105.311), (2,110.514), (3,2.37768), (4,0.00130984), (5,-0.00116945), (6,-0.00116619), (7,-0.0011662), (8,-0.0011662), (9,-0.0011662), (10,-0.0011662), (11,-0.0011744),  

Writing: "NeuralEP2DL2mono_reri1_16.chk"
 (0s, XML)
Steps: 1700000  Time: 0.17        
 CPU Time: 10.5648 min.

um_max = 118.041 at x = 0.025, y = 0.266065, z = 0
 
(Nodeid,phim): (0,102.595), (1,103.723), (2,112.478), (3,4.21596), (4,0.00313825), (5,-0.00116771), (6,-0.00116637), (7,-0.00116639), (8,-0.00116639), (9,-0.00116639), (10,-0.00116639), (11,-0.00117459),  

Writing: "NeuralEP2DL2mono_reri1_17.chk"
 (0s, XML)
Steps: 1800000  Time: 0.18        
 CPU Time: 10.5659 min.

um_max = 116.443 at x = 0.025, y = 0.266065, z = 0
 
(Nodeid,phim): (0,100.91), (1,102.074), (2,113.111), (3,7.07743), (4,0.0045941), (5,-0.00116612), (6,-0.00116631), (7,-0.00116634), (8,-0.00116634), (9,-0.00116634), (10,-0.00116634), (11,-0.00117454),  

Writing: "NeuralEP2DL2mono_reri1_18.chk"
 (0s, XML)
Steps: 1900000  Time: 0.19        
 CPU Time: 10.5589 min.

um_max = 116.112 at x = 0.0205327, y = 0.270533, z = 0
 
(Nodeid,phim): (0,99.1739), (1,100.369), (2,112.929), (3,11.6682), (4,0.00235509), (5,-0.00116813), (6,-0.00116607), (7,-0.00116609), (8,-0.00116609), (9,-0.00116609), (10,-0.00116609), (11,-0.00117428),  

Writing: "NeuralEP2DL2mono_reri1_19.chk"
 (0s, XML)
Steps: 2000000  Time: 0.2         
 CPU Time: 10.5768 min.

um_max = 116.006 at x = 0.0147912, y = 0.270533, z = 0
 
(Nodeid,phim): (0,97.3928), (1,98.6132), (2,112.199), (3,17.7485), (4,-0.0131102), (5,-0.00118383), (6,-0.00116573), (7,-0.00116567), (8,-0.00116567), (9,-0.00116567), (10,-0.00116567), (11,-0.00117386),  

Writing: "NeuralEP2DL2mono_reri1_20.chk"
 (0s, XML)
Steps: 2100000  Time: 0.21        
 CPU Time: 10.5354 min.

um_max = 115.874 at x = 0.0156466, y = 0.273532, z = 0
 
(Nodeid,phim): (0,95.5713), (1,96.8131), (2,111.184), (3,24.6468), (4,-0.0293843), (5,-0.0012005), (6,-0.00116525), (7,-0.00116512), (8,-0.00116512), (9,-0.00116512), (10,-0.00116512), (11,-0.0011733),  

Writing: "NeuralEP2DL2mono_reri1_21.chk"
 (0s, XML)
Steps: 2200000  Time: 0.22        
 CPU Time: 10.5049 min.

um_max = 117.871 at x = 0.0014684, y = 0.476468, z = 0
 
(Nodeid,phim): (0,93.7138), (1,94.9733), (2,110.028), (3,32.8684), (4,-0.0236951), (5,-0.00119427), (6,-0.00116456), (7,-0.00116445), (8,-0.00116445), (9,-0.00116445), (10,-0.00116445), (11,-0.00117263),  

Writing: "NeuralEP2DL2mono_reri1_22.chk"
 (0s, XML)
Steps: 2300000  Time: 0.23        
 CPU Time: 10.5151 min.

um_max = 117.989 at x = 0, y = 0.477937, z = 0
 
(Nodeid,phim): (0,91.8247), (1,93.0985), (2,108.769), (3,45.7176), (4,0.0291722), (5,-0.00113828), (6,-0.00116355), (7,-0.00116369), (8,-0.00116369), (9,-0.00116369), (10,-0.00116369), (11,-0.00117186),  

Writing: "NeuralEP2DL2mono_reri1_23.chk"
 (0s, XML)
Steps: 2400000  Time: 0.24        
 CPU Time: 10.5478 min.

um_max = 118.794 at x = 0.0014684, y = 0.47906, z = 0
 
(Nodeid,phim): (0,89.9078), (1,91.1929), (2,107.405), (3,59.0113), (4,0.0713922), (5,-0.00109259), (6,-0.0011625), (7,-0.00116285), (8,-0.00116285), (9,-0.00116285), (10,-0.00116285), (11,-0.00117102),  

Writing: "NeuralEP2DL2mono_reri1_24.chk"
 (0s, XML)
Steps: 2500000  Time: 0.25        
 CPU Time: 10.5455 min.

um_max = 118.217 at x = 0.0205327, y = 0.481355, z = 0
 
(Nodeid,phim): (0,87.9669), (1,89.2604), (2,105.951), (3,74.3245), (4,0.0691821), (5,-0.00109352), (6,-0.00116161), (7,-0.00116196), (8,-0.00116196), (9,-0.00116196), (10,-0.00116196), (11,-0.00117012),  

Writing: "NeuralEP2DL2mono_reri1_25.chk"
 (0s, XML)
Steps: 2600000  Time: 0.26        
 CPU Time: 10.5598 min.

um_max = 119.611 at x = 0, y = 0.483935, z = 0
 
(Nodeid,phim): (0,86.0054), (1,87.3049), (2,104.428), (3,88.5615), (4,0.074683), (5,-0.00108797), (6,-0.00116065), (7,-0.00116101), (8,-0.00116101), (9,-0.00116101), (10,-0.00116101), (11,-0.00116917),  

Writing: "NeuralEP2DL2mono_reri1_26.chk"
 (0s, XML)
Steps: 2700000  Time: 0.27        
 CPU Time: 10.5528 min.

um_max = 117.702 at x = 0, y = 0.483935, z = 0
 
(Nodeid,phim): (0,84.0265), (1,85.3298), (2,102.832), (3,98.8049), (4,0.332269), (5,-0.000820061), (6,-0.00115845), (7,-0.00116003), (8,-0.00116003), (9,-0.00116003), (10,-0.00116003), (11,-0.00116818),  

Writing: "NeuralEP2DL2mono_reri1_27.chk"
 (0s, XML)
Steps: 2800000  Time: 0.28        
 CPU Time: 10.5471 min.

um_max = 116.606 at x = 0.025, y = 0.477937, z = 0
 
(Nodeid,phim): (0,82.0333), (1,83.3383), (2,101.174), (3,105.825), (4,0.909209), (5,-0.000215343), (6,-0.00115465), (7,-0.00115902), (8,-0.00115902), (9,-0.00115902), (10,-0.00115902), (11,-0.00116716),  

Writing: "NeuralEP2DL2mono_reri1_28.chk"
 (0s, XML)
Steps: 2900000  Time: 0.29        
 CPU Time: 10.5451 min.

um_max = 119.737 at x = 0.025, y = 0.491065, z = 0
 
(Nodeid,phim): (0,80.0288), (1,81.3335), (2,99.4645), (3,109.632), (4,1.90335), (5,0.000823258), (6,-0.00114883), (7,-0.00115798), (8,-0.00115799), (9,-0.00115799), (10,-0.00115799), (11,-0.00116612),  

Writing: "NeuralEP2DL2mono_reri1_29.chk"
 (0s, XML)
Steps: 3000000  Time: 0.3         
 CPU Time: 10.538 min.

um_max = 118.639 at x = 0.025, y = 0.491065, z = 0
 
(Nodeid,phim): (0,78.0157), (1,79.3183), (2,97.7092), (3,112.035), (4,3.60698), (5,0.00257943), (6,-0.00113966), (7,-0.00115692), (8,-0.00115694), (9,-0.00115694), (10,-0.00115694), (11,-0.00116506),  

Writing: "NeuralEP2DL2mono_reri1_30.chk"
 (0s, XML)
Steps: 3100000  Time: 0.31        
 CPU Time: 10.54 min.

um_max = 116.89 at x = 0.025, y = 0.491065, z = 0
 
(Nodeid,phim): (0,75.997), (1,77.2957), (2,95.9092), (3,113.019), (4,5.96421), (5,0.00427367), (6,-0.00113071), (7,-0.00115585), (8,-0.00115588), (9,-0.00115588), (10,-0.00115588), (11,-0.00116399),  

Writing: "NeuralEP2DL2mono_reri1_31.chk"
 (0s, XML)
Steps: 3200000  Time: 0.32        
 CPU Time: 10.5428 min.

um_max = 116.181 at x = 0.0205327, y = 0.495533, z = 0
 
(Nodeid,phim): (0,73.9754), (1,75.2686), (2,94.0691), (3,113.059), (4,10.1655), (5,0.004015), (6,-0.00113062), (7,-0.00115478), (8,-0.00115481), (9,-0.00115481), (10,-0.00115481), (11,-0.00116292),  

Writing: "NeuralEP2DL2mono_reri1_32.chk"
 (0s, XML)
Steps: 3300000  Time: 0.33        
 CPU Time: 10.5353 min.

um_max = 116.057 at x = 0.0102088, y = 0.495533, z = 0
 
(Nodeid,phim): (0,71.9541), (1,73.24), (2,92.1937), (3,112.467), (4,15.6179), (5,-0.00696425), (6,-0.00117976), (7,-0.00115376), (8,-0.00115374), (9,-0.00115374), (10,-0.00115374), (11,-0.00116184),  

Writing: "NeuralEP2DL2mono_reri1_33.chk"
 (0s, XML)
Steps: 3400000  Time: 0.34        
 CPU Time: 10.5466 min.

um_max = 115.891 at x = 0.00935344, y = 0.498532, z = 0
 
(Nodeid,phim): (0,69.936), (1,71.2128), (2,90.2876), (3,111.519), (4,22.5766), (5,-0.0255597), (6,-0.00126522), (7,-0.00115278), (8,-0.00115266), (9,-0.00115266), (10,-0.00115266), (11,-0.00116076),  

Writing: "NeuralEP2DL2mono_reri1_34.chk"
 (0s, XML)
Steps: 3500000  Time: 0.35        
 CPU Time: 10.5443 min.

um_max = 117.842 at x = 0.0235316, y = 0.701468, z = 0
 
(Nodeid,phim): (0,67.9245), (1,69.1904), (2,88.3551), (3,110.399), (4,29.7969), (5,-0.0298032), (6,-0.00128513), (7,-0.00115173), (8,-0.00115159), (9,-0.00115159), (10,-0.00115159), (11,-0.00115968),  

Writing: "NeuralEP2DL2mono_reri1_35.chk"
 (0s, XML)
Steps: 3600000  Time: 0.36        
 CPU Time: 10.5456 min.

um_max = 118.572 at x = 0, y = 0.702937, z = 0
 
(Nodeid,phim): (0,65.9232), (1,67.176), (2,86.4), (3,109.172), (4,41.4999), (5,0.00974168), (6,-0.001103), (7,-0.00115048), (8,-0.00115053), (9,-0.00115053), (10,-0.00115053), (11,-0.00115861),  

Writing: "NeuralEP2DL2mono_reri1_36.chk"
 (0s, XML)
Steps: 3700000  Time: 0.37        
 CPU Time: 10.5265 min.

um_max = 118.543 at x = 0.0014684, y = 0.70406, z = 0
 
(Nodeid,phim): (0,63.9356), (1,65.1734), (2,84.4259), (3,107.84), (4,54.882), (5,0.0627443), (6,-0.000854523), (7,-0.00114916), (8,-0.00114947), (9,-0.00114947), (10,-0.00114947), (11,-0.00115754),  

Writing: "NeuralEP2DL2mono_reri1_37.chk"
 (0s, XML)
Steps: 3800000  Time: 0.38        
 CPU Time: 10.5476 min.

um_max = 118.637 at x = 0.0205327, y = 0.706355, z = 0
 
(Nodeid,phim): (0,61.9655), (1,63.1862), (2,82.4362), (3,106.411), (4,69.2365), (5,0.0748733), (6,-0.000794895), (7,-0.00114804), (8,-0.00114841), (9,-0.00114841), (10,-0.00114841), (11,-0.00115648),  

Writing: "NeuralEP2DL2mono_reri1_38.chk"
 (0s, XML)
Steps: 3900000  Time: 0.39        
 CPU Time: 10.5436 min.

um_max = 118.818 at x = 0, y = 0.708935, z = 0
 
(Nodeid,phim): (0,60.0168), (1,61.2182), (2,80.4342), (3,104.909), (4,84.6855), (5,0.0598589), (6,-0.000864912), (7,-0.00114707), (8,-0.00114737), (9,-0.00114737), (10,-0.00114737), (11,-0.00115542),  

Writing: "NeuralEP2DL2mono_reri1_39.chk"
 (0s, XML)
Steps: 4000000  Time: 0.4         
 CPU Time: 10.5314 min.

um_max = 118.877 at x = 0.025, y = 0.708935, z = 0
 
(Nodeid,phim): (0,58.0928), (1,59.273), (2,78.4231), (3,103.336), (4,95.9343), (5,0.212609), (6,-0.000169965), (7,-0.00114532), (8,-0.00114633), (9,-0.00114633), (10,-0.00114633), (11,-0.00115438),  

Writing: "NeuralEP2DL2mono_reri1_40.chk"
 (0s, XML)
Steps: 4100000  Time: 0.41        
 CPU Time: 10.5221 min.

um_max = 116.459 at x = 0.0080327, y = 0.711226, z = 0
 
(Nodeid,phim): (0,56.197), (1,57.354), (2,76.4061), (3,101.695), (4,104.056), (5,0.70206), (6,0.0020888), (7,-0.00114194), (8,-0.00114531), (9,-0.00114531), (10,-0.00114531), (11,-0.00115335),  

Writing: "NeuralEP2DL2mono_reri1_41.chk"
 (0s, XML)
Steps: 4200000  Time: 0.42        
 CPU Time: 10.5519 min.

um_max = 119.09 at x = 0, y = 0.716065, z = 0
 
(Nodeid,phim): (0,54.3317), (1,55.4641), (2,74.3863), (3,100), (4,108.652), (5,1.51573), (6,0.00584323), (7,-0.001137), (8,-0.00114429), (9,-0.0011443), (10,-0.0011443), (11,-0.00115233),  

Writing: "NeuralEP2DL2mono_reri1_42.chk"
 (0s, XML)
Steps: 4300000  Time: 0.43        
 CPU Time: 10.5055 min.

um_max = 119.235 at x = 0, y = 0.716065, z = 0
 
(Nodeid,phim): (0,52.4987), (1,53.6056), (2,72.3668), (3,98.2594), (4,111.439), (5,3.03552), (6,0.012828), (7,-0.00112869), (8,-0.00114329), (9,-0.00114329), (10,-0.00114329), (11,-0.00115132),  

Writing: "NeuralEP2DL2mono_reri1_43.chk"
 (0s, XML)
Steps: 4400000  Time: 0.44        
 CPU Time: 10.5133 min.

um_max = 117.377 at x = 0, y = 0.716065, z = 0
 
(Nodeid,phim): (0,50.6986), (1,51.7796), (2,70.3509), (3,96.4729), (4,112.841), (5,5.07811), (6,0.0207859), (7,-0.00111932), (8,-0.0011423), (9,-0.0011423), (10,-0.0011423), (11,-0.00115032),  

Writing: "NeuralEP2DL2mono_reri1_44.chk"
 (0s, XML)
Steps: 4500000  Time: 0.45        
 CPU Time: 10.4929 min.

um_max = 116.214 at x = 0.0044673, y = 0.720533, z = 0
 
(Nodeid,phim): (0,48.9307), (1,49.9861), (2,68.3418), (3,94.6448), (4,113.125), (5,8.71497), (6,0.0243974), (7,-0.00111442), (8,-0.00114132), (9,-0.00114132), (10,-0.00114132), (11,-0.00114933),  

Writing: "NeuralEP2DL2mono_reri1_45.chk"
 (0s, XML)
Steps: 4600000  Time: 0.46        
 CPU Time: 10.5163 min.

um_max = 116.072 at x = 0.0102088, y = 0.720533, z = 0
 
(Nodeid,phim): (0,47.1929), (1,48.2239), (2,66.3428), (3,92.7798), (4,112.701), (5,13.695), (6,-0.00380624), (7,-0.00114246), (8,-0.00114035), (9,-0.00114035), (10,-0.00114035), (11,-0.00114836),  

Writing: "NeuralEP2DL2mono_reri1_46.chk"
 (0s, XML)
Steps: 4700000  Time: 0.47        
 CPU Time: 10.5411 min.

um_max = 115.902 at x = 0.0102088, y = 0.720533, z = 0
 
(Nodeid,phim): (0,45.4815), (1,46.4901), (2,64.3573), (3,90.8828), (4,111.837), (5,20.44), (6,-0.086299), (7,-0.00122806), (8,-0.0011394), (9,-0.0011394), (10,-0.0011394), (11,-0.00114739),  

Writing: "NeuralEP2DL2mono_reri1_47.chk"
 (0s, XML)
Steps: 4800000  Time: 0.48        
 CPU Time: 10.5447 min.

um_max = 117.219 at x = 0.0235316, y = 0.926468, z = 0
 
(Nodeid,phim): (0,43.7913), (1,44.7803), (2,62.3884), (3,88.958), (4,110.759), (5,27.2816), (6,-0.134714), (7,-0.0012789), (8,-0.00113845), (9,-0.00113845), (10,-0.00113845), (11,-0.00114644),  

Writing: "NeuralEP2DL2mono_reri1_48.chk"
 (0s, XML)
Steps: 4900000  Time: 0.49        
 CPU Time: 10.5334 min.

um_max = 118.645 at x = 0.025, y = 0.927937, z = 0
 
(Nodeid,phim): (0,42.1153), (1,43.0887), (2,60.4392), (3,87.0095), (4,109.563), (5,37.3952), (6,-0.0327561), (7,-0.00117331), (8,-0.00113752), (9,-0.00113752), (10,-0.00113752), (11,-0.00114551),  

Writing: "NeuralEP2DL2mono_reri1_49.chk"
 (0s, XML)
Steps: 5000000  Time: 0.5         
 CPU Time: 10.5369 min.

um_max = 117.813 at x = 0.0235316, y = 0.92906, z = 0
 
(Nodeid,phim): (0,40.4447), (1,41.4072), (2,58.5124), (3,85.0409), (4,108.265), (5,50.8023), (6,0.22455), (7,-0.000901618), (8,-0.0011366), (9,-0.0011366), (10,-0.0011366), (11,-0.00114458),  

Writing: "NeuralEP2DL2mono_reri1_50.chk"
 (0s, XML)
Steps: 5100000  Time: 0.51        
 CPU Time: 10.54 min.

um_max = 118.465 at x = 0.0014684, y = 0.92906, z = 0
 
(Nodeid,phim): (0,38.7691), (1,39.7265), (2,56.6104), (3,83.0557), (4,106.863), (5,64.3979), (6,0.340264), (7,-0.000776839), (8,-0.0011357), (9,-0.0011357), (10,-0.0011357), (11,-0.00114367),  

Writing: "NeuralEP2DL2mono_reri1_51.chk"
 (0s, XML)
Steps: 5200000  Time: 0.52        
 CPU Time: 10.5439 min.

um_max = 117.319 at x = 0.025, y = 0.933935, z = 0
 
(Nodeid,phim): (0,37.0756), (1,38.0349), (2,54.7348), (3,81.0572), (4,105.382), (5,80.3148), (6,0.271583), (7,-0.00084714), (8,-0.0011348), (9,-0.0011348), (10,-0.00113481), (11,-0.00114277),  

Writing: "NeuralEP2DL2mono_reri1_52.chk"
 (0s, XML)
Steps: 5300000  Time: 0.53        
 CPU Time: 10.5302 min.

um_max = 119.602 at x = 0.025, y = 0.933935, z = 0
 
(Nodeid,phim): (0,35.3495), (1,36.3186), (2,52.8864), (3,79.0486), (4,103.832), (5,92.7945), (6,0.574916), (7,-0.00053832), (8,-0.00113392), (9,-0.00113392), (10,-0.00113392), (11,-0.00114188),  

Writing: "NeuralEP2DL2mono_reri1_53.chk"
 (0s, XML)
Steps: 5400000  Time: 0.54        
 CPU Time: 10.548 min.

um_max = 116.603 at x = 0.0169673, y = 0.936226, z = 0
 
(Nodeid,phim): (0,33.5736), (1,34.5618), (2,51.0651), (3,77.0331), (4,102.21), (5,101.909), (6,2.30208), (7,0.0012623), (8,-0.00113304), (9,-0.00113305), (10,-0.00113305), (11,-0.00114101),  

Writing: "NeuralEP2DL2mono_reri1_54.chk"
 (0s, XML)
Steps: 5500000  Time: 0.55        
 CPU Time: 10.5488 min.

um_max = 117.737 at x = 0.025, y = 0.941065, z = 0
 
(Nodeid,phim): (0,31.7284), (1,32.7462), (2,49.2695), (3,75.0138), (4,100.531), (5,107.529), (6,5.34397), (7,0.00444585), (8,-0.00113217), (9,-0.00113219), (10,-0.0011322), (11,-0.00114014),  

Writing: "NeuralEP2DL2mono_reri1_55.chk"
 (0s, XML)
Steps: 5600000  Time: 0.56        
 CPU Time: 10.5433 min.

um_max = 119.694 at x = 0.025, y = 0.941065, z = 0
 
(Nodeid,phim): (0,29.7936), (1,30.852), (2,47.4972), (3,72.9938), (4,98.8046), (5,110.697), (6,11.0041), (7,0.0103524), (8,-0.00113129), (9,-0.00113134), (10,-0.00113135), (11,-0.00113929),  

Writing: "NeuralEP2DL2mono_reri1_56.chk"
 (0s, XML)
Steps: 5700000  Time: 0.57        
 CPU Time: 10.5535 min.

um_max = 117.914 at x = 0.025, y = 0.941065, z = 0
 
(Nodeid,phim): (0,27.7496), (1,28.8594), (2,45.7437), (3,70.9764), (4,97.0321), (5,112.558), (6,19.1325), (7,0.0184417), (8,-0.00113041), (9,-0.0011305), (10,-0.00113052), (11,-0.00113845),  

Writing: "NeuralEP2DL2mono_reri1_57.chk"
 (0s, XML)
Steps: 5800000  Time: 0.58        
 CPU Time: 10.55 min.

um_max = 116.348 at x = 0, y = 0.941065, z = 0
 
(Nodeid,phim): (0,25.583), (1,26.7524), (2,44.0034), (3,68.9649), (4,95.2163), (5,113.122), (6,30.9528), (7,0.0245152), (8,-0.00112956), (9,-0.00112967), (10,-0.0011297), (11,-0.00113763),  

Writing: "NeuralEP2DL2mono_reri1_58.chk"
 (0s, XML)
Steps: 5900000  Time: 0.59        
 CPU Time: 10.5538 min.

um_max = 116.093 at x = 0.0205327, y = 0.945533, z = 0
 
(Nodeid,phim): (0,23.2936), (1,24.5247), (2,42.2689), (3,66.9624), (4,93.3623), (5,112.894), (6,46.1204), (7,0.0119664), (8,-0.00112881), (9,-0.00112887), (10,-0.00112889), (11,-0.00113681),  

Writing: "NeuralEP2DL2mono_reri1_59.chk"
 (0s, XML)
Steps: 6000000  Time: 0.6         
 CPU Time: 10.5511 min.

um_max = 115.991 at x = 0.0102088, y = 0.945533, z = 0
 
(Nodeid,phim): (0,20.9042), (1,22.1882), (2,40.5309), (3,64.9723), (4,91.4747), (5,112.136), (6,59.4189), (7,-0.0599456), (8,-0.00112841), (9,-0.00112815), (10,-0.00112809), (11,-0.00113601),  

Writing: "NeuralEP2DL2mono_reri1_60.chk"
 (0s, XML)
Steps: 6100000  Time: 0.61        
 CPU Time: 10.5546 min.

um_max = 115.919 at x = 0.0014684, y = 1.15147, z = 0
 
(Nodeid,phim): (0,18.4655), (1,19.7798), (2,38.7789), (3,62.9979), (4,89.5581), (5,111.109), (6,72.1102), (7,-0.128398), (8,-0.001128), (9,-0.00112744), (10,-0.0011273), (11,-0.00113521),  

Writing: "NeuralEP2DL2mono_reri1_61.chk"
 (0s, XML)
Steps: 6200000  Time: 0.62        
 CPU Time: 10.5684 min.

um_max = 118.039 at x = 0.025, y = 1.15294, z = 0
 
(Nodeid,phim): (0,16.0509), (1,17.3605), (2,37.0011), (3,61.0423), (4,87.6165), (5,109.945), (6,84.7062), (7,-0.0911909), (8,-0.00112703), (9,-0.00112663), (10,-0.00112653), (11,-0.00113443),  

Writing: "NeuralEP2DL2mono_reri1_62.chk"
 (0s, XML)
Steps: 6300000  Time: 0.63        
 CPU Time: 10.5589 min.

um_max = 117.815 at x = 0.025, y = 1.15294, z = 0
 
(Nodeid,phim): (0,13.7405), (1,15.0045), (2,35.1857), (3,59.1083), (4,85.6538), (5,108.679), (6,98.3468), (7,0.151026), (8,-0.00112495), (9,-0.0011256), (10,-0.00112576), (11,-0.00113366),  

Writing: "NeuralEP2DL2mono_reri1_63.chk"
 (0s, XML)
Steps: 6400000  Time: 0.64        
 CPU Time: 10.5639 min.

um_max = 118.786 at x = 0.0235316, y = 1.15406, z = 0
 
(Nodeid,phim): (0,11.6028), (1,12.7834), (2,33.3213), (3,57.1983), (4,83.6734), (5,107.308), (6,107.629), (7,0.325166), (8,-0.00112323), (9,-0.00112465), (10,-0.00112501), (11,-0.0011329),  

Writing: "NeuralEP2DL2mono_reri1_64.chk"
 (0s, XML)
Steps: 6500000  Time: 0.65        
 CPU Time: 10.5701 min.

um_max = 118.065 at x = 0.0205327, y = 1.15635, z = 0
 
(Nodeid,phim): (0,9.68321), (1,10.752), (2,31.3988), (3,55.3144), (4,81.6787), (5,105.849), (6,112.925), (7,0.302181), (8,-0.0011226), (9,-0.00112393), (10,-0.00112427), (11,-0.00113216),  

Writing: "NeuralEP2DL2mono_reri1_65.chk"
 (0s, XML)
Steps: 6600000  Time: 0.66        
 CPU Time: 10.5676 min.

um_max = 119.688 at x = 0.025, y = 1.15893, z = 0
 
(Nodeid,phim): (0,8.00205), (1,8.9431), (2,29.4122), (3,53.4575), (4,79.6729), (5,104.321), (6,114.659), (7,0.362402), (8,-0.00112158), (9,-0.00112314), (10,-0.00112354), (11,-0.00113142),  

Writing: "NeuralEP2DL2mono_reri1_66.chk"
 (0s, XML)
Steps: 6700000  Time: 0.67        
 CPU Time: 10.5662 min.

um_max = 117.407 at x = 0, y = 1.15893, z = 0
 
(Nodeid,phim): (0,6.55874), (1,7.36737), (2,27.36), (3,51.6278), (4,77.6592), (5,102.72), (6,114.288), (7,1.60798), (8,-0.00111417), (9,-0.00112108), (10,-0.00112281), (11,-0.00113069),  

Writing: "NeuralEP2DL2mono_reri1_67.chk"
 (0s, XML)
Steps: 6800000  Time: 0.68        
 CPU Time: 10.5703 min.

um_max = 116.695 at x = 0.025, y = 1.15294, z = 0
 
(Nodeid,phim): (0,5.33874), (1,6.01901), (2,25.2468), (3,49.8244), (4,75.6407), (5,101.058), (6,113.581), (7,4.23886), (8,-0.00109918), (9,-0.00111749), (10,-0.0011221), (11,-0.00112998),  

Writing: "NeuralEP2DL2mono_reri1_68.chk"
 (0s, XML)
Steps: 6900000  Time: 0.69        
 CPU Time: 10.57 min.

um_max = 119.789 at x = 0.025, y = 1.16607, z = 0
 
(Nodeid,phim): (0,4.31995), (1,4.88145), (2,23.0847), (3,48.045), (4,73.6206), (5,99.3455), (6,112.857), (7,8.83915), (8,-0.00107359), (9,-0.00111178), (10,-0.00112139), (11,-0.00112927),  

Writing: "NeuralEP2DL2mono_reri1_69.chk"
 (0s, XML)
Steps: 7000000  Time: 0.7         
 CPU Time: 10.5824 min.

um_max = 118.504 at x = 0.025, y = 1.16607, z = 0
 
(Nodeid,phim): (0,3.47738), (1,3.93258), (2,20.8939), (3,46.286), (4,71.6021), (5,97.5871), (6,111.683), (7,16.4641), (8,-0.00103212), (9,-0.00110284), (10,-0.00112069), (11,-0.00112857),  

Writing: "NeuralEP2DL2mono_reri1_70.chk"
 (0s, XML)
Steps: 7100000  Time: 0.71        
 CPU Time: 10.568 min.

um_max = 116.788 at x = 0, y = 1.16607, z = 0
 
(Nodeid,phim): (0,2.78603), (1,3.14842), (2,18.7035), (3,44.542), (4,69.5884), (5,95.7842), (6,110.605), (7,26.5318), (8,-0.000993487), (9,-0.00109445), (10,-0.00112), (11,-0.00112789),  

Writing: "NeuralEP2DL2mono_reri1_71.chk"
 (0s, XML)
Steps: 7200000  Time: 0.72        
 CPU Time: 10.5672 min.

um_max = 116.168 at x = 0.0205327, y = 1.17053, z = 0
 
(Nodeid,phim): (0,2.22249), (1,2.50535), (2,16.5489), (3,42.8062), (4,67.5827), (5,93.9415), (6,109.534), (7,41.781), (8,-0.00100644), (9,-0.00109633), (10,-0.00111934), (11,-0.00112721),  

Writing: "NeuralEP2DL2mono_reri1_72.chk"
 (0s, XML)
Steps: 7300000  Time: 0.73        
 CPU Time: 10.5686 min.

um_max = 116.048 at x = 0.0102088, y = 1.17053, z = 0
 
(Nodeid,phim): (0,1.76561), (1,1.98139), (2,14.4688), (3,41.0698), (4,65.5884), (5,92.0638), (6,108.286), (7,55.0834), (8,-0.00128095), (9,-0.0011508), (10,-0.00111873), (11,-0.00112655),  

Writing: "NeuralEP2DL2mono_reri1_73.chk"
 (0s, XML)
Steps: 7400000  Time: 0.74        
 CPU Time: 10.5661 min.

um_max = 115.891 at x = 0.00935344, y = 1.17353, z = 0
 
(Nodeid,phim): (0,1.39677), (1,1.55678), (2,12.5005), (3,39.3227), (4,63.6088), (5,90.1558), (6,106.886), (7,68.6305), (8,-0.00169897), (9,-0.00123517), (10,-0.00111817), (11,-0.00112589),  

Writing: "NeuralEP2DL2mono_reri1_74.chk"
 (0s, XML)
Steps: 7500000  Time: 0.75        
 CPU Time: 10.5521 min.

um_max = 117.898 at x = 0.0014684, y = 1.37647, z = 0
 
(Nodeid,phim): (0,1.09987), (1,1.2141), (2,10.6755), (3,37.5535), (4,61.647), (5,88.2216), (6,105.398), (7,80.2298), (8,-0.00175376), (9,-0.00124687), (10,-0.00111754), (11,-0.00112524),  

Writing: "NeuralEP2DL2mono_reri1_75.chk"
 (0s, XML)
Steps: 7600000  Time: 0.76        
 CPU Time: 10.5533 min.

um_max = 118.479 at x = 0.025, y = 1.37794, z = 0
 
(Nodeid,phim): (0,0.861253), (1,0.938337), (2,9.0167), (3,35.7504), (4,59.706), (5,86.265), (6,103.844), (7,94.6172), (8,-0.000770735), (9,-0.00104918), (10,-0.00111671), (11,-0.00112461),  

Writing: "NeuralEP2DL2mono_reri1_76.chk"
 (0s, XML)
Steps: 7700000  Time: 0.77        
 CPU Time: 10.556 min.

um_max = 118.639 at x = 0.0014684, y = 1.37906, z = 0
 
(Nodeid,phim): (0,0.669448), (1,0.716751), (2,7.53699), (3,33.9018), (4,57.7884), (5,84.2898), (6,102.222), (7,105.157), (8,0.000399072), (9,-0.0008105), (10,-0.00111583), (11,-0.00112398),  

Writing: "NeuralEP2DL2mono_reri1_77.chk"
 (0s, XML)
Steps: 7800000  Time: 0.78        
 CPU Time: 10.5695 min.

um_max = 118.591 at x = 0.0044673, y = 1.38135, z = 0
 
(Nodeid,phim): (0,0.514981), (1,0.538669), (2,6.23949), (3,31.9978), (4,55.8962), (5,82.2991), (6,100.537), (7,111.705), (8,0.000606331), (9,-0.000766187), (10,-0.00111517), (11,-0.00112336),  

Writing: "NeuralEP2DL2mono_reri1_78.chk"
 (0s, XML)
Steps: 7900000  Time: 0.79        
 CPU Time: 10.5493 min.

um_max = 119.056 at x = 0, y = 1.38393, z = 0
 
(Nodeid,phim): (0,0.390107), (1,0.395279), (2,5.11909), (3,30.0313), (4,54.0309), (5,80.2964), (6,98.8012), (7,114.426), (8,0.000317818), (9,-0.000825802), (10,-0.00111463), (11,-0.00112275),  

Writing: "NeuralEP2DL2mono_reri1_79.chk"
 (0s, XML)
Steps: 8000000  Time: 0.8         
 CPU Time: 10.5589 min.

um_max = 118.646 at x = 0.025, y = 1.38393, z = 0
 
(Nodeid,phim): (0,0.28857), (1,0.27939), (2,4.16459), (3,27.9994), (4,52.1928), (5,78.2848), (6,97.0179), (7,114.521), (8,0.00430592), (9,-3.03476e-05), (10,-0.00111321), (11,-0.00112215),  

Writing: "NeuralEP2DL2mono_reri1_80.chk"
 (0s, XML)
Steps: 8100000  Time: 0.81        
 CPU Time: 10.5736 min.

um_max = 116.407 at x = 0.0080327, y = 1.38623, z = 0
 
(Nodeid,phim): (0,0.205364), (1,0.185195), (2,3.36086), (3,25.9044), (4,50.3814), (5,76.2675), (6,95.1903), (7,113.762), (8,0.0159706), (9,0.00232135), (10,-0.00111017), (11,-0.00112156),  

Writing: "NeuralEP2DL2mono_reri1_81.chk"
 (0s, XML)
Steps: 8200000  Time: 0.82        
 CPU Time: 10.5815 min.

um_max = 119.293 at x = 0, y = 1.39107, z = 0
 
(Nodeid,phim): (0,0.136517), (1,0.108051), (2,2.6908), (3,23.7561), (4,48.595), (5,74.2476), (6,93.3278), (7,113.146), (8,0.0353727), (9,0.00623393), (10,-0.0011055), (11,-0.00112097),  

Writing: "NeuralEP2DL2mono_reri1_82.chk"
 (0s, XML)
Steps: 8300000  Time: 0.83        
 CPU Time: 10.555 min.

um_max = 119.108 at x = 0, y = 1.39107, z = 0
 
(Nodeid,phim): (0,0.0789049), (1,0.0442752), (2,2.13684), (3,21.5719), (4,46.8301), (5,72.2283), (6,91.4347), (7,112.051), (8,0.0700419), (9,0.0134226), (10,-0.0010974), (11,-0.00112039),  

Writing: "NeuralEP2DL2mono_reri1_83.chk"
 (0s, XML)
Steps: 8400000  Time: 0.84        
 CPU Time: 10.5575 min.

um_max = 117.265 at x = 0, y = 1.39107, z = 0
 
(Nodeid,phim): (0,0.0300835), (1,-0.0090324), (2,1.68203), (3,19.3783), (4,45.0821), (5,70.2127), (6,89.5132), (7,110.927), (8,0.0747826), (9,0.0213067), (10,-0.00108853), (11,-0.00111982),  

Writing: "NeuralEP2DL2mono_reri1_84.chk"
 (0s, XML)
Steps: 8500000  Time: 0.85        
 CPU Time: 10.5636 min.

um_max = 116.211 at x = 0.0205327, y = 1.39553, z = 0
 
(Nodeid,phim): (0,-0.0118467), (1,-0.0541398), (2,1.31074), (3,17.209), (4,43.3446), (5,68.2042), (6,87.5666), (7,109.881), (8,-0.137804), (9,0.0241115), (10,-0.00108489), (11,-0.00111927),  

Writing: "NeuralEP2DL2mono_reri1_85.chk"
 (0s, XML)
Steps: 8600000  Time: 0.86        
 CPU Time: 10.5616 min.

um_max = 116.072 at x = 0.0147912, y = 1.39553, z = 0
 
(Nodeid,phim): (0,-0.0483553), (1,-0.0928114), (2,1.00894), (3,15.102), (4,41.6094), (5,66.206), (6,85.5988), (7,108.693), (8,-0.28117), (9,-0.00830548), (10,-0.00111774), (11,-0.00111872),  

Writing: "NeuralEP2DL2mono_reri1_86.chk"
 (0s, XML)
Steps: 8700000  Time: 0.87        
 CPU Time: 10.5661 min.

um_max = 115.879 at x = 0.0147912, y = 1.39553, z = 0
 
(Nodeid,phim): (0,-0.0805744), (1,-0.126413), (2,0.764406), (3,13.0956), (4,39.8668), (5,64.2215), (6,83.6133), (7,107.332), (8,0.504528), (9,-0.0916646), (10,-0.00120476), (11,-0.0011182),  

Writing: "NeuralEP2DL2mono_reri1_87.chk"
 (0s, XML)
Steps: 8800000  Time: 0.88        
 CPU Time: 10.5553 min.

um_max = 117.411 at x = 0.0014684, y = 1.60147, z = 0
 
(Nodeid,phim): (0,-0.109373), (1,-0.155996), (2,0.566618), (3,11.2236), (4,38.1058), (5,62.2539), (6,81.6135), (7,105.867), (8,1.47119), (9,-0.134464), (10,-0.00125019), (11,-0.00111768),  

Writing: "NeuralEP2DL2mono_reri1_88.chk"
 (0s, XML)
Steps: 8900000  Time: 0.89        
 CPU Time: 10.5629 min.

um_max = 118.683 at x = 0, y = 1.60294, z = 0
 
(Nodeid,phim): (0,-0.135418), (1,-0.182372), (2,0.40669), (3,9.51166), (4,36.3145), (5,60.3061), (6,79.6027), (7,104.333), (8,2.18826), (9,-0.0164765), (10,-0.00112821), (11,-0.00111712),  

Writing: "NeuralEP2DL2mono_reri1_89.chk"
 (0s, XML)
Steps: 9000000  Time: 0.9         
 CPU Time: 10.5428 min.

um_max = 118.018 at x = 0.0014684, y = 1.60406, z = 0
 
(Nodeid,phim): (0,-0.159217), (1,-0.206158), (2,0.277204), (3,7.97586), (4,34.4812), (5,58.381), (6,77.584), (7,102.733), (8,4.58495), (9,0.238626), (10,-0.000858918), (11,-0.00111654),  

Writing: "NeuralEP2DL2mono_reri1_90.chk"
 (0s, XML)
Steps: 9100000  Time: 0.91        
 CPU Time: 10.5331 min.

um_max = 118.528 at x = 0.0044673, y = 1.60635, z = 0
 
(Nodeid,phim): (0,-0.181159), (1,-0.227831), (2,0.172047), (3,6.62222), (4,32.5953), (5,56.4808), (6,75.5604), (7,101.066), (8,11.8755), (9,0.340856), (10,-0.000748691), (11,-0.001116),  

Writing: "NeuralEP2DL2mono_reri1_91.chk"
 (0s, XML)
Steps: 9200000  Time: 0.92        
 CPU Time: 10.5409 min.

um_max = 117.71 at x = 0, y = 1.60893, z = 0
 
(Nodeid,phim): (0,-0.201541), (1,-0.247751), (2,0.0862344), (3,5.44799), (4,30.6488), (5,54.607), (6,73.535), (7,99.3449), (8,24.415), (9,0.267228), (10,-0.000824991), (11,-0.00111551),  

Writing: "NeuralEP2DL2mono_reri1_92.chk"
 (0s, XML)
Steps: 9300000  Time: 0.93        
 CPU Time: 10.5413 min.

um_max = 119.491 at x = 0, y = 1.60893, z = 0
 
(Nodeid,phim): (0,-0.22059), (1,-0.266197), (2,0.0157438), (3,4.44362), (4,28.6372), (5,52.7604), (6,71.5111), (7,97.5766), (8,40.3428), (9,0.642405), (10,-0.000442033), (11,-0.00111493),  

Writing: "NeuralEP2DL2mono_reri1_93.chk"
 (0s, XML)
Steps: 9400000  Time: 0.94        
 CPU Time: 10.5425 min.

um_max = 116.585 at x = 0.0169673, y = 1.61123, z = 0
 
(Nodeid,phim): (0,-0.23848), (1,-0.283381), (2,-0.0426442), (3,3.59498), (4,26.5611), (5,50.9409), (6,69.4918), (7,95.7617), (8,59.0117), (9,2.47072), (10,0.00146504), (11,-0.00111398),  

Writing: "NeuralEP2DL2mono_reri1_94.chk"
 (0s, XML)
Steps: 9500000  Time: 0.95        
 CPU Time: 10.5376 min.

um_max = 118.097 at x = 0, y = 1.61607, z = 0
 
(Nodeid,phim): (0,-0.255344), (1,-0.299466), (2,-0.0914865), (3,2.88541), (4,24.4279), (5,49.147), (6,67.4807), (7,93.9093), (8,76.4693), (9,5.61793), (10,0.00475775), (11,-0.00111271),  

Writing: "NeuralEP2DL2mono_reri1_95.chk"
 (0s, XML)
Steps: 9600000  Time: 0.96        
 CPU Time: 10.5268 min.

um_max = 119.615 at x = 0, y = 1.61607, z = 0
 
(Nodeid,phim): (0,-0.271287), (1,-0.314577), (2,-0.1328), (3,2.29734), (4,22.2524), (5,47.3759), (6,65.4811), (7,92.0255), (8,93.22), (9,11.52), (10,0.0109161), (11,-0.00111076),  

Writing: "NeuralEP2DL2mono_reri1_96.chk"
 (0s, XML)
Steps: 9700000  Time: 0.97        
 CPU Time: 10.5382 min.

um_max = 117.791 at x = 0, y = 1.61607, z = 0
 
(Nodeid,phim): (0,-0.286388), (1,-0.328811), (2,-0.168167), (3,1.81356), (4,20.0585), (5,45.6233), (6,63.4966), (7,90.1125), (8,105.683), (9,19.7584), (10,0.0190042), (11,-0.00110834),  

Writing: "NeuralEP2DL2mono_reri1_97.chk"
 (0s, XML)
Steps: 9800000  Time: 0.98        
 CPU Time: 10.5527 min.

um_max = 116.255 at x = 0.025, y = 1.61607, z = 0
 
(Nodeid,phim): (0,-0.300711), (1,-0.342245), (2,-0.198822), (3,1.41797), (4,17.8777), (5,43.8833), (6,61.5305), (7,88.1733), (8,111.847), (9,32.0167), (10,0.0246661), (11,-0.00110649),  

Writing: "NeuralEP2DL2mono_reri1_98.chk"
 (0s, XML)
Steps: 9900000  Time: 0.99        
 CPU Time: 10.5439 min.

um_max = 116.072 at x = 0.0205327, y = 1.62053, z = 0
 
(Nodeid,phim): (0,-0.314308), (1,-0.354939), (2,-0.225724), (3,1.09603), (4,15.7472), (5,42.1484), (6,59.5862), (7,86.2117), (8,114.486), (9,47.0259), (10,0.00916339), (11,-0.00110966),  

Writing: "NeuralEP2DL2mono_reri1_99.chk"
 (0s, XML)
Steps: 10000000 Time: 1           
 CPU Time: 10.5398 min.

um_max = 115.973 at x = 0.0102088, y = 1.62053, z = 0
 
(Nodeid,phim): (0,-0.327218), (1,-0.366942), (2,-0.249614), (3,0.834956), (4,13.7057), (5,40.4092), (6,57.6665), (7,84.2313), (8,114.988), (9,60.3992), (10,-0.0659684), (11,-0.00112722),  

Writing: "NeuralEP2DL2mono_reri1_100.chk"
 (0s, XML)
Steps: 10100000 Time: 1.01        
 CPU Time: 10.5366 min.

um_max = 116.272 at x = 0.0014684, y = 1.82647, z = 0
 
(Nodeid,phim): (0,-0.339476), (1,-0.378292), (2,-0.271066), (3,0.623702), (4,11.7888), (5,38.6551), (6,55.7737), (7,82.2356), (8,114.619), (9,72.8553), (10,-0.130668), (11,-0.00114252),  

Writing: "NeuralEP2DL2mono_reri1_101.chk"
 (0s, XML)
Steps: 10200000 Time: 1.02        
 CPU Time: 10.5584 min.

um_max = 118.237 at x = 0, y = 1.82794, z = 0
 
(Nodeid,phim): (0,-0.351111), (1,-0.389021), (2,-0.29052), (3,0.452896), (4,10.025), (5,36.8745), (6,53.9096), (7,80.2279), (8,113.978), (9,85.7429), (10,-0.0804988), (11,-0.00113049),  

Writing: "NeuralEP2DL2mono_reri1_102.chk"
 (0s, XML)
Steps: 10300000 Time: 1.03        
 CPU Time: 10.5437 min.

um_max = 117.632 at x = 0, y = 1.82794, z = 0
 
(Nodeid,phim): (0,-0.362146), (1,-0.399159), (2,-0.308314), (3,0.314684), (4,8.43342), (5,35.0555), (6,52.0749), (7,78.2113), (8,113.177), (9,99.1099), (10,0.168638), (11,-0.00107021),  

Writing: "NeuralEP2DL2mono_reri1_103.chk"
 (0s, XML)
Steps: 10400000 Time: 1.04        
 CPU Time: 10.5435 min.

um_max = 118.756 at x = 0.0014684, y = 1.82906, z = 0
 
(Nodeid,phim): (0,-0.372604), (1,-0.408727), (2,-0.32471), (3,0.202565), (4,7.02316), (5,33.1869), (6,50.2693), (7,76.1888), (8,112.168), (9,108.123), (10,0.330241), (11,-0.00103035),  

Writing: "NeuralEP2DL2mono_reri1_104.chk"
 (0s, XML)
Steps: 10500000 Time: 1.05        
 CPU Time: 10.5345 min.

um_max = 117.899 at x = 0.0205327, y = 1.83135, z = 0
 
(Nodeid,phim): (0,-0.382503), (1,-0.417747), (2,-0.339907), (3,0.111225), (4,5.79398), (5,31.2599), (6,48.4912), (7,74.1637), (8,111.013), (9,113.146), (10,0.294806), (11,-0.00103802),  

Writing: "NeuralEP2DL2mono_reri1_105.chk"
 (0s, XML)
Steps: 10600000 Time: 1.06        
 CPU Time: 10.5457 min.

um_max = 119.73 at x = 0, y = 1.83393, z = 0
 
(Nodeid,phim): (0,-0.39186), (1,-0.426238), (2,-0.354059), (3,0.0363614), (4,4.73823), (5,29.2687), (6,46.7374), (7,72.1389), (8,109.777), (9,114.682), (10,0.397317), (11,-0.00101457),  

Writing: "NeuralEP2DL2mono_reri1_106.chk"
 (0s, XML)
Steps: 10700000 Time: 1.07        
 CPU Time: 10.5464 min.

um_max = 117.106 at x = 0.025, y = 1.83393, z = 0
 
(Nodeid,phim): (0,-0.400693), (1,-0.434217), (2,-0.367288), (3,-0.0254792), (4,3.84295), (5,27.2123), (6,45.0034), (7,70.1179), (8,108.418), (9,114.232), (10,1.75155), (11,-0.000691685),  

Writing: "NeuralEP2DL2mono_reri1_107.chk"
 (0s, XML)
Steps: 10800000 Time: 1.08        
 CPU Time: 10.5463 min.

um_max = 116.765 at x = 0.0014684, y = 1.84065, z = 0
 
(Nodeid,phim): (0,-0.409017), (1,-0.4417), (2,-0.379685), (3,-0.0770446), (4,3.09207), (5,25.0956), (6,43.2827), (7,68.1039), (8,106.968), (9,113.544), (10,4.46773), (11,-3.95272e-05),  

Writing: "NeuralEP2DL2mono_reri1_108.chk"
 (0s, XML)
Steps: 10900000 Time: 1.09        
 CPU Time: 10.5448 min.

um_max = 119.813 at x = 0, y = 1.84107, z = 0
 
(Nodeid,phim): (0,-0.416845), (1,-0.448702), (2,-0.391324), (3,-0.120507), (4,2.46816), (5,22.9311), (6,41.5673), (7,66.1003), (8,105.468), (9,112.785), (10,9.29087), (11,0.00111481),  

Writing: "NeuralEP2DL2mono_reri1_109.chk"
 (0s, XML)
Steps: 11000000 Time: 1.1         
 CPU Time: 10.5477 min.

um_max = 118.37 at x = 0, y = 1.84107, z = 0
 
(Nodeid,phim): (0,-0.424192), (1,-0.455237), (2,-0.402264), (3,-0.157573), (4,1.9538), (5,20.7399), (6,39.8472), (7,64.1108), (8,103.911), (9,111.603), (10,17.0383), (11,0.00293673),  

Writing: "NeuralEP2DL2mono_reri1_110.chk"
 (0s, XML)
Steps: 11100000 Time: 1.11        
 CPU Time: 10.548 min.

um_max = 116.687 at x = 0.025, y = 1.84107, z = 0
 
(Nodeid,phim): (0,-0.431072), (1,-0.461319), (2,-0.41255), (3,-0.189577), (4,1.53246), (5,18.5512), (6,38.1102), (7,62.1386), (8,102.287), (9,110.534), (10,27.4491), (11,0.0045654),  

Writing: "NeuralEP2DL2mono_reri1_111.chk"
 (0s, XML)
Steps: 11200000 Time: 1.12        
 CPU Time: 10.5424 min.

um_max = 116.154 at x = 0.0205327, y = 1.84553, z = 0
 
(Nodeid,phim): (0,-0.437497), (1,-0.466961), (2,-0.422222), (3,-0.217556), (4,1.18911), (5,16.401), (6,36.3426), (7,60.1872), (8,100.601), (9,109.455), (10,42.7834), (11,0.00355368),  

Writing: "NeuralEP2DL2mono_reri1_112.chk"
 (0s, XML)
Steps: 11300000 Time: 1.13        
 CPU Time: 10.5435 min.

um_max = 116.038 at x = 0.0147912, y = 1.84553, z = 0
 
(Nodeid,phim): (0,-0.443481), (1,-0.472177), (2,-0.431311), (3,-0.242315), (4,0.910395), (5,14.3278), (6,34.5293), (7,58.2596), (8,98.8605), (9,108.194), (10,56.0227), (11,-0.00967775),  

Writing: "NeuralEP2DL2mono_reri1_113.chk"
 (0s, XML)
Steps: 11400000 Time: 1.14        
 CPU Time: 10.5423 min.

um_max = 115.889 at x = 0.0156466, y = 1.84853, z = 0
 
(Nodeid,phim): (0,-0.449036), (1,-0.476978), (2,-0.439843), (3,-0.264472), (4,0.68475), (5,12.3688), (6,32.6547), (7,56.3582), (8,97.0723), (9,106.786), (10,69.4294), (11,-0.0277028),  

Writing: "NeuralEP2DL2mono_reri1_114.chk"
 (0s, XML)
Steps: 11500000 Time: 1.15        
 CPU Time: 10.4887 min.

um_max = 117.926 at x = 0.0014684, y = 2.05147, z = 0
 
(Nodeid,phim): (0,-0.454174), (1,-0.481379), (2,-0.447843), (3,-0.284507), (4,0.502292), (5,10.555), (6,30.7055), (7,54.4851), (8,95.2425), (9,105.293), (10,81.1791), (11,-0.0280116),  

Writing: "NeuralEP2DL2mono_reri1_115.chk"
 (0s, XML)
Steps: 11600000 Time: 1.16        
 CPU Time: 10.4986 min.

um_max = 118.363 at x = 0.025, y = 2.05294, z = 0
 
(Nodeid,phim): (0,-0.458909), (1,-0.485389), (2,-0.45533), (3,-0.302786), (4,0.354714), (5,8.90849), (6,28.673), (7,52.6413), (8,93.3761), (9,103.735), (10,95.4863), (11,0.0187118),  

Writing: "NeuralEP2DL2mono_reri1_116.chk"
 (0s, XML)
Steps: 11700000 Time: 1.17        
 CPU Time: 10.4888 min.

um_max = 118.712 at x = 0.0235316, y = 2.05406, z = 0
 
(Nodeid,phim): (0,-0.463251), (1,-0.489023), (2,-0.462324), (3,-0.319593), (4,0.235112), (5,7.44157), (6,26.5569), (7,50.8268), (8,91.4774), (9,102.108), (10,105.738), (11,0.0679672),  

Writing: "NeuralEP2DL2mono_reri1_117.chk"
 (0s, XML)
Steps: 11800000 Time: 1.18        
 CPU Time: 10.4966 min.

um_max = 118.515 at x = 0.0044673, y = 2.05635, z = 0
 
(Nodeid,phim): (0,-0.467213), (1,-0.492291), (2,-0.46884), (3,-0.335145), (4,0.137822), (5,6.1567), (6,24.367), (7,49.0403), (8,89.5505), (9,100.419), (10,112.007), (11,0.073746),  

Writing: "NeuralEP2DL2mono_reri1_118.chk"
 (0s, XML)
Steps: 11900000 Time: 1.19        
 CPU Time: 10.4872 min.

um_max = 119.258 at x = 0.025, y = 2.05893, z = 0
 
(Nodeid,phim): (0,-0.470806), (1,-0.495205), (2,-0.474895), (3,-0.349609), (4,0.058246), (5,5.04829), (6,22.1246), (7,47.2794), (8,87.5995), (9,98.68), (10,114.497), (11,0.0646951),  

Writing: "NeuralEP2DL2mono_reri1_119.chk"
 (0s, XML)
Steps: 12000000 Time: 1.2         
 CPU Time: 10.4965 min.

um_max = 118.397 at x = 0, y = 2.05893, z = 0
 
(Nodeid,phim): (0,-0.474042), (1,-0.497776), (2,-0.480504), (3,-0.363115), (4,-0.00731701), (5,4.10481), (6,19.8606), (7,45.5399), (8,85.6278), (9,96.8935), (10,114.474), (11,0.264526),  

Writing: "NeuralEP2DL2mono_reri1_120.chk"
 (0s, XML)
Steps: 12100000 Time: 1.21        
 CPU Time: 10.5009 min.

um_max = 116.351 at x = 0.0080327, y = 2.06123, z = 0
 
(Nodeid,phim): (0,-0.476933), (1,-0.500016), (2,-0.48568), (3,-0.375763), (4,-0.0618188), (5,3.31094), (6,17.6132), (7,43.8159), (8,83.6388), (9,95.0632), (10,113.719), (11,0.799939),  

Writing: "NeuralEP2DL2mono_reri1_121.chk"
 (0s, XML)
Steps: 12200000 Time: 1.22        
 CPU Time: 10.4925 min.

um_max = 119.462 at x = 0.025, y = 2.06607, z = 0
 
(Nodeid,phim): (0,-0.479489), (1,-0.501936), (2,-0.490437), (3,-0.387632), (4,-0.107598), (5,2.6495), (6,15.4243), (7,42.0998), (8,81.6358), (9,93.1985), (10,113.088), (11,1.69663),  

Writing: "NeuralEP2DL2mono_reri1_122.chk"
 (0s, XML)
Steps: 12300000 Time: 1.23        
 CPU Time: 10.4947 min.

um_max = 118.977 at x = 0.025, y = 2.06607, z = 0
 
(Nodeid,phim): (0,-0.481721), (1,-0.503546), (2,-0.494788), (3,-0.398784), (4,-0.146495), (5,2.10295), (6,13.3361), (7,40.3823), (8,79.6219), (9,91.3034), (10,111.968), (11,3.32531),  

Writing: "NeuralEP2DL2mono_reri1_123.chk"
 (0s, XML)
Steps: 12400000 Time: 1.24        
 CPU Time: 10.5039 min.

um_max = 117.155 at x = 0.025, y = 2.06607, z = 0
 
(Nodeid,phim): (0,-0.483641), (1,-0.504858), (2,-0.498746), (3,-0.40927), (4,-0.17995), (5,1.65442), (6,11.3865), (7,38.652), (8,77.6001), (9,89.38), (10,110.855), (11,5.50942),  

Writing: "NeuralEP2DL2mono_reri1_124.chk"
 (0s, XML)
Steps: 12500000 Time: 1.25        
 CPU Time: 10.5363 min.

um_max = 116.205 at x = 0.0205327, y = 2.07053, z = 0
 
(Nodeid,phim): (0,-0.48526), (1,-0.505882), (2,-0.502323), (3,-0.419131), (4,-0.209087), (5,1.28837), (6,9.6059), (7,36.8955), (8,75.5733), (9,87.4319), (10,109.806), (11,9.44141),  

Writing: "NeuralEP2DL2mono_reri1_125.chk"
 (0s, XML)
Steps: 12600000 Time: 1.26        
 CPU Time: 10.5499 min.

um_max = 116.07 at x = 0.0147912, y = 2.07053, z = 0
 
(Nodeid,phim): (0,-0.486586), (1,-0.506628), (2,-0.505531), (3,-0.428398), (4,-0.234774), (5,0.990905), (6,8.0138), (7,35.098), (8,73.5446), (9,85.4627), (10,108.604), (11,14.5144),  

Writing: "NeuralEP2DL2mono_reri1_126.chk"
 (0s, XML)
Steps: 12700000 Time: 1.27        
 CPU Time: 10.5383 min.

um_max = 115.878 at x = 0.00935344, y = 2.07353, z = 0
 
(Nodeid,phim): (0,-0.487632), (1,-0.507106), (2,-0.508382), (3,-0.437102), (4,-0.257685), (5,0.749916), (6,6.61784), (7,33.2441), (8,71.5172), (9,83.4761), (10,107.234), (11,21.1245),  

Writing: "NeuralEP2DL2mono_reri1_127.chk"
 (0s, XML)
Steps: 12800000 Time: 1.28        
 CPU Time: 10.5368 min.

um_max = 117.538 at x = 0.0014684, y = 2.27647, z = 0
 
(Nodeid,phim): (0,-0.488407), (1,-0.507327), (2,-0.510888), (3,-0.445266), (4,-0.278338), (5,0.555009), (6,5.41482), (7,31.3192), (8,69.4943), (9,81.4755), (10,105.764), (11,27.8129),  

Writing: "NeuralEP2DL2mono_reri1_128.chk"
 (0s, XML)
Steps: 12900000 Time: 1.29        
 CPU Time: 10.5411 min.

um_max = 118.679 at x = 0.025, y = 2.27794, z = 0
 
(Nodeid,phim): (0,-0.488921), (1,-0.5073), (2,-0.51306), (3,-0.452912), (4,-0.297132), (5,0.3974), (6,4.39329), (7,29.3131), (8,67.4792), (9,79.4641), (10,104.225), (11,38.8627),  

Writing: "NeuralEP2DL2mono_reri1_129.chk"
 (0s, XML)
Steps: 13000000 Time: 1.3         
 CPU Time: 10.5504 min.

um_max = 118.068 at x = 0.0235316, y = 2.27906, z = 0
 
(Nodeid,phim): (0,-0.489184), (1,-0.507034), (2,-0.514909), (3,-0.460058), (4,-0.314373), (5,0.269771), (6,3.53651), (7,27.2224), (8,65.4755), (9,77.4449), (10,102.62), (11,53.0503),  

Writing: "NeuralEP2DL2mono_reri1_130.chk"
 (0s, XML)
Steps: 13100000 Time: 1.31        
 CPU Time: 10.5563 min.

um_max = 118.503 at x = 0.0044673, y = 2.28135, z = 0
 
(Nodeid,phim): (0,-0.489205), (1,-0.50654), (2,-0.516446), (3,-0.466722), (4,-0.330298), (5,0.16609), (6,2.82515), (7,25.0537), (8,63.4869), (9,75.4211), (10,100.949), (11,66.9432),  

Writing: "NeuralEP2DL2mono_reri1_131.chk"
 (0s, XML)
Steps: 13200000 Time: 1.32        
 CPU Time: 10.5493 min.

um_max = 117.799 at x = 0, y = 2.28393, z = 0
 
(Nodeid,phim): (0,-0.488994), (1,-0.505827), (2,-0.517682), (3,-0.472919), (4,-0.345087), (5,0.0814466), (6,2.23939), (7,22.8247), (8,61.5168), (9,73.3957), (10,99.2245), (11,81.9859),  

Writing: "NeuralEP2DL2mono_reri1_132.chk"
 (0s, XML)
Steps: 13300000 Time: 1.33        
 CPU Time: 10.5483 min.

um_max = 119.329 at x = 0, y = 2.28393, z = 0
 
(Nodeid,phim): (0,-0.488561), (1,-0.504902), (2,-0.518628), (3,-0.478666), (4,-0.358881), (5,0.0118784), (6,1.76029), (7,20.5636), (8,59.5688), (9,71.372), (10,97.4532), (11,93.4829),  

Writing: "NeuralEP2DL2mono_reri1_133.chk"
 (0s, XML)
Steps: 13400000 Time: 1.34        
 CPU Time: 10.5473 min.

um_max = 116.499 at x = 0.0169673, y = 2.28623, z = 0
 
(Nodeid,phim): (0,-0.487913), (1,-0.503776), (2,-0.519294), (3,-0.483976), (4,-0.371789), (5,-0.0457838), (6,1.37054), (7,18.3067), (8,57.646), (9,69.3532), (10,95.6358), (11,103.334),  

Writing: "NeuralEP2DL2mono_reri1_134.chk"
 (0s, XML)
Steps: 13500000 Time: 1.35        
 CPU Time: 10.5623 min.

um_max = 116.345 at x = 0.0139684, y = 2.28603, z = 0
 
(Nodeid,phim): (0,-0.48706), (1,-0.502457), (2,-0.51969), (3,-0.488863), (4,-0.383896), (5,-0.0940556), (6,1.05482), (7,16.0951), (8,55.7509), (9,67.3427), (10,93.7824), (11,110.651),  

Writing: "NeuralEP2DL2mono_reri1_135.chk"
 (0s, XML)
Steps: 13600000 Time: 1.36        
 CPU Time: 10.5593 min.

um_max = 116.307 at x = 0.0205327, y = 2.28979, z = 0
 
(Nodeid,phim): (0,-0.486011), (1,-0.500952), (2,-0.519826), (3,-0.49334), (4,-0.395268), (5,-0.134921), (6,0.799848), (7,13.9712), (8,53.8857), (9,65.3441), (10,91.8968), (11,113.761),  

Writing: "NeuralEP2DL2mono_reri1_136.chk"
 (0s, XML)
Steps: 13700000 Time: 1.37        
 CPU Time: 10.5358 min.

um_max = 115.999 at x = 0.0112258, y = 2.29197, z = 0
 
(Nodeid,phim): (0,-0.484774), (1,-0.499272), (2,-0.519713), (3,-0.49742), (4,-0.405959), (5,-0.169935), (6,0.594281), (7,11.9749), (8,52.0513), (9,63.3607), (10,89.981), (11,114.169),  

Writing: "NeuralEP2DL2mono_reri1_137.chk"
 (0s, XML)
Steps: 13800000 Time: 1.38        
 CPU Time: 10.5347 min.

um_max = 116.022 at x = 0.0112258, y = 2.29197, z = 0
 
(Nodeid,phim): (0,-0.483356), (1,-0.497422), (2,-0.51936), (3,-0.501115), (4,-0.416012), (5,-0.200311), (6,0.428595), (7,10.1393), (8,50.2476), (9,61.3961), (10,88.0395), (11,113.768),  

Writing: "NeuralEP2DL2mono_reri1_138.chk"
 (0s, XML)
Steps: 13900000 Time: 1.39        
 CPU Time: 10.5325 min.

um_max = 116.051 at x = 0, y = 2.3, z = 0
 
(Nodeid,phim): (0,-0.481767), (1,-0.495412), (2,-0.518776), (3,-0.504437), (4,-0.425464), (5,-0.226992), (6,0.294876), (7,8.4873), (8,48.4732), (9,59.4533), (10,86.0761), (11,113.027),  

Writing: "NeuralEP2DL2mono_reri1_139.chk"
 (0s, XML)
Steps: 14000000 Time: 1.4         
 CPU Time: 10.5485 min.

um_max = 116.077 at x = 0.00935344, y = 2.29853, z = 0
 
(Nodeid,phim): (0,-0.480014), (1,-0.493249), (2,-0.51797), (3,-0.507399), (4,-0.434342), (5,-0.250706), (6,0.186625), (7,7.03033), (8,46.7253), (9,57.5354), (10,84.0945), (11,112.084),  

Writing: "NeuralEP2DL2mono_reri1_140.chk"
 (0s, XML)
Steps: 14100000 Time: 1.41        
 CPU Time: 10.5318 min.

um_max = 115.97 at x = 0.00893461, y = 2.3, z = 0
 
(Nodeid,phim): (0,-0.478105), (1,-0.490939), (2,-0.516953), (3,-0.510012), (4,-0.442674), (5,-0.272015), (6,0.0985611), (7,5.76832), (8,44.9996), (9,55.6446), (10,82.0978), (11,110.993),  

Writing: "NeuralEP2DL2mono_reri1_141.chk"
 (0s, XML)
Steps: 14200000 Time: 1.42        
 CPU Time: 10.5332 min.

um_max = 115.529 at x = 0.00893461, y = 2.3, z = 0
 
(Nodeid,phim): (0,-0.476046), (1,-0.488492), (2,-0.515732), (3,-0.512287), (4,-0.450481), (5,-0.291352), (6,0.026432), (7,4.69205), (8,43.2899), (9,53.7825), (10,80.0894), (11,109.786),  

Writing: "NeuralEP2DL2mono_reri1_142.chk"
 (0s, XML)
Steps: 14300000 Time: 1.43        
 CPU Time: 10.531 min.

um_max = 114.853 at x = 0.00893461, y = 2.3, z = 0
 
(Nodeid,phim): (0,-0.473846), (1,-0.485912), (2,-0.514316), (3,-0.514236), (4,-0.457783), (5,-0.30905), (6,-0.0331544), (7,3.78612), (8,41.5882), (9,51.9499), (10,78.0723), (11,108.478),  

Writing: "NeuralEP2DL2mono_reri1_143.chk"
 (0s, XML)
Steps: 14400000 Time: 1.44        
 CPU Time: 10.5343 min.

um_max = 114.003 at x = 0.00893461, y = 2.3, z = 0
 
(Nodeid,phim): (0,-0.471511), (1,-0.483209), (2,-0.512714), (3,-0.51587), (4,-0.464597), (5,-0.325364), (6,-0.0828832), (7,3.03175), (8,39.8843), (9,50.1462), (10,76.0496), (11,107.081),  

Writing: "NeuralEP2DL2mono_reri1_144.chk"
 (0s, XML)
Steps: 14500000 Time: 1.45        
 CPU Time: 10.5359 min.

um_max = 113.012 at x = 0.00893461, y = 2.3, z = 0
 
(Nodeid,phim): (0,-0.469048), (1,-0.480386), (2,-0.510934), (3,-0.5172), (4,-0.470941), (5,-0.340492), (6,-0.124865), (7,2.40909), (8,38.1661), (9,48.3698), (10,74.0243), (11,105.605),  

Writing: "NeuralEP2DL2mono_reri1_145.chk"
 (0s, XML)
Steps: 14600000 Time: 1.46        
 CPU Time: 10.5401 min.

um_max = 111.902 at x = 0.0160654, y = 2.3, z = 0
 
(Nodeid,phim): (0,-0.466463), (1,-0.477453), (2,-0.508984), (3,-0.518235), (4,-0.476828), (5,-0.354585), (6,-0.16075), (7,1.89881), (8,36.4192), (9,46.6176), (10,71.9997), (11,104.057),  

Writing: "NeuralEP2DL2mono_reri1_146.chk"
 (0s, XML)
Steps: 14700000 Time: 1.47        
 CPU Time: 10.5433 min.

um_max = 110.687 at x = 0.00893461, y = 2.3, z = 0
 
(Nodeid,phim): (0,-0.463764), (1,-0.474414), (2,-0.506872), (3,-0.518988), (4,-0.482275), (5,-0.36776), (6,-0.191817), (7,1.48306), (8,34.6276), (9,44.8847), (10,69.9791), (11,102.444),  

Writing: "NeuralEP2DL2mono_reri1_147.chk"
 (0s, XML)
Steps: 14800000 Time: 1.48        
 CPU Time: 10.5474 min.

um_max = 109.376 at x = 0.00893461, y = 2.3, z = 0
 
(Nodeid,phim): (0,-0.460957), (1,-0.471275), (2,-0.504606), (3,-0.519468), (4,-0.487294), (5,-0.38011), (6,-0.21906), (7,1.14588), (8,32.7745), (9,43.1648), (10,67.9657), (11,100.773),  

Writing: "NeuralEP2DL2mono_reri1_148.chk"
 (0s, XML)
Steps: 14900000 Time: 1.49        
 CPU Time: 10.5491 min.

um_max = 107.98 at x = 0.00893461, y = 2.3, z = 0
 
(Nodeid,phim): (0,-0.458046), (1,-0.468043), (2,-0.502192), (3,-0.519685), (4,-0.491899), (5,-0.391706), (6,-0.243242), (7,0.873345), (8,30.8438), (9,41.4494), (10,65.963), (11,99.0483),  

Writing: "NeuralEP2DL2mono_reri1_149.chk"
 (0s, XML)
Steps: 15000000 Time: 1.5         
 CPU Time: 10.5396 min.

um_max = 106.505 at x = 0.00893461, y = 2.3, z = 0
 
(Nodeid,phim): (0,-0.45504), (1,-0.464723), (2,-0.49964), (3,-0.51965), (4,-0.496103), (5,-0.402606), (6,-0.264951), (7,0.653538), (8,28.8223), (9,39.7285), (10,63.9745), (11,97.276),  

Writing: "NeuralEP2DL2mono_reri1_150.chk"
 (0s, XML)
Steps: 15100000 Time: 1.51        
 CPU Time: 10.5403 min.

um_max = 104.958 at x = 0.00893461, y = 2.3, z = 0
 
(Nodeid,phim): (0,-0.451942), (1,-0.461321), (2,-0.496955), (3,-0.519371), (4,-0.499919), (5,-0.412855), (6,-0.284639), (7,0.476388), (8,26.7042), (9,37.9899), (10,62.0037), (11,95.4611),  

Writing: "NeuralEP2DL2mono_reri1_151.chk"
 (0s, XML)
Steps: 15200000 Time: 1.52        
 CPU Time: 10.5387 min.

um_max = 103.345 at x = 0.00893461, y = 2.3, z = 0
 
(Nodeid,phim): (0,-0.448759), (1,-0.457843), (2,-0.494144), (3,-0.518859), (4,-0.503358), (5,-0.422492), (6,-0.30265), (7,0.333501), (8,24.4947), (9,36.2197), (10,60.0538), (11,93.6082),  

Writing: "NeuralEP2DL2mono_reri1_152.chk"
 (0s, XML)
Steps: 15300000 Time: 1.53        
 CPU Time: 10.5299 min.

um_max = 101.673 at x = 0.00893461, y = 2.3, z = 0
 
(Nodeid,phim): (0,-0.445496), (1,-0.454292), (2,-0.491214), (3,-0.518122), (4,-0.506432), (5,-0.431548), (6,-0.31925), (7,0.21796), (8,22.2134), (9,34.4026), (10,58.1279), (11,91.722),  

Writing: "NeuralEP2DL2mono_reri1_153.chk"
 (0s, XML)
Steps: 15400000 Time: 1.54        
 CPU Time: 10.5346 min.

um_max = 99.9467 at x = 0.0160654, y = 2.3, z = 0
 
(Nodeid,phim): (0,-0.442158), (1,-0.450674), (2,-0.488172), (3,-0.51717), (4,-0.509154), (5,-0.44005), (6,-0.334643), (7,0.124126), (8,19.8941), (9,32.5233), (10,56.2284), (11,89.8065),  

Writing: "NeuralEP2DL2mono_reri1_154.chk"
 (0s, XML)
Steps: 15500000 Time: 1.55        
 CPU Time: 10.5341 min.

um_max = 98.1719 at x = 0.0160654, y = 2.3, z = 0
 
(Nodeid,phim): (0,-0.43875), (1,-0.446995), (2,-0.485024), (3,-0.516013), (4,-0.511535), (5,-0.44802), (6,-0.348985), (7,0.0474482), (8,17.5828), (9,30.5686), (10,54.3573), (11,87.8659),  

Writing: "NeuralEP2DL2mono_reri1_155.chk"
 (0s, XML)
Steps: 15600000 Time: 1.56        
 CPU Time: 10.5376 min.

um_max = 96.3536 at x = 0.00893461, y = 2.3, z = 0
 
(Nodeid,phim): (0,-0.435277), (1,-0.443258), (2,-0.481776), (3,-0.514657), (4,-0.513586), (5,-0.455478), (6,-0.362397), (7,-0.0157165), (8,15.3321), (9,28.5303), (10,52.5155), (11,85.9037),  

Writing: "NeuralEP2DL2mono_reri1_156.chk"
 (0s, XML)
Steps: 15700000 Time: 1.57        
 CPU Time: 10.5484 min.

um_max = 94.4968 at x = 0.0160654, y = 2.3, z = 0
 
(Nodeid,phim): (0,-0.431744), (1,-0.439469), (2,-0.478433), (3,-0.513113), (4,-0.515319), (5,-0.462444), (6,-0.374973), (7,-0.0682574), (8,13.1936), (9,26.4087), (10,50.703), (11,83.9236),  

Writing: "NeuralEP2DL2mono_reri1_157.chk"
 (0s, XML)
Steps: 15800000 Time: 1.58        
 CPU Time: 10.5431 min.

um_max = 92.6059 at x = 0.00893461, y = 2.3, z = 0
 
(Nodeid,phim): (0,-0.428155), (1,-0.435631), (2,-0.475003), (3,-0.511389), (4,-0.516744), (5,-0.468934), (6,-0.386787), (7,-0.112451), (8,11.2116), (9,24.2145), (10,48.9184), (11,81.9288),  

Writing: "NeuralEP2DL2mono_reri1_158.chk"
 (0s, XML)
Steps: 15900000 Time: 1.59        
 CPU Time: 10.5651 min.

um_max = 90.6851 at x = 0.00893461, y = 2.3, z = 0
 
(Nodeid,phim): (0,-0.424515), (1,-0.431748), (2,-0.47149), (3,-0.509492), (4,-0.517872), (5,-0.474964), (6,-0.397898), (7,-0.150077), (8,9.41724), (9,21.9695), (10,47.1591), (11,79.9226),  

Writing: "NeuralEP2DL2mono_reri1_159.chk"
 (0s, XML)
Steps: 16000000 Time: 1.6         
 CPU Time: 10.5574 min.

um_max = 88.7384 at x = 0.0160654, y = 2.3, z = 0
 
(Nodeid,phim): (0,-0.420828), (1,-0.427826), (2,-0.4679), (3,-0.507431), (4,-0.518713), (5,-0.480548), (6,-0.408352), (7,-0.182524), (8,7.82691), (9,19.7054), (10,45.4209), (11,77.9082),  

Writing: "NeuralEP2DL2mono_reri1_160.chk"
 (0s, XML)
Steps: 16100000 Time: 1.61        
 CPU Time: 10.4992 min.

um_max = 86.7694 at x = 0.0160654, y = 2.3, z = 0
 
(Nodeid,phim): (0,-0.417097), (1,-0.423867), (2,-0.464237), (3,-0.505213), (4,-0.519278), (5,-0.4857), (6,-0.418187), (7,-0.210865), (8,6.44344), (9,17.4607), (10,43.6977), (11,75.8887),  

Writing: "NeuralEP2DL2mono_reri1_161.chk"
 (0s, XML)
Steps: 16200000 Time: 1.62        
 CPU Time: 10.5035 min.

um_max = 84.7815 at x = 0.0160654, y = 2.3, z = 0
 
(Nodeid,phim): (0,-0.413327), (1,-0.419875), (2,-0.460508), (3,-0.502845), (4,-0.519578), (5,-0.490435), (6,-0.427436), (7,-0.235929), (8,5.25887), (9,15.2774), (10,41.9819), (11,73.8671),  

Writing: "NeuralEP2DL2mono_reri1_162.chk"
 (0s, XML)
Steps: 16300000 Time: 1.63        
 CPU Time: 10.4973 min.

um_max = 82.7779 at x = 0.00893461, y = 2.3, z = 0
 
(Nodeid,phim): (0,-0.409522), (1,-0.415855), (2,-0.456716), (3,-0.500336), (4,-0.519621), (5,-0.494764), (6,-0.436126), (7,-0.258354), (8,4.258), (9,13.1976), (10,40.2639), (11,71.8467),  

Writing: "NeuralEP2DL2mono_reri1_163.chk"
 (0s, XML)
Steps: 16400000 Time: 1.64        
 CPU Time: 10.5294 min.

um_max = 80.7616 at x = 0.0160654, y = 2.3, z = 0
 
(Nodeid,phim): (0,-0.405685), (1,-0.411809), (2,-0.452867), (3,-0.497693), (4,-0.519419), (5,-0.4987), (6,-0.444279), (7,-0.278629), (8,3.42161), (9,11.2588), (10,38.5322), (11,69.8307),  

Writing: "NeuralEP2DL2mono_reri1_164.chk"
 (0s, XML)
Steps: 16500000 Time: 1.65        
 CPU Time: 10.5385 min.

um_max = 78.7355 at x = 0.0160654, y = 2.3, z = 0
 
(Nodeid,phim): (0,-0.401819), (1,-0.40774), (2,-0.448965), (3,-0.494921), (4,-0.518979), (5,-0.502257), (6,-0.451917), (7,-0.297131), (8,2.72909), (9,9.49064), (10,36.7734), (11,67.8223),  

Writing: "NeuralEP2DL2mono_reri1_165.chk"
 (0s, XML)
Steps: 16600000 Time: 1.66        
 CPU Time: 10.5351 min.

um_max = 76.7027 at x = 0.00893461, y = 2.3, z = 0
 
(Nodeid,phim): (0,-0.397928), (1,-0.403653), (2,-0.445015), (3,-0.492029), (4,-0.518313), (5,-0.505445), (6,-0.459057), (7,-0.314147), (8,2.1601), (9,7.91193), (10,34.9726), (11,65.8248),  

Writing: "NeuralEP2DL2mono_reri1_166.chk"
 (0s, XML)
Steps: 16700000 Time: 1.67        
 CPU Time: 10.543 min.

um_max = 74.6659 at x = 0.00893461, y = 2.3, z = 0
 
(Nodeid,phim): (0,-0.394016), (1,-0.39955), (2,-0.441021), (3,-0.489022), (4,-0.517429), (5,-0.508277), (6,-0.465717), (7,-0.329898), (8,1.69566), (9,6.52944), (10,33.1142), (11,63.8416),  

Writing: "NeuralEP2DL2mono_reri1_167.chk"
 (0s, XML)
Steps: 16800000 Time: 1.68        
 CPU Time: 10.5504 min.

um_max = 72.6282 at x = 0.00893461, y = 2.3, z = 0
 
(Nodeid,phim): (0,-0.390085), (1,-0.395433), (2,-0.436986), (3,-0.485907), (4,-0.516336), (5,-0.510764), (6,-0.471912), (7,-0.344553), (8,1.31853), (9,5.33934), (10,31.1841), (11,61.8757),  

Writing: "NeuralEP2DL2mono_reri1_168.chk"
 (0s, XML)
Steps: 16900000 Time: 1.69        
 CPU Time: 10.5393 min.

um_max = 70.5927 at x = 0.0160654, y = 2.3, z = 0
 
(Nodeid,phim): (0,-0.386138), (1,-0.391306), (2,-0.432915), (3,-0.482691), (4,-0.515043), (5,-0.512918), (6,-0.477657), (7,-0.358245), (8,1.01355), (9,4.32971), (10,29.1722), (11,59.9303),  

Writing: "NeuralEP2DL2mono_reri1_169.chk"
 (0s, XML)
Steps: 17000000 Time: 1.7         
 CPU Time: 10.544 min.

um_max = 68.5629 at x = 0.00893461, y = 2.3, z = 0
 
(Nodeid,phim): (0,-0.382178), (1,-0.387172), (2,-0.428812), (3,-0.479378), (4,-0.513558), (5,-0.51475), (6,-0.482966), (7,-0.371073), (8,0.767558), (9,3.48355), (10,27.0758), (11,58.0081),  

Writing: "NeuralEP2DL2mono_reri1_170.chk"
 (0s, XML)
Steps: 17100000 Time: 1.71        
 CPU Time: 10.5529 min.

um_max = 66.5421 at x = 0.00893461, y = 2.3, z = 0
 
(Nodeid,phim): (0,-0.378207), (1,-0.383033), (2,-0.42468), (3,-0.475976), (4,-0.51189), (5,-0.516271), (6,-0.487853), (7,-0.383119), (8,0.569386), (9,2.78144), (10,24.9023), (11,56.1111),  

Writing: "NeuralEP2DL2mono_reri1_171.chk"
 (0s, XML)
Steps: 17200000 Time: 1.72        
 CPU Time: 10.5462 min.

um_max = 64.5342 at x = 0.00893461, y = 2.3, z = 0
 
(Nodeid,phim): (0,-0.37423), (1,-0.378891), (2,-0.420523), (3,-0.472489), (4,-0.510047), (5,-0.517492), (6,-0.49233), (7,-0.394444), (8,0.409686), (9,2.2036), (10,22.6701), (11,54.2411),  

Writing: "NeuralEP2DL2mono_reri1_172.chk"
 (0s, XML)
Steps: 17300000 Time: 1.73        
 CPU Time: 10.5353 min.

um_max = 62.5429 at x = 0.0160654, y = 2.3, z = 0
 
(Nodeid,phim): (0,-0.370247), (1,-0.374749), (2,-0.416344), (3,-0.468923), (4,-0.508037), (5,-0.518422), (6,-0.496411), (7,-0.405099), (8,0.280739), (9,1.73116), (10,20.4081), (11,52.3985),  

Writing: "NeuralEP2DL2mono_reri1_173.chk"
 (0s, XML)
Steps: 17400000 Time: 1.74        
 CPU Time: 10.5511 min.

um_max = 60.572 at x = 0.00893461, y = 2.3, z = 0
 
(Nodeid,phim): (0,-0.366261), (1,-0.370609), (2,-0.412146), (3,-0.465283), (4,-0.505868), (5,-0.519074), (6,-0.500108), (7,-0.415125), (8,0.176241), (9,1.34697), (10,18.1529), (11,50.5832),  

Writing: "NeuralEP2DL2mono_reri1_174.chk"
 (0s, XML)
Steps: 17500000 Time: 1.75        
 CPU Time: 10.5539 min.

um_max = 58.6254 at x = 0.00893461, y = 2.3, z = 0
 
(Nodeid,phim): (0,-0.362275), (1,-0.366473), (2,-0.407932), (3,-0.461575), (4,-0.503548), (5,-0.519456), (6,-0.503432), (7,-0.424555), (8,0.091095), (9,1.03582), (10,15.946), (11,48.7933),  

Writing: "NeuralEP2DL2mono_reri1_175.chk"
 (0s, XML)
Steps: 17600000 Time: 1.76        
 CPU Time: 10.5652 min.

um_max = 56.7063 at x = 0.00893461, y = 2.3, z = 0
 
(Nodeid,phim): (0,-0.35829), (1,-0.362344), (2,-0.403706), (3,-0.457804), (4,-0.501083), (5,-0.519579), (6,-0.506396), (7,-0.433417), (8,0.0212127), (9,0.784573), (10,13.8298), (11,47.026),  

Writing: "NeuralEP2DL2mono_reri1_176.chk"
 (0s, XML)
Steps: 17700000 Time: 1.77        
 CPU Time: 10.5675 min.

um_max = 54.8175 at x = 0.00893461, y = 2.3, z = 0
 
(Nodeid,phim): (0,-0.35431), (1,-0.358223), (2,-0.399471), (3,-0.453973), (4,-0.498482), (5,-0.519454), (6,-0.509012), (7,-0.441736), (8,-0.0366587), (9,0.582026), (10,11.8436), (11,45.2768),  

Writing: "NeuralEP2DL2mono_reri1_177.chk"
 (0s, XML)
Steps: 17800000 Time: 1.78        
 CPU Time: 10.5776 min.

um_max = 52.9608 at x = 0.00893461, y = 2.3, z = 0
 
(Nodeid,phim): (0,-0.350335), (1,-0.354112), (2,-0.395228), (3,-0.450088), (4,-0.495751), (5,-0.519088), (6,-0.51129), (7,-0.449533), (8,-0.0850893), (9,0.418766), (10,10.0199), (11,43.5394),  

Writing: "NeuralEP2DL2mono_reri1_178.chk"
 (0s, XML)
Steps: 17900000 Time: 1.79        
 CPU Time: 10.569 min.

um_max = 51.1368 at x = 0.0160654, y = 2.3, z = 0
 
(Nodeid,phim): (0,-0.346368), (1,-0.350012), (2,-0.390981), (3,-0.446154), (4,-0.492896), (5,-0.518493), (6,-0.513242), (7,-0.456828), (8,-0.126097), (9,0.286984), (10,8.38115), (11,41.8059),  

Writing: "NeuralEP2DL2mono_reri1_179.chk"
 (0s, XML)
Steps: 18000000 Time: 1.8         
 CPU Time: 10.5621 min.

um_max = 49.3452 at x = 0.0160654, y = 2.3, z = 0
 
(Nodeid,phim): (0,-0.34241), (1,-0.345927), (2,-0.386731), (3,-0.442174), (4,-0.489926), (5,-0.517677), (6,-0.51488), (7,-0.463636), (8,-0.161256), (9,0.18027), (10,6.93771), (11,40.0669),  

Writing: "NeuralEP2DL2mono_reri1_180.chk"
 (0s, XML)
Steps: 18100000 Time: 1.81        
 CPU Time: 10.5488 min.

um_max = 47.5836 at x = 0.0160654, y = 2.3, z = 0
 
(Nodeid,phim): (0,-0.338464), (1,-0.341856), (2,-0.382483), (3,-0.438152), (4,-0.486845), (5,-0.516649), (6,-0.516213), (7,-0.469975), (8,-0.191791), (9,0.0934203), (10,5.68885), (11,38.3112),  

Writing: "NeuralEP2DL2mono_reri1_181.chk"
 (0s, XML)
Steps: 18200000 Time: 1.82        
 CPU Time: 10.5644 min.

um_max = 45.8484 at x = 0.0160654, y = 2.3, z = 0
 
(Nodeid,phim): (0,-0.33453), (1,-0.337802), (2,-0.378237), (3,-0.434093), (4,-0.48366), (5,-0.515418), (6,-0.517253), (7,-0.47586), (8,-0.218647), (9,0.0222467), (10,4.62483), (11,36.5272),  

Writing: "NeuralEP2DL2mono_reri1_182.chk"
 (0s, XML)
Steps: 18300000 Time: 1.83        
 CPU Time: 10.5634 min.

um_max = 44.1339 at x = 0.00893461, y = 2.3, z = 0
 
(Nodeid,phim): (0,-0.33061), (1,-0.333767), (2,-0.373996), (3,-0.430001), (4,-0.480378), (5,-0.513993), (6,-0.51801), (7,-0.481305), (8,-0.242553), (9,-0.0365895), (10,3.72994), (11,34.7028),  

Writing: "NeuralEP2DL2mono_reri1_183.chk"
 (0s, XML)
Steps: 18400000 Time: 1.84        
 CPU Time: 10.5593 min.

um_max = 42.433 at x = 0.0160654, y = 2.3, z = 0
 
(Nodeid,phim): (0,-0.326707), (1,-0.32975), (2,-0.369762), (3,-0.425879), (4,-0.477004), (5,-0.512382), (6,-0.518494), (7,-0.486323), (8,-0.26407), (9,-0.0857301), (10,2.98526), (11,32.8269),  

Writing: "NeuralEP2DL2mono_reri1_184.chk"
 (0s, XML)
Steps: 18500000 Time: 1.85        
 CPU Time: 10.5643 min.

um_max = 40.7361 at x = 0.0160654, y = 2.3, z = 0
 
(Nodeid,phim): (0,-0.32282), (1,-0.325755), (2,-0.365537), (3,-0.42173), (4,-0.473544), (5,-0.510594), (6,-0.518716), (7,-0.490927), (8,-0.283628), (9,-0.127251), (10,2.37092), (11,30.8906),  

Writing: "NeuralEP2DL2mono_reri1_185.chk"
 (0s, XML)
Steps: 18600000 Time: 1.86        
 CPU Time: 10.5763 min.

um_max = 39.0318 at x = 0.0160654, y = 2.3, z = 0
 
(Nodeid,phim): (0,-0.318952), (1,-0.321781), (2,-0.361323), (3,-0.417558), (4,-0.470003), (5,-0.508636), (6,-0.518685), (7,-0.495131), (8,-0.301557), (9,-0.162772), (10,1.86769), (11,28.8882),  

Writing: "NeuralEP2DL2mono_reri1_186.chk"
 (0s, XML)
Steps: 18700000 Time: 1.87        
 CPU Time: 10.5606 min.

um_max = 37.3064 at x = 0.00893461, y = 2.3, z = 0
 
(Nodeid,phim): (0,-0.315104), (1,-0.31783), (2,-0.357121), (3,-0.413367), (4,-0.466387), (5,-0.506517), (6,-0.518411), (7,-0.498947), (8,-0.31811), (9,-0.193554), (10,1.45782), (11,26.8188),  

Writing: "NeuralEP2DL2mono_reri1_187.chk"
 (0s, XML)
Steps: 18800000 Time: 1.88        
 CPU Time: 10.5786 min.

um_max = 35.5434 at x = 0.00893461, y = 2.3, z = 0
 
(Nodeid,phim): (0,-0.311277), (1,-0.313904), (2,-0.352934), (3,-0.409159), (4,-0.4627), (5,-0.504244), (6,-0.517904), (7,-0.502387), (8,-0.33348), (9,-0.220569), (10,1.12549), (11,24.6876),  

Writing: "NeuralEP2DL2mono_reri1_188.chk"
 (0s, XML)
Steps: 18900000 Time: 1.89        
 CPU Time: 10.5509 min.

um_max = 33.7237 at x = 0.0160654, y = 2.3, z = 0
 
(Nodeid,phim): (0,-0.307472), (1,-0.310003), (2,-0.348763), (3,-0.404938), (4,-0.458949), (5,-0.501825), (6,-0.517173), (7,-0.505463), (8,-0.347819), (9,-0.244569), (10,0.856938), (11,22.5076),  

Writing: "NeuralEP2DL2mono_reri1_189.chk"
 (0s, XML)
Steps: 19000000 Time: 1.9         
 CPU Time: 10.5749 min.

um_max = 31.825 at x = 0.0160654, y = 2.3, z = 0
 
(Nodeid,phim): (0,-0.303689), (1,-0.306128), (2,-0.34461), (3,-0.400706), (4,-0.455137), (5,-0.499266), (6,-0.516227), (7,-0.508187), (8,-0.361241), (9,-0.266132), (10,0.640357), (11,20.3008),  

Writing: "NeuralEP2DL2mono_reri1_190.chk"
 (0s, XML)
Steps: 19100000 Time: 1.91        
 CPU Time: 10.5609 min.

um_max = 29.8237 at x = 0.0160654, y = 2.3, z = 0
 
(Nodeid,phim): (0,-0.299931), (1,-0.302279), (2,-0.340475), (3,-0.396466), (4,-0.451269), (5,-0.496576), (6,-0.515075), (7,-0.51057), (8,-0.373837), (9,-0.285699), (10,0.465805), (11,18.0972),  

Writing: "NeuralEP2DL2mono_reri1_191.chk"
 (0s, XML)
Steps: 19200000 Time: 1.92        
 CPU Time: 10.5894 min.

um_max = 27.6976 at x = 0.0160654, y = 2.3, z = 0
 
(Nodeid,phim): (0,-0.296198), (1,-0.298459), (2,-0.336361), (3,-0.392221), (4,-0.447351), (5,-0.49376), (6,-0.513725), (7,-0.512623), (8,-0.385677), (9,-0.30361), (10,0.324996), (11,15.9337),  

Writing: "NeuralEP2DL2mono_reri1_192.chk"
 (0s, XML)
Steps: 19300000 Time: 1.93        
 CPU Time: 10.5712 min.

um_max = 25.4333 at x = 0.0160654, y = 2.3, z = 0
 
(Nodeid,phim): (0,-0.292491), (1,-0.294667), (2,-0.332268), (3,-0.387973), (4,-0.443385), (5,-0.490825), (6,-0.512187), (7,-0.514358), (8,-0.396818), (9,-0.320126), (10,0.211106), (11,13.8499),  

Writing: "NeuralEP2DL2mono_reri1_193.chk"
 (0s, XML)
Steps: 19400000 Time: 1.94        
 CPU Time: 10.5755 min.

um_max = 23.0355 at x = 0.0160654, y = 2.3, z = 0
 
(Nodeid,phim): (0,-0.28881), (1,-0.290905), (2,-0.328199), (3,-0.383725), (4,-0.439377), (5,-0.487779), (6,-0.510468), (7,-0.515786), (8,-0.407306), (9,-0.335447), (10,0.118579), (11,11.8847),  

Writing: "NeuralEP2DL2mono_reri1_194.chk"
 (0s, XML)
Steps: 19500000 Time: 1.95        
 CPU Time: 10.5658 min.

um_max = 20.538 at x = 0.00893461, y = 2.3, z = 0
 
(Nodeid,phim): (0,-0.285156), (1,-0.287173), (2,-0.324153), (3,-0.379479), (4,-0.43533), (5,-0.484627), (6,-0.508577), (7,-0.516917), (8,-0.417177), (9,-0.349726), (10,0.0429292), (11,10.0715),  

Writing: "NeuralEP2DL2mono_reri1_195.chk"
 (0s, XML)
Steps: 19600000 Time: 1.96        
 CPU Time: 10.5632 min.

um_max = 18.0059 at x = 0.00893461, y = 2.3, z = 0
 
(Nodeid,phim): (0,-0.281531), (1,-0.283471), (2,-0.320132), (3,-0.375237), (4,-0.431248), (5,-0.481375), (6,-0.506522), (7,-0.517762), (8,-0.426463), (9,-0.363083), (10,-0.019427), (11,8.43483),  

Writing: "NeuralEP2DL2mono_reri1_196.chk"
 (0s, XML)
Steps: 19700000 Time: 1.97        
 CPU Time: 10.5533 min.

um_max = 15.5249 at x = 0.00893461, y = 2.3, z = 0
 
(Nodeid,phim): (0,-0.277934), (1,-0.2798), (2,-0.316138), (3,-0.371002), (4,-0.427136), (5,-0.47803), (6,-0.50431), (7,-0.518331), (8,-0.43519), (9,-0.375609), (10,-0.0713331), (11,6.98807),  

Writing: "NeuralEP2DL2mono_reri1_197.chk"
 (0s, XML)
Steps: 19800000 Time: 1.98        
 CPU Time: 10.5609 min.

um_max = 13.1803 at x = 0.00893461, y = 2.3, z = 0
 
(Nodeid,phim): (0,-0.274367), (1,-0.276161), (2,-0.31217), (3,-0.366775), (4,-0.422996), (5,-0.474597), (6,-0.501949), (7,-0.518634), (8,-0.44338), (9,-0.387377), (10,-0.115028), (11,5.73312),  

Writing: "NeuralEP2DL2mono_reri1_198.chk"
 (0s, XML)
Steps: 19900000 Time: 1.99        
 CPU Time: 10.5663 min.

um_max = 11.0384 at x = 0.00893461, y = 2.3, z = 0
 
(Nodeid,phim): (0,-0.270829), (1,-0.272554), (2,-0.308231), (3,-0.362558), (4,-0.418831), (5,-0.471081), (6,-0.499447), (7,-0.518682), (8,-0.451054), (9,-0.398446), (10,-0.152262), (11,4.66219),  

Writing: "NeuralEP2DL2mono_reri1_199.chk"
 (0s, XML)
Steps: 20000000 Time: 2           
 CPU Time: 10.5543 min.

um_max = 9.1377 at x = 0.00893461, y = 2.3, z = 0
 
(Nodeid,phim): (0,-0.267322), (1,-0.26898), (2,-0.30432), (3,-0.358354), (4,-0.414646), (5,-0.467488), (6,-0.49681), (7,-0.518483), (8,-0.45823), (9,-0.408861), (10,-0.184398), (11,3.76067),  

Writing: "NeuralEP2DL2mono_reri1_200.chk"
 (0s, XML)
Time-integration  : 126556s
Writing: "NeuralEP2DL2mono_reri1.fld"
 (0s, XML)
-------------------------------------------
Total Computation Time = 126558s
-------------------------------------------
L 2 error (variable um) : 0.156222
L inf error (variable um) : 9.1377
