nohup: ignoring input
MMFActivation = 787760 /  787760 ( 100 % ) 
*** 1st Moving frames are in unit length ***
*** 2nd Moving frames are in unit length ***
*** Moving frames are Orthogonal
*** MF 0 = ( 0.62487 , 0.522181 , 0.5804 ) 
*** MF 1 = ( 0.624394 , 0.524934 , 0.578425 ) 
*** MF 2 = ( 0.468689 , 0.672139 , 0.573202 ) 
MMFInitObject is done ===========================
================== SetUP Time Map moving frames ==================
*** 1st Moving frames are in unit length ***
*** 2nd Moving frames are in unit length ***
*** Moving frames are Orthogonal
*** MF 0 = ( 0.62487 , 0.522181 , 0.5804 ) 
*** MF 1 = ( 0.624394 , 0.524934 , 0.578425 ) 
*** MF 2 = ( 0.468689 , 0.672139 , 0.573202 ) 
k = 0, m_varcoeff = ( 0.62487 , 0.522181 , 0.5804 , 4.50903e-15 , 1 ) 
k = 1, m_varcoeff = ( 0.624394 , 0.524934 , 0.578425 , 3.13706e-15 , 1 ) 
k = 2, m_varcoeff = ( 0.468689 , 0.672139 , 0.573202 , 1.1649e-15 , 1 ) 
 ::::: 2D Varcoeff is Successfully Created ::::: 

=======================================================================
	        EquationType: MMFCardiacEP
	        Session Name: TMAPatriumISO
	        Spatial Dim.: 3
	  Max SEM Exp. Order: 4
	      Expansion Dim.: 2
	     Projection Type: Discontinuous Galerkin
	 Advect. advancement: explicit
	Diffuse. advancement: implicit
	           Time Step: 0.01
	        No. of Steps: 10000
	 Checkpoints (steps): 1000
	    Integration Type: IMEX
	             Surface: Atrium
	           DerivType: Euclidean
	              MMFdir: LOCAL
	    SolverSchemeType: MMFZero
	       TimeMapScheme: 0
	        TimeMapStart: 0
	          TimeMapEnd: 10000
	         TimeMapIapp: 0
	      m_TimeMapDelay: 0
	      AniRegionStart: 0
	        AniRegionEnd: 1000000
	  AnisotropyStrength: 4
	               urest: 0
	          Cell model: Aliev-Panfilov
	                   k: 8
	                   a: 0.15
	                 eps: 0.002
	                 mu1: 0.2
	                 mu2: 0.3
=======================================================================
Initial Conditions:
  - Field u: 0
renaming "TMAPatriumISO_initialcondition.chk" -> "TMAPatriumISO_initialcondition.bak0.chk"
Writing: "TMAPatriumISO_initialcondition.chk"
 (0.0171494s, XML)
ValidTimeMap = 2540 / 787760 ( 0.322433 % ) is De-Acitvated
Initial: u = 0.0929558, max u = 2
renaming "TMAPatriumISO_iniSteps: 1000     Time: 10          
 CPU Time: 16.4636 min.
u_max = 0.995929 at x = -18.764, y = 22.5469, z = -0.989723
u_min = -5.13427e-78 at x = -44.4592, y = 1.793Steps: 1000     Time: 10          
 CPU Time: 16.2291 min.
u_max = 0.995929 at x = -18.764, y = 22.5469, z = -0.989723
u_min = -5.13427e-78 at x = -44.Steps: 2000     Time: 20          
 CPU Time: 15.398 min.
u_max = 0.99629 at x = -26.0972, y = -0.35982, z = 25.3425
u_min = 3.88311e-51 at x = -44.9939, y = -3.63619, z = -36.7598
Writing: "TMAPatriumISO_timemap_2.chk"
 (0.451728s, XML)
Time Map: Max = 20, Min = 0
Writing: "TMAPatriumISO_2.chk"
 (0.18Steps: 2000 Steps: 3000     Time: 30          
 CPU Time: 15.5316 min.
u_max = 0.998004 at x = 20.8661, y = 14.2878, z = 25.6273
u_min = 5.25965e-39 at x = -44.9939, y = -3.63619, z = -36.7598
Writing: "TMAPatriumISO_timemap_3.chk"
 (0.497021s, XML)
Time Map: Max = 30, Min = 0
Writing: "TMAPatriumISO_3.chk"
 (0.198002s, XML)
Steps: 4000     Time: 40          
 CPU Time: 14.7854 min.
u_max = 0.998142 at x = 26.6959, y = -0.869556, z = 6.86745
u_min = 2.91258e-27 at x = -44.8391, y = -3.78404, z = -36.6077
Writing: "TMAPatriumISO_timemap_4.chk"
 (0.460022s, XML)
Time Map: Max = 40, Min = 0
Writing: "TMAPatriumISO_4.chk"
 (0.17586s, XML)
Steps: 5000     Time: 50          
 CPU Time: 13.5081 min.
u_max = 0.998477 at x = -75.5085, y = 16.0704, z = -0.699309
u_min = 2.47422e-15 at x = -44.8391, y = -3.78404, z = -36.6077
Writing: "TMAPatriumISO_timemap_5.chk"
 (0.502965s, XML)
Time Map: Max = 50, Min = 0
Writing: "TMAPatriumISO_5.chk"
 (0.185643s, XML)
Steps: 6000     Time: 60          
 CPU Time: 13.4652 min.
u_max = 0.997819 at x = -48.1437, y = -6.02168, z = -27.4286
u_min = 2.85407e-15 at x = -15.2925, y = 14.6597, z = 7.58489
Writing: "TMAPatriumISO_timemap_6.chk"
 (0.516118s, XML)
Time Map: Max = 60, Min = 0
Writing: "TMAPatriumISO_6.chk"
 (0.174026s, XML)
Steps: 7000     Time: 70          
 CPU Time: 13.4245 min.
u_max = 0.989944 at x = -44.6843, y = -3.93189, z = -36.4555
u_min = 6.89754e-19 at x = -15.5131, y = 14.8462, z = 7.44426
Writing: "TMAPatriumISO_timemap_7.chk"
 (0.517242s, XML)
Time Map: Max = 61.5403, Min = 0
Writing: "TMAPatriumISO_7.chk"
 (0.159358s, XML)
Steps: 8000     Time: 80          
 CPU Time: 13.4161 min.
u_max = 0.913956 at x = -44.6843, y = -3.93189, z = -36.4555
u_min = 1.62193e-22 at x = -15.2925, y = 14.6597, z = 7.58489
Writing: "TMAPatriumISO_timemap_8.chk"
 (0.516614s, XML)
Time Map: Max = 61.5403, Min = 0
Writing: "TMAPatriumISO_8.chk"
 (0.157301s, XML)
Steps: 9000     Time: 90          
 CPU Time: 13.455 min.
u_max = 2.47963e-05 at x = -44.6843, y = -3.93189, z = -36.4555
u_min = 3.79004e-26 at x = -15.1864, y = 14.7936, z = 7.48144
Writing: "TMAPatriumISO_timemap_9.chk"
 (0.515643s, XML)
Time Map: Max = 61.5403, Min = 0
Writing: "TMAPatriumISO_9.chk"
 (0.160999s, XML)
Steps: 10000    Time: 100         
 CPU Time: 13.5016 min.
u_max = 1.73359e-11 at x = -44.6843, y = -3.93189, z = -36.4555
u_min = 8.61694e-30 at x = -14.8487, y = 14.7594, z = 7.50253
Writing: "TMAPatriumISO_timemap_10.chk"
 (0.517872s, XML)
Time Map: Max = 61.5403, Min = 0
Writing: "TMAPatriumISO_10.chk"
 (0.163515s, XML)
Time-integration  : 8576.95s
Writing: "TMAPatriumISO.fld"
 (0.163505s, XML)
-------------------------------------------
Total Computation Time = 33273.8s
-------------------------------------------
L 2 error (variable u) : 2.26226e-10
L inf error (variable u) : 1.73359e-11
-36.4555
u_min = 1.62193e-22 at x = -15.2925, y = 14.6597, z = 7.58489
renaming "TMAPatriumISO_timemap_8.chk" -> "TMAPatriumISO_timemap_8.bak0.chk"
Writing: "TMAPatriumISO_timemap_8.chk"
 (0.514326s, XML)
Time Map: Max = 61.5403, Min = 0
renaming "TMAPatriumISO_8.chk" -> "TMAPatriumISO_8.bak0.chk"
Writing: "TMAPatriumISO_8.chk"
 (0.15483s, XML)
Steps: 9000     Time: 90          
 CPU Time: 13.5015 min.
u_max = 2.47963e-05 at x = -44.6843, y = -3.93189, z = -36.4555
u_min = 3.79004e-26 at x = -15.1864, y = 14.7936, z = 7.48144
renaming "TMAPatriumISO_timemap_9.chk" -> "TMAPatriumISO_timemap_9.bak0.chk"
Writing: "TMAPatriumISO_timemap_9.chk"
 (0.511209s, XML)
Time Map: Max = 61.5403, Min = 0
renaming "TMAPatriumISO_9.chk" -> "TMAPatriumISO_9.bak0.chk"
Writing: "TMAPatriumISO_9.chk"
 (0.158241s, XML)
Steps: 10000    Time: 100         
 CPU Time: 13.4358 min.
u_max = 1.73359e-11 at x = -44.6843, y = -3.93189, z = -36.4555
u_min = 8.61694e-30 at x = -14.8487, y = 14.7594, z = 7.50253
renaming "TMAPatriumISO_timemap_10.chk" -> "TMAPatriumISO_timemap_10.bak0.chk"
Writing: "TMAPatriumISO_timemap_10.chk"
 (0.512025s, XML)
Time Map: Max = 61.5403, Min = 0
renaming "TMAPatriumISO_10.chk" -> "TMAPatriumISO_10.bak0.chk"
Writing: "TMAPatriumISO_10.chk"
 (0.161183s, XML)
Time-integration  : 8494.9s
renaming "TMAPatriumISO.fld" -> "TMAPatriumISO.bak0.fld"
Writing: "TMAPatriumISO.fld"
 (0.160881s, XML)
-------------------------------------------
Total Computation Time = 33242.3s
-------------------------------------------
L 2 error (variable u) : 2.26226e-10
L inf error (variable u) : 1.73359e-11
